I/TaskTracer( 4134): 0 17755394802624 1392792336789790 17794049508123 5 17755394802620
I/TaskTracer( 4134): 4 17755394802624 0x41bfabd0
I/TaskTracer( 4134): 2 17755394802620 1392792336790827
I/TaskTracer( 4134): 1 17794049508132 1392792336791010 4134 "Homescreen" 4134 "main"
I/TaskTracer( 4029): 3 17390322583145 1392792336797541 "[nsEventDispatcher::Dispatch] Event name: MozAfterPaint"
I/TaskTracer( 4029): 3 17390322583145 1392792336799036 "[nsEventDispatcher::Dispatch] Event name: MozAfterPaint"
I/TaskTracer( 4029): 2 17390322583145 1392792336799158
I/TaskTracer( 4029): 1 17304423238201 1392792336799342 4029 "b2g" 4029 "main"
I/TaskTracer( 4134): 0 17794049508135 1392792336800257 17794049508135 5 17794049508135
I/TaskTracer( 4134): 1 17794049508135 1392792336800379 4134 "(Preallocated app)" 4143 "Timer"
I/TaskTracer( 4134): 0 17794049508136 1392792336800440 17794049508135 5 17794049508135
I/TaskTracer( 4134): 4 17794049508136 0x41ba3e20
I/TaskTracer( 4134): 2 17794049508135 1392792336800593
I/TaskTracer( 4029): 2 17304423238201 1392792336804102
I/TaskTracer( 4029): 3 17338782973985 1392792336805628 "[nsEventDispatcher::Dispatch] Event name: moznetworkupload"
I/TaskTracer( 4029): 1 17304423238203 1392792336815699 4029 "b2g" 4029 "main"
I/TaskTracer( 4029): 1 17334488008162 1392792336815913 4029 "b2g" 4029 "main"
I/TaskTracer( 4029): 2 17334488008162 1392792336817469
I/TaskTracer( 4029): 2 17304423238203 1392792336821284
I/TaskTracer( 4029): 1 17334488008163 1392792336822138 4029 "b2g" 4029 "main"
I/TaskTracer( 4029): 1 17334488008164 1392792336822504 4029 "b2g" 4029 "main"
I/TaskTracer( 4029): 0 17304423238206 1392792336823298 17794049508123 5 17334488008164
I/TaskTracer( 4029): 4 17304423238206 0x421b9530
I/TaskTracer( 4029): 1 17304423238206 1392792336824274 4029 "b2g" 4037 "Socket Thread"
I/TaskTracer( 4029): 0 17338782973988 1392792336825251 17794049508123 5 17304423238206
I/TaskTracer( 4029): 4 17338782973988 0x421b9530
I/TaskTracer( 4029): 0 17338782973989 1392792336825434 17794049508123 5 17304423238206
I/TaskTracer( 4029): 4 17338782973989 0x421b9958
I/TaskTracer( 4029): 0 17338782973990 1392792336825587 17794049508123 5 17304423238206
I/TaskTracer( 4029): 4 17338782973990 0x421ab030
I/TaskTracer( 4029): 0 17338782973991 1392792336825709 17794049508123 5 17304423238206
I/TaskTracer( 4029): 4 17338782973991 0x421a8190
I/TaskTracer( 4029): 2 17304423238206 1392792336826136
I/TaskTracer( 4029): 1 17338782973988 1392792336828883 4029 "b2g" 4037 "Socket Thread"
I/TaskTracer( 4029): 2 17338782973988 1392792336829035
I/TaskTracer( 4029): 2 17334488008164 1392792336830286
I/TaskTracer( 4029): 2 17334488008163 1392792336831080
I/TaskTracer( 4029): 1 17334488008165 1392792336831202 4029 "b2g" 4029 "main"
I/TaskTracer( 4029): 1 17334488008166 1392792336831965 4029 "b2g" 4029 "main"
I/TaskTracer( 4029): 2 17334488008166 1392792336833430
I/TaskTracer( 4029): 2 17334488008165 1392792336833643
I/TaskTracer( 4029): 1 17334488008167 1392792336833735 4029 "b2g" 4029 "main"
I/TaskTracer( 4029): 1 17334488008168 1392792336833826 4029 "b2g" 4029 "main"
I/TaskTracer( 4029): 2 17334488008168 1392792336833949
I/TaskTracer( 4029): 2 17334488008167 1392792336833979
I/TaskTracer( 4029): 1 17334488008169 1392792336842005 4029 "b2g" 4029 "main"
I/TaskTracer( 4029): 2 17334488008169 1392792336842249
I/TaskTracer( 4029): 0 17304423238208 1392792336842371 17304423238208 1 17304423238208
I/TaskTracer( 4029): 1 17304423238208 1392792336842432 4029 "b2g" 4029 "main"
I/TaskTracer( 4029): 3 17304423238208 1392792336842524 "Touch at (199, 406)"
I/TaskTracer( 4029): 3 17304423238208 1392792336842860 "[nsEventDispatcher::Dispatch] Event name: touchend"
I/TaskTracer( 4029): 0 17304423238209 1392792336856959 17304423238208 1 17304423238208
I/TaskTracer( 4029): 4 17304423238209 0x421d53d0
I/TaskTracer( 4029): 0 17304423238210 1392792336863184 17304423238208 1 17304423238208
I/TaskTracer( 4029): 4 17304423238210 0x421bd980
I/TaskTracer( 4029): 0 17304423238211 1392792336864069 17304423238208 1 17304423238208
I/TaskTracer( 4029): 4 17304423238211 0x421bd840
I/TaskTracer( 4029): 1 17304423238211 1392792336865382 4029 "b2g" 4036 "Gecko_IOThread"
I/TaskTracer( 4029): 2 17304423238211 1392792336865504
I/TaskTracer( 4212): 0 18094697218269 1392792336865748 17304423238208 1 17304423238211
I/TaskTracer( 4212): 4 18094697218269 0x41bb57e0
I/TaskTracer( 4212): 0 18094697218270 1392792336866663 17304423238208 1 17304423238211
I/TaskTracer( 4212): 4 18094697218270 0x41bb5980
I/TaskTracer( 4029): 3 17304423238208 1392792336867457 "Capture? 0"
I/TaskTracer( 4029): 2 17304423238208 1392792336867854
I/TaskTracer( 4029): 0 17304423238212 1392792336868311 17304423238212 2 17304423238212
I/TaskTracer( 4029): 1 17304423238212 1392792336868678 4029 "b2g" 4029 "main"
I/TaskTracer( 4029): 0 17390322583148 1392792336869044 17390322583148 5 17390322583148
I/TaskTracer( 4029): 1 17390322583148 1392792336869135 4029 "b2g" 4049 "Timer"
I/TaskTracer( 4029): 0 17390322583149 1392792336869227 17390322583148 5 17390322583148
I/TaskTracer( 4029): 4 17390322583149 0x421abe20
I/TaskTracer( 4029): 2 17390322583148 1392792336869349
I/TaskTracer( 4029): 3 17304423238212 1392792336870539 "Mouse at (199, 406)"
I/TaskTracer( 4029): 3 17304423238212 1392792336877436 "[nsEventDispatcher::Dispatch] Event name: mouseup"
I/TaskTracer( 4029): 3 17304423238212 1392792336880824 "[nsEventDispatcher::Dispatch] Event name: click"
I/TaskTracer( 4029): 2 17304423238212 1392792336884425
I/TaskTracer( 4029): 1 17390322583147 1392792336885767 4029 "b2g" 4029 "main"
I/TaskTracer( 4029): 0 17390322583150 1392792336893519 17390322583150 5 17390322583150
I/TaskTracer( 4029): 1 17390322583150 1392792336893641 4029 "b2g" 4049 "Timer"
I/TaskTracer( 4029): 0 17390322583151 1392792336893702 17390322583150 5 17390322583150
I/TaskTracer( 4029): 4 17390322583151 0x421abe20
I/TaskTracer( 4029): 2 17390322583150 1392792336893855
I/TaskTracer( 4029): 0 17304423238213 1392792336903773 17390322583146 5 17390322583147
I/TaskTracer( 4134): 0 17755394802625 1392792336890925 17794049508131 5 17794049508132
I/TaskTracer( 4134): 4 17755394802625 0x41bb5840
I/TaskTracer( 4029): 4 17304423238213 0x421bd7e0
I/TaskTracer( 4134): 1 17755394802625 1392792336905299 4134 "Homescreen" 4135 "Chrome_ChildThread"
I/TaskTracer( 4134): 2 17755394802625 1392792336905451
I/TaskTracer( 4029): 0 17334488008170 1392792336905573 17794049508131 5 17755394802625
I/TaskTracer( 4029): 4 17334488008170 0x421bd7e0
I/TaskTracer( 4029): 1 17334488008170 1392792336905817 4029 "b2g" 4054 "Compositor"
I/TaskTracer( 4029): 0 17411797418680 1392792336908595 17794049508131 5 17334488008170
I/TaskTracer( 4029): 4 17411797418680 0x421d5660
I/TaskTracer( 4029): 0 17411797418681 1392792336908778 17794049508131 5 17334488008170
I/TaskTracer( 4029): 4 17411797418681 0x421bd840
I/TaskTracer( 4029): 1 17411797418681 1392792336908961 4029 "b2g" 4036 "Gecko_IOThread"
I/TaskTracer( 4029): 2 17411797418681 1392792336909083
I/TaskTracer( 4029): 2 17334488008170 1392792336909968
I/TaskTracer( 4029): 1 17411797418680 1392792336910090 4029 "b2g" 4054 "Compositor"
I/TaskTracer( 4029): 0 17411797418682 1392792336910700 17794049508131 5 17411797418680
I/TaskTracer( 4029): 4 17411797418682 0x421d53d0
I/TaskTracer( 4029): 0 17411797418683 1392792336911738 17794049508131 5 17411797418680
I/TaskTracer( 4029): 4 17411797418683 0x421d53d0
I/TaskTracer( 4212): 0 18090402251071 1392792336915491 18129056956559 5 18129056956560
I/TaskTracer( 4029): 3 17390322583147 1392792336916834 "[nsEventDispatcher::Dispatch] Event name: MozAfterPaint"
I/TaskTracer( 4212): 0 18129056956563 1392792336919093 18129056956563 5 18129056956563
I/TaskTracer( 4212): 1 18129056956563 1392792336919184 4212 "(Preallocated app)" 4221 "Timer"
I/TaskTracer( 4212): 0 18129056956564 1392792336919245 18129056956563 5 18129056956563
I/TaskTracer( 4212): 4 18129056956564 0x41ba3e20
I/TaskTracer( 4212): 2 18129056956563 1392792336919367
I/TaskTracer( 4212): 1 18129056956564 1392792336919459 4212 "Built-in Keyboard" 4252 "Media State"
I/TaskTracer( 4212): 2 18129056956564 1392792336920588
I/TaskTracer( 4134): 3 17794049508132 1392792336923243 "[nsEventDispatcher::Dispatch] Event name: MozAfterPaint"
I/TaskTracer( 4212): 4 18090402251071 0x41bb5840
I/TaskTracer( 4212): 1 18090402251071 1392792336923853 4212 "Built-in Keyboard" 4213 "Chrome_ChildThread"
I/TaskTracer( 4212): 2 18090402251071 1392792336923975
I/TaskTracer( 4029): 0 17334488008171 1392792336924128 18129056956559 5 18090402251071
I/TaskTracer( 4029): 4 17334488008171 0x421bd7e0
I/TaskTracer( 4029): 2 17411797418680 1392792336926234
I/TaskTracer( 4029): 3 17390322583147 1392792336926752 "[nsEventDispatcher::Dispatch] Event name: MozAfterPaint"
I/TaskTracer( 4134): 2 17794049508132 1392792336927668
I/TaskTracer( 4134): 1 17794049508134 1392792336927821 4134 "Homescreen" 4134 "main"
I/TaskTracer( 4029): 1 17304423238213 1392792336930781 4029 "b2g" 4054 "Compositor"
I/TaskTracer( 4029): 2 17390322583147 1392792336931757
I/TaskTracer( 4029): 3 17338782973986 1392792336931971 "[nsEventDispatcher::Dispatch] Event name: moznetworkdownload"
I/TaskTracer( 4134): 2 17794049508134 1392792336933680
I/TaskTracer( 4134): 1 17755394802623 1392792336933802 4134 "Homescreen" 4134 "main"
I/TaskTracer( 4134): 2 17755394802623 1392792336934077
I/TaskTracer( 4134): 1 17755394802624 1392792336934229 4134 "Homescreen" 4134 "main"
I/TaskTracer( 4134): 3 17755394802624 1392792336934351 "[nsEventDispatcher::Dispatch] Event name: load"
I/TaskTracer( 4134): 2 17755394802624 1392792336934473
I/TaskTracer( 4134): 1 17794049508136 1392792336934626 4134 "Homescreen" 4134 "main"
I/TaskTracer( 4029): 0 17411797418684 1392792336935419 17390322583146 5 17304423238213
I/TaskTracer( 4029): 4 17411797418684 0x421d5660
I/TaskTracer( 4029): 2 17304423238213 1392792336936396
I/TaskTracer( 4029): 1 17334488008171 1392792336937128 4029 "b2g" 4054 "Compositor"
I/TaskTracer( 4029): 1 17338782973989 1392792336939661 4029 "b2g" 4029 "main"
I/TaskTracer( 4029): 0 17411797418685 1392792336938624 18129056956559 5 17334488008171
I/TaskTracer( 4029): 4 17411797418685 0x421bd840
I/TaskTracer( 4029): 1 17411797418685 1392792336945429 4029 "b2g" 4036 "Gecko_IOThread"
I/TaskTracer( 4029): 2 17411797418685 1392792336945551
I/TaskTracer( 4212): 0 18090402251072 1392792336947047 18129056956559 5 18129056956560
I/TaskTracer( 4212): 4 18090402251072 0x41bb5840
I/TaskTracer( 4212): 1 18090402251072 1392792336947260 4212 "Built-in Keyboard" 4213 "Chrome_ChildThread"
I/TaskTracer( 4212): 2 18090402251072 1392792336947382
I/TaskTracer( 4029): 0 17334488008172 1392792336947504 18129056956559 5 18090402251072
I/TaskTracer( 4029): 4 17334488008172 0x421bd7e0
I/TaskTracer( 4029): 0 17334488008173 1392792336947626 18129056956559 5 18090402251072
I/TaskTracer( 4029): 4 17334488008173 0x421bd980
I/TaskTracer( 4212): 3 18129056956560 1392792336947993 "[nsEventDispatcher::Dispatch] Event name: MozAfterPaint"
I/TaskTracer( 4212): 2 18129056956560 1392792336948084
I/TaskTracer( 4212): 3 18090402251065 1392792336948267 "[nsEventDispatcher::Dispatch] Event name: loadstart"
I/TaskTracer( 4212): 1 18090402251070 1392792336948573 4212 "Built-in Keyboard" 4212 "main"
I/TaskTracer( 4212): 2 18090402251070 1392792336948786
I/TaskTracer( 4212): 1 18129056956562 1392792336948939 4212 "Built-in Keyboard" 4212 "main"
I/TaskTracer( 4134): 2 17794049508136 1392792336949122
I/TaskTracer( 4134): 0 18403934863362 1392792336949458 17794049508097 5 17755394802613
I/TaskTracer( 4134): 4 18403934863362 0x41ba3030
I/TaskTracer( 4029): 2 17334488008171 1392792336950037
I/TaskTracer( 4212): 0 18129056956565 1392792336950556 18129056956565 5 18129056956565
I/TaskTracer( 4212): 1 18129056956565 1392792336950648 4212 "(Preallocated app)" 4221 "Timer"
I/TaskTracer( 4212): 0 18129056956566 1392792336950709 18129056956565 5 18129056956565
I/TaskTracer( 4212): 4 18129056956566 0x41ba3e20
I/TaskTracer( 4212): 2 18129056956565 1392792336950831
I/TaskTracer( 4029): 1 17411797418684 1392792336951350 4029 "b2g" 4054 "Compositor"
I/TaskTracer( 4029): 0 17411797418686 1392792336952357 17390322583146 5 17411797418684
I/TaskTracer( 4029): 4 17411797418686 0x421d53d0
I/TaskTracer( 4029): 0 17411797418687 1392792336952570 17390322583146 5 17411797418684
I/TaskTracer( 4029): 4 17411797418687 0x421d53d0
I/TaskTracer( 4134): 1 18403934863362 1392792336951777 4134 "Homescreen" 4134 "main"
I/TaskTracer( 4134): 3 18403934863362 1392792336953822 "[nsEventDispatcher::Dispatch] Event name: progress"
I/TaskTracer( 4134): 3 18403934863362 1392792336956660 "[nsEventDispatcher::Dispatch] Event name: load"
I/TaskTracer( 4212): 2 18129056956562 1392792336965845
I/TaskTracer( 4029): 2 17411797418684 1392792336973231
I/TaskTracer( 4029): 1 17411797418678 1392792336973322 4029 "b2g" 4054 "Compositor"
I/TaskTracer( 4029): 2 17411797418678 1392792336973383
I/TaskTracer( 4029): 1 17411797418679 1392792336973475 4029 "b2g" 4054 "Compositor"
I/TaskTracer( 4029): 2 17411797418679 1392792336973536
I/TaskTracer( 4029): 2 17338782973989 1392792336983027
I/TaskTracer( 4029): 1 17338782973990 1392792336983942 4029 "b2g" 4029 "main"
I/TaskTracer( 4029): 0 17304423238214 1392792336984949 17794049508123 5 17338782973990
I/TaskTracer( 4029): 4 17304423238214 0x421bd840
I/TaskTracer( 4029): 1 17304423238214 1392792336985896 4029 "b2g" 4036 "Gecko_IOThread"
I/TaskTracer( 4029): 2 17304423238214 1392792336986079
I/TaskTracer( 4134): 0 17759689769557 1392792336986323 17794049508123 5 17304423238214
I/TaskTracer( 4134): 4 17759689769557 0x41bb57e0
I/TaskTracer( 4134): 0 17759689769558 1392792336986445 17794049508123 5 17304423238214
I/TaskTracer( 4134): 4 17759689769558 0x41bb5980
I/TaskTracer( 4029): 0 17304423238215 1392792336988612 17794049508123 5 17338782973990
I/TaskTracer( 4029): 4 17304423238215 0x421bd840
I/TaskTracer( 4029): 1 17304423238215 1392792336989954 4029 "b2g" 4036 "Gecko_IOThread"
I/TaskTracer( 4029): 2 17304423238215 1392792336990076
I/TaskTracer( 4134): 0 17759689769559 1392792336990229 17794049508123 5 17304423238215
I/TaskTracer( 4134): 4 17759689769559 0x41bb57e0
I/TaskTracer( 4134): 0 17759689769560 1392792336990351 17794049508123 5 17304423238215
I/TaskTracer( 4134): 4 17759689769560 0x41bb5980
I/TaskTracer( 4029): 2 17338782973990 1392792336992182
I/TaskTracer( 4029): 1 17338782973991 1392792336993250 4029 "b2g" 4029 "main"
I/TaskTracer( 4029): 2 17338782973991 1392792336993311
I/TaskTracer( 4029): 1 17304423238210 1392792336993372 4029 "b2g" 4029 "main"
I/TaskTracer( 4029): 1 17334488008172 1392792336993464 4029 "b2g" 4029 "main"
I/TaskTracer( 4029): 2 17334488008172 1392792336993555
I/TaskTracer( 4029): 2 17304423238210 1392792336993616
I/TaskTracer( 4029): 1 17390322583149 1392792336993678 4029 "b2g" 4029 "main"
I/TaskTracer( 4029): 0 17304423238216 1392792336994624 17390322583148 5 17390322583149
I/TaskTracer( 4029): 4 17304423238216 0x421f50f0
I/TaskTracer( 4134): 0 17755394802626 1392792337000910 17794049508097 5 18403934863362
I/TaskTracer( 4029): 2 17390322583149 1392792337001643
I/TaskTracer( 4029): 1 17390322583151 1392792337002161 4029 "b2g" 4029 "main"
I/TaskTracer( 4029): 2 17390322583151 1392792337002863
I/TaskTracer( 4029): 1 17334488008173 1392792337003321 4029 "b2g" 4029 "main"
I/TaskTracer( 4029): 0 17390322583152 1392792337005640 17390322583152 5 17390322583152
I/TaskTracer( 4029): 1 17390322583152 1392792337005732 4029 "b2g" 4049 "Timer"
I/TaskTracer( 4029): 0 17390322583153 1392792337005793 17390322583152 5 17390322583152
I/TaskTracer( 4029): 4 17390322583153 0x421abe20
I/TaskTracer( 4029): 2 17390322583152 1392792337005915
I/TaskTracer( 4029): 2 17334488008173 1392792337007075
I/TaskTracer( 4029): 1 17304423238202 1392792337007685 4029 "b2g" 4029 "main"
I/TaskTracer( 4029): 2 17304423238202 1392792337008082
I/TaskTracer( 4029): 3 17334488008176 1392792337009760 "[nsEventDispatcher::Dispatch] Event name: (null)"
I/TaskTracer( 4134): 4 17755394802626 0x41ba3030
I/TaskTracer( 4029): 0 17390322583154 1392792337011103 17390322583154 5 17390322583154
I/TaskTracer( 4029): 1 17390322583154 1392792337011195 4029 "b2g" 4049 "Timer"
I/TaskTracer( 4029): 0 17390322583155 1392792337011256 17390322583154 5 17390322583154
I/TaskTracer( 4029): 4 17390322583155 0x421abe20
I/TaskTracer( 4029): 2 17390322583154 1392792337011378
I/TaskTracer( 4134): 3 18403934863362 1392792337023249 "[nsEventDispatcher::Dispatch] Event name: (null)"
I/TaskTracer( 4134): 2 18403934863362 1392792337023554
I/TaskTracer( 4134): 1 17759689769558 1392792337024195 4134 "Homescreen" 4134 "main"
I/TaskTracer( 4134): 1 17759689769557 1392792337024744 4134 "Homescreen" 4134 "main"
I/TaskTracer( 4029): 3 17334488008176 1392792337029932 "[nsEventDispatcher::Dispatch] Event name: (null)"
I/TaskTracer( 4134): 0 17755394802627 1392792337030177 17794049508123 5 17759689769557
I/TaskTracer( 4134): 4 17755394802627 0x41ba0cb8
I/TaskTracer( 4134): 2 17759689769557 1392792337031672
I/TaskTracer( 4134): 2 17759689769558 1392792337032008
I/TaskTracer( 4134): 1 17759689769560 1392792337032435 4134 "Homescreen" 4134 "main"
I/TaskTracer( 4134): 1 17759689769559 1392792337032832 4134 "Homescreen" 4134 "main"
I/TaskTracer( 4134): 0 17755394802628 1392792337033350 17794049508123 5 17759689769559
I/TaskTracer( 4134): 4 17755394802628 0x41bb5840
I/TaskTracer( 4134): 1 17755394802628 1392792337034724 4134 "Homescreen" 4135 "Chrome_ChildThread"
I/TaskTracer( 4134): 2 17755394802628 1392792337034846
I/TaskTracer( 4029): 0 17334488008178 1392792337034998 17794049508123 5 17755394802628
I/TaskTracer( 4029): 4 17334488008178 0x421bd7e0
I/TaskTracer( 4029): 0 17334488008179 1392792337035120 17794049508123 5 17755394802628
I/TaskTracer( 4029): 4 17334488008179 0x421bd980
I/TaskTracer( 4134): 2 17759689769559 1392792337035914
I/TaskTracer( 4134): 2 17759689769560 1392792337036616
I/TaskTracer( 4134): 1 17755394802626 1392792337038233 4134 "Homescreen" 4134 "main"
I/TaskTracer( 4134): 0 17755394802629 1392792337039484 17794049508097 5 17755394802626
I/TaskTracer( 4134): 4 17755394802629 0x41bfabd0
I/TaskTracer( 4212): 0 18129056956567 1392792337050043 18129056956567 5 18129056956567
I/TaskTracer( 4212): 1 18129056956567 1392792337050166 4212 "(Preallocated app)" 4221 "Timer"
I/TaskTracer( 4212): 0 18129056956568 1392792337050227 18129056956567 5 18129056956567
I/TaskTracer( 4212): 4 18129056956568 0x41ba3e20
I/TaskTracer( 4212): 2 18129056956567 1392792337050349
I/TaskTracer( 4134): 2 17755394802626 1392792337051691
I/TaskTracer( 4134): 1 17755394802627 1392792337052241 4134 "Homescreen" 4134 "main"
I/TaskTracer( 4134): 0 17755394802630 1392792337052760 17794049508123 5 17755394802627
I/TaskTracer( 4134): 4 17755394802630 0x41bb5840
I/TaskTracer( 4134): 1 17755394802630 1392792337053522 4134 "Homescreen" 4135 "Chrome_ChildThread"
I/TaskTracer( 4134): 2 17755394802630 1392792337053645
I/TaskTracer( 4029): 0 17334488008180 1392792337053858 17794049508123 5 17755394802630
I/TaskTracer( 4029): 4 17334488008180 0x421bd7e0
I/TaskTracer( 4029): 0 17334488008181 1392792337053950 17794049508123 5 17755394802630
I/TaskTracer( 4029): 4 17334488008181 0x421bd980
I/TaskTracer( 4134): 2 17755394802627 1392792337054987
I/TaskTracer( 4134): 1 17755394802629 1392792337055445 4134 "Homescreen" 4134 "main"
I/TaskTracer( 4134): 3 17755394802629 1392792337055964 "[nsEventDispatcher::Dispatch] Event name: load"
I/TaskTracer( 4134): 0 17794049508137 1392792337074213 17794049508137 5 17794049508137
I/TaskTracer( 4134): 1 17794049508137 1392792337074335 4134 "(Preallocated app)" 4143 "Timer"
I/TaskTracer( 4134): 0 17794049508138 1392792337074427 17794049508137 5 17794049508137
I/TaskTracer( 4134): 4 17794049508138 0x41ba3e20
I/TaskTracer( 4134): 2 17794049508137 1392792337074580
I/TaskTracer( 4212): 1 18094697218270 1392792337077967 4212 "Built-in Keyboard" 4212 "main"
I/TaskTracer( 4212): 1 18094697218269 1392792337078089 4212 "Built-in Keyboard" 4212 "main"
I/TaskTracer( 4212): 3 18094697218269 1392792337078303 "[nsEventDispatcher::Dispatch] Event name: touchend"
I/TaskTracer( 4029): 1 17304423238216 1392792337086176 4029 "b2g" 4029 "main"
I/TaskTracer( 4029): 2 17304423238216 1392792337086573
I/TaskTracer( 4029): 1 17390322583153 1392792337087031 4029 "b2g" 4029 "main"
I/TaskTracer( 4029): 2 17390322583153 1392792337087885
I/TaskTracer( 4029): 1 17334488008178 1392792337088313 4029 "b2g" 4029 "main"
I/TaskTracer( 4029): 2 17334488008178 1392792337089106
I/TaskTracer( 4029): 1 17390322583155 1392792337089777 4029 "b2g" 4029 "main"
I/TaskTracer( 4029): 2 17390322583155 1392792337090876
I/TaskTracer( 4212): 3 18094697218269 1392792337092310 "[nsFrameMessageManager::SendAsyncMessage] type:Keyboard:SendKey"
I/TaskTracer( 4029): 0 17390322583156 1392792337093684 17390322583156 5 17390322583156
I/TaskTracer( 4029): 1 17390322583156 1392792337093775 4029 "b2g" 4049 "Timer"
I/TaskTracer( 4029): 0 17390322583157 1392792337093836 17390322583156 5 17390322583156
I/TaskTracer( 4029): 4 17390322583157 0x421abe20
I/TaskTracer( 4029): 2 17390322583156 1392792337093989
I/TaskTracer( 4029): 1 17334488008179 1392792337094721 4029 "b2g" 4029 "main"
I/TaskTracer( 4029): 1 17334488008180 1392792337095148 4029 "b2g" 4029 "main"
I/TaskTracer( 4029): 2 17334488008180 1392792337095637
I/TaskTracer( 4029): 2 17334488008179 1392792337096064
I/TaskTracer( 4212): 0 18129056956569 1392792337096308 18129056956569 5 18129056956569
I/TaskTracer( 4212): 1 18129056956569 1392792337096400 4212 "(Preallocated app)" 4221 "Timer"
I/TaskTracer( 4212): 0 18129056956570 1392792337096888 18129056956569 5 18129056956569
I/TaskTracer( 4212): 4 18129056956570 0x41ba3e20
I/TaskTracer( 4212): 2 18129056956569 1392792337097041
I/TaskTracer( 4029): 1 17334488008181 1392792337098078 4029 "b2g" 4029 "main"
I/TaskTracer( 4029): 2 17334488008181 1392792337098902
I/TaskTracer( 4212): 0 18090402251088 1392792337098566 17304423238208 1 18094697218269
I/TaskTracer( 4029): 1 17390322583157 1392792337099940 4029 "b2g" 4029 "main"
I/TaskTracer( 4212): 4 18090402251088 0x41bb5840
I/TaskTracer( 4212): 1 18090402251088 1392792337100977 4212 "Built-in Keyboard" 4213 "Chrome_ChildThread"
I/TaskTracer( 4212): 2 18090402251088 1392792337101130
I/TaskTracer( 4029): 0 17334488008184 1392792337101313 17304423238208 1 18090402251088
I/TaskTracer( 4029): 4 17334488008184 0x421bd7e0
I/TaskTracer( 4029): 0 17334488008185 1392792337101405 17304423238208 1 18090402251088
I/TaskTracer( 4029): 4 17334488008185 0x421bd980
I/TaskTracer( 4212): 2 18094697218269 1392792337108729
I/TaskTracer( 4212): 2 18094697218270 1392792337110407
I/TaskTracer( 4029): 0 17390322583158 1392792337110804 17390322583158 5 17390322583158
I/TaskTracer( 4029): 1 17390322583158 1392792337110926 4029 "b2g" 4049 "Timer"
I/TaskTracer( 4029): 0 17390322583159 1392792337110987 17390322583158 5 17390322583158
I/TaskTracer( 4029): 4 17390322583159 0x421abe20
I/TaskTracer( 4029): 2 17390322583158 1392792337111109
I/TaskTracer( 4029): 0 17304423238223 1392792337117121 17390322583156 5 17390322583157
I/TaskTracer( 4029): 4 17304423238223 0x421bd7e0
I/TaskTracer( 4029): 1 17304423238223 1392792337124354 4029 "b2g" 4054 "Compositor"
I/TaskTracer( 4029): 0 17411797418688 1392792337125269 17390322583156 5 17304423238223
I/TaskTracer( 4029): 4 17411797418688 0x421d5660
I/TaskTracer( 4029): 2 17304423238223 1392792337125422
I/TaskTracer( 4029): 1 17411797418688 1392792337125513 4029 "b2g" 4054 "Compositor"
I/TaskTracer( 4029): 0 17411797418689 1392792337125605 17390322583156 5 17411797418688
I/TaskTracer( 4029): 4 17411797418689 0x421d53d0
I/TaskTracer( 4029): 0 17411797418690 1392792337125758 17390322583156 5 17411797418688
I/TaskTracer( 4029): 4 17411797418690 0x421d53d0
I/TaskTracer( 4029): 3 17390322583157 1392792337129603 "[nsEventDispatcher::Dispatch] Event name: MozAfterPaint"
I/TaskTracer( 4029): 3 17390322583157 1392792337130305 "[nsEventDispatcher::Dispatch] Event name: MozAfterPaint"
I/TaskTracer( 4029): 2 17390322583157 1392792337130976
I/TaskTracer( 4029): 1 17334488008185 1392792337131678 4029 "b2g" 4029 "main"
I/TaskTracer( 4029): 1 17334488008184 1392792337132166 4029 "b2g" 4029 "main"
I/TaskTracer( 4029): 3 17334488008184 1392792337134913 "[nsFrameMessageManager::SendAsyncMessage] type:Forms:Input:SendKey"
I/TaskTracer( 4029): 2 17411797418688 1392792337136225
I/TaskTracer( 4029): 3 17334488008184 1392792337136897 "[nsFrameLoader::DoSendAsyncMessage] msg: Forms:Input:SendKey send to tabParent"
I/TaskTracer( 4029): 0 17304423238224 1392792337137385 17304423238208 1 17334488008184
I/TaskTracer( 4029): 4 17304423238224 0x421bd840
I/TaskTracer( 4029): 1 17304423238224 1392792337138148 4029 "b2g" 4036 "Gecko_IOThread"
I/TaskTracer( 4029): 2 17304423238224 1392792337138270
I/TaskTracer( 4134): 0 17759689769563 1392792337138483 17304423238208 1 17304423238224
I/TaskTracer( 4134): 4 17759689769563 0x41bb57e0
I/TaskTracer( 4134): 0 17759689769564 1392792337138605 17304423238208 1 17304423238224
I/TaskTracer( 4134): 4 17759689769564 0x41bb5980
I/TaskTracer( 4029): 2 17334488008184 1392792337139674
I/TaskTracer( 4029): 2 17334488008185 1392792337140070
I/TaskTracer( 4029): 1 17390322583159 1392792337140620 4029 "b2g" 4029 "main"
I/TaskTracer( 4029): 2 17390322583159 1392792337141474
I/TaskTracer( 4029): 0 17390322583160 1392792337143519 17390322583160 5 17390322583160
I/TaskTracer( 4029): 1 17390322583160 1392792337143610 4029 "b2g" 4049 "Timer"
I/TaskTracer( 4029): 0 17390322583161 1392792337143702 17390322583160 5 17390322583160
I/TaskTracer( 4029): 4 17390322583161 0x421abe20
I/TaskTracer( 4029): 2 17390322583160 1392792337143855
I/TaskTracer( 4029): 3 17334488008186 1392792337150324 "[nsEventDispatcher::Dispatch] Event name: (null)"
I/TaskTracer( 4029): 3 17334488008186 1392792337153895 "[nsEventDispatcher::Dispatch] Event name: (null)"
I/TaskTracer( 4134): 0 17755394802631 1392792337158900 17794049508097 5 17755394802629
I/TaskTracer( 4212): 3 18090402251074 1392792337161189 "[nsEventDispatcher::Dispatch] Event name: progress"
I/TaskTracer( 4212): 3 18090402251075 1392792337161341 "[nsEventDispatcher::Dispatch] Event name: progress"
I/TaskTracer( 4212): 3 18090402251076 1392792337161463 "[nsEventDispatcher::Dispatch] Event name: suspend"
I/TaskTracer( 4212): 1 18129056956566 1392792337161555 4212 "Built-in Keyboard" 4212 "main"
I/TaskTracer( 4212): 2 18129056956566 1392792337161616
I/TaskTracer( 4212): 3 18090402251077 1392792337161707 "[nsEventDispatcher::Dispatch] Event name: durationchange"
I/TaskTracer( 4212): 3 18090402251078 1392792337161829 "[nsEventDispatcher::Dispatch] Event name: loadedmetadata"
I/TaskTracer( 4212): 3 18090402251079 1392792337161921 "[nsEventDispatcher::Dispatch] Event name: progress"
I/TaskTracer( 4212): 1 18129056956568 1392792337162074 4212 "Built-in Keyboard" 4212 "main"
I/TaskTracer( 4212): 0 18090402251096 1392792337162165 18129056956567 5 18129056956568
I/TaskTracer( 4212): 4 18090402251096 0x41c0ea20
I/TaskTracer( 4212): 0 18090402251097 1392792337162318 18129056956567 5 18129056956568
I/TaskTracer( 4212): 4 18090402251097 0x41c0ea20
I/TaskTracer( 4212): 0 18090402251098 1392792337162470 18129056956567 5 18129056956568
I/TaskTracer( 4212): 4 18090402251098 0x41c0ea20
I/TaskTracer( 4212): 0 18090402251099 1392792337162592 18129056956567 5 18129056956568
I/TaskTracer( 4212): 4 18090402251099 0x41c0ea20
I/TaskTracer( 4212): 0 18090402251100 1392792337162714 18129056956567 5 18129056956568
I/TaskTracer( 4212): 4 18090402251100 0x41c0ea20
I/TaskTracer( 4212): 0 18090402251101 1392792337162836 18129056956567 5 18129056956568
I/TaskTracer( 4212): 4 18090402251101 0x41c0ea20
I/TaskTracer( 4029): 0 17390322583162 1392792337163050 17390322583162 5 17390322583162
I/TaskTracer( 4029): 1 17390322583162 1392792337163142 4029 "b2g" 4049 "Timer"
I/TaskTracer( 4029): 0 17390322583163 1392792337163203 17390322583162 5 17390322583162
I/TaskTracer( 4029): 4 17390322583163 0x421abe20
I/TaskTracer( 4029): 2 17390322583162 1392792337163294
I/TaskTracer( 4212): 0 18090402251102 1392792337162959 18129056956567 5 18129056956568
I/TaskTracer( 4212): 4 18090402251102 0x41c0ea20
I/TaskTracer( 4212): 2 18129056956568 1392792337166285
I/TaskTracer( 4029): 1 17304423238209 1392792337166743 4029 "b2g" 4029 "main"
I/TaskTracer( 4029): 2 17304423238209 1392792337167231
I/TaskTracer( 4029): 1 17390322583161 1392792337168024 4029 "b2g" 4029 "main"
I/TaskTracer( 4212): 3 18090402251083 1392792337168543 "[nsEventDispatcher::Dispatch] Event name: loadeddata"
I/TaskTracer( 4134): 0 17794049508139 1392792337168818 17794049508139 5 17794049508139
I/TaskTracer( 4134): 1 17794049508139 1392792337168879 4134 "(Preallocated app)" 4143 "Timer"
I/TaskTracer( 4134): 0 17794049508140 1392792337168970 17794049508139 5 17794049508139
I/TaskTracer( 4134): 4 17794049508140 0x41ba3e20
I/TaskTracer( 4134): 2 17794049508139 1392792337169062
I/TaskTracer( 4212): 0 18129056956571 1392792337170741 18129056956571 5 18129056956571
I/TaskTracer( 4212): 1 18129056956571 1392792337170832 4212 "(Preallocated app)" 4221 "Timer"
I/TaskTracer( 4212): 0 18129056956572 1392792337170924 18129056956571 5 18129056956571
I/TaskTracer( 4212): 4 18129056956572 0x41ba3e20
I/TaskTracer( 4212): 2 18129056956571 1392792337171046
I/TaskTracer( 4029): 2 17390322583161 1392792337173640
I/TaskTracer( 4029): 1 17390322583163 1392792337173762 4029 "b2g" 4029 "main"
I/TaskTracer( 4029): 2 17390322583163 1392792337173823
I/TaskTracer( 4212): 3 18090402251085 1392792337176447 "[nsEventDispatcher::Dispatch] Event name: canplay"
I/TaskTracer( 4212): 3 18090402251086 1392792337176630 "[nsEventDispatcher::Dispatch] Event name: playing"
I/TaskTracer( 4212): 3 18090402251087 1392792337176752 "[nsEventDispatcher::Dispatch] Event name: canplaythrough"
I/TaskTracer( 4212): 1 18129056956570 1392792337176844 4212 "Built-in Keyboard" 4212 "main"
I/TaskTracer( 4029): 0 17390322583164 1392792337177576 17390322583164 5 17390322583164
I/TaskTracer( 4029): 1 17390322583164 1392792337177699 4029 "b2g" 4049 "Timer"
I/TaskTracer( 4029): 0 17390322583165 1392792337177760 17390322583164 5 17390322583164
I/TaskTracer( 4029): 4 17390322583165 0x421abe20
I/TaskTracer( 4029): 2 17390322583164 1392792337177912
I/TaskTracer( 4029): 1 17390322583165 1392792337178431 4029 "b2g" 4029 "main"
I/TaskTracer( 4212): 0 18129056956573 1392792337179072 18129056956573 5 18129056956573
I/TaskTracer( 4212): 1 18129056956573 1392792337179163 4212 "(Preallocated app)" 4221 "Timer"
I/TaskTracer( 4212): 0 18129056956574 1392792337179255 18129056956573 5 18129056956573
I/TaskTracer( 4212): 4 18129056956574 0x41ba3e20
I/TaskTracer( 4212): 2 18129056956573 1392792337179346
I/TaskTracer( 4029): 2 17390322583165 1392792337180415
I/TaskTracer( 4134): 4 17755394802631 0x41ba3030
I/TaskTracer( 4029): 0 17390322583166 1392792337193690 17390322583166 5 17390322583166
I/TaskTracer( 4029): 1 17390322583166 1392792337193812 4029 "b2g" 4049 "Timer"
I/TaskTracer( 4029): 0 17390322583167 1392792337193873 17390322583166 5 17390322583166
I/TaskTracer( 4029): 4 17390322583167 0x421abe20
I/TaskTracer( 4029): 2 17390322583166 1392792337194025
I/TaskTracer( 4029): 1 17390322583167 1392792337194209 4029 "b2g" 4029 "main"
I/TaskTracer( 4029): 2 17390322583167 1392792337194392
I/TaskTracer( 4029): 0 17390322583168 1392792337201228 17390322583168 5 17390322583168
I/TaskTracer( 4029): 1 17390322583168 1392792337201350 4029 "b2g" 4049 "Timer"
I/TaskTracer( 4029): 0 17390322583169 1392792337201411 17390322583168 5 17390322583168
I/TaskTracer( 4029): 4 17390322583169 0x421abe20
I/TaskTracer( 4029): 2 17390322583168 1392792337201563
I/TaskTracer( 4029): 1 17390322583169 1392792337202143 4029 "b2g" 4029 "main"
I/TaskTracer( 4029): 2 17390322583169 1392792337202265
I/TaskTracer( 4134): 2 17755394802629 1392792337209559
I/TaskTracer( 4029): 0 17390322583170 1392792337210841 17390322583170 5 17390322583170
I/TaskTracer( 4029): 1 17390322583170 1392792337210932 4029 "b2g" 4049 "Timer"
I/TaskTracer( 4029): 0 17390322583171 1392792337211024 17390322583170 5 17390322583170
I/TaskTracer( 4029): 4 17390322583171 0x421abe20
I/TaskTracer( 4029): 2 17390322583170 1392792337211176
I/TaskTracer( 4029): 1 17390322583171 1392792337211756 4029 "b2g" 4029 "main"
I/TaskTracer( 4029): 2 17390322583171 1392792337211939
I/TaskTracer( 4029): 1 17411797418682 1392792337212092 4029 "b2g" 4054 "Compositor"
I/TaskTracer( 4029): 2 17411797418682 1392792337212183
I/TaskTracer( 4029): 1 17411797418683 1392792337212214 4029 "b2g" 4054 "Compositor"
I/TaskTracer( 4029): 2 17411797418683 1392792337212275
I/TaskTracer( 4134): 1 17794049508138 1392792337214045 4134 "Homescreen" 4134 "main"
I/TaskTracer( 4212): 0 18090402251103 1392792337222681 18129056956569 5 18129056956570
I/TaskTracer( 4212): 4 18090402251103 0x41bb5840
I/TaskTracer( 4212): 1 18090402251103 1392792337223597 4212 "Built-in Keyboard" 4213 "Chrome_ChildThread"
I/TaskTracer( 4212): 2 18090402251103 1392792337223719
I/TaskTracer( 4029): 0 17334488008188 1392792337223933 18129056956569 5 18090402251103
I/TaskTracer( 4029): 4 17334488008188 0x421bd7e0
I/TaskTracer( 4029): 1 17334488008188 1392792337224146 4029 "b2g" 4054 "Compositor"
I/TaskTracer( 4029): 0 17411797418691 1392792337224879 18129056956569 5 17334488008188
I/TaskTracer( 4029): 4 17411797418691 0x421d5660
I/TaskTracer( 4029): 0 17411797418692 1392792337225031 18129056956569 5 17334488008188
I/TaskTracer( 4029): 4 17411797418692 0x421bd840
I/TaskTracer( 4029): 2 17334488008188 1392792337225153
I/TaskTracer( 4029): 1 17411797418691 1392792337225245 4029 "b2g" 4054 "Compositor"
I/TaskTracer( 4029): 0 17411797418693 1392792337225336 18129056956569 5 17411797418691
I/TaskTracer( 4029): 4 17411797418693 0x421d53d0
I/TaskTracer( 4029): 0 17411797418694 1392792337225489 18129056956569 5 17411797418691
I/TaskTracer( 4029): 4 17411797418694 0x421d53d0
I/TaskTracer( 4134): 0 17794049508141 1392792337227137 17794049508141 5 17794049508141
I/TaskTracer( 4134): 1 17794049508141 1392792337227229 4134 "(Preallocated app)" 4143 "Timer"
I/TaskTracer( 4134): 0 17794049508142 1392792337227320 17794049508141 5 17794049508141
I/TaskTracer( 4134): 4 17794049508142 0x41ba3e20
I/TaskTracer( 4134): 2 17794049508141 1392792337227503
I/TaskTracer( 4029): 0 17390322583172 1392792337227625 17390322583172 5 17390322583172
I/TaskTracer( 4029): 1 17390322583172 1392792337227686 4029 "b2g" 4049 "Timer"
I/TaskTracer( 4029): 0 17390322583173 1392792337227778 17390322583172 5 17390322583172
I/TaskTracer( 4029): 4 17390322583173 0x421abe20
I/TaskTracer( 4029): 2 17390322583172 1392792337227900
I/TaskTracer( 4029): 1 17390322583173 1392792337228053 4029 "b2g" 4029 "main"
I/TaskTracer( 4029): 2 17390322583173 1392792337228449
I/TaskTracer( 4029): 1 17411797418692 1392792337230708 4029 "b2g" 4036 "Gecko_IOThread"
I/TaskTracer( 4029): 2 17411797418692 1392792337230830
I/TaskTracer( 4029): 2 17411797418691 1392792337233668
I/TaskTracer( 4212): 0 18090402251104 1392792337235651 18129056956569 5 18129056956570
I/TaskTracer( 4134): 0 17755394802632 1392792337240748 17794049508137 5 17794049508138
I/TaskTracer( 4212): 4 18090402251104 0x41bb5840
I/TaskTracer( 4212): 1 18090402251104 1392792337241877 4212 "Built-in Keyboard" 4213 "Chrome_ChildThread"
I/TaskTracer( 4212): 2 18090402251104 1392792337241969
I/TaskTracer( 4029): 0 17334488008189 1392792337242152 18129056956569 5 18090402251104
I/TaskTracer( 4029): 4 17334488008189 0x421bd7e0
I/TaskTracer( 4029): 0 17334488008190 1392792337242274 18129056956569 5 18090402251104
I/TaskTracer( 4029): 4 17334488008190 0x421bd980
I/TaskTracer( 4029): 1 17334488008190 1392792337242518 4029 "b2g" 4029 "main"
I/TaskTracer( 4029): 1 17334488008189 1392792337242609 4029 "b2g" 4029 "main"
I/TaskTracer( 4029): 2 17334488008189 1392792337242701
I/TaskTracer( 4029): 2 17334488008190 1392792337242731
I/TaskTracer( 4029): 0 17390322583174 1392792337243494 17390322583174 5 17390322583174
I/TaskTracer( 4029): 1 17390322583174 1392792337243586 4029 "b2g" 4049 "Timer"
I/TaskTracer( 4029): 0 17390322583175 1392792337243647 17390322583174 5 17390322583174
I/TaskTracer( 4029): 4 17390322583175 0x421abe20
I/TaskTracer( 4029): 2 17390322583174 1392792337243769
I/TaskTracer( 4029): 1 17390322583175 1392792337244074 4029 "b2g" 4029 "main"
I/TaskTracer( 4134): 0 17794049508143 1392792337245722 17794049508143 5 17794049508143
I/TaskTracer( 4134): 1 17794049508143 1392792337245844 4134 "(Preallocated app)" 4143 "Timer"
I/TaskTracer( 4134): 0 17794049508144 1392792337245905 17794049508143 5 17794049508143
I/TaskTracer( 4134): 4 17794049508144 0x41ba3e20
I/TaskTracer( 4134): 2 17794049508143 1392792337246027
I/TaskTracer( 4029): 0 17304423238230 1392792337249689 17390322583174 5 17390322583175
I/TaskTracer( 4029): 4 17304423238230 0x421bd7e0
I/TaskTracer( 4212): 3 18129056956570 1392792337254389 "[nsEventDispatcher::Dispatch] Event name: MozAfterPaint"
I/TaskTracer( 4212): 2 18129056956570 1392792337254511
I/TaskTracer( 4212): 3 18090402251089 1392792337254725 "[nsEventDispatcher::Dispatch] Event name: timeupdate"
I/TaskTracer( 4212): 3 18090402251092 1392792337255000 "[nsEventDispatcher::Dispatch] Event name: timeupdate"
I/TaskTracer( 4212): 3 18090402251093 1392792337255122 "[nsEventDispatcher::Dispatch] Event name: pause"
I/TaskTracer( 4212): 3 18090402251094 1392792337255244 "[nsEventDispatcher::Dispatch] Event name: timeupdate"
I/TaskTracer( 4212): 3 18090402251095 1392792337255335 "[nsEventDispatcher::Dispatch] Event name: ended"
I/TaskTracer( 4212): 1 18090402251096 1392792337255427 4212 "Built-in Keyboard" 4212 "main"
I/TaskTracer( 4212): 2 18090402251096 1392792337255488
I/TaskTracer( 4212): 1 18090402251097 1392792337255579 4212 "Built-in Keyboard" 4212 "main"
I/TaskTracer( 4212): 2 18090402251097 1392792337255610
I/TaskTracer( 4212): 1 18090402251098 1392792337255701 4212 "Built-in Keyboard" 4212 "main"
I/TaskTracer( 4212): 2 18090402251098 1392792337255732
I/TaskTracer( 4212): 1 18090402251099 1392792337255824 4212 "Built-in Keyboard" 4212 "main"
I/TaskTracer( 4212): 2 18090402251099 1392792337255854
I/TaskTracer( 4212): 1 18090402251100 1392792337255946 4212 "Built-in Keyboard" 4212 "main"
I/TaskTracer( 4212): 2 18090402251100 1392792337255976
I/TaskTracer( 4212): 1 18090402251101 1392792337256037 4212 "Built-in Keyboard" 4212 "main"
I/TaskTracer( 4212): 2 18090402251101 1392792337256098
I/TaskTracer( 4212): 1 18090402251102 1392792337256159 4212 "Built-in Keyboard" 4212 "main"
I/TaskTracer( 4212): 2 18090402251102 1392792337256220
I/TaskTracer( 4212): 1 18129056956572 1392792337256281 4212 "Built-in Keyboard" 4212 "main"
I/TaskTracer( 4212): 2 18129056956572 1392792337256373
I/TaskTracer( 4212): 1 18129056956574 1392792337256434 4212 "Built-in Keyboard" 4212 "main"
I/TaskTracer( 4029): 0 17390322583176 1392792337260523 17390322583176 5 17390322583176
I/TaskTracer( 4029): 1 17390322583176 1392792337260615 4029 "b2g" 4049 "Timer"
I/TaskTracer( 4029): 0 17390322583177 1392792337260706 17390322583176 5 17390322583176
I/TaskTracer( 4029): 4 17390322583177 0x421abe20
I/TaskTracer( 4029): 2 17390322583176 1392792337260828
I/TaskTracer( 4212): 0 18129056956575 1392792337262659 18129056956575 5 18129056956575
I/TaskTracer( 4212): 1 18129056956575 1392792337262751 4212 "(Preallocated app)" 4221 "Timer"
I/TaskTracer( 4212): 0 18129056956576 1392792337262812 18129056956575 5 18129056956575
I/TaskTracer( 4212): 4 18129056956576 0x41ba3e20
I/TaskTracer( 4212): 2 18129056956575 1392792337262965
I/TaskTracer( 4029): 1 17304423238230 1392792337266444 4029 "b2g" 4054 "Compositor"
I/TaskTracer( 4029): 0 17411797418695 1392792337267359 17390322583174 5 17304423238230
I/TaskTracer( 4029): 4 17411797418695 0x421d5660
I/TaskTracer( 4029): 2 17304423238230 1392792337267512
I/TaskTracer( 4029): 1 17411797418686 1392792337267573 4029 "b2g" 4054 "Compositor"
I/TaskTracer( 4029): 2 17411797418686 1392792337267603
I/TaskTracer( 4029): 1 17411797418695 1392792337267695 4029 "b2g" 4054 "Compositor"
I/TaskTracer( 4029): 0 17411797418696 1392792337267786 17390322583174 5 17411797418695
I/TaskTracer( 4029): 4 17411797418696 0x421d53d0
I/TaskTracer( 4029): 0 17411797418697 1392792337267939 17390322583174 5 17411797418695
I/TaskTracer( 4029): 4 17411797418697 0x421d53d0
I/TaskTracer( 4212): 2 18129056956574 1392792337272181
I/TaskTracer( 4212): 1 18129056956576 1392792337274165 4212 "Built-in Keyboard" 4212 "main"
I/TaskTracer( 4212): 2 18129056956576 1392792337274256
I/TaskTracer( 4029): 3 17390322583175 1392792337275538 "[nsEventDispatcher::Dispatch] Event name: MozAfterPaint"
I/TaskTracer( 4029): 3 17390322583175 1392792337275690 "[nsEventDispatcher::Dispatch] Event name: MozAfterPaint"
I/TaskTracer( 4029): 2 17390322583175 1392792337275813
I/TaskTracer( 4029): 1 17390322583177 1392792337276026 4029 "b2g" 4029 "main"
I/TaskTracer( 4029): 2 17411797418695 1392792337276667
I/TaskTracer( 4029): 1 17411797418687 1392792337276728 4029 "b2g" 4054 "Compositor"
I/TaskTracer( 4029): 2 17411797418687 1392792337276789
I/TaskTracer( 4029): 0 17390322583178 1392792337279444 17390322583178 5 17390322583178
I/TaskTracer( 4029): 1 17390322583178 1392792337279536 4029 "b2g" 4049 "Timer"
I/TaskTracer( 4029): 0 17390322583179 1392792337279597 17390322583178 5 17390322583178
I/TaskTracer( 4029): 4 17390322583179 0x421abe20
I/TaskTracer( 4029): 2 17390322583178 1392792337279749
I/TaskTracer( 4029): 2 17390322583177 1392792337280116
I/TaskTracer( 4029): 1 17390322583179 1392792337280848 4029 "b2g" 4029 "main"
I/TaskTracer( 4029): 2 17390322583179 1392792337282252
I/TaskTracer( 4134): 4 17755394802632 0x41bb5840
I/TaskTracer( 4134): 1 17755394802632 1392792337285395 4134 "Homescreen" 4135 "Chrome_ChildThread"
I/TaskTracer( 4134): 2 17755394802632 1392792337285517
I/TaskTracer( 4029): 0 17334488008191 1392792337285670 17794049508137 5 17755394802632
I/TaskTracer( 4029): 4 17334488008191 0x421bd7e0
I/TaskTracer( 4029): 1 17334488008191 1392792337285944 4029 "b2g" 4054 "Compositor"
I/TaskTracer( 4029): 0 17411797418698 1392792337286280 17794049508137 5 17334488008191
I/TaskTracer( 4029): 4 17411797418698 0x421d5660
I/TaskTracer( 4029): 2 17334488008191 1392792337286402
I/TaskTracer( 4029): 1 17411797418698 1392792337286494 4029 "b2g" 4054 "Compositor"
I/TaskTracer( 4029): 0 17411797418699 1392792337286585 17794049508137 5 17411797418698
I/TaskTracer( 4029): 4 17411797418699 0x421d53d0
I/TaskTracer( 4029): 0 17411797418700 1392792337286738 17794049508137 5 17411797418698
I/TaskTracer( 4029): 4 17411797418700 0x421d53d0
I/TaskTracer( 4134): 2 17794049508138 1392792337289637
I/TaskTracer( 4134): 1 17759689769564 1392792337289820 4134 "Homescreen" 4134 "main"
I/TaskTracer( 4134): 1 17759689769563 1392792337289942 4134 "Homescreen" 4134 "main"
I/TaskTracer( 4134): 3 17759689769563 1392792337290827 "[nsDOMWindowUtils::SendKeyEvent] type:keydown, keyCode:0, charCode:0"
I/TaskTracer( 4134): 3 17759689769563 1392792337290980 "[nsEventDispatcher::Dispatch] Event name: keydown"
I/TaskTracer( 4029): 0 17390322583180 1392792337293970 17390322583180 5 17390322583180
I/TaskTracer( 4029): 1 17390322583180 1392792337294062 4029 "b2g" 4049 "Timer"
I/TaskTracer( 4029): 0 17390322583181 1392792337294154 17390322583180 5 17390322583180
I/TaskTracer( 4029): 4 17390322583181 0x421abe20
I/TaskTracer( 4029): 2 17390322583180 1392792337294367
I/TaskTracer( 4029): 1 17390322583181 1392792337294672 4029 "b2g" 4029 "main"
I/TaskTracer( 4029): 2 17390322583181 1392792337294855
I/TaskTracer( 4029): 2 17411797418698 1392792337295435
I/TaskTracer( 4134): 0 17794049508145 1392792337301203 17794049508145 5 17794049508145
I/TaskTracer( 4134): 1 17794049508145 1392792337301325 4134 "(Preallocated app)" 4143 "Timer"
I/TaskTracer( 4134): 0 17794049508146 1392792337301386 17794049508145 5 17794049508145
I/TaskTracer( 4134): 4 17794049508146 0x41ba3e20
I/TaskTracer( 4134): 2 17794049508145 1392792337301539
I/TaskTracer( 4134): 0 17794049508147 1392792337306147 17794049508147 5 17794049508147
I/TaskTracer( 4134): 1 17794049508147 1392792337306239 4134 "(Preallocated app)" 4143 "Timer"
I/TaskTracer( 4134): 0 17794049508148 1392792337306300 17794049508147 5 17794049508147
I/TaskTracer( 4134): 4 17794049508148 0x41ba3e20
I/TaskTracer( 4134): 2 17794049508147 1392792337306422
I/TaskTracer( 4134): 3 17759689769563 1392792337307795 "[nsDOMWindowUtils::SendKeyEvent] type:keypress, keyCode:0, charCode:98"
I/TaskTracer( 4134): 3 17759689769563 1392792337307948 "[nsEventDispatcher::Dispatch] Event name: keypress"
I/TaskTracer( 4134): 3 17759689769563 1392792337309046 "[nsCaret::DrawAtPositionWithHint] SchedulePaint to caret frame."
I/TaskTracer( 4134): 0 17755394802633 1392792337309199 17304423238208 1 17759689769563
I/TaskTracer( 4134): 4 17755394802633 0x41c75ea0
I/TaskTracer( 4134): 3 17759689769563 1392792337309626 "[nsEventDispatcher::Dispatch] Event name: input"
I/TaskTracer( 4029): 0 17390322583182 1392792337310938 17390322583182 5 17390322583182
I/TaskTracer( 4029): 1 17390322583182 1392792337311030 4029 "b2g" 4049 "Timer"
I/TaskTracer( 4029): 0 17390322583183 1392792337311121 17390322583182 5 17390322583182
I/TaskTracer( 4029): 4 17390322583183 0x421abe20
I/TaskTracer( 4029): 2 17390322583182 1392792337311274
I/TaskTracer( 4029): 1 17390322583183 1392792337311427 4029 "b2g" 4029 "main"
I/TaskTracer( 4029): 2 17390322583183 1392792337311610
I/TaskTracer( 4134): 3 17759689769563 1392792337318354 "[nsFrameMessageManager::SendAsyncMessage] type:Forms:SelectionChange"
I/TaskTracer( 4134): 0 17755394802634 1392792337318995 17304423238208 1 17759689769563
I/TaskTracer( 4134): 4 17755394802634 0x41bb5840
I/TaskTracer( 4134): 1 17755394802634 1392792337319788 4134 "Homescreen" 4135 "Chrome_ChildThread"
I/TaskTracer( 4134): 2 17755394802634 1392792337319910
I/TaskTracer( 4029): 0 17334488008192 1392792337320094 17304423238208 1 17755394802634
I/TaskTracer( 4029): 4 17334488008192 0x421bd7e0
I/TaskTracer( 4029): 0 17334488008193 1392792337320216 17304423238208 1 17755394802634
I/TaskTracer( 4029): 4 17334488008193 0x421bd980
I/TaskTracer( 4029): 1 17334488008193 1392792337320551 4029 "b2g" 4029 "main"
I/TaskTracer( 4029): 1 17334488008192 1392792337320643 4029 "b2g" 4029 "main"
I/TaskTracer( 4029): 3 17334488008192 1392792337321436 "[nsFrameMessageManager::BroadcastAsyncMessage] type:Keyboard:SelectionChange"
I/TaskTracer( 4029): 0 17304423238231 1392792337321589 17304423238208 1 17334488008192
I/TaskTracer( 4029): 4 17304423238231 0x4221bf28
I/TaskTracer( 4029): 0 17304423238232 1392792337321772 17304423238208 1 17334488008192
I/TaskTracer( 4029): 4 17304423238232 0x421bd840
I/TaskTracer( 4029): 1 17304423238232 1392792337321955 4029 "b2g" 4036 "Gecko_IOThread"
I/TaskTracer( 4029): 2 17304423238232 1392792337322077
I/TaskTracer( 4069): 0 17480516894819 1392792337322291 17304423238208 1 17304423238232
I/TaskTracer( 4069): 4 17480516894819 0x41bb57e0
I/TaskTracer( 4069): 0 17480516894820 1392792337322382 17304423238208 1 17304423238232
I/TaskTracer( 4069): 4 17480516894820 0x41bb5980
I/TaskTracer( 4069): 1 17480516894820 1392792337322626 4069 "(Nuwa)" 4069 "main"
I/TaskTracer( 4069): 1 17480516894819 1392792337322718 4069 "(Nuwa)" 4069 "main"
I/TaskTracer( 4069): 2 17480516894819 1392792337322840
I/TaskTracer( 4069): 2 17480516894820 1392792337322901
I/TaskTracer( 4029): 0 17390322583184 1392792337326899 17390322583184 5 17390322583184
I/TaskTracer( 4029): 1 17390322583184 1392792337326991 4029 "b2g" 4049 "Timer"
I/TaskTracer( 4029): 0 17390322583185 1392792337327082 17390322583184 5 17390322583184
I/TaskTracer( 4029): 4 17390322583185 0x421abe20
I/TaskTracer( 4029): 2 17390322583184 1392792337327174
I/TaskTracer( 4029): 0 17304423238233 1392792337327723 17304423238208 1 17334488008192
I/TaskTracer( 4029): 4 17304423238233 0x421bd840
I/TaskTracer( 4029): 1 17304423238233 1392792337328547 4029 "b2g" 4036 "Gecko_IOThread"
I/TaskTracer( 4029): 2 17304423238233 1392792337328669
I/TaskTracer( 4079): 0 17523466567858 1392792337328791 17304423238208 1 17304423238233
I/TaskTracer( 4079): 4 17523466567858 0x41bb57e0
I/TaskTracer( 4079): 0 17523466567859 1392792337328913 17304423238208 1 17304423238233
I/TaskTracer( 4079): 4 17523466567859 0x41bb5980
I/TaskTracer( 4079): 1 17523466567859 1392792337329127 4079 "Usage" 4079 "main"
I/TaskTracer( 4079): 1 17523466567858 1392792337329218 4079 "Usage" 4079 "main"
I/TaskTracer( 4079): 2 17523466567858 1392792337329340
I/TaskTracer( 4079): 2 17523466567859 1392792337329401
I/TaskTracer( 4029): 0 17304423238234 1392792337330134 17304423238208 1 17334488008192
I/TaskTracer( 4029): 4 17304423238234 0x421bd840
I/TaskTracer( 4029): 1 17304423238234 1392792337331019 4029 "b2g" 4036 "Gecko_IOThread"
I/TaskTracer( 4029): 2 17304423238234 1392792337331110
I/TaskTracer( 4029): 0 17304423238235 1392792337331873 17304423238208 1 17334488008192
I/TaskTracer( 4029): 4 17304423238235 0x421bd840
I/TaskTracer( 4029): 1 17304423238235 1392792337332789 4029 "b2g" 4036 "Gecko_IOThread"
I/TaskTracer( 4212): 0 18094697218275 1392792337332941 17304423238208 1 17304423238235
I/TaskTracer( 4212): 4 18094697218275 0x41bb57e0
I/TaskTracer( 4212): 0 18094697218276 1392792337333125 17304423238208 1 17304423238235
I/TaskTracer( 4212): 4 18094697218276 0x41bb5980
I/TaskTracer( 4212): 1 18094697218276 1392792337333338 4212 "Built-in Keyboard" 4212 "main"
I/TaskTracer( 4212): 1 18094697218275 1392792337333430 4212 "Built-in Keyboard" 4212 "main"
I/TaskTracer( 4212): 3 18094697218275 1392792337334315 "[nsEventDispatcher::Dispatch] Event name: (null)"
I/TaskTracer( 4212): 3 18094697218275 1392792337334681 "[nsEventDispatcher::Dispatch] Event name: (null)"
I/TaskTracer( 4212): 2 18094697218275 1392792337334803
I/TaskTracer( 4212): 2 18094697218276 1392792337334834
I/TaskTracer( 4029): 2 17304423238235 1392792337335108
I/TaskTracer( 4029): 0 17304423238236 1392792337335810 17304423238208 1 17334488008192
I/TaskTracer( 4029): 4 17304423238236 0x421bd840
