I/TaskTracer(13789): 1 59292023521527 1391658194720179 59292023521527 8 59292023521527
I/TaskTracer(13789): 2 59292023521527 1391658194720271 13789 13805
I/TaskTracer(13789): 4 59292023521527 1391658194720332 "wlan0 CTRL-EVENT-BSS-ADDED 40 3c:94:d5:7b:40:84"
I/TaskTracer(13789): 1 59292023521528 1391658194720423 59292023521527 8 59292023521527
I/TaskTracer(13789): 5 59292023521528 0x4218ef48
I/TaskTracer(13789): 3 59292023521527 1391658194720545
I/TaskTracer(13789): 3 59223304047443 1391658194720606
I/TaskTracer(13789): 3 59292023521526 1391658194722987
I/TaskTracer(13789): 2 59292023521528 1391658194724665 13789 13789
I/TaskTracer(13789): 1 59223304047444 1391658194726282 59292023521527 8 59292023521528
I/TaskTracer(13789): 5 59223304047444 0x4218ef28
I/TaskTracer(13789): 2 59223304047444 1391658194727564 13789 13805
I/TaskTracer(13789): 1 59292023521529 1391658194727717 59292023521529 8 59292023521529
I/TaskTracer(13789): 2 59292023521529 1391658194727808 13789 13805
I/TaskTracer(13789): 4 59292023521529 1391658194727869 "wlan0 CTRL-EVENT-BSS-ADDED 41 3c:94:d5:7b:b8:06"
I/TaskTracer(13789): 1 59292023521530 1391658194727930 59292023521529 8 59292023521529
I/TaskTracer(13789): 5 59292023521530 0x4218ef48
I/TaskTracer(13789): 3 59292023521529 1391658194728053
I/TaskTracer(13789): 3 59223304047444 1391658194728083
I/TaskTracer(13789): 3 59292023521528 1391658194729914
I/TaskTracer(13789): 2 59292023521530 1391658194739314 13789 13789
I/TaskTracer(13789): 1 59223304047446 1391658194739741 59292023521529 8 59292023521530
I/TaskTracer(13789): 5 59223304047446 0x4218ef28
I/TaskTracer(13789): 2 59223304047446 1391658194741145 13789 13805
I/TaskTracer(13789): 1 59292023521531 1391658194741267 59292023521531 8 59292023521531
I/TaskTracer(13789): 2 59292023521531 1391658194741389 13789 13805
I/TaskTracer(13789): 4 59292023521531 1391658194741450 "wlan0 CTRL-EVENT-BSS-ADDED 42 3c:94:d5:78:77:08"
I/TaskTracer(13789): 1 59292023521532 1391658194741511 59292023521531 8 59292023521531
I/TaskTracer(13789): 5 59292023521532 0x4218ef48
I/TaskTracer(13789): 3 59292023521531 1391658194741663
I/TaskTracer(13789): 3 59223304047446 1391658194741724
I/TaskTracer(13789): 3 59292023521530 1391658194743891
I/TaskTracer(13789): 2 59292023521532 1391658194761774 13789 13789
I/TaskTracer(13789): 1 59223304047448 1391658194762263 59292023521531 8 59292023521532
I/TaskTracer(13789): 5 59223304047448 0x4218ef28
I/TaskTracer(13789): 2 59223304047448 1391658194765894 13789 13805
I/TaskTracer(13789): 1 59292023521533 1391658194766047 59292023521533 8 59292023521533
I/TaskTracer(13789): 2 59292023521533 1391658194766108 13789 13805
I/TaskTracer(13789): 4 59292023521533 1391658194766169 "wlan0 CTRL-EVENT-BSS-ADDED 43 3c:94:d5:7b:fb:00"
I/TaskTracer(13789): 1 59292023521534 1391658194766261 59292023521533 8 59292023521533
I/TaskTracer(13789): 5 59292023521534 0x4218ef48
I/TaskTracer(13789): 3 59292023521533 1391658194766383
I/TaskTracer(13789): 3 59223304047448 1391658194766444
I/TaskTracer(13789): 3 59292023521532 1391658194768549
I/TaskTracer(13789): 2 59292023521534 1391658194769801 13789 13789
I/TaskTracer(13789): 1 59223304047449 1391658194776057 59292023521533 8 59292023521534
I/TaskTracer(13789): 5 59223304047449 0x4218ef28
I/TaskTracer(13789): 2 59223304047449 1391658194777033 13789 13805
I/TaskTracer(13789): 1 59292023521535 1391658194777216 59292023521535 8 59292023521535
I/TaskTracer(13789): 2 59292023521535 1391658194777308 13789 13805
I/TaskTracer(13789): 4 59292023521535 1391658194777369 "wlan0 CTRL-EVENT-BSS-ADDED 44 3c:94:d5:7b:fb:02"
I/TaskTracer(13789): 1 59292023521536 1391658194777430 59292023521535 8 59292023521535
I/TaskTracer(13789): 5 59292023521536 0x4218ef48
I/TaskTracer(13789): 3 59292023521535 1391658194777583
I/TaskTracer(13789): 3 59223304047449 1391658194777613
I/TaskTracer(13789): 3 59292023521534 1391658194779078
I/TaskTracer(13789): 2 59292023521536 1391658194781611 13789 13789
I/TaskTracer(13789): 1 59223304047450 1391658194782679 59292023521535 8 59292023521536
I/TaskTracer(13789): 5 59223304047450 0x4218ef28
I/TaskTracer(13789): 2 59223304047450 1391658194783991 13789 13805
I/TaskTracer(13789): 1 59292023521537 1391658194784144 59292023521537 8 59292023521537
I/TaskTracer(13789): 2 59292023521537 1391658194784205 13789 13805
I/TaskTracer(13789): 4 59292023521537 1391658194784266 "wlan0 CTRL-EVENT-BSS-ADDED 45 3c:94:d5:7b:fb:04"
I/TaskTracer(13789): 1 59292023521538 1391658194785029 59292023521537 8 59292023521537
I/TaskTracer(13789): 5 59292023521538 0x4218ef48
I/TaskTracer(13789): 3 59292023521537 1391658194785151
I/TaskTracer(13789): 3 59223304047450 1391658194785181
I/TaskTracer(13789): 3 59292023521536 1391658194787226
I/TaskTracer(13789): 2 59292023521538 1391658194788386 13789 13789
I/TaskTracer(13789): 1 59223304047451 1391658194789637 59292023521537 8 59292023521538
I/TaskTracer(13789): 5 59223304047451 0x4218ef28
I/TaskTracer(13789): 2 59223304047451 1391658194791651 13789 13805
I/TaskTracer(13789): 1 59292023521539 1391658194791773 59292023521539 8 59292023521539
I/TaskTracer(13789): 2 59292023521539 1391658194791865 13789 13805
I/TaskTracer(13789): 4 59292023521539 1391658194791926 "wlan0 CTRL-EVENT-BSS-ADDED 46 3c:94:d5:7b:fb:06"
I/TaskTracer(13789): 1 59292023521540 1391658194791987 59292023521539 8 59292023521539
I/TaskTracer(13789): 5 59292023521540 0x4218ef48
I/TaskTracer(13789): 3 59292023521539 1391658194792139
I/TaskTracer(13789): 3 59223304047451 1391658194792170
I/TaskTracer(13789): 3 59292023521538 1391658194794520
I/TaskTracer(13789): 2 59292023521540 1391658194795161 13789 13789
I/TaskTracer(13789): 1 59223304047452 1391658194799250 59292023521539 8 59292023521540
I/TaskTracer(13789): 5 59223304047452 0x4218ef28
I/TaskTracer(13789): 2 59223304047452 1391658194800715 13789 13805
I/TaskTracer(13789): 1 59292023521541 1391658194800867 59292023521541 8 59292023521541
I/TaskTracer(13789): 2 59292023521541 1391658194800959 13789 13805
I/TaskTracer(13789): 4 59292023521541 1391658194801020 "wlan0 CTRL-EVENT-BSS-ADDED 47 3c:94:d5:7b:fb:08"
I/TaskTracer(13789): 1 59292023521542 1391658194801081 59292023521541 8 59292023521541
I/TaskTracer(13789): 5 59292023521542 0x4218ef48
I/TaskTracer(13789): 3 59292023521541 1391658194801203
I/TaskTracer(13789): 3 59223304047452 1391658194801264
I/TaskTracer(13789): 3 59292023521540 1391658194802729
I/TaskTracer(13789): 2 59292023521542 1391658194804499 13789 13789
I/TaskTracer(13789): 1 59223304047453 1391658194805842 59292023521541 8 59292023521542
I/TaskTracer(13789): 5 59223304047453 0x4218ef28
I/TaskTracer(13789): 2 59223304047453 1391658194808466 13789 13805
I/TaskTracer(13789): 1 59292023521543 1391658194808588 59292023521543 8 59292023521543
I/TaskTracer(13789): 2 59292023521543 1391658194808680 13789 13805
I/TaskTracer(13789): 4 59292023521543 1391658194808741 "wlan0 CTRL-EVENT-SCAN-RESULTS "
I/TaskTracer(13789): 1 59292023521544 1391658194808802 59292023521543 8 59292023521543
I/TaskTracer(13789): 5 59292023521544 0x4218ef48
I/TaskTracer(13789): 3 59292023521543 1391658194808955
I/TaskTracer(13789): 3 59223304047453 1391658194808985
I/TaskTracer(13789): 3 59292023521542 1391658194811213
I/TaskTracer(13789): 2 59292023521544 1391658194812281 13789 13789
I/TaskTracer(13789): 1 59223304047454 1391658194816340 59292023521543 8 59292023521544
I/TaskTracer(13789): 5 59223304047454 0x4218ef68
I/TaskTracer(13789): 1 59223304047455 1391658194818018 59292023521543 8 59292023521544
I/TaskTracer(13789): 5 59223304047455 0x4218ef28
I/TaskTracer(13789): 2 59223304047455 1391658194821345 13789 13805
I/TaskTracer(13789): 3 59292023521544 1391658194822779
I/TaskTracer(13789): 1 59296318488778 1391658195051417 59292023521521 8 59223304047433
I/TaskTracer(13789): 5 59296318488778 0x4218ef88
I/TaskTracer(13789): 3 59223304047433 1391658195053492
I/TaskTracer(13789): 2 59296318488778 1391658195053980 13789 13789
I/TaskTracer(13789): 2 59223304047454 1391658195063593 13789 13806
I/TaskTracer(13789): 1 59296318488779 1391658195075220 59292023521543 8 59223304047454
I/TaskTracer(13789): 5 59296318488779 0x4218ef88
I/TaskTracer(13789): 3 59223304047454 1391658195079646
I/TaskTracer(13789): 1 59223304047460 1391658195093470 59292023521521 8 59296318488778
I/TaskTracer(13789): 5 59223304047460 0x421b35b0
I/TaskTracer(13789): 2 59223304047460 1391658195094813 13789 13807
I/TaskTracer(13789): 1 59300613455957 1391658195095515 59292023521521 8 59223304047460
I/TaskTracer(13789): 5 59300613455957 0x421b35b0
I/TaskTracer(13789): 1 59300613455958 1391658195095698 59292023521521 8 59223304047460
I/TaskTracer(13789): 5 59300613455958 0x421b3108
I/TaskTracer(13789): 3 59223304047460 1391658195095820
I/TaskTracer(13789): 1 59223304047461 1391658195098444 59292023521521 8 59296318488778
I/TaskTracer(13789): 5 59223304047461 0x421b35b0
I/TaskTracer(13789): 2 59223304047461 1391658195102320 13789 13807
I/TaskTracer(13789): 1 59300613455959 1391658195107081 59292023521521 8 59223304047461
I/TaskTracer(13789): 5 59300613455959 0x421b35b0
I/TaskTracer(13789): 1 59300613455960 1391658195108546 59292023521521 8 59223304047461
I/TaskTracer(13789): 5 59300613455960 0x421b3108
I/TaskTracer(13789): 3 59223304047461 1391658195110163
I/TaskTracer(13789): 1 59223304047462 1391658195122065 59292023521521 8 59296318488778
I/TaskTracer(13789): 5 59223304047462 0x421664e8
I/TaskTracer(13789): 2 59223304047462 1391658195123164 13789 13797
I/TaskTracer(13789): 3 59223304047462 1391658195123347
I/TaskTracer(13997): 1 60129542144024 1391658195124506 59292023521521 8 59223304047462
I/TaskTracer(13789): 1 59223304047463 1391658195125269 59292023521521 8 59296318488778
I/TaskTracer(13789): 5 59223304047463 0x421664e8
I/TaskTracer(13789): 2 59223304047463 1391658195126368 13789 13797
I/TaskTracer(13789): 3 59223304047463 1391658195126521
I/TaskTracer(13974): 1 60030757896596 1391658195126673 59292023521521 8 59223304047463
I/TaskTracer(13974): 5 60030757896596 0x41bb4488
I/TaskTracer(13974): 1 60030757896597 1391658195126795 59292023521521 8 59223304047463
I/TaskTracer(13974): 5 60030757896597 0x41bb4628
I/TaskTracer(13789): 1 59223304047464 1391658195128260 59292023521521 8 59296318488778
I/TaskTracer(13789): 5 59223304047464 0x421664e8
I/TaskTracer(13789): 2 59223304047464 1391658195129603 13789 13797
I/TaskTracer(13789): 3 59223304047464 1391658195129694
I/TaskTracer(13885): 1 59884729008220 1391658195129908 59292023521521 8 59223304047464
I/TaskTracer(13885): 5 59884729008220 0x41bb4488
I/TaskTracer(13885): 1 59884729008221 1391658195130030 59292023521521 8 59223304047464
I/TaskTracer(13885): 5 59884729008221 0x41bb4628
I/TaskTracer(13885): 2 59884729008221 1391658195130274 13885 13885
I/TaskTracer(13885): 2 59884729008220 1391658195130335 13885 13885
I/TaskTracer(13885): 3 59884729008220 1391658195130732
I/TaskTracer(13885): 3 59884729008221 1391658195130793
I/TaskTracer(13789): 1 59223304047465 1391658195133021 59292023521521 8 59296318488778
I/TaskTracer(13789): 5 59223304047465 0x421664e8
I/TaskTracer(13789): 2 59223304047465 1391658195135432 13789 13797
I/TaskTracer(13789): 3 59223304047465 1391658195135554
I/TaskTracer(13879): 1 59622736003442 1391658195135706 59292023521521 8 59223304047465
I/TaskTracer(13879): 5 59622736003442 0x41bb4488
I/TaskTracer(13879): 1 59622736003443 1391658195135828 59292023521521 8 59223304047465
I/TaskTracer(13879): 5 59622736003443 0x41bb4628
I/TaskTracer(13879): 2 59622736003443 1391658195136073 13879 13879
I/TaskTracer(13879): 2 59622736003442 1391658195136134 13879 13879
I/TaskTracer(13879): 3 59622736003442 1391658195137507
I/TaskTracer(13879): 3 59622736003443 1391658195137598
I/TaskTracer(13789): 1 59223304047466 1391658195141688 59292023521521 8 59296318488778
I/TaskTracer(13789): 5 59223304047466 0x421664e8
I/TaskTracer(13789): 2 59223304047466 1391658195144007 13789 13797
I/TaskTracer(13789): 3 59223304047466 1391658195144129
I/TaskTracer(13789): 1 59223304047467 1391658195148249 59292023521521 8 59296318488778
I/TaskTracer(13974): 2 60030757896597 1391658195151545 13974 13974
I/TaskTracer(13974): 2 60030757896596 1391658195152552 13974 13974
I/TaskTracer(13974): 3 60030757896596 1391658195154169
I/TaskTracer(13974): 3 60030757896597 1391658195154932
I/TaskTracer(13789): 5 59223304047467 0x421b30c8
I/TaskTracer(13789): 2 59223304047467 1391658195156519 13789 13807
I/TaskTracer(13789): 3 59223304047467 1391658195156763
I/TaskTracer(13789): 1 59223304047468 1391658195158106 59292023521521 8 59296318488778
I/TaskTracer(13789): 5 59223304047468 0x421b30c8
I/TaskTracer(13789): 2 59223304047468 1391658195159693 13789 13810
I/TaskTracer(13789): 3 59223304047468 1391658195159846
I/TaskTracer(13832): 1 59476707115120 1391658195144251 59292023521521 8 59223304047466
I/TaskTracer(13997): 5 60129542144024 0x41bb4488
I/TaskTracer(13832): 5 59476707115120 0x41bb4488
I/TaskTracer(13789): 4 59296318488778 1391658195176142 "[nsFrameMessageManager::BroadcastAsyncMessage] type:specialpowers-http-notify-request"
I/TaskTracer(13789): 4 59296318488778 1391658195176508 "[nsFrameLoader::DoSendAsyncMessage] msg: specialpowers-http-notify-request send to tabChild"
I/TaskTracer(13789): 1 59223304047469 1391658195177027 59292023521521 8 59296318488778
I/TaskTracer(13789): 5 59223304047469 0x421be5f0
I/TaskTracer(13789): 1 59223304047470 1391658195180506 59292023521521 8 59296318488778
I/TaskTracer(13789): 5 59223304047470 0x421622e8
I/TaskTracer(13789): 2 59223304047470 1391658195184077 13789 13798
I/TaskTracer(13789): 1 59261958750228 1391658195185633 59292023521521 8 59223304047470
I/TaskTracer(13789): 5 59261958750228 0x42158508
I/TaskTracer(13789): 1 59261958750229 1391658195185847 59292023521521 8 59223304047470
I/TaskTracer(13789): 5 59261958750229 0x42158508
I/TaskTracer(13789): 3 59223304047470 1391658195186030
I/TaskTracer(13789): 2 59261958750228 1391658195186121 13789 13798
I/TaskTracer(13789): 1 59261958750230 1391658195186274 59292023521521 8 59261958750228
I/TaskTracer(13789): 5 59261958750230 0x42158508
I/TaskTracer(13789): 3 59261958750228 1391658195186427
I/TaskTracer(13789): 2 59261958750229 1391658195186488 13789 13798
I/TaskTracer(13789): 3 59261958750229 1391658195186549
I/TaskTracer(13789): 2 59261958750230 1391658195186610 13789 13798
I/TaskTracer(13789): 1 59261958750231 1391658195190913 59292023521521 8 59261958750230
I/TaskTracer(13789): 5 59261958750231 0x42158ea8
I/TaskTracer(13789): 3 59261958750230 1391658195193201
I/TaskTracer(13789): 1 59223304047471 1391658195194605 59292023521521 8 59296318488778
I/TaskTracer(13789): 5 59223304047471 0x421622e8
I/TaskTracer(13789): 2 59223304047471 1391658195196284 13789 13798
I/TaskTracer(13789): 3 59223304047471 1391658195196986
I/TaskTracer(13832): 1 59476707115121 1391658195201136 59292023521521 8 59223304047466
I/TaskTracer(13789): 1 59223304047472 1391658195203883 59292023521521 8 59296318488778
I/TaskTracer(13789): 5 59223304047472 0x42158508
I/TaskTracer(13789): 2 59223304047472 1391658195206416 13789 13798
I/TaskTracer(13789): 3 59223304047472 1391658195206507
I/TaskTracer(13789): 1 59223304047473 1391658195207575 59292023521521 8 59296318488778
I/TaskTracer(13789): 5 59223304047473 0x42158508
I/TaskTracer(13789): 2 59223304047473 1391658195209376 13789 13798
I/TaskTracer(13789): 3 59223304047473 1391658195209467
I/TaskTracer(13789): 1 59223304047474 1391658195210505 59292023521521 8 59296318488778
I/TaskTracer(13789): 5 59223304047474 0x42154244
I/TaskTracer(13789): 2 59223304047474 1391658195211634 13789 13798
I/TaskTracer(13789): 3 59223304047474 1391658195212244
I/TaskTracer(13789): 1 59223304047475 1391658195212946 59292023521521 8 59296318488778
I/TaskTracer(13789): 5 59223304047475 0x42158508
I/TaskTracer(13789): 2 59223304047475 1391658195216547 13789 13798
I/TaskTracer(13789): 3 59223304047475 1391658195216730
I/TaskTracer(13789): 1 59223304047476 1391658195220240 59292023521521 8 59296318488778
I/TaskTracer(13789): 5 59223304047476 0x421542a4
I/TaskTracer(13789): 2 59223304047476 1391658195222590 13789 13798
I/TaskTracer(13789): 3 59223304047476 1391658195223231
I/TaskTracer(13789): 1 59223304047477 1391658195223963 59292023521521 8 59296318488778
I/TaskTracer(13997): 1 60129542144025 1391658195177760 59292023521521 8 59223304047462
I/TaskTracer(13789): 5 59223304047477 0x42158508
I/TaskTracer(13789): 2 59223304047477 1391658195226862 13789 13798
I/TaskTracer(13789): 3 59223304047477 1391658195226954
I/TaskTracer(13789): 1 59223304047478 1391658195228571 59292023521521 8 59296318488778
I/TaskTracer(13789): 5 59223304047478 0x421543c0
I/TaskTracer(13789): 4 59296318488778 1391658195232355 "[nsFrameMessageManager::SendAsyncMessage] type:WifiManager:onconnect"
I/TaskTracer(13997): 5 60129542144025 0x41bb4628
I/TaskTracer(13789): 1 59223304047479 1391658195234278 59292023521521 8 59296318488778
I/TaskTracer(13789): 5 59223304047479 0x421be8c0
I/TaskTracer(13789): 4 59296318488778 1391658195236201 "[nsFrameMessageManager::SendAsyncMessage] type:WifiManager:onconnect"
I/TaskTracer(13789): 1 59223304047480 1391658195237879 59292023521521 8 59296318488778
I/TaskTracer(13789): 5 59223304047480 0x421664e8
I/TaskTracer(13789): 2 59223304047480 1391658195239252 13789 13797
I/TaskTracer(13789): 3 59223304047480 1391658195239375
I/TaskTracer(13974): 1 60030757896598 1391658195239527 59292023521521 8 59223304047480
I/TaskTracer(13974): 5 60030757896598 0x41bb4488
I/TaskTracer(13974): 1 60030757896599 1391658195239649 59292023521521 8 59223304047480
I/TaskTracer(13974): 5 60030757896599 0x41bb4628
I/TaskTracer(13974): 2 60030757896599 1391658195239893 13974 13974
I/TaskTracer(13974): 2 60030757896598 1391658195239985 13974 13974
I/TaskTracer(13789): 3 59296318488778 1391658195244929
I/TaskTracer(13789): 2 59296318488779 1391658195248682 13789 13789
I/TaskTracer(13974): 3 60030757896598 1391658195252589
I/TaskTracer(13789): 1 59223304047481 1391658195254908 59292023521543 8 59296318488779
I/TaskTracer(13789): 5 59223304047481 0x4218ef68
I/TaskTracer(13789): 2 59223304047481 1391658195256709 13789 13806
I/TaskTracer(13789): 1 59296318488780 1391658195257319 59292023521543 8 59223304047481
I/TaskTracer(13789): 5 59296318488780 0x4218ef88
I/TaskTracer(13789): 3 59223304047481 1391658195257471
I/TaskTracer(13974): 3 60030757896599 1391658195265162
I/TaskTracer(13832): 5 59476707115121 0x41bb4628
I/TaskTracer(13997): 2 60129542144025 1391658195272425 13997 13997
I/TaskTracer(13832): 2 59476707115121 1391658195274775 13832 13832
I/TaskTracer(13997): 2 60129542144024 1391658195281947 13997 13997
I/TaskTracer(13789): 4 59296318488779 1391658195285212 "[nsFrameMessageManager::SendAsyncMessage] type:WifiManager:getNetworks:Return:OK"
I/TaskTracer(13789): 1 59223304047482 1391658195292567 59292023521543 8 59296318488779
I/TaskTracer(13789): 5 59223304047482 0x421664e8
I/TaskTracer(13789): 2 59223304047482 1391658195293604 13789 13797
I/TaskTracer(13789): 3 59223304047482 1391658195293818
I/TaskTracer(13974): 1 60030757896600 1391658195295435 59292023521543 8 59223304047482
I/TaskTracer(13974): 5 60030757896600 0x41bb4488
I/TaskTracer(13974): 1 60030757896601 1391658195295588 59292023521543 8 59223304047482
I/TaskTracer(13974): 5 60030757896601 0x41bb4628
I/TaskTracer(13789): 3 59296318488779 1391658195299067
I/TaskTracer(13789): 2 59300613455957 1391658195300043 13789 13789
I/TaskTracer(13789): 3 59300613455957 1391658195301661
I/TaskTracer(13789): 2 59300613455958 1391658195302271 13789 13789
I/TaskTracer(13789): 3 59300613455958 1391658195304041
I/TaskTracer(13789): 2 59300613455959 1391658195304743 13789 13789
I/TaskTracer(13789): 3 59300613455959 1391658195306178
I/TaskTracer(13789): 2 59300613455960 1391658195309199 13789 13789
I/TaskTracer(13789): 3 59300613455960 1391658195309992
I/TaskTracer(13789): 2 59223304047469 1391658195319910 13789 13789
I/TaskTracer(13789): 3 59223304047469 1391658195320155
I/TaskTracer(13789): 2 59261958750231 1391658195320856 13789 13789
I/TaskTracer(13789): 3 59261958750231 1391658195322810
I/TaskTracer(13789): 2 59223304047478 1391658195323512 13789 13789
I/TaskTracer(13789): 1 59223304047484 1391658195324976 59292023521521 8 59223304047478
I/TaskTracer(13789): 5 59223304047484 0x42154244
I/TaskTracer(13832): 2 59476707115120 1391658195286341 13832 13832
I/TaskTracer(13789): 2 59223304047484 1391658195326868 13789 13798
I/TaskTracer(13789): 3 59223304047484 1391658195327753
I/TaskTracer(13789): 3 59223304047478 1391658195330683
I/TaskTracer(13789): 2 59223304047479 1391658195331507 13789 13789
I/TaskTracer(13789): 3 59223304047479 1391658195349329
I/TaskTracer(13832): 3 59476707115120 1391658195350062
I/TaskTracer(13974): 2 60030757896601 1391658195363886 13974 13974
I/TaskTracer(13974): 2 60030757896600 1391658195364588 13974 13974
I/TaskTracer(13997): 3 60129542144024 1391658195366206
I/TaskTracer(13997): 3 60129542144025 1391658195404444
I/TaskTracer(13974): 4 60030757896600 1391658195405238 "[nsFrameMessageManager::SendAsyncMessage] type:WifiManager:getKnownNetworks"
I/TaskTracer(13974): 1 60017872995120 1391658195406275 59292023521543 8 60030757896600
I/TaskTracer(13789): 2 59296318488780 1391658195409510 13789 13789
I/TaskTracer(13789): 3 59296318488780 1391658195409937
I/TaskTracer(13974): 5 60017872995120 0x41bb44e8
I/TaskTracer(13974): 2 60017872995120 1391658195412745 13974 13977
I/TaskTracer(13974): 3 60017872995120 1391658195412897
I/TaskTracer(13789): 1 59257663784762 1391658195413050 59292023521543 8 60017872995120
I/TaskTracer(13789): 5 59257663784762 0x42166488
I/TaskTracer(13789): 1 59257663784763 1391658195413172 59292023521543 8 60017872995120
I/TaskTracer(13789): 5 59257663784763 0x42166628
I/TaskTracer(13789): 2 59257663784763 1391658195414729 13789 13789
I/TaskTracer(13789): 2 59257663784762 1391658195415461 13789 13789
I/TaskTracer(13974): 3 60030757896600 1391658195422785
I/TaskTracer(13974): 3 60030757896601 1391658195422999
I/TaskTracer(13789): 1 59223304047492 1391658195420679 59292023521543 8 59257663784762
I/TaskTracer(13789): 5 59223304047492 0x4218ef68
I/TaskTracer(13789): 2 59223304047492 1391658195426142 13789 13806
I/TaskTracer(13789): 1 59296318488781 1391658195426661 59292023521543 8 59223304047492
I/TaskTracer(13789): 5 59296318488781 0x4218ef88
I/TaskTracer(13789): 3 59223304047492 1391658195426783
I/TaskTracer(13789): 3 59257663784762 1391658195427912
I/TaskTracer(13789): 3 59257663784763 1391658195429011
I/TaskTracer(13789): 2 59296318488781 1391658195430415 13789 13789
I/TaskTracer(13789): 1 59223304047493 1391658195431971 59292023521543 8 59296318488781
I/TaskTracer(13789): 5 59223304047493 0x4218ef68
I/TaskTracer(13789): 2 59223304047493 1391658195435542 13789 13806
I/TaskTracer(13789): 1 59296318488782 1391658195436335 59292023521543 8 59223304047493
I/TaskTracer(13789): 5 59296318488782 0x4218ef88
I/TaskTracer(13789): 3 59223304047493 1391658195436488
I/TaskTracer(13789): 1 59223304047494 1391658195438319 59292023521543 8 59296318488781
I/TaskTracer(13789): 5 59223304047494 0x4218ef68
I/TaskTracer(13789): 2 59223304047494 1391658195439783 13789 13806
I/TaskTracer(13789): 1 59296318488783 1391658195440607 59292023521543 8 59223304047494
I/TaskTracer(13789): 5 59296318488783 0x4218ef88
I/TaskTracer(13789): 3 59223304047494 1391658195440730
I/TaskTracer(13789): 1 59223304047495 1391658195442835 59292023521543 8 59296318488781
I/TaskTracer(13789): 5 59223304047495 0x4218ef68
I/TaskTracer(13789): 2 59223304047495 1391658195445124 13789 13806
I/TaskTracer(13789): 1 59296318488784 1391658195445612 59292023521543 8 59223304047495
I/TaskTracer(13789): 5 59296318488784 0x4218ef88
I/TaskTracer(13789): 3 59223304047495 1391658195445734
I/TaskTracer(13789): 1 59223304047496 1391658195447321 59292023521543 8 59296318488781
I/TaskTracer(13789): 5 59223304047496 0x4218ef68
I/TaskTracer(13789): 2 59223304047496 1391658195448695 13789 13806
I/TaskTracer(13789): 1 59296318488785 1391658195449274 59292023521543 8 59223304047496
I/TaskTracer(13789): 5 59296318488785 0x4218ef88
I/TaskTracer(13789): 3 59223304047496 1391658195449458
I/TaskTracer(13789): 1 59223304047497 1391658195452326 59292023521543 8 59296318488781
I/TaskTracer(13789): 5 59223304047497 0x4218ef68
I/TaskTracer(13789): 2 59223304047497 1391658195453913 13789 13806
I/TaskTracer(13789): 1 59296318488786 1391658195454646 59292023521543 8 59223304047497
I/TaskTracer(13789): 5 59296318488786 0x4218ef88
I/TaskTracer(13789): 3 59223304047497 1391658195454798
I/TaskTracer(13789): 1 59223304047498 1391658195456568 59292023521543 8 59296318488781
I/TaskTracer(13789): 5 59223304047498 0x4218ef68
I/TaskTracer(13789): 2 59223304047498 1391658195458613 13789 13806
I/TaskTracer(13789): 1 59296318488787 1391658195459101 59292023521543 8 59223304047498
I/TaskTracer(13789): 5 59296318488787 0x4218ef88
I/TaskTracer(13789): 3 59223304047498 1391658195459223
I/TaskTracer(13789): 1 59223304047499 1391658195461024 59292023521543 8 59296318488781
I/TaskTracer(13789): 5 59223304047499 0x4218ef68
I/TaskTracer(13789): 2 59223304047499 1391658195463190 13789 13806
I/TaskTracer(13789): 1 59296318488788 1391658195463709 59292023521543 8 59223304047499
I/TaskTracer(13789): 5 59296318488788 0x4218ef88
I/TaskTracer(13789): 3 59223304047499 1391658195463892
I/TaskTracer(13789): 1 59223304047500 1391658195465815 59292023521543 8 59296318488781
I/TaskTracer(13789): 5 59223304047500 0x4218ef68
I/TaskTracer(13789): 2 59223304047500 1391658195468989 13789 13806
I/TaskTracer(13789): 1 59296318488789 1391658195469416 59292023521543 8 59223304047500
I/TaskTracer(13789): 5 59296318488789 0x4218ef88
I/TaskTracer(13789): 3 59223304047500 1391658195469569
I/TaskTracer(13789): 1 59223304047501 1391658195471583 59292023521543 8 59296318488781
I/TaskTracer(13789): 5 59223304047501 0x4218ef68
I/TaskTracer(13789): 2 59223304047501 1391658195473017 13789 13806
I/TaskTracer(13789): 1 59296318488790 1391658195473475 59292023521543 8 59223304047501
I/TaskTracer(13789): 5 59296318488790 0x4218ef88
I/TaskTracer(13789): 3 59223304047501 1391658195473597
I/TaskTracer(13832): 3 59476707115121 1391658195479914
I/TaskTracer(13789): 1 59223304047502 1391658195480708 59292023521543 8 59296318488781
I/TaskTracer(13789): 5 59223304047502 0x4218ef68
I/TaskTracer(13789): 2 59223304047502 1391658195482508 13789 13806
I/TaskTracer(13789): 1 59296318488791 1391658195483118 59292023521543 8 59223304047502
I/TaskTracer(13789): 5 59296318488791 0x4218ef88
I/TaskTracer(13789): 3 59223304047502 1391658195483271
I/TaskTracer(13789): 1 59223304047503 1391658195485041 59292023521543 8 59296318488781
I/TaskTracer(13789): 5 59223304047503 0x4218ef68
I/TaskTracer(13789): 2 59223304047503 1391658195486536 13789 13806
I/TaskTracer(13789): 1 59296318488792 1391658195486994 59292023521543 8 59223304047503
I/TaskTracer(13789): 5 59296318488792 0x4218ef88
I/TaskTracer(13789): 3 59223304047503 1391658195487147
I/TaskTracer(13789): 1 59223304047504 1391658195491389 59292023521543 8 59296318488781
I/TaskTracer(13789): 5 59223304047504 0x4218ef68
I/TaskTracer(13789): 2 59223304047504 1391658195492823 13789 13806
I/TaskTracer(13789): 1 59296318488793 1391658195493311 59292023521543 8 59223304047504
I/TaskTracer(13789): 5 59296318488793 0x4218ef88
I/TaskTracer(13789): 3 59223304047504 1391658195493464
I/TaskTracer(13789): 1 59223304047505 1391658195495020 59292023521543 8 59296318488781
I/TaskTracer(13789): 5 59223304047505 0x4218ef68
I/TaskTracer(13789): 2 59223304047505 1391658195498560 13789 13806
I/TaskTracer(13789): 1 59296318488794 1391658195498927 59292023521543 8 59223304047505
I/TaskTracer(13789): 5 59296318488794 0x4218ef88
I/TaskTracer(13789): 3 59223304047505 1391658195499110
I/TaskTracer(13789): 1 59223304047506 1391658195501124 59292023521543 8 59296318488781
I/TaskTracer(13789): 5 59223304047506 0x4218ef68
I/TaskTracer(13789): 2 59223304047506 1391658195503168 13789 13806
I/TaskTracer(13789): 1 59296318488795 1391658195503657 59292023521543 8 59223304047506
I/TaskTracer(13789): 5 59296318488795 0x4218ef88
I/TaskTracer(13789): 3 59223304047506 1391658195503779
I/TaskTracer(13789): 1 59223304047507 1391658195505824 59292023521543 8 59296318488781
I/TaskTracer(13789): 5 59223304047507 0x4218ef68
I/TaskTracer(13789): 2 59223304047507 1391658195509730 13789 13806
I/TaskTracer(13789): 1 59296318488796 1391658195510279 59292023521543 8 59223304047507
I/TaskTracer(13789): 5 59296318488796 0x4218ef88
I/TaskTracer(13789): 3 59223304047507 1391658195510401
I/TaskTracer(13789): 1 59223304047508 1391658195512690 59292023521543 8 59296318488781
I/TaskTracer(13789): 5 59223304047508 0x4218ef68
I/TaskTracer(13789): 2 59223304047508 1391658195514857 13789 13806
I/TaskTracer(13789): 1 59296318488797 1391658195515253 59292023521543 8 59223304047508
I/TaskTracer(13789): 5 59296318488797 0x4218ef88
I/TaskTracer(13789): 3 59223304047508 1391658195515376
I/TaskTracer(13789): 1 59223304047509 1391658195516413 59292023521543 8 59296318488781
I/TaskTracer(13789): 5 59223304047509 0x4218ef68
I/TaskTracer(13789): 2 59223304047509 1391658195519221 13789 13806
I/TaskTracer(13789): 1 59296318488798 1391658195520014 59292023521543 8 59223304047509
I/TaskTracer(13789): 5 59296318488798 0x4218ef88
I/TaskTracer(13789): 3 59223304047509 1391658195520136
I/TaskTracer(13789): 1 59223304047510 1391658195521235 59292023521543 8 59296318488781
I/TaskTracer(13789): 5 59223304047510 0x4218ef68
I/TaskTracer(13789): 2 59223304047510 1391658195523646 13789 13806
I/TaskTracer(13789): 1 59296318488799 1391658195524439 59292023521543 8 59223304047510
I/TaskTracer(13789): 5 59296318488799 0x4218ef88
I/TaskTracer(13789): 3 59223304047510 1391658195524592
I/TaskTracer(13789): 1 59223304047511 1391658195525751 59292023521543 8 59296318488781
I/TaskTracer(13789): 5 59223304047511 0x4218ef68
I/TaskTracer(13789): 2 59223304047511 1391658195530604 13789 13806
I/TaskTracer(13789): 1 59296318488800 1391658195531184 59292023521543 8 59223304047511
I/TaskTracer(13789): 5 59296318488800 0x4218ef88
I/TaskTracer(13789): 3 59223304047511 1391658195531367
I/TaskTracer(13789): 1 59223304047512 1391658195532710 59292023521543 8 59296318488781
I/TaskTracer(13789): 5 59223304047512 0x4218ef68
I/TaskTracer(13789): 2 59223304047512 1391658195534510 13789 13806
I/TaskTracer(13789): 1 59296318488801 1391658195534937 59292023521543 8 59223304047512
I/TaskTracer(13789): 5 59296318488801 0x4218ef88
I/TaskTracer(13789): 3 59223304047512 1391658195535090
I/TaskTracer(13789): 3 59296318488781 1391658195536250
I/TaskTracer(13789): 2 59296318488782 1391658195537531 13789 13789
I/TaskTracer(13789): 3 59296318488782 1391658195538905
I/TaskTracer(13789): 2 59296318488783 1391658195540156 13789 13789
I/TaskTracer(13789): 3 59296318488783 1391658195541682
I/TaskTracer(13789): 2 59296318488784 1391658195542353 13789 13789
I/TaskTracer(13789): 3 59296318488784 1391658195543421
I/TaskTracer(13789): 2 59296318488785 1391658195544184 13789 13789
I/TaskTracer(13789): 3 59296318488785 1391658195547541
I/TaskTracer(13789): 2 59296318488786 1391658195548670 13789 13789
I/TaskTracer(13789): 3 59296318488786 1391658195549952
I/TaskTracer(13789): 2 59296318488787 1391658195550959 13789 13789
I/TaskTracer(13789): 3 59296318488787 1391658195553004
I/TaskTracer(13789): 2 59296318488788 1391658195553736 13789 13789
I/TaskTracer(13789): 3 59296318488788 1391658195555018
I/TaskTracer(13789): 2 59296318488789 1391658195555598 13789 13789
I/TaskTracer(13789): 3 59296318488789 1391658195556635
I/TaskTracer(13789): 2 59296318488790 1391658195557307 13789 13789
I/TaskTracer(13789): 3 59296318488790 1391658195560053
I/TaskTracer(13789): 2 59296318488791 1391658195560725 13789 13789
I/TaskTracer(13789): 3 59296318488791 1391658195564631
I/TaskTracer(13789): 2 59296318488792 1391658195565760 13789 13789
I/TaskTracer(13789): 3 59296318488792 1391658195566950
I/TaskTracer(13789): 2 59296318488793 1391658195567774 13789 13789
I/TaskTracer(13789): 3 59296318488793 1391658195569636
I/TaskTracer(13789): 2 59296318488794 1391658195572901 13789 13789
I/TaskTracer(13789): 3 59296318488794 1391658195574580
I/TaskTracer(13789): 2 59296318488795 1391658195575251 13789 13789
I/TaskTracer(13789): 3 59296318488795 1391658195576289
I/TaskTracer(13789): 2 59296318488796 1391658195576929 13789 13789
I/TaskTracer(13789): 3 59296318488796 1391658195579829
I/TaskTracer(13789): 2 59296318488797 1391658195581171 13789 13789
I/TaskTracer(13789): 3 59296318488797 1391658195582331
I/TaskTracer(13789): 2 59296318488798 1391658195583094 13789 13789
I/TaskTracer(13789): 3 59296318488798 1391658195584101
I/TaskTracer(13789): 2 59296318488799 1391658195584834 13789 13789
I/TaskTracer(13789): 3 59296318488799 1391658195585993
I/TaskTracer(13789): 2 59296318488800 1391658195587489 13789 13789
I/TaskTracer(13789): 3 59296318488800 1391658195588404
I/TaskTracer(13789): 2 59296318488801 1391658195589045 13789 13789
I/TaskTracer(13789): 4 59296318488801 1391658195590601 "[nsFrameMessageManager::SendAsyncMessage] type:WifiManager:getKnownNetworks:Return:OK"
I/TaskTracer(13789): 1 59223304047513 1391658195592066 59292023521543 8 59296318488801
I/TaskTracer(13789): 5 59223304047513 0x421664e8
I/TaskTracer(13789): 2 59223304047513 1391658195593256 13789 13797
I/TaskTracer(13789): 3 59223304047513 1391658195593378
I/TaskTracer(13974): 1 60030757896602 1391658195593592 59292023521543 8 59223304047513
I/TaskTracer(13974): 5 60030757896602 0x41bb4488
I/TaskTracer(13974): 1 60030757896603 1391658195593714 59292023521543 8 59223304047513
I/TaskTracer(13974): 5 60030757896603 0x41bb4628
I/TaskTracer(13974): 2 60030757896603 1391658195594447 13974 13974
I/TaskTracer(13974): 2 60030757896602 1391658195594538 13974 13974
I/TaskTracer(13789): 3 59296318488801 1391658195602106
I/TaskTracer(13974): 3 60030757896602 1391658195684168
I/TaskTracer(13974): 3 60030757896603 1391658195684534
I/TaskTracer(13997): 1 60155311947787 1391658197553248 59223304046655 1 60116657242135
I/TaskTracer(13997): 5 60155311947787 0x41ba30e0
I/TaskTracer(13997): 2 60155311947787 1391658197556239 13997 13997
I/TaskTracer(13997): 3 60155311947787 1391658197559260
I/TaskTracer(13974): 4 60056527701094 1391658197602381 "[nsFrameMessageManager::SendAsyncMessage] type:WifiManager:getNetworks"
I/TaskTracer(13997): 1 60155311947788 1391658197654169 59223304046655 1 60116657242135
I/TaskTracer(13997): 5 60155311947788 0x41ba30e0
I/TaskTracer(13997): 2 60155311947788 1391658197656733 13997 13997
I/TaskTracer(13997): 3 60155311947788 1391658197660181
I/TaskTracer(13789): 1 59292023521545 1391658198549921 59292023521545 8 59292023521545
I/TaskTracer(13789): 2 59292023521545 1391658198550227 13789 13805
I/TaskTracer(13789): 4 59292023521545 1391658198550440 "wlan0 CTRL-EVENT-BSS-ADDED 48 d8:c7:c8:eb:17:12"
I/TaskTracer(13789): 1 59292023521546 1391658198550654 59292023521545 8 59292023521545
I/TaskTracer(13789): 5 59292023521546 0x4218ef48
I/TaskTracer(13789): 3 59292023521545 1391658198551081
I/TaskTracer(13789): 3 59223304047455 1391658198551234
I/TaskTracer(13789): 2 59292023521546 1391658198555872 13789 13789
I/TaskTracer(13789): 1 59223304047529 1391658198559748 59292023521545 8 59292023521546
I/TaskTracer(13789): 5 59223304047529 0x4218ef28
I/TaskTracer(13789): 2 59223304047529 1391658198565241 13789 13805
I/TaskTracer(13789): 3 59292023521546 1391658198567561
I/TaskTracer(13789): 1 59292023521547 1391658198570307 59292023521547 8 59292023521547
I/TaskTracer(13789): 2 59292023521547 1391658198570612 13789 13805
I/TaskTracer(13789): 4 59292023521547 1391658198570795 "wlan0 CTRL-EVENT-SCAN-RESULTS "
I/TaskTracer(13789): 1 59292023521548 1391658198571009 59292023521547 8 59292023521547
I/TaskTracer(13789): 5 59292023521548 0x4218ef48
I/TaskTracer(13789): 3 59292023521547 1391658198571436
I/TaskTracer(13789): 3 59223304047529 1391658198571589
I/TaskTracer(13789): 2 59292023521548 1391658198577418 13789 13789
I/TaskTracer(13789): 1 59223304047530 1391658198578852 59292023521547 8 59292023521548
I/TaskTracer(13789): 5 59223304047530 0x4218ef68
I/TaskTracer(13789): 2 59223304047530 1391658198579127 13789 13806
I/TaskTracer(13789): 1 59223304047531 1391658198580103 59292023521547 8 59292023521548
I/TaskTracer(13789): 5 59223304047531 0x4218ef28
I/TaskTracer(13789): 2 59223304047531 1391658198581141 13789 13805
I/TaskTracer(13789): 3 59292023521548 1391658198582270
I/TaskTracer(13789): 1 59296318488805 1391658198584528 59292023521547 8 59223304047530
I/TaskTracer(13789): 5 59296318488805 0x4218ef88
I/TaskTracer(13789): 3 59223304047530 1391658198584711
I/TaskTracer(13789): 2 59296318488805 1391658198585688 13789 13789
I/TaskTracer(13789): 1 59223304047532 1391658198587214 59292023521547 8 59296318488805
I/TaskTracer(13789): 5 59223304047532 0x4218ef68
I/TaskTracer(13789): 2 59223304047532 1391658198588587 13789 13806
I/TaskTracer(13789): 1 59296318488806 1391658198590052 59292023521547 8 59223304047532
I/TaskTracer(13789): 5 59296318488806 0x4218ef88
I/TaskTracer(13789): 3 59223304047532 1391658198590235
I/TaskTracer(13789): 4 59296318488805 1391658198601008 "[nsFrameMessageManager::SendAsyncMessage] type:WifiManager:getNetworks:Return:OK"
I/TaskTracer(13789): 1 59223304047533 1391658198602442 59292023521547 8 59296318488805
I/TaskTracer(13789): 5 59223304047533 0x421664e8
I/TaskTracer(13789): 2 59223304047533 1391658198603968 13789 13797
I/TaskTracer(13789): 3 59223304047533 1391658198604182
I/TaskTracer(13974): 1 60030757896624 1391658198605036 59292023521547 8 59223304047533
I/TaskTracer(13974): 5 60030757896624 0x41bb4488
I/TaskTracer(13974): 1 60030757896625 1391658198605158 59292023521547 8 59223304047533
I/TaskTracer(13974): 5 60030757896625 0x41bb4628
I/TaskTracer(13974): 2 60030757896625 1391658198605433 13974 13974
I/TaskTracer(13974): 2 60030757896624 1391658198605524 13974 13974
I/TaskTracer(13789): 3 59296318488805 1391658198609675
I/TaskTracer(13789): 2 59296318488806 1391658198611750 13789 13789
I/TaskTracer(13789): 3 59296318488806 1391658198612971
I/TaskTracer(13974): 4 60030757896624 1391658198627345 "[nsFrameMessageManager::SendAsyncMessage] type:WifiManager:getKnownNetworks"
I/TaskTracer(13974): 1 60017872995183 1391658198627680 59292023521547 8 60030757896624
I/TaskTracer(13974): 5 60017872995183 0x41bb44e8
I/TaskTracer(13974): 2 60017872995183 1391658198629176 13974 13977
I/TaskTracer(13974): 3 60017872995183 1391658198629328
I/TaskTracer(13789): 1 59257663784837 1391658198629481 59292023521547 8 60017872995183
I/TaskTracer(13789): 5 59257663784837 0x42166488
I/TaskTracer(13789): 1 59257663784838 1391658198629603 59292023521547 8 60017872995183
I/TaskTracer(13789): 5 59257663784838 0x42166628
I/TaskTracer(13789): 2 59257663784838 1391658198629877 13789 13789
I/TaskTracer(13789): 2 59257663784837 1391658198629939 13789 13789
I/TaskTracer(13789): 1 59223304047534 1391658198631281 59292023521547 8 59257663784837
I/TaskTracer(13789): 5 59223304047534 0x4218ef68
I/TaskTracer(13789): 2 59223304047534 1391658198631464 13789 13806
I/TaskTracer(13789): 1 59296318488807 1391658198633509 59292023521547 8 59223304047534
I/TaskTracer(13789): 5 59296318488807 0x4218ef88
I/TaskTracer(13789): 3 59223304047534 1391658198633662
I/TaskTracer(13789): 3 59257663784837 1391658198635279
I/TaskTracer(13789): 3 59257663784838 1391658198635584
I/TaskTracer(13789): 2 59296318488807 1391658198637324 13789 13789
I/TaskTracer(13789): 1 59223304047535 1391658198639429 59292023521547 8 59296318488807
I/TaskTracer(13789): 5 59223304047535 0x4218ef68
I/TaskTracer(13789): 2 59223304047535 1391658198641108 13789 13806
I/TaskTracer(13789): 1 59296318488808 1391658198641505 59292023521547 8 59223304047535
I/TaskTracer(13789): 5 59296318488808 0x4218ef88
I/TaskTracer(13789): 3 59223304047535 1391658198641657
I/TaskTracer(13974): 3 60030757896624 1391658198643641
I/TaskTracer(13789): 1 59223304047536 1391658198644617 59292023521547 8 59296318488807
I/TaskTracer(13789): 5 59223304047536 0x4218ef68
I/TaskTracer(13974): 3 60030757896625 1391658198646021
I/TaskTracer(13789): 2 59223304047536 1391658198646754 13789 13806
I/TaskTracer(13789): 1 59296318488809 1391658198647120 59292023521547 8 59223304047536
I/TaskTracer(13789): 5 59296318488809 0x4218ef88
I/TaskTracer(13789): 3 59223304047536 1391658198647242
I/TaskTracer(13789): 1 59223304047537 1391658198649256 59292023521547 8 59296318488807
I/TaskTracer(13789): 5 59223304047537 0x4218ef68
I/TaskTracer(13789): 2 59223304047537 1391658198650874 13789 13806
I/TaskTracer(13789): 1 59296318488810 1391658198651331 59292023521547 8 59223304047537
I/TaskTracer(13789): 5 59296318488810 0x4218ef88
I/TaskTracer(13789): 3 59223304047537 1391658198651453
I/TaskTracer(13789): 1 59223304047538 1391658198653437 59292023521547 8 59296318488807
I/TaskTracer(13789): 5 59223304047538 0x4218ef68
I/TaskTracer(13789): 2 59223304047538 1391658198654871 13789 13806
I/TaskTracer(13789): 1 59296318488811 1391658198655329 59292023521547 8 59223304047538
I/TaskTracer(13789): 5 59296318488811 0x4218ef88
I/TaskTracer(13789): 3 59223304047538 1391658198655451
I/TaskTracer(13789): 1 59223304047539 1391658198657679 59292023521547 8 59296318488807
I/TaskTracer(13789): 5 59223304047539 0x4218ef68
I/TaskTracer(13789): 2 59223304047539 1391658198659480 13789 13806
I/TaskTracer(13789): 1 59296318488812 1391658198659937 59292023521547 8 59223304047539
I/TaskTracer(13789): 5 59296318488812 0x4218ef88
I/TaskTracer(13789): 3 59223304047539 1391658198660059
I/TaskTracer(13789): 1 59223304047540 1391658198661860 59292023521547 8 59296318488807
I/TaskTracer(13789): 5 59223304047540 0x4218ef68
I/TaskTracer(13789): 2 59223304047540 1391658198663172 13789 13806
I/TaskTracer(13789): 1 59296318488813 1391658198663569 59292023521547 8 59223304047540
I/TaskTracer(13789): 5 59296318488813 0x4218ef88
I/TaskTracer(13789): 3 59223304047540 1391658198663691
I/TaskTracer(13789): 1 59223304047541 1391658198665553 59292023521547 8 59296318488807
I/TaskTracer(13789): 5 59223304047541 0x4218ef68
I/TaskTracer(13789): 2 59223304047541 1391658198666865 13789 13806
I/TaskTracer(13789): 1 59296318488814 1391658198667262 59292023521547 8 59223304047541
I/TaskTracer(13789): 5 59296318488814 0x4218ef88
I/TaskTracer(13789): 3 59223304047541 1391658198667414
I/TaskTracer(13789): 1 59223304047542 1391658198669123 59292023521547 8 59296318488807
I/TaskTracer(13789): 5 59223304047542 0x4218ef68
I/TaskTracer(13789): 2 59223304047542 1391658198670435 13789 13806
I/TaskTracer(13789): 1 59296318488815 1391658198670863 59292023521547 8 59223304047542
I/TaskTracer(13789): 5 59296318488815 0x4218ef88
I/TaskTracer(13789): 3 59223304047542 1391658198670985
I/TaskTracer(13789): 1 59223304047543 1391658198672663 59292023521547 8 59296318488807
I/TaskTracer(13789): 5 59223304047543 0x4218ef68
I/TaskTracer(13789): 2 59223304047543 1391658198673334 13789 13806
I/TaskTracer(13789): 1 59296318488816 1391658198673701 59292023521547 8 59223304047543
I/TaskTracer(13789): 5 59296318488816 0x4218ef88
I/TaskTracer(13789): 3 59223304047543 1391658198673853
I/TaskTracer(13789): 1 59223304047544 13