I/TaskTracer( 2556): 0 11063835755040 1392875653176417 11063835755039 5 11063835755039
I/TaskTracer( 2556): 4 11063835755040 0x4222a520
I/TaskTracer( 2556): 2 11063835755039 1392875653176569
I/TaskTracer( 2556): 1 11063835755040 1392875653176936 2556 "b2g" 2556 "main"
I/TaskTracer( 2556): 2 11063835755040 1392875653177027
I/TaskTracer( 2556): 0 11063835755041 1392875653183741 11063835755041 5 11063835755041
I/TaskTracer( 2556): 1 11063835755041 1392875653183833 2556 "b2g" 2576 "Timer"
I/TaskTracer( 2556): 0 11063835755042 1392875653183894 11063835755041 5 11063835755041
I/TaskTracer( 2556): 4 11063835755042 0x4222a520
I/TaskTracer( 2556): 2 11063835755041 1392875653184046
I/TaskTracer( 2556): 1 11063835755042 1392875653184504 2556 "b2g" 2556 "main"
I/TaskTracer( 2556): 2 11063835755042 1392875653184687
I/TaskTracer( 2556): 0 11063835755043 1392875653188227 11063835755043 5 11063835755043
I/TaskTracer( 2556): 1 11063835755043 1392875653188349 2556 "b2g" 2576 "Timer"
I/TaskTracer( 2556): 0 11063835755044 1392875653188441 11063835755043 5 11063835755043
I/TaskTracer( 2556): 4 11063835755044 0x4222a520
I/TaskTracer( 2556): 2 11063835755043 1392875653188563
I/TaskTracer( 2556): 1 11063835755044 1392875653189112 2556 "b2g" 2556 "main"
I/TaskTracer( 2556): 2 11063835755044 1392875653189204
I/TaskTracer( 2556): 0 11063835755045 1392875653199793 11063835755045 5 11063835755045
I/TaskTracer( 2556): 1 11063835755045 1392875653199915 2556 "b2g" 2576 "Timer"
I/TaskTracer( 2556): 0 11063835755046 1392875653200007 11063835755045 5 11063835755045
I/TaskTracer( 2556): 4 11063835755046 0x4222a520
I/TaskTracer( 2556): 2 11063835755045 1392875653200159
I/TaskTracer( 2556): 1 11063835755046 1392875653200678 2556 "b2g" 2556 "main"
I/TaskTracer( 2556): 2 11063835755046 1392875653200861
I/TaskTracer( 2556): 0 11063835755047 1392875653216730 11063835755047 5 11063835755047
I/TaskTracer( 2556): 1 11063835755047 1392875653216883 2556 "b2g" 2576 "Timer"
I/TaskTracer( 2556): 0 11063835755048 1392875653216944 11063835755047 5 11063835755047
I/TaskTracer( 2556): 4 11063835755048 0x4222a520
I/TaskTracer( 2556): 2 11063835755047 1392875653217097
I/TaskTracer( 2556): 1 11063835755048 1392875653217646 2556 "b2g" 2556 "main"
I/TaskTracer( 2556): 2 11063835755048 1392875653217829
I/TaskTracer( 2556): 0 11063835755049 1392875653233698 11063835755049 5 11063835755049
I/TaskTracer( 2556): 1 11063835755049 1392875653233820 2556 "b2g" 2576 "Timer"
I/TaskTracer( 2556): 0 11063835755050 1392875653233912 11063835755049 5 11063835755049
I/TaskTracer( 2556): 4 11063835755050 0x4222a520
I/TaskTracer( 2556): 2 11063835755049 1392875653234064
I/TaskTracer( 2556): 1 11063835755050 1392875653234614 2556 "b2g" 2556 "main"
I/TaskTracer( 2556): 2 11063835755050 1392875653234797
I/TaskTracer( 2556): 0 11063835755051 1392875653249720 11063835755051 5 11063835755051
I/TaskTracer( 2556): 1 11063835755051 1392875653249842 2556 "b2g" 2576 "Timer"
I/TaskTracer( 2556): 0 11063835755052 1392875653249903 11063835755051 5 11063835755051
I/TaskTracer( 2556): 4 11063835755052 0x4222a520
I/TaskTracer( 2556): 2 11063835755051 1392875653250086
I/TaskTracer( 2556): 1 11063835755052 1392875653250636 2556 "b2g" 2556 "main"
I/TaskTracer( 2556): 2 11063835755052 1392875653250819
I/TaskTracer( 2556): 0 11063835755053 1392875653266688 11063835755053 5 11063835755053
I/TaskTracer( 2556): 1 11063835755053 1392875653266810 2556 "b2g" 2576 "Timer"
I/TaskTracer( 2556): 0 11063835755054 1392875653266901 11063835755053 5 11063835755053
I/TaskTracer( 2556): 4 11063835755054 0x4222a520
I/TaskTracer( 2556): 2 11063835755053 1392875653267054
I/TaskTracer( 2556): 1 11063835755054 1392875653267603 2556 "b2g" 2556 "main"
I/TaskTracer( 2556): 2 11063835755054 1392875653267756
I/TaskTracer( 2556): 0 11063835755055 1392875653277277 11063835755055 5 11063835755055
I/TaskTracer( 2556): 1 11063835755055 1392875653277399 2556 "b2g" 2576 "Timer"
I/TaskTracer( 2556): 0 11063835755056 1392875653277491 11063835755055 5 11063835755055
I/TaskTracer( 2556): 4 11063835755056 0x4222a520
I/TaskTracer( 2556): 2 11063835755055 1392875653277644
I/TaskTracer( 2556): 1 11063835755056 1392875653278162 2556 "b2g" 2556 "main"
I/TaskTracer( 2556): 2 11063835755056 1392875653278254
I/TaskTracer( 2556): 0 11063835755057 1392875653283869 11063835755057 5 11063835755057
I/TaskTracer( 2556): 1 11063835755057 1392875653283991 2556 "b2g" 2576 "Timer"
I/TaskTracer( 2556): 0 11063835755058 1392875653284083 11063835755057 5 11063835755057
I/TaskTracer( 2556): 4 11063835755058 0x4222a520
I/TaskTracer( 2556): 2 11063835755057 1392875653284235
I/TaskTracer( 2556): 1 11063835755058 1392875653284815 2556 "b2g" 2556 "main"
I/TaskTracer( 2556): 2 11063835755058 1392875653284998
I/TaskTracer( 2556): 0 11063835755059 1392875653299860 11063835755059 5 11063835755059
I/TaskTracer( 2556): 1 11063835755059 1392875653299982 2556 "b2g" 2576 "Timer"
I/TaskTracer( 2556): 0 11063835755060 1392875653300074 11063835755059 5 11063835755059
I/TaskTracer( 2556): 4 11063835755060 0x4222a520
I/TaskTracer( 2556): 2 11063835755059 1392875653300227
I/TaskTracer( 2556): 1 11063835755060 1392875653300776 2556 "b2g" 2556 "main"
I/TaskTracer( 2556): 2 11063835755060 1392875653300928
I/TaskTracer( 2556): 0 11063835755061 1392875653316828 11063835755061 5 11063835755061
I/TaskTracer( 2556): 1 11063835755061 1392875653316950 2556 "b2g" 2576 "Timer"
I/TaskTracer( 2556): 0 11063835755062 1392875653317042 11063835755061 5 11063835755061
I/TaskTracer( 2556): 4 11063835755062 0x4222a520
I/TaskTracer( 2556): 2 11063835755061 1392875653317194
I/TaskTracer( 2556): 1 11063835755062 1392875653317744 2556 "b2g" 2556 "main"
I/TaskTracer( 2556): 2 11063835755062 1392875653317927
I/TaskTracer( 2556): 0 11063835755063 1392875653332758 11063835755063 5 11063835755063
I/TaskTracer( 2556): 1 11063835755063 1392875653332911 2556 "b2g" 2576 "Timer"
I/TaskTracer( 2556): 0 11063835755064 1392875653332972 11063835755063 5 11063835755063
I/TaskTracer( 2556): 4 11063835755064 0x4222a520
I/TaskTracer( 2556): 2 11063835755063 1392875653333125
I/TaskTracer( 2556): 1 11063835755064 1392875653333674 2556 "b2g" 2556 "main"
I/TaskTracer( 2556): 2 11063835755064 1392875653333857
I/TaskTracer( 2556): 0 11063835755065 1392875653349757 11063835755065 5 11063835755065
I/TaskTracer( 2556): 1 11063835755065 1392875653349879 2556 "b2g" 2576 "Timer"
I/TaskTracer( 2556): 0 11063835755066 1392875653349940 11063835755065 5 11063835755065
I/TaskTracer( 2556): 4 11063835755066 0x4222a520
I/TaskTracer( 2556): 2 11063835755065 1392875653350123
I/TaskTracer( 2556): 1 11063835755066 1392875653350672 2556 "b2g" 2556 "main"
I/TaskTracer( 2556): 2 11063835755066 1392875653350825
I/TaskTracer( 2556): 0 11063835755067 1392875653366724 11063835755067 5 11063835755067
I/TaskTracer( 2556): 1 11063835755067 1392875653366877 2556 "b2g" 2576 "Timer"
I/TaskTracer( 2556): 0 11063835755068 1392875653366938 11063835755067 5 11063835755067
I/TaskTracer( 2556): 4 11063835755068 0x4222a520
I/TaskTracer( 2556): 2 11063835755067 1392875653367091
I/TaskTracer( 2556): 1 11063835755068 1392875653367640 2556 "b2g" 2556 "main"
I/TaskTracer( 2556): 2 11063835755068 1392875653367823
I/TaskTracer( 2556): 0 11063835755069 1392875653378321 11063835755069 5 11063835755069
I/TaskTracer( 2556): 1 11063835755069 1392875653378474 2556 "b2g" 2576 "Timer"
I/TaskTracer( 2556): 0 11063835755070 1392875653378535 11063835755069 5 11063835755069
I/TaskTracer( 2556): 4 11063835755070 0x4222a520
I/TaskTracer( 2556): 2 11063835755069 1392875653378687
I/TaskTracer( 2556): 1 11063835755070 1392875653379237 2556 "b2g" 2556 "main"
I/TaskTracer( 2556): 2 11063835755070 1392875653379328
I/TaskTracer( 2556): 0 11063835755071 1392875653383936 11063835755071 5 11063835755071
I/TaskTracer( 2556): 1 11063835755071 1392875653384058 2556 "b2g" 2576 "Timer"
I/TaskTracer( 2556): 0 11063835755072 1392875653384119 11063835755071 5 11063835755071
I/TaskTracer( 2556): 4 11063835755072 0x4222a520
I/TaskTracer( 2556): 2 11063835755071 1392875653384272
I/TaskTracer( 2556): 1 11063835755072 1392875653384852 2556 "b2g" 2556 "main"
I/TaskTracer( 2556): 2 11063835755072 1392875653385035
I/TaskTracer( 2556): 0 11063835755073 1392875653402430 11063835755073 5 11063835755073
I/TaskTracer( 2556): 1 11063835755073 1392875653402552 2556 "b2g" 2576 "Timer"
I/TaskTracer( 2556): 0 11063835755074 1392875653402613 11063835755073 5 11063835755073
I/TaskTracer( 2556): 4 11063835755074 0x4222a520
I/TaskTracer( 2556): 2 11063835755073 1392875653402766
I/TaskTracer( 2556): 1 11063835755074 1392875653408991 2556 "b2g" 2556 "main"
I/TaskTracer( 2556): 2 11063835755074 1392875653409449
I/TaskTracer( 2556): 0 11063835755075 1392875653416468 11063835755075 5 11063835755075
I/TaskTracer( 2556): 1 11063835755075 1392875653416590 2556 "b2g" 2576 "Timer"
I/TaskTracer( 2556): 0 11063835755076 1392875653416651 11063835755075 5 11063835755075
I/TaskTracer( 2556): 4 11063835755076 0x4222a520
I/TaskTracer( 2556): 2 11063835755075 1392875653416804
I/TaskTracer( 2556): 1 11063835755076 1392875653417292 2556 "b2g" 2556 "main"
I/TaskTracer( 2556): 2 11063835755076 1392875653417445
I/TaskTracer( 2556): 0 11063835755077 1392875653433253 11063835755077 5 11063835755077
I/TaskTracer( 2556): 1 11063835755077 1392875653433375 2556 "b2g" 2576 "Timer"
I/TaskTracer( 2556): 0 11063835755078 1392875653433466 11063835755077 5 11063835755077
I/TaskTracer( 2556): 4 11063835755078 0x4222a520
I/TaskTracer( 2556): 2 11063835755077 1392875653433619
I/TaskTracer( 2556): 1 11063835755078 1392875653434168 2556 "b2g" 2556 "main"
I/TaskTracer( 2556): 2 11063835755078 1392875653434351
I/TaskTracer( 2556): 0 11063835755079 1392875653450220 11063835755079 5 11063835755079
I/TaskTracer( 2556): 1 11063835755079 1392875653450373 2556 "b2g" 2576 "Timer"
I/TaskTracer( 2556): 0 11063835755080 1392875653450434 11063835755079 5 11063835755079
I/TaskTracer( 2556): 4 11063835755080 0x4222a520
I/TaskTracer( 2556): 2 11063835755079 1392875653450587
I/TaskTracer( 2556): 1 11063835755080 1392875653451136 2556 "b2g" 2556 "main"
I/TaskTracer( 2556): 2 11063835755080 1392875653451319
I/TaskTracer( 2556): 0 11063835755081 1392875653466181 11063835755081 5 11063835755081
I/TaskTracer( 2556): 1 11063835755081 1392875653466334 2556 "b2g" 2576 "Timer"
I/TaskTracer( 2556): 0 11063835755082 1392875653466395 11063835755081 5 11063835755081
I/TaskTracer( 2556): 4 11063835755082 0x4222a520
I/TaskTracer( 2556): 2 11063835755081 1392875653466547
I/TaskTracer( 2556): 1 11063835755082 1392875653467127 2556 "b2g" 2556 "main"
I/TaskTracer( 2556): 2 11063835755082 1392875653467280
I/TaskTracer( 2556): 0 11063835755083 1392875653474726 11063835755083 5 11063835755083
I/TaskTracer( 2556): 1 11063835755083 1392875653474848 2556 "b2g" 2576 "Timer"
I/TaskTracer( 2556): 0 11063835755084 1392875653474909 11063835755083 5 11063835755083
I/TaskTracer( 2556): 4 11063835755084 0x4222a520
I/TaskTracer( 2556): 2 11063835755083 1392875653475062
I/TaskTracer( 2556): 1 11063835755084 1392875653475581 2556 "b2g" 2556 "main"
I/TaskTracer( 2556): 2 11063835755084 1392875653475672
I/TaskTracer( 2556): 0 11063835755085 1392875653479426 11063835755085 5 11063835755085
I/TaskTracer( 2556): 1 11063835755085 1392875653479548 2556 "b2g" 2576 "Timer"
I/TaskTracer( 2556): 0 11063835755086 1392875653479609 11063835755085 5 11063835755085
I/TaskTracer( 2556): 4 11063835755086 0x4222a520
I/TaskTracer( 2556): 2 11063835755085 1392875653479762
I/TaskTracer( 2556): 1 11063835755086 1392875653480311 2556 "b2g" 2556 "main"
I/TaskTracer( 2556): 2 11063835755086 1392875653480402
I/TaskTracer( 2556): 0 11063835755087 1392875653484064 11063835755087 5 11063835755087
I/TaskTracer( 2556): 1 11063835755087 1392875653484187 2556 "b2g" 2576 "Timer"
I/TaskTracer( 2556): 0 11063835755088 1392875653484248 11063835755087 5 11063835755087
I/TaskTracer( 2556): 4 11063835755088 0x4222a520
I/TaskTracer( 2556): 2 11063835755087 1392875653484431
I/TaskTracer( 2556): 0 11063835755089 1392875653484492 11063835755089 5 11063835755089
I/TaskTracer( 2556): 1 11063835755089 1392875653484583 2556 "b2g" 2576 "Timer"
I/TaskTracer( 2556): 0 11063835755090 1392875653484644 11063835755089 5 11063835755089
I/TaskTracer( 2556): 4 11063835755090 0x4222a520
I/TaskTracer( 2556): 2 11063835755089 1392875653484736
I/TaskTracer( 2556): 1 11063835755088 1392875653485590 2556 "b2g" 2556 "main"
I/TaskTracer( 2556): 2 11063835755088 1392875653485804
I/TaskTracer( 2556): 1 11063835755090 1392875653485896 2556 "b2g" 2556 "main"
I/TaskTracer( 2556): 2 11063835755090 1392875653485957
I/TaskTracer( 2556): 0 11063835755091 1392875653500025 11063835755091 5 11063835755091
I/TaskTracer( 2556): 1 11063835755091 1392875653500147 2556 "b2g" 2576 "Timer"
I/TaskTracer( 2556): 0 11063835755092 1392875653500208 11063835755091 5 11063835755091
I/TaskTracer( 2556): 4 11063835755092 0x4222a520
I/TaskTracer( 2556): 2 11063835755091 1392875653500361
I/TaskTracer( 2556): 1 11063835755092 1392875653513789 2556 "b2g" 2556 "main"
I/TaskTracer( 2556): 2 11063835755092 1392875653514124
I/TaskTracer( 2556): 0 11063835755093 1392875653517146 11063835755093 5 11063835755093
I/TaskTracer( 2556): 1 11063835755093 1392875653517268 2556 "b2g" 2576 "Timer"
I/TaskTracer( 2556): 0 11063835755094 1392875653517329 11063835755093 5 11063835755093
I/TaskTracer( 2556): 4 11063835755094 0x4222a520
I/TaskTracer( 2556): 2 11063835755093 1392875653517481
I/TaskTracer( 2556): 1 11063835755094 1392875653518305 2556 "b2g" 2556 "main"
I/TaskTracer( 2556): 2 11063835755094 1392875653518488
I/TaskTracer( 2556): 0 11063835755095 1392875653533259 11063835755095 5 11063835755095
I/TaskTracer( 2556): 1 11063835755095 1392875653533381 2556 "b2g" 2576 "Timer"
I/TaskTracer( 2556): 0 11063835755096 1392875653533442 11063835755095 5 11063835755095
I/TaskTracer( 2556): 4 11063835755096 0x4222a520
I/TaskTracer( 2556): 2 11063835755095 1392875653533595
I/TaskTracer( 2556): 1 11063835755096 1392875653537623 2556 "b2g" 2556 "main"
I/TaskTracer( 2556): 2 11063835755096 1392875653538355
I/TaskTracer( 2556): 0 11063835755097 1392875653550349 11063835755097 5 11063835755097
I/TaskTracer( 2556): 1 11063835755097 1392875653550440 2556 "b2g" 2576 "Timer"
I/TaskTracer( 2556): 0 11063835755098 1392875653550501 11063835755097 5 11063835755097
I/TaskTracer( 2556): 4 11063835755098 0x4222a520
I/TaskTracer( 2556): 2 11063835755097 1392875653550654
I/TaskTracer( 2556): 1 11063835755098 1392875653551112 2556 "b2g" 2556 "main"
I/TaskTracer( 2556): 2 11063835755098 1392875653551264
I/TaskTracer( 2556): 0 11063835755099 1392875653565974 11063835755099 5 11063835755099
I/TaskTracer( 2556): 1 11063835755099 1392875653566065 2556 "b2g" 2576 "Timer"
I/TaskTracer( 2556): 0 11063835755100 1392875653566126 11063835755099 5 11063835755099
I/TaskTracer( 2556): 4 11063835755100 0x4222a520
I/TaskTracer( 2556): 2 11063835755099 1392875653566279
I/TaskTracer( 2556): 1 11063835755100 1392875653566737 2556 "b2g" 2556 "main"
I/TaskTracer( 2556): 2 11063835755100 1392875653566889
I/TaskTracer( 2556): 0 11063835755101 1392875653580470 11063835755101 5 11063835755101
I/TaskTracer( 2556): 1 11063835755101 1392875653580561 2556 "b2g" 2576 "Timer"
I/TaskTracer( 2556): 0 11063835755102 1392875653580622 11063835755101 5 11063835755101
I/TaskTracer( 2556): 4 11063835755102 0x4222a520
I/TaskTracer( 2556): 2 11063835755101 1392875653580775
I/TaskTracer( 2556): 1 11063835755102 1392875653581202 2556 "b2g" 2556 "main"
I/TaskTracer( 2556): 2 11063835755102 1392875653581293
I/TaskTracer( 2556): 0 11063835755103 1392875653582941 11063835755103 5 11063835755103
I/TaskTracer( 2556): 1 11063835755103 1392875653583033 2556 "b2g" 2576 "Timer"
I/TaskTracer( 2556): 0 11063835755104 1392875653583094 11063835755103 5 11063835755103
I/TaskTracer( 2556): 4 11063835755104 0x4222a520
I/TaskTracer( 2556): 2 11063835755103 1392875653583247
I/TaskTracer( 2556): 1 11063835755104 1392875653583704 2556 "b2g" 2556 "main"
I/TaskTracer( 2556): 2 11063835755104 1392875653583857
I/TaskTracer( 2556): 0 11063835755105 1392875653589472 11063835755105 5 11063835755105
I/TaskTracer( 2556): 1 11063835755105 1392875653589594 2556 "b2g" 2576 "Timer"
I/TaskTracer( 2556): 0 11063835755106 1392875653589655 11063835755105 5 11063835755105
I/TaskTracer( 2556): 4 11063835755106 0x4222a520
I/TaskTracer( 2556): 2 11063835755105 1392875653589808
I/TaskTracer( 2556): 1 11063835755106 1392875653590357 2556 "b2g" 2556 "main"
I/TaskTracer( 2556): 2 11063835755106 1392875653590449
I/TaskTracer( 2556): 0 11063835755107 1392875653600031 11063835755107 5 11063835755107
I/TaskTracer( 2556): 1 11063835755107 1392875653600153 2556 "b2g" 2576 "Timer"
I/TaskTracer( 2556): 0 11063835755108 1392875653600245 11063835755107 5 11063835755107
I/TaskTracer( 2556): 4 11063835755108 0x4222a520
I/TaskTracer( 2556): 2 11063835755107 1392875653600397
I/TaskTracer( 2556): 1 11063835755108 1392875653600916 2556 "b2g" 2556 "main"
I/TaskTracer( 2556): 2 11063835755108 1392875653601862
I/TaskTracer( 2556): 0 11063835755109 1392875653617121 11063835755109 5 11063835755109
I/TaskTracer( 2556): 1 11063835755109 1392875653617243 2556 "b2g" 2576 "Timer"
I/TaskTracer( 2556): 0 11063835755110 1392875653617335 11063835755109 5 11063835755109
I/TaskTracer( 2556): 4 11063835755110 0x4222a520
I/TaskTracer( 2556): 2 11063835755109 1392875653617487
I/TaskTracer( 2556): 1 11063835755110 1392875653618037 2556 "b2g" 2556 "main"
I/TaskTracer( 2556): 0 10977936410191 1392875653626856 11063835755109 5 11063835755110
I/TaskTracer( 2556): 4 10977936410191 0x4223bee0
I/TaskTracer( 2556): 1 10977936410191 1392875653633051 2556 "b2g" 2580 "Compositor"
I/TaskTracer( 2556): 0 11081015623700 1392875653633936 11063835755109 5 10977936410191
I/TaskTracer( 2556): 4 11081015623700 0x42253d60
I/TaskTracer( 2556): 2 10977936410191 1392875653634089
I/TaskTracer( 2556): 1 11081015623700 1392875653634180 2556 "b2g" 2580 "Compositor"
I/TaskTracer( 2556): 0 11081015623701 1392875653634272 11063835755109 5 11081015623700
I/TaskTracer( 2556): 4 11081015623701 0x42253d60
I/TaskTracer( 2556): 0 11063835755111 1392875653635676 11063835755111 5 11063835755111
I/TaskTracer( 2556): 1 11063835755111 1392875653635767 2556 "b2g" 2576 "Timer"
I/TaskTracer( 2556): 0 11063835755112 1392875653635859 11063835755111 5 11063835755111
I/TaskTracer( 2556): 4 11063835755112 0x4222a520
I/TaskTracer( 2556): 2 11063835755111 1392875653636012
I/TaskTracer( 2556): 3 11063835755110 1392875653638209 "[nsEventDispatcher::Dispatch] Event name: MozAfterPaint"
I/TaskTracer( 2556): 3 11063835755110 1392875653638728 "[nsEventDispatcher::Dispatch] Event name: MozAfterPaint"
I/TaskTracer( 2556): 2 11063835755110 1392875653639246
I/TaskTracer( 2556): 1 11063835755112 1392875653639552 2556 "b2g" 2556 "main"
I/TaskTracer( 2556): 2 11063835755112 1392875653640437
I/TaskTracer( 2556): 2 11081015623700 1392875653641779
I/TaskTracer( 2556): 0 11063835755113 1392875653650446 11063835755113 5 11063835755113
I/TaskTracer( 2556): 1 11063835755113 1392875653650568 2556 "b2g" 2576 "Timer"
I/TaskTracer( 2556): 0 11063835755114 1392875653650660 11063835755113 5 11063835755113
I/TaskTracer( 2556): 4 11063835755114 0x4222a520
I/TaskTracer( 2556): 2 11063835755113 1392875653650813
I/TaskTracer( 2556): 1 11063835755114 1392875653651331 2556 "b2g" 2556 "main"
I/TaskTracer( 2556): 2 11063835755114 1392875653651514
I/TaskTracer( 2556): 1 11081015623701 1392875653651667 2556 "b2g" 2580 "Compositor"
I/TaskTracer( 2556): 0 11081015623702 1392875653651820 11063835755109 5 11081015623701
I/TaskTracer( 2556): 4 11081015623702 0x42253d60
I/TaskTracer( 2556): 2 11081015623701 1392875653660670
I/TaskTracer( 2556): 0 11063835755115 1392875653666560 11063835755115 5 11063835755115
I/TaskTracer( 2556): 1 11063835755115 1392875653666682 2556 "b2g" 2576 "Timer"
I/TaskTracer( 2556): 0 11063835755116 1392875653666773 11063835755115 5 11063835755115
I/TaskTracer( 2556): 4 11063835755116 0x4222a520
I/TaskTracer( 2556): 2 11063835755115 1392875653666956
I/TaskTracer( 2556): 1 11063835755116 1392875653667170 2556 "b2g" 2556 "main"
I/TaskTracer( 2556): 2 11063835755116 1392875653667353
I/TaskTracer( 2556): 1 11081015623702 1392875653668147 2556 "b2g" 2580 "Compositor"
I/TaskTracer( 2556): 0 11081015623703 1392875653668299 11063835755109 5 11081015623702
I/TaskTracer( 2556): 4 11081015623703 0x42253d60
I/TaskTracer( 2556): 2 11081015623702 1392875653676295
I/TaskTracer( 2556): 0 11063835755117 1392875653681178 11063835755117 5 11063835755117
I/TaskTracer( 2556): 1 11063835755117 1392875653681300 2556 "b2g" 2576 "Timer"
I/TaskTracer( 2556): 0 11063835755118 1392875653681361 11063835755117 5 11063835755117
I/TaskTracer( 2556): 4 11063835755118 0x4222a520
I/TaskTracer( 2556): 2 11063835755117 1392875653681513
I/TaskTracer( 2556): 1 11063835755118 1392875653682093 2556 "b2g" 2556 "main"
I/TaskTracer( 2556): 2 11063835755118 1392875653682185
I/TaskTracer( 2556): 0 11063835755119 1392875653683710 11063835755119 5 11063835755119
I/TaskTracer( 2556): 1 11063835755119 1392875653683833 2556 "b2g" 2576 "Timer"
I/TaskTracer( 2556): 0 11063835755120 1392875653683894 11063835755119 5 11063835755119
I/TaskTracer( 2556): 4 11063835755120 0x4222a520
I/TaskTracer( 2556): 2 11063835755119 1392875653684016
I/TaskTracer( 2556): 1 11063835755120 1392875653684168 2556 "b2g" 2556 "main"
I/TaskTracer( 2556): 2 11063835755120 1392875653684321
I/TaskTracer( 2556): 1 11081015623703 1392875653684534 2556 "b2g" 2580 "Compositor"
I/TaskTracer( 2556): 0 11081015623704 1392875653684718 11063835755109 5 11081015623703
I/TaskTracer( 2556): 4 11081015623704 0x42253d60
I/TaskTracer( 2556): 2 11081015623703 1392875653693293
I/TaskTracer( 2556): 0 11063835755121 1392875653700709 11063835755121 5 11063835755121
I/TaskTracer( 2556): 1 11063835755121 1392875653700831 2556 "b2g" 2576 "Timer"
I/TaskTracer( 2556): 0 11063835755122 1392875653700892 11063835755121 5 11063835755121
I/TaskTracer( 2556): 4 11063835755122 0x4222a520
I/TaskTracer( 2556): 2 11063835755121 1392875653701075
I/TaskTracer( 2556): 1 11081015623704 1392875653701563 2556 "b2g" 2580 "Compositor"
I/TaskTracer( 2556): 0 11081015623705 1392875653701716 11063835755109 5 11081015623704
I/TaskTracer( 2556): 4 11081015623705 0x42253d60
I/TaskTracer( 2556): 1 11063835755122 1392875653702387 2556 "b2g" 2556 "main"
I/TaskTracer( 2556): 2 11063835755122 1392875653702570
I/TaskTracer( 2556): 2 11081015623704 1392875653711207
I/TaskTracer( 2556): 0 11063835755123 1392875653717097 11063835755123 5 11063835755123
I/TaskTracer( 2556): 1 11063835755123 1392875653717219 2556 "b2g" 2576 "Timer"
I/TaskTracer( 2556): 0 11063835755124 1392875653717280 11063835755123 5 11063835755123
I/TaskTracer( 2556): 4 11063835755124 0x4222a520
I/TaskTracer( 2556): 2 11063835755123 1392875653717463
I/TaskTracer( 2556): 1 11063835755124 1392875653717677 2556 "b2g" 2556 "main"
I/TaskTracer( 2556): 2 11063835755124 1392875653717860
I/TaskTracer( 2556): 1 11081015623705 1392875653718104 2556 "b2g" 2580 "Compositor"
I/TaskTracer( 2556): 0 11081015623706 1392875653718256 11063835755109 5 11081015623705
I/TaskTracer( 2556): 4 11081015623706 0x42253d60
I/TaskTracer( 2556): 2 11081015623705 1392875653726313
I/TaskTracer( 2556): 0 11063835755125 1392875653733881 11063835755125 5 11063835755125
I/TaskTracer( 2556): 1 11063835755125 1392875653733973 2556 "b2g" 2576 "Timer"
I/TaskTracer( 2556): 0 11063835755126 1392875653734064 11063835755125 5 11063835755125
I/TaskTracer( 2556): 4 11063835755126 0x4222a520
I/TaskTracer( 2556): 2 11063835755125 1392875653734217
I/TaskTracer( 2556): 1 11063835755126 1392875653734766 2556 "b2g" 2556 "main"
I/TaskTracer( 2556): 2 11063835755126 1392875653734949
I/TaskTracer( 2556): 1 11081015623706 1392875653735133 2556 "b2g" 2580 "Compositor"
I/TaskTracer( 2556): 0 11081015623707 1392875653735285 11063835755109 5 11081015623706
I/TaskTracer( 2556): 4 11081015623707 0x42253d60
I/TaskTracer( 2556): 2 11081015623706 1392875653743342
I/TaskTracer( 2556): 0 11063835755127 1392875653749903 11063835755127 5 11063835755127
I/TaskTracer( 2556): 1 11063835755127 1392875653750025 2556 "b2g" 2576 "Timer"
I/TaskTracer( 2556): 0 11063835755128 1392875653750086 11063835755127 5 11063835755127
I/TaskTracer( 2556): 4 11063835755128 0x4222a520
I/TaskTracer( 2556): 2 11063835755127 1392875653750239
I/TaskTracer( 2556): 1 11063835755128 1392875653750819 2556 "b2g" 2556 "main"
I/TaskTracer( 2556): 2 11063835755128 1392875653751002
I/TaskTracer( 2556): 1 11081015623707 1392875653751704 2556 "b2g" 2580 "Compositor"
I/TaskTracer( 2556): 0 11081015623708 1392875653751887 11063835755109 5 11081015623707
I/TaskTracer( 2556): 4 11081015623708 0x42253d60
I/TaskTracer( 2556): 2 11081015623707 1392875653760462
I/TaskTracer( 2556): 0 11063835755129 1392875653766840 11063835755129 5 11063835755129
I/TaskTracer( 2556): 1 11063835755129 1392875653766932 2556 "b2g" 2576 "Timer"
I/TaskTracer( 2556): 0 11063835755130 1392875653767023 11063835755129 5 11063835755129
I/TaskTracer( 2556): 4 11063835755130 0x4222a520
I/TaskTracer( 2556): 2 11063835755129 1392875653767176
I/TaskTracer( 2556): 1 11063835755130 1392875653767664 2556 "b2g" 2556 "main"
I/TaskTracer( 2556): 2 11063835755130 1392875653767817
I/TaskTracer( 2556): 1 11081015623708 1392875653768183 2556 "b2g" 2580 "Compositor"
I/TaskTracer( 2556): 0 11081015623709 1392875653768336 11063835755109 5 11081015623708
I/TaskTracer( 2556): 4 11081015623709 0x42253d60
I/TaskTracer( 2556): 2 11081015623708 1392875653776423
I/TaskTracer( 2556): 0 11063835755131 1392875653779414 11063835755131 5 11063835755131
I/TaskTracer( 2556): 1 11063835755131 1392875653779505 2556 "b2g" 2576 "Timer"
I/TaskTracer( 2556): 0 11063835755132 1392875653779597 11063835755131 5 11063835755131
I/TaskTracer( 2556): 4 11063835755132 0x4222a520
I/TaskTracer( 2556): 2 11063835755131 1392875653779749
I/TaskTracer( 2556): 1 11063835755132 1392875653780299 2556 "b2g" 2556 "main"
I/TaskTracer( 2556): 0 10977936410192 1392875653780421 11063835755131 5 11063835755132
I/TaskTracer( 2556): 4 10977936410192 0x42295120
I/TaskTracer( 2556): 2 11063835755132 1392875653780573
I/TaskTracer( 2556): 1 10977936410192 1392875653780634 2556 "b2g" 2556 "main"
I/TaskTracer( 2556): 2 10977936410192 1392875653780695
I/TaskTracer( 2556): 0 11063835755133 1392875653783045 11063835755133 5 11063835755133
I/TaskTracer( 2556): 1 11063835755133 1392875653783167 2556 "b2g" 2576 "Timer"
I/TaskTracer( 2556): 0 11063835755134 1392875653783228 11063835755133 5 11063835755133
I/TaskTracer( 2556): 4 11063835755134 0x4222a520
I/TaskTracer( 2556): 2 11063835755133 1392875653783381
I/TaskTracer( 2556): 1 11063835755134 1392875653783900 2556 "b2g" 2556 "main"
I/TaskTracer( 2556): 2 11063835755134 1392875653783991
I/TaskTracer( 2556): 1 11081015623709 1392875653784571 2556 "b2g" 2580 "Compositor"
I/TaskTracer( 2556): 0 11081015623710 1392875653784754 11063835755109 5 11081015623709
I/TaskTracer( 2556): 4 11081015623710 0x42253d60
I/TaskTracer( 2556): 0 11063835755135 1392875653786555 11063835755135 5 11063835755135
I/TaskTracer( 2556): 1 11063835755135 1392875653786677 2556 "b2g" 2576 "Timer"
I/TaskTracer( 2556): 0 11063835755136 1392875653786738 11063835755135 5 11063835755135
I/TaskTracer( 2556): 4 11063835755136 0x4222a520
I/TaskTracer( 2556): 2 11063835755135 1392875653786921
I/TaskTracer( 2556): 1 11063835755136 1392875653787196 2556 "b2g" 2556 "main"
I/TaskTracer( 2556): 2 11063835755136 1392875653787379
I/TaskTracer( 2556): 2 11081015623709 1392875653792811
I/TaskTracer( 2556): 0 11063835755137 1392875653800623 11063835755137 5 11063835755137
I/TaskTracer( 2556): 1 11063835755137 1392875653800745 2556 "b2g" 2576 "Timer"
I/TaskTracer( 2556): 0 11063835755138 1392875653800806 11063835755137 5 11063835755137
I/TaskTracer( 2556): 4 11063835755138 0x4222a520
I/TaskTracer( 2556): 2 11063835755137 1392875653800990
I/TaskTracer( 2556): 1 11063835755138 1392875653801478 2556 "b2g" 2556 "main"
I/TaskTracer( 2556): 2 11063835755138 1392875653801661
I/TaskTracer( 2556): 1 11081015623710 1392875653801814 2556 "b2g" 2580 "Compositor"
I/TaskTracer( 2556): 0 11081015623711 1392875653801966 11063835755109 5 11081015623710
I/TaskTracer( 2556): 4 11081015623711 0x42253d60
I/TaskTracer( 2556): 2 11081015623710 1392875653810664
I/TaskTracer( 2556): 0 11063835755139 1392875653816492 11063835755139 5 11063835755139
I/TaskTracer( 2556): 1 11063835755139 1392875653816615 2556 "b2g" 2576 "Timer"
I/TaskTracer( 2556): 0 11063835755140 1392875653816706 11063835755139 5 11063835755139
I/TaskTracer( 2556): 4 11063835755140 0x4222a520
I/TaskTracer( 2556): 2 11063835755139 1392875653816859
I/TaskTracer( 2556): 1 11063835755140 1392875653817072 2556 "b2g" 2556 "main"
I/TaskTracer( 2556): 2 11063835755140 1392875653817255
I/TaskTracer( 2556): 1 11081015623711 1392875653818201 2556 "b2g" 2580 "Compositor"
I/TaskTracer( 2556): 0 11081015623712 1392875653818385 11063835755109 5 11081015623711
I/TaskTracer( 2556): 4 11081015623712 0x42253d60
I/TaskTracer( 2633): 0 11347303596033 1392875653821741 11347303596033 5 11347303596033
I/TaskTracer( 2633): 1 11347303596033 1392875653821955 2633 "(Preallocated app)" 2642 "Timer"
I/TaskTracer( 2633): 0 11347303596034 1392875653822047 11347303596033 5 11347303596033
I/TaskTracer( 2633): 4 11347303596034 0x41ba4520
I/TaskTracer( 2633): 2 11347303596033 1392875653822199
I/TaskTracer( 2556): 2 11081015623711 1392875653825922
I/TaskTracer( 2556): 0 11063835755141 1392875653833277 11063835755141 5 11063835755141
I/TaskTracer( 2556): 1 11063835755141 1392875653833399 2556 "b2g" 2576 "Timer"
I/TaskTracer( 2556): 0 11063835755142 1392875653833460 11063835755141 5 11063835755141
I/TaskTracer( 2556): 4 11063835755142 0x4222a520
I/TaskTracer( 2556): 2 11063835755141 1392875653833613
I/TaskTracer( 2556): 1 11063835755142 1392875653834101 2556 "b2g" 2556 "main"
I/TaskTracer( 2556): 2 11063835755142 1392875653834284
I/TaskTracer( 2556): 1 11081015623712 1392875653834711 2556 "b2g" 2580 "Compositor"
I/TaskTracer( 2556): 0 11081015623713 1392875653834895 11063835755109 5 11081015623712
I/TaskTracer( 2556): 4 11081015623713 0x42253d60
I/TaskTracer( 2556): 2 11081015623712 1392875653842921
I/TaskTracer( 2556): 0 11063835755143 1392875653850306 11063835755143 5 11063835755143
I/TaskTracer( 2556): 1 11063835755143 1392875653850428 2556 "b2g" 2576 "Timer"
I/TaskTracer( 2556): 0 11063835755144 1392875653850489 11063835755143 5 11063835755143
I/TaskTracer( 2556): 4 11063835755144 0x4222a520
I/TaskTracer( 2556): 2 11063835755143 1392875653850642
I/TaskTracer( 2556): 1 11063835755144 1392875653851130 2556 "b2g" 2556 "main"
I/TaskTracer( 2556): 2 11063835755144 1392875653851313
I/TaskTracer( 2556): 1 11081015623713 1392875653851496 2556 "b2g" 2580 "Compositor"
I/TaskTracer( 2556): 0 11081015623714 1392875653851649 11063835755109 5 11081015623713
I/TaskTracer( 2556): 4 11081015623714 0x42253d60
I/TaskTracer( 2556): 2 11081015623713 1392875653860438
I/TaskTracer( 2633): 3 11312943857721 1392875653863886 "[nsEventDispatcher::Dispatch] Event name: (null)"
I/TaskTracer( 2556): 0 11063835755145 1392875653866419 11063835755145 5 11063835755145
I/TaskTracer( 2556): 1 11063835755145 1392875653866541 2556 "b2g" 2576 "Timer"
I/TaskTracer( 2556): 0 11063835755146 1392875653866602 11063835755145 5 11063835755145
I/TaskTracer( 2556): 4 11063835755146 0x4222a520
I/TaskTracer( 2556): 2 11063835755145 1392875653866755
I/TaskTracer( 2556): 1 11063835755146 1392875653867335 2556 "b2g" 2556 "main"
I/TaskTracer( 2556): 2 11063835755146 1392875653867487
I/TaskTracer( 2556): 1 11081015623714 1392875653867884 2556 "b2g" 2580 "Compositor"
I/TaskTracer( 2556): 0 11081015623715 1392875653868037 11063835755109 5 11081015623714
I/TaskTracer( 2556): 4 11081015623715 0x42253d60
I/TaskTracer( 2556): 2 11081015623714 1392875653876032
I/TaskTracer( 2633): 3 11312943857721 1392875653880793 "[nsEventDispatcher::Dispatch] Event name: beforeunload"
I/TaskTracer( 2556): 0 11063835755147 1392875653883509 11063835755147 5 11063835755147
I/TaskTracer( 2556): 1 11063835755147 1392875653883631 2556 "b2g" 2576 "Timer"
I/TaskTracer( 2556): 0 11063835755148 1392875653883723 11063835755147 5 11063835755147
I/TaskTracer( 2556): 4 11063835755148 0x4222a520
I/TaskTracer( 2556): 2 11063835755147 1392875653883875
I/TaskTracer( 2556): 0 11063835755149 1392875653883936 11063835755149 5 11063835755149
I/TaskTracer( 2556): 1 11063835755149 1392875653884028 2556 "b2g" 2576 "Timer"
I/TaskTracer( 2556): 0 11063835755150 1392875653884089 11063835755149 5 11063835755149
I/TaskTracer( 2556): 4 11063835755150 0x4222a520
I/TaskTracer( 2556): 2 11063835755149 1392875653884211
I/TaskTracer( 2556): 1 11063835755148 1392875653885035 2556 "b2g" 2556 "main"
I/TaskTracer( 2556): 2 11063835755148 1392875653885218
I/TaskTracer( 2556): 1 11063835755150 1392875653885310 2556 "b2g" 2556 "main"
I/TaskTracer( 2556): 2 11063835755150 1392875653885371
I/TaskTracer( 2556): 1 11081015623715 1392875653885615 2556 "b2g" 2580 "Compositor"
I/TaskTracer( 2556): 0 11081015623716 1392875653885767 11063835755109 5 11081015623715
I/TaskTracer( 2556): 4 11081015623716 0x42253d60
I/TaskTracer( 2633): 3 11312943857721 1392875653892695 "[nsEventDispatcher::Dispatch] Event name: pagehide"
I/TaskTracer( 2556): 2 11081015623715 1392875653893763
I/TaskTracer( 2633): 3 11312943857721 1392875653895441 "[nsEventDispatcher::Dispatch] Event name: (null)"
I/TaskTracer( 2633): 3 11312943857721 1392875653895991 "[nsEventDispatcher::Dispatch] Event name: (null)"
I/TaskTracer( 2633): 3 11312943857721 1392875653896479 "[nsEventDispatcher::Dispatch] Event name: unload"
I/TaskTracer( 2556): 0 11063835755151 1392875653900477 11063835755151 5 11063835755151
I/TaskTracer( 2556): 1 11063835755151 1392875653900599 2556 "b2g" 2576 "Timer"
I/TaskTracer( 2556): 0 11063835755152 1392875653900690 11063835755151 5 11063835755151
I/TaskTracer( 2556): 4 11063835755152 0x4222a520
I/TaskTracer( 2556): 2 11063835755151 1392875653900843
I/TaskTracer( 2556): 1 11063835755152 1392875653901392 2556 "b2g" 2556 "main"
I/TaskTracer( 2556): 2 11063835755152 1392875653901575
I/TaskTracer( 2556): 1 11081015623716 1392875653902003 2556 "b2g" 2580 "Compositor"
I/TaskTracer( 2556): 0 11081015623717 1392875653902186 11063835755109 5 11081015623716
I/TaskTracer( 2556): 4 11081015623717 0x42253d60
I/TaskTracer( 2556): 2 11081015623716 1392875653910426
I/TaskTracer( 2633): 0 11347303596035 1392875653915827 11347303596035 5 11347303596035
I/TaskTracer( 2633): 1 11347303596035 1392875653915949 2633 "(Preallocated app)" 2642 "Timer"
I/TaskTracer( 2633): 0 11347303596036 1392875653916041 11347303596035 5 11347303596035
I/TaskTracer( 2633): 4 11347303596036 0x41ba4520
I/TaskTracer( 2633): 2 11347303596035 1392875653916163
I/TaskTracer( 2556): 0 11063835755153 1392875653916865 11063835755153 5 11063835755153
I/TaskTracer( 2556): 1 11063835755153 1392875653916956 2556 "b2g" 2576 "Timer"
I/TaskTracer( 2556): 0 11063835755154 1392875653917017 11063835755153 5 11063835755153
I/TaskTracer( 2556): 4 11063835755154 0x4222a520
I/TaskTracer( 2556): 2 11063835755153 1392875653917170
I/TaskTracer( 2556): 1 11063835755154 1392875653917445 2556 "b2g" 2556 "main"
I/TaskTracer( 2556): 2 11063835755154 1392875653917628
I/TaskTracer( 2556): 1 11081015623717 1392875653918452 2556 "b2g" 2580 "Compositor"
I/TaskTracer( 2556): 0 11081015623718 1392875653918604 11063835755109 5 11081015623717
I/TaskTracer( 2556): 4 11081015623718 0x42253d60
I/TaskTracer( 2633): 3 11312943857721 1392875653924952 "[nsEventDispatcher::Dispatch] Event name: (null)"
I/TaskTracer( 2556): 2 11081015623717 1392875653927210
I/TaskTracer( 2633): 3 11312943857721 1392875653932185 "[nsEventDispatcher::Dispatch] Event name: (null)"
I/TaskTracer( 2633): 3 11312943857721 1392875653932978 "[nsEventDispatcher::Dispatch] Event name: (null)"
I/TaskTracer( 2556): 0 11063835755155 1392875653934382 11063835755155 5 11063835755155
I/TaskTracer( 2556): 1 11063835755155 1392875653934473 2556 "b2g" 2576 "Timer"
I/TaskTracer( 2556): 0 11063835755156 1392875653934565 11063835755155 5 11063835755155
I/TaskTracer( 2556): 4 11063835755156 0x4222a520
I/TaskTracer( 2556): 2 11063835755155 1392875653934687
I/TaskTracer( 2556): 1 11063835755156 1392875653935236 2556 "b2g" 2556 "main"
I/TaskTracer( 2556): 2 11063835755156 1392875653935419
I/TaskTracer( 2556): 1 11081015623718 1392875653935572 2556 "b2g" 2580 "Compositor"
I/TaskTracer( 2556): 0 11081015623719 1392875653935725 11063835755109 5 11081015623718
I/TaskTracer( 2556): 4 11081015623719 0x42253d60
I/TaskTracer( 2556): 2 11081015623718 1392875653944819
I/TaskTracer( 2556): 0 11063835755157 1392875653951197 11063835755157 5 11063835755157
I/TaskTracer( 2556): 1 11063835755157 1392875653951319 2556 "b2g" 2576 "Timer"
I/TaskTracer( 2556): 0 11063835755158 1392875653951380 11063835755157 5 11063835755157
I/TaskTracer( 2556): 4 11063835755158 0x4222a520
I/TaskTracer( 2556): 2 11063835755157 1392875653951533
I/TaskTracer( 2556): 1 11063835755158 1392875653952052 2556 "b2g" 2556 "main"
I/TaskTracer( 2556): 1 11081015623719 1392875653952418 2556 "b2g" 2580 "Compositor"
I/TaskTracer( 2556): 0 11081015623720 1392875653952570 11063835755109 5 11081015623719
I/TaskTracer( 2556): 4 11081015623720 0x42253d60
I/TaskTracer( 2556): 2 11063835755158 1392875653952235
I/TaskTracer( 2633): 3 11312943857721 1392875653957941 "[nsEventDispatcher::Dispatch] Event name: (null)"
I/TaskTracer( 2633): 3 11312943857721 1392875653958643 "[nsEventDispatcher::Dispatch] Event name: load"
I/TaskTracer( 2556): 2 11081015623719 1392875653962885
I/TaskTracer( 2633): 3 11312943857721 1392875653967280 "[nsEventDispatcher::Dispatch] Event name: (null)"
I/TaskTracer( 2633): 3 11312943857721 1392875653967921 "[nsEventDispatcher::Dispatch] Event name: (null)"
I/TaskTracer( 2556): 0 11063835755159 1392875653968012 11063835755159 5 11063835755159
I/TaskTracer( 2556): 1 11063835755159 1392875653968256 2556 "b2g" 2576 "Timer"
I/TaskTracer( 2556): 0 11063835755160 1392875653968348 11063835755159 5 11063835755159
I/TaskTracer( 2556): 4 11063835755160 0x4222a520
I/TaskTracer( 2556): 2 11063835755159 1392875653968501
I/TaskTracer( 2556): 1 11063835755160 1392875653969050 2556 "b2g" 2556 "main"
I/TaskTracer( 2556): 2 11063835755160 1392875653969233
I/TaskTracer( 2556): 1 11081015623720 1392875653969416 2556 "b2g" 2580 "Compositor"
I/TaskTracer( 2556): 0 11081015623721 1392875653969569 11063835755109 5 11081015623720
I/TaskTracer( 2556): 4 11081015623721 0x42253d60
I/TaskTracer( 2633): 3 11312943857721 1392875653971827 "[nsEventDispatcher::Dispatch] Event name: (null)"
I/TaskTracer( 2556): 2 11081015623720 1392875653980952
I/TaskTracer( 2633): 0 11347303596037 1392875653982813 11347303596037 5 11347303596037
I/TaskTracer( 2633): 1 11347303596037 1392875653982935 2633 "(Preallocated app)" 2642 "Timer"
I/TaskTracer( 2633): 0 11347303596038 1392875653982996 11347303596037 5 11347303596037
I/TaskTracer( 2633): 4 11347303596038 0x41ba4520
I/TaskTracer( 2633): 2 11347303596037 1392875653983149
I/TaskTracer( 2556): 0 11063835755161 1392875653983637 11063835755161 5 11063835755161
I/TaskTracer( 2556): 1 11063835755161 1392875653983729 2556 "b2g" 2576 "Timer"
I/TaskTracer( 2556): 0 11063835755162 1392875653983790 11063835755161 5 11063835755161
I/TaskTracer( 2556): 4 11063835755162 0x4222a520
I/TaskTracer( 2556): 2 11063835755161 1392875653983942
I/TaskTracer( 2556): 1 11063835755162 1392875653984126 2556 "b2g" 2556 "main"
I/TaskTracer( 2556): 2 11063835755162 1392875653984278
I/TaskTracer( 2556): 0 11063835755163 1392875653985438 11063835755163 5 11063835755163
I/TaskTracer( 2556): 1 11063835755163 1392875653985560 2556 "b2g" 2576 "Timer"
I/TaskTracer( 2556): 0 11063835755164 1392875653985621 11063835755163 5 11063835755163
I/TaskTracer( 2556): 4 11063835755164 0x4222a520
I/TaskTracer( 2556): 2 11063835755163 1392875653985773
I/TaskTracer( 2556): 1 11081015623721 1392875653985896 2556 "b2g" 2580 "Compositor"
I/TaskTracer( 2556): 0 11081015623722 1392875653986048 11063835755109 5 11081015623721
I/TaskTracer( 2556): 4 11081015623722 0x42253d60
I/TaskTracer( 2556): 1 11063835755164 1392875653987482 2556 "b2g" 2556 "main"
I/TaskTracer( 2556): 2 11063835755164 1392875653987574
I/TaskTracer( 2633): 0 11347303596039 1392875653989558 11347303596039 5 11347303596039
I/TaskTracer( 2633): 1 11347303596039 1392875653989649 2633 "(Preallocated app)" 2642 "Timer"
I/TaskTracer( 2633): 0 11347303596040 1392875653989741 11347303596039 5 11347303596039
I/TaskTracer( 2633): 4 11347303596040 0x41ba4520
I/TaskTracer( 2633): 2 11347303596039 1392875653989863
I/TaskTracer( 2633): 0 11347303596041 1392875653990687 11347303596041 5 11347303596041
I/TaskTracer( 2633): 1 11347303596041 1392875653990778 2633 "(Preallocated app)" 2642 "Timer"
I/TaskTracer( 2633): 0 11347303596042 1392875653990839 11347303596041 5 11347303596041
I/TaskTracer( 2633): 4 11347303596042 0x41ba4520
I/TaskTracer( 2633): 2 11347303596041 1392875653990992
I/TaskTracer( 2556): 0 11063835755165 1392875653991145 11063835755165 5 11063835755165
I/TaskTracer( 2556): 1 11063835755165 1392875653991236 2556 "b2g" 2576 "Timer"
I/TaskTracer( 2556): 0 11063835755166 1392875653991297 11063835755165 5 11063835755165
I/TaskTracer( 2556): 4 11063835755166 0x4222a520
I/TaskTracer( 2556): 2 11063835755165 1392875653991419
I/TaskTracer( 2556): 1 11063835755166 1392875653991633 2556 "b2g" 2556 "main"
I/TaskTracer( 2556): 2 11063835755166 1392875653991694
I/TaskTracer( 2633): 0 11347303596043 1392875653994807 11347303596043 5 11347303596043
I/TaskTracer( 2633): 1 11347303596043 1392875653994929 2633 "(Preallocated app)" 2642 "Timer"
I/TaskTracer( 2633): 0 11347303596044 1392875653995020 11347303596043 5 11347303596043
I/TaskTracer( 2633): 4 11347303596044 0x41ba4520
I/TaskTracer( 2633): 2 11347303596043 1392875653995142
I/TaskTracer( 2633): 0 11347303596045 1392875653996729 11347303596045 5 11347303596045
I/TaskTracer( 2633): 1 11347303596045 1392875653996851 2633 "(Preallocated app)" 2642 "Timer"
I/TaskTracer( 2633): 0 11347303596046 1392875653996912 11347303596045 5 11347303596045
I/TaskTracer( 2633): 4 11347303596046 0x41ba4520
I/TaskTracer( 2633): 2 11347303596045 1392875653997034
I/TaskTracer( 2556): 2 11081015623721 1392875653999049
I/TaskTracer( 2633): 0 11347303596047 1392875654000452 11347303596047 5 11347303596047
I/TaskTracer( 2633): 1 11347303596047 1392875654000574 2633 "(Preallocated app)" 2642 "Timer"
I/TaskTracer( 2633): 0 11347303596048 1392875654000636 11347303596047 5 11347303596047
I/TaskTracer( 2633): 4 11347303596048 0x41ba4520
I/TaskTracer( 2633): 2 11347303596047 1392875654000758
I/TaskTracer( 2556): 0 11063835755167 1392875654000849 11063835755167 5 11063835755167
I/TaskTracer( 2556): 1 11063835755167 1392875654000941 2556 "b2g" 2576 "Timer"
I/TaskTracer( 2556): 0 11063835755168 1392875654001002 11063835755167 5 11063835755167
I/TaskTracer( 2556): 4 11063835755168 0x4222a520
I/TaskTracer( 2556): 2 11063835755167 1392875654001154
I/TaskTracer( 2556): 1 11063835755168 1392875654001276 2556 "b2g" 2556 "main"
I/TaskTracer( 2556): 2 11063835755168 1392875654001429
I/TaskTracer( 2556): 1 11081015623722 1392875654002253 2556 "b2g" 2580 "Compositor"
I/TaskTracer( 2556): 0 11081015623723 1392875654002406 11063835755109 5 11081015623722
I/TaskTracer( 2556): 4 11081015623723 0x42253d60
I/TaskTracer( 2633): 0 11347303596049 1392875654006586 11347303596049 5 11347303596049
I/TaskTracer( 2633): 1 11347303596049 1392875654006678 2633 "(Preallocated app)" 2642 "Timer"
I/TaskTracer( 2633): 0 11347303596050 1392875654006739 11347303596049 5 11347303596049
I/TaskTracer( 2633): 4 11347303596050 0x41ba4520
I/TaskTracer( 2633): 2 11347303596049 1392875654006861
I/TaskTracer( 2633): 0 11347303596051 1392875654008204 11347303596051 5 11347303596051
I/TaskTracer( 2633): 1 11347303596051 1392875654008295 2633 "(Preallocated app)" 2642 "Timer"
I/TaskTracer( 2633): 0 11347303596052 1392875654008356 11347303596051 5 11347303596051
I/TaskTracer( 2633): 4 11347303596052 0x41ba4520
I/TaskTracer( 2633): 2 11347303596051 1392875654008448
I/TaskTracer( 2556): 0 11063835755169 1392875654011378 11063835755169 5 11063835755169
I/TaskTracer( 2556): 1 11063835755169 1392875654011500 2556 "b2g" 2576 "Timer"
I/TaskTracer( 2556): 2 11063835755169 1392875654011591
I/TaskTracer( 2556): 2 11081015623722 1392875654017085
I/TaskTracer( 2556): 0 11063835755170 1392875654017390 11063835755170 5 11063835755170
I/TaskTracer( 2556): 1 11063835755170 1392875654017451 2556 "b2g" 2576 "Timer"
I/TaskTracer( 2556): 0 11063835755171 1392875654017542 11063835755170 5 11063835755170
I/TaskTracer( 2556): 4 11063835755171 0x4222a520
I/TaskTracer( 2556): 2 11063835755170 1392875654017695
I/TaskTracer( 2556): 1 11063835755171 1392875654017817 2556 "b2g" 2556 "main"
I/TaskTracer( 2556): 2 11063835755171 1392875654017970
I/TaskTracer( 2556): 1 11081015623723 1392875654018671 2556 "b2g" 2580 "Compositor"
I/TaskTracer( 2556): 0 11081015623724 1392875654018855 11063835755109 5 11081015623723
I/TaskTracer( 2556): 4 11081015623724 0x42253d60
I/TaskTracer( 2556): 0 11063835755172 1392875654029017 11063835755172 5 11063835755172
I/TaskTracer( 2556): 1 11063835755172 1392875654029139 2556 "b2g" 2576 "Timer"
I/TaskTracer( 2556): 0 11063835755173 1392875654029200 11063835755172 5 11063835755172
I/TaskTracer( 2556): 4 11063835755173 0x4222a520
I/TaskTracer( 2556): 2 11063835755172 1392875654029353
I/TaskTracer( 2556): 1 11063835755173 1392875654029902 2556 "b2g" 2556 "main"
I/TaskTracer( 2556): 0 10977936410195 1392875654031123 11063835755172 5 11063835755173
I/TaskTracer( 2556): 4 10977936410195 0x4228f328
I/TaskTracer( 2556): 2 11063835755173 1392875654031672
I/TaskTracer( 2556): 0 11063835755174 1392875654032923 11063835755174 5 11063835755174
I/TaskTracer( 2556): 1 11063835755174 1392875654033045 2556 "b2g" 2576 "Timer"
I/TaskTracer( 2556): 0 11063835755175 1392875654033137 11063835755174 5 11063835755174
I/TaskTracer( 2556): 4 11063835755175 0x4222a520
I/TaskTracer( 2556): 2 11063835755174 1392875654033320
I/TaskTracer( 2556): 1 11063835755175 1392875654034113 2556 "b2g" 2556 "main"
I/TaskTracer( 2556): 2 11081015623723 1392875654035120
I/TaskTracer( 2556): 1 11081015623724 1392875654035242 2556 "b2g" 2580 "Compositor"
I/TaskTracer( 2556): 0 11081015623725 1392875654035365 11063835755109 5 11081015623724
I/TaskTracer( 2556): 4 11081015623725 0x42253d60
I/TaskTracer( 2556): 2 11063835755175 1392875654037684
I/TaskTracer( 2556): 0 11063835755176 1392875654049830 11063835755176 5 11063835755176
I/TaskTracer( 2556): 1 11063835755176 1392875654049982 2556 "b2g" 2576 "Timer"
I/TaskTracer( 2556): 0 11063835755177 1392875654050043 11063835755176 5 11063835755176
I/TaskTracer( 2556): 4 11063835755177 0x4222a520
I/TaskTracer( 2556): 2 11063835755176 1392875654050196
I/TaskTracer( 2556): 1 11063835755177 1392875654050715 2556 "b2g" 2556 "main"
I/TaskTracer( 2556): 2 11063835755177 1392875654050898
I/TaskTracer( 2556): 2 11081015623724 1392875654053156
I/TaskTracer( 2556): 1 11081015623725 1392875654053339 2556 "b2g" 2580 "Compositor"
I/TaskTracer( 2556): 0 11081015623726 1392875654053492 11063835755109 5 11081015623725
I/TaskTracer( 2556): 4 11081015623726 0x42253d60
I/TaskTracer( 2556): 1 10977936410195 1392875654063837 2556 "b2g" 2593 "WebWorker 'resource://gre/modules/osfile/osfile_async_worker.js'"
I/TaskTracer( 2556): 3 10977936410195 1392875654064204 "[nsEventDispatcher::Dispatch] Event name: (null)"
I/TaskTracer( 2556): 0 11136850198595 1392875654066584 11063835755172 5 10977936410195
I/TaskTracer( 2556): 0 11063835755178 1392875654067072 11063835755178 5 11063835755178
I/TaskTracer( 2556): 1 11063835755178 1392875654067194 2556 "b2g" 2576 "Timer"
I/TaskTracer( 2556): 0 11063835755179 1392875654067286 11063835755178 5 11063835755178
I/TaskTracer( 2556): 4 11063835755179 0x4222a520
I/TaskTracer( 2556): 2 11063835755178 1392875654067439
I/TaskTracer( 2556): 1 11063835755179 1392875654067744 2556 "b2g" 2556 "main"
I/TaskTracer( 2556): 2 11063835755179 1392875654067927
I/TaskTracer( 2556): 4 11136850198595 0x4228f328
I/TaskTracer( 2556): 1 11136850198595 1392875654069392 2556 "b2g" 2556 "main"
I/TaskTracer( 2556): 3 11136850198595 1392875654069697 "[nsEventDispatcher::Dispatch] Event name: message"
I/TaskTracer( 2556): 0 10977936410200 1392875654070521 11063835755172 5 11136850198595
I/TaskTracer( 2556): 4 10977936410200 0x4222a668
I/TaskTracer( 2556): 2 11136850198595 1392875654070795
I/TaskTracer( 2556): 2 11081015623725 1392875654071619
I/TaskTracer( 2556): 1 11081015623726 1392875654071894 2556 "b2g" 2580 "Compositor"
I/TaskTracer( 2556): 0 11081015623728 1392875654072047 11063835755109 5 11081015623726
I/TaskTracer( 2556): 4 11081015623728 0x42253d60
I/TaskTracer( 2556): 1 10977936410200 1392875654076624 2556 "b2g" 2556 "main"
I/TaskTracer( 2556): 0 10977936410201 1392875654077235 11063835755172 5 10977936410200
I/TaskTracer( 2556): 4 10977936410201 0x4222a668
I/TaskTracer( 2556): 2 10977936410200 1392875654077479
I/TaskTracer( 2556): 1 10977936410201 1392875654077570 2556 "b2g" 2556 "main"
I/TaskTracer( 2556): 2 10977936410201 1392875654077662
I/TaskTracer( 2556): 0 11136850198596 1392875654080103 11063835755172 5 10977936410195
I/TaskTracer( 2556): 4 11136850198596 0x4228ef40
I/TaskTracer( 2556): 0 11136850198597 1392875654081538 11063835755172 5 10977936410195
I/TaskTracer( 2556): 4 11136850198597 0x4228f1e8
I/TaskTracer( 2556): 0 11063835755180 1392875654083155 11063835755180 5 11063835755180
I/TaskTracer( 2556): 1 11063835755180 1392875654083247 2556 "b2g" 2576 "Timer"
I/TaskTracer( 2556): 0 11063835755181 1392875654083308 11063835755180 5 11063835755180
I/TaskTracer( 2556): 4 11063835755181 0x4222a520
I/TaskTracer( 2556): 2 11063835755180 1392875654083460
I/TaskTracer( 2556): 0 11136850198598 1392875654084895 11063835755172 5 10977936410195
I/TaskTracer( 2556): 4 11136850198598 0x4228eec0
I/TaskTracer( 2556): 2 10977936410195 1392875654086543
