--------- beginning of /dev/log/main
I/TaskTracer( 2688): 0 11583526797840 1392885802275416 11583526797840 5 11583526797840
I/TaskTracer( 2688): 1 11583526797840 1392885802276240 2688 "(Preallocated app)" 2697 "Timer"
I/TaskTracer( 2688): 0 11583526797841 1392885802284693 11583526797840 5 11583526797840
I/TaskTracer( 2688): 4 11583526797841 0x41ba4520
I/TaskTracer( 2688): 2 11583526797840 1392885802288233
I/TaskTracer( 2688): 1 11583526797841 1392885802288935 2688 "Built-in Keyboard" 2688 "main"
I/TaskTracer( 2688): 2 11583526797841 1392885802291346
I/TaskTracer( 2700): 0 11635066405397 1392885804528223 11635066405397 5 11635066405397
I/TaskTracer( 2700): 1 11635066405397 1392885804528803 2700 "(Preallocated app)" 2709 "Timer"
I/TaskTracer( 2700): 0 11635066405398 1392885804530482 11635066405397 5 11635066405397
I/TaskTracer( 2700): 4 11635066405398 0x41ba4520
I/TaskTracer( 2700): 2 11635066405397 1392885804535578
I/TaskTracer( 2700): 1 11635066405398 1392885804536219 2700 "Communications" 2700 "main"
I/TaskTracer( 2700): 2 11635066405398 1392885804538569
I/TaskTracer( 2718): 0 11712375817783 1392885809997370 11712375817783 5 11712375817783
I/TaskTracer( 2718): 1 11712375817783 1392885809998011 2718 "(Preallocated app)" 2727 "Timer"
I/TaskTracer( 2718): 0 11712375817784 1392885809999750 11712375817783 5 11712375817783
I/TaskTracer( 2718): 4 11712375817784 0x41ba4520
I/TaskTracer( 2718): 2 11712375817783 1392885810004786
I/TaskTracer( 2718): 1 11712375817784 1392885810006251 2718 "Settings" 2718 "main"
I/TaskTracer( 2718): 2 11712375817784 1392885810009028
I/TaskTracer( 2556): 0 10977936411738 1392885816240839 10977936411738 3 10977936411738
I/TaskTracer( 2556): 1 10977936411738 1392885816241206 2556 "b2g" 2556 "main"
I/TaskTracer( 2556): 3 10977936411738 1392885816241389 "Power key pressed."
I/TaskTracer( 2556): 0 10977936411739 1392885816241968 10977936411738 3 10977936411738
I/TaskTracer( 2556): 4 10977936411739 0x4223bf40
I/TaskTracer( 2556): 1 10977936411739 1392885816245814 2556 "b2g" 2563 "Gecko_IOThread"
I/TaskTracer( 2556): 2 10977936411739 1392885816246180
I/TaskTracer( 2718): 0 11678016078448 1392885816246638 10977936411738 3 10977936411739
I/TaskTracer( 2718): 4 11678016078448 0x41bb5ee0
I/TaskTracer( 2718): 0 11678016078449 1392885816247004 10977936411738 3 10977936411739
I/TaskTracer( 2718): 4 11678016078449 0x41bb6080
I/TaskTracer( 2556): 3 10977936411738 1392885816253199 "[nsEventDispatcher::Dispatch] Event name: keydown"
I/TaskTracer( 2556): 3 10977936411738 1392885816257868 "[nsEventDispatcher::Dispatch] Event name: (null)"
I/TaskTracer( 2556): 3 10977936411738 1392885816276331 "[nsEventDispatcher::Dispatch] Event name: (null)"
I/TaskTracer( 2718): 1 11678016078449 1392885816283686 2718 "Settings" 2718 "main"
I/TaskTracer( 2556): 3 10977936411738 1392885816285700 "[nsEventDispatcher::Dispatch] Event name: (null)"
I/TaskTracer( 2556): 3 10977936411738 1392885816293421 "[nsEventDispatcher::Dispatch] Event name: (null)"
I/TaskTracer( 2718): 1 11678016078448 1392885816293665 2718 "Settings" 2718 "main"
I/TaskTracer( 2718): 0 11673721111541 1392885816302485 10977936411738 3 11678016078448
I/TaskTracer( 2556): 0 11063835756777 1392885816311396 11063835756777 5 11063835756777
I/TaskTracer( 2556): 1 11063835756777 1392885816311518 2556 "b2g" 2576 "Timer"
I/TaskTracer( 2556): 0 11063835756778 1392885816311610 11063835756777 5 11063835756777
I/TaskTracer( 2556): 4 11063835756778 0x4222a520
I/TaskTracer( 2556): 2 11063835756777 1392885816311762
I/TaskTracer( 2718): 4 11673721111541 0x41bf2d30
I/TaskTracer( 2718): 2 11678016078448 1392885816328242
I/TaskTracer( 2718): 2 11678016078449 1392885816342371
I/TaskTracer( 2718): 1 11673721111541 1392885816348353 2718 "Settings" 2718 "main"
I/TaskTracer( 2718): 2 11673721111541 1392885816372584
I/TaskTracer( 2556): 3 10977936411738 1392885816403132 "[nsFrameMessageManager::SendAsyncMessage] type:WifiManager:getNetworks"
I/TaskTracer( 2556): 0 10977936411740 1392885816403468 10977936411738 3 10977936411738
I/TaskTracer( 2556): 4 10977936411740 0x4229a5a8
I/TaskTracer( 2556): 3 10977936411738 1392885816405817 "[nsEventDispatcher::Dispatch] Event name: (null)"
I/TaskTracer( 2556): 0 10977936411741 1392885816414362 10977936411738 3 10977936411738
I/TaskTracer( 2556): 4 10977936411741 0x42291388
I/TaskTracer( 2556): 2 10977936411738 1392885816447016
I/TaskTracer( 2556): 1 11063835756778 1392885816447382 2556 "b2g" 2556 "main"
I/TaskTracer( 2556): 0 10977936411742 1392885816455408 11063835756777 5 11063835756778
I/TaskTracer( 2556): 4 10977936411742 0x4223bee0
I/TaskTracer( 2556): 1 10977936411742 1392885816456599 2556 "b2g" 2580 "Compositor"
I/TaskTracer( 2556): 0 11081015626234 1392885816457758 11063835756777 5 10977936411742
I/TaskTracer( 2556): 4 11081015626234 0x42253d60
I/TaskTracer( 2556): 2 10977936411742 1392885816457941
I/TaskTracer( 2556): 1 11081015626234 1392885816458002 2556 "b2g" 2580 "Compositor"
I/TaskTracer( 2556): 3 11063835756778 1392885816460871 "[nsEventDispatcher::Dispatch] Event name: MozAfterPaint"
I/TaskTracer( 2556): 3 11063835756778 1392885816461481 "[nsEventDispatcher::Dispatch] Event name: MozAfterPaint"
I/TaskTracer( 2556): 0 11063835756779 1392885816461909 11063835756779 5 11063835756779
I/TaskTracer( 2556): 1 11063835756779 1392885816462000 2556 "b2g" 2576 "Timer"
I/TaskTracer( 2556): 0 11063835756780 1392885816462061 11063835756779 5 11063835756779
I/TaskTracer( 2556): 4 11063835756780 0x4222a520
I/TaskTracer( 2556): 2 11063835756779 1392885816462214
I/TaskTracer( 2556): 2 11063835756778 1392885816464442
I/TaskTracer( 2556): 0 10977936411744 1392885816465205 10977936411744 3 10977936411744
I/TaskTracer( 2556): 1 10977936411744 1392885816465876 2556 "b2g" 2556 "main"
I/TaskTracer( 2556): 3 10977936411744 1392885816466517 "Power key pressed."
I/TaskTracer( 2556): 3 10977936411744 1392885816467219 "[nsEventDispatcher::Dispatch] Event name: keyup"
I/TaskTracer( 2556): 3 10977936411744 1392885816469477 "[nsEventDispatcher::Dispatch] Event name: (null)"
I/TaskTracer( 2556): 2 10977936411744 1392885816473841
I/TaskTracer( 2556): 1 10977936411740 1392885816474696 2556 "b2g" 2556 "main"
I/TaskTracer( 2556): 0 10977936411745 1392885816476313 10977936411738 3 10977936411740
I/TaskTracer( 2556): 4 10977936411745 0x4226a5b0
I/TaskTracer( 2556): 1 10977936411745 1392885816477595 2556 "b2g" 2572 "wifi control"
I/TaskTracer( 2556): 0 11046655885339 1392885816478571 10977936411738 3 10977936411745
I/TaskTracer( 2556): 4 11046655885339 0x4226a5d0
I/TaskTracer( 2556): 2 10977936411745 1392885816478754
I/TaskTracer( 2556): 2 10977936411740 1392885816479761
I/TaskTracer( 2556): 1 10977936411741 1392885816480494 2556 "b2g" 2556 "main"
I/TaskTracer( 2556): 3 10977936411741 1392885816481318 "[nsEventDispatcher::Dispatch] Event name: (null)"
I/TaskTracer( 2556): 2 10977936411741 1392885816488612
I/TaskTracer( 2556): 1 11063835756780 1392885816488947 2556 "b2g" 2556 "main"
I/TaskTracer( 2556): 2 11063835756780 1392885816489680
I/TaskTracer( 2556): 1 11046655885339 1392885816491053 2556 "b2g" 2556 "main"
I/TaskTracer( 2556): 0 10977936411747 1392885816493342 10977936411738 3 11046655885339
I/TaskTracer( 2556): 4 10977936411747 0x4226a5b0
I/TaskTracer( 2556): 1 10977936411747 1392885816494837 2556 "b2g" 2572 "wifi control"
I/TaskTracer( 2556): 0 11042360918237 1392885816495875 11042360918237 8 11042360918237
I/TaskTracer( 2556): 1 11042360918237 1392885816495966 2556 "b2g" 2571 "wlan0"
I/TaskTracer( 2556): 3 11042360918237 1392885816496027 "wlan0 CTRL-EVENT-STATE-CHANGE id=-1 state=3 BSSID=00:00:00:00:00:00"
I/TaskTracer( 2556): 0 11042360918238 1392885816496149 11042360918237 8 11042360918237
I/TaskTracer( 2556): 4 11042360918238 0x4226a590
I/TaskTracer( 2556): 2 11042360918237 1392885816496302
I/TaskTracer( 2556): 2 10977936411733 1392885816496363
I/TaskTracer( 2556): 0 11046655885340 1392885816497828 10977936411738 3 10977936411747
I/TaskTracer( 2556): 4 11046655885340 0x4226a5d0
I/TaskTracer( 2556): 2 10977936411747 1392885816497980
I/TaskTracer( 2556): 2 11081015626234 1392885816500025
I/TaskTracer( 2556): 2 11046655885339 1392885816501276
I/TaskTracer( 2556): 1 11042360918238 1392885816503168 2556 "b2g" 2556 "main"
I/TaskTracer( 2556): 0 10977936411748 1392885816505152 11042360918237 8 11042360918238
I/TaskTracer( 2556): 4 10977936411748 0x4226a570
I/TaskTracer( 2556): 1 10977936411748 1392885816506373 2556 "b2g" 2571 "wlan0"
I/TaskTracer( 2556): 2 11042360918238 1392885816507258
I/TaskTracer( 2556): 1 11046655885340 1392885816507960 2556 "b2g" 2556 "main"
I/TaskTracer( 2556): 0 10977936411749 1392885816509272 10977936411738 3 11046655885340
I/TaskTracer( 2556): 4 10977936411749 0x4226a5b0
I/TaskTracer( 2556): 1 10977936411749 1392885816510126 2556 "b2g" 2572 "wifi control"
I/TaskTracer( 2556): 0 11046655885341 1392885816511286 10977936411738 3 10977936411749
I/TaskTracer( 2556): 4 11046655885341 0x4226a5d0
I/TaskTracer( 2556): 2 10977936411749 1392885816511469
I/TaskTracer( 2556): 2 11046655885340 1392885816512568
I/TaskTracer( 2556): 1 11046655885341 1392885816513239 2556 "b2g" 2556 "main"
I/TaskTracer( 2556): 2 11046655885341 1392885816514399
I/TaskTracer( 2556): 3 11068130721794 1392885816797510 "[nsEventDispatcher::Dispatch] Event name: (null)"
I/TaskTracer( 2556): 3 11068130721794 1392885816798487 "[nsFrameMessageManager::SendAsyncMessage] type:browser-element-api:call"
I/TaskTracer( 2556): 3 11068130721794 1392885816799555 "[nsFrameLoader::DoSendAsyncMessage] msg: browser-element-api:call send to tabChild"
I/TaskTracer( 2556): 3 10977936411751 1392885816801173 "[nsEventDispatcher::Dispatch] Event name: (null)"
I/TaskTracer( 2556): 0 11063835756781 1392885816821589 11063835756781 5 11063835756781
I/TaskTracer( 2556): 1 11063835756781 1392885816821711 2556 "b2g" 2576 "Timer"
I/TaskTracer( 2556): 0 11063835756782 1392885816821802 11063835756781 5 11063835756781
I/TaskTracer( 2556): 4 11063835756782 0x4222a520
I/TaskTracer( 2556): 2 11063835756781 1392885816821925
I/TaskTracer( 2556): 3 10977936411750 1392885816823969 "[nsFrameMessageManager::SendAsyncMessage] type:browser-element-api:call"
I/TaskTracer( 2556): 3 10977936411754 1392885816827448 "[nsEventDispatcher::Dispatch] Event name: (null)"
I/TaskTracer( 2556): 0 11008001181954 1392885816830073 11008001181954 7 11008001181954
I/TaskTracer( 2556): 1 11008001181954 1392885816830164 2556 "b2g" 2563 "Gecko_IOThread"
I/TaskTracer( 2556): 0 11008001181955 1392885816830256 11008001181954 7 11008001181954
I/TaskTracer( 2556): 4 11008001181955 0x42246da0
I/TaskTracer( 2556): 2 11008001181954 1392885816830378
--------- beginning of /dev/log/system
I/TaskTracer( 2556): 0 11008001181956 1392885816834589 11008001181956 7 11008001181956
I/TaskTracer( 2556): 1 11008001181956 1392885816834681 2556 "b2g" 2563 "Gecko_IOThread"
I/TaskTracer( 2556): 0 11008001181957 1392885816834772 11008001181956 7 11008001181956
I/TaskTracer( 2556): 4 11008001181957 0x42246da0
I/TaskTracer( 2556): 2 11008001181956 1392885816834895
I/TaskTracer( 2556): 0 11008001181958 1392885816837977 11008001181958 7 11008001181958
I/TaskTracer( 2556): 1 11008001181958 1392885816838068 2556 "b2g" 2563 "Gecko_IOThread"
I/TaskTracer( 2556): 0 11008001181959 1392885816838129 11008001181958 7 11008001181958
I/TaskTracer( 2556): 4 11008001181959 0x42246da0
I/TaskTracer( 2556): 2 11008001181958 1392885816838251
I/TaskTracer( 2556): 0 11008001181960 1392885816839716 11008001181960 7 11008001181960
I/TaskTracer( 2556): 1 11008001181960 1392885816839838 2556 "b2g" 2563 "Gecko_IOThread"
I/TaskTracer( 2556): 0 11008001181961 1392885816839899 11008001181960 7 11008001181960
I/TaskTracer( 2556): 4 11008001181961 0x42246da0
I/TaskTracer( 2556): 2 11008001181960 1392885816840021
I/TaskTracer( 2556): 0 11008001181962 1392885816841944 11008001181962 7 11008001181962
I/TaskTracer( 2556): 1 11008001181962 1392885816842036 2556 "b2g" 2563 "Gecko_IOThread"
I/TaskTracer( 2556): 0 11008001181963 1392885816843378 11008001181962 7 11008001181962
I/TaskTracer( 2556): 4 11008001181963 0x42246da0
I/TaskTracer( 2556): 2 11008001181962 1392885816844447
I/TaskTracer( 2556): 3 10977936411754 1392885816847254 "[nsFrameMessageManager::SendAsyncMessage] type:browser-element-api:call"
I/TaskTracer( 2556): 3 10977936411754 1392885816847590 "[nsFrameLoader::DoSendAsyncMessage] msg: browser-element-api:call send to tabParent"
I/TaskTracer( 2556): 3 10977936411754 1392885816849665 "[nsFrameMessageManager::SendAsyncMessage] type:browser-element-api:call"
I/TaskTracer( 2556): 3 10977936411754 1392885816849940 "[nsFrameLoader::DoSendAsyncMessage] msg: browser-element-api:call send to tabParent"
I/TaskTracer( 2556): 3 10977936411754 1392885816851252 "[nsFrameMessageManager::SendAsyncMessage] type:browser-element-api:call"
I/TaskTracer( 2556): 3 10977936411754 1392885816851496 "[nsFrameLoader::DoSendAsyncMessage] msg: browser-element-api:call send to tabParent"
I/TaskTracer( 2556): 3 10977936411754 1392885816852656 "[nsFrameMessageManager::SendAsyncMessage] type:browser-element-api:call"
I/TaskTracer( 2556): 3 10977936411754 1392885816852900 "[nsFrameLoader::DoSendAsyncMessage] msg: browser-element-api:call send to tabParent"
I/TaskTracer( 2556): 3 10977936411754 1392885816854212 "[nsFrameMessageManager::SendAsyncMessage] type:browser-element-api:call"
I/TaskTracer( 2556): 3 10977936411754 1392885816854456 "[nsFrameLoader::DoSendAsyncMessage] msg: browser-element-api:call send to tabParent"
I/TaskTracer( 2556): 3 10977936411754 1392885816856318 "[nsFrameMessageManager::SendAsyncMessage] type:browser-element-api:call"
I/TaskTracer( 2556): 3 10977936411754 1392885816863764 "[nsFrameLoader::DoSendAsyncMessage] msg: browser-element-api:call send to tabParent"
I/TaskTracer( 2556): 0 11063835756783 1392885816865107 11063835756783 5 11063835756783
I/TaskTracer( 2556): 1 11063835756783 1392885816865229 2556 "b2g" 2576 "Timer"
I/TaskTracer( 2556): 0 11063835756784 1392885816865290 11063835756783 5 11063835756783
I/TaskTracer( 2556): 4 11063835756784 0x4222a520
I/TaskTracer( 2556): 2 11063835756783 1392885816865443
I/TaskTracer( 2556): 3 10977936411754 1392885816864985 "[nsFrameMessageManager::SendAsyncMessage] type:browser-element-api:call"
I/TaskTracer( 2556): 3 10977936411754 1392885816867304 "[nsFrameLoader::DoSendAsyncMessage] msg: browser-element-api:call send to tabParent"
I/TaskTracer( 2556): 3 10977936411754 1392885816868739 "[nsFrameMessageManager::SendAsyncMessage] type:browser-element-api:call"
I/TaskTracer( 2556): 3 10977936411754 1392885816869532 "[nsFrameLoader::DoSendAsyncMessage] msg: browser-element-api:call send to tabParent"
I/TaskTracer( 2556): 3 10977936411754 1392885816870783 "[nsFrameMessageManager::SendAsyncMessage] type:browser-element-api:call"
I/TaskTracer( 2556): 3 10977936411754 1392885816871363 "[nsFrameLoader::DoSendAsyncMessage] msg: browser-element-api:call send to tabParent"
I/TaskTracer( 2556): 3 10977936411754 1392885816872797 "[nsFrameMessageManager::SendAsyncMessage] type:browser-element-api:call"
I/TaskTracer( 2556): 3 10977936411754 1392885816873377 "[nsFrameLoader::DoSendAsyncMessage] msg: browser-element-api:call send to tabParent"
I/TaskTracer( 2556): 3 10977936411754 1392885816878046 "[nsEventDispatcher::Dispatch] Event name: (null)"
I/TaskTracer( 2556): 3 10977936411754 1392885816881464 "[nsEventDispatcher::Dispatch] Event name: (null)"
I/TaskTracer( 2556): 1 11063835756782 1392885816883173 2556 "b2g" 2556 "main"
I/TaskTracer( 2556): 3 11063835756782 1392885816884333 "[nsEventDispatcher::Dispatch] Event name: transitionend"
I/TaskTracer( 2556): 3 11063835756782 1392885816885584 "[nsEventDispatcher::Dispatch] Event name: transitionend"
I/TaskTracer( 2556): 0 11063835756785 1392885816887995 11063835756785 5 11063835756785
I/TaskTracer( 2556): 1 11063835756785 1392885816888117 2556 "b2g" 2576 "Timer"
I/TaskTracer( 2556): 0 11063835756786 1392885816888209 11063835756785 5 11063835756785
I/TaskTracer( 2556): 4 11063835756786 0x4222a520
I/TaskTracer( 2556): 2 11063835756785 1392885816888361
I/TaskTracer( 2556): 0 10977936411772 1392885816928461 11063835756781 5 11063835756782
I/TaskTracer( 2556): 4 10977936411772 0x4223bee0
I/TaskTracer( 2556): 1 10977936411772 1392885816929774 2556 "b2g" 2580 "Compositor"
I/TaskTracer( 2556): 2 10977936411772 1392885816930476
I/TaskTracer( 2556): 0 10977936411773 1392885816931788 11063835756781 5 11063835756782
I/TaskTracer( 2556): 4 10977936411773 0x4223bee0
I/TaskTracer( 2556): 1 10977936411773 1392885816933192 2556 "b2g" 2580 "Compositor"
I/TaskTracer( 2556): 2 10977936411773 1392885816933863
I/TaskTracer( 2688): 0 11583526797842 1392885816939997 11583526797842 5 11583526797842
I/TaskTracer( 2688): 1 11583526797842 1392885816940455 2688 "(Preallocated app)" 2697 "Timer"
I/TaskTracer( 2688): 0 11583526797843 1392885816940974 11583526797842 5 11583526797842
I/TaskTracer( 2688): 4 11583526797843 0x41ba4520
I/TaskTracer( 2688): 2 11583526797842 1392885816942500
I/TaskTracer( 2556): 0 10977936411774 1392885816968684 11063835756781 5 11063835756782
I/TaskTracer( 2556): 4 10977936411774 0x4223bee0
I/TaskTracer( 2556): 1 10977936411774 1392885816969843 2556 "b2g" 2580 "Compositor"
I/TaskTracer( 2556): 2 10977936411774 1392885816970484
I/TaskTracer( 2556): 0 10977936411775 1392885816972163 11063835756781 5 11063835756782
I/TaskTracer( 2556): 4 10977936411775 0x4223bee0
I/TaskTracer( 2556): 1 10977936411775 1392885816974573 2556 "b2g" 2580 "Compositor"
I/TaskTracer( 2556): 2 10977936411775 1392885816975275
I/TaskTracer( 2556): 0 10977936411776 1392885816976038 11063835756781 5 11063835756782
I/TaskTracer( 2556): 4 10977936411776 0x4223bee0
I/TaskTracer( 2556): 1 10977936411776 1392885816977229 2556 "b2g" 2580 "Compositor"
I/TaskTracer( 2556): 2 10977936411776 1392885816977930
I/TaskTracer( 2556): 0 10977936411777 1392885816978632 11063835756781 5 11063835756782
I/TaskTracer( 2556): 4 10977936411777 0x4223bee0
I/TaskTracer( 2556): 1 10977936411777 1392885816980036 2556 "b2g" 2580 "Compositor"
I/TaskTracer( 2556): 2 10977936411777 1392885816981074
I/TaskTracer( 2556): 0 10977936411778 1392885816982142 11063835756781 5 11063835756782
I/TaskTracer( 2556): 4 10977936411778 0x4223bee0
I/TaskTracer( 2556): 1 10977936411778 1392885816983546 2556 "b2g" 2580 "Compositor"
I/TaskTracer( 2556): 0 11063835756787 1392885816985102 11063835756787 5 11063835756787
I/TaskTracer( 2556): 1 11063835756787 1392885816985194 2556 "b2g" 2576 "Timer"
I/TaskTracer( 2556): 0 11063835756788 1392885816985285 11063835756787 5 11063835756787
I/TaskTracer( 2556): 4 11063835756788 0x4222a520
I/TaskTracer( 2556): 2 11063835756787 1392885816985407
I/TaskTracer( 2556): 2 10977936411778 1392885816984644
I/TaskTracer( 2556): 0 10977936411779 1392885816989069 11063835756781 5 11063835756782
I/TaskTracer( 2556): 4 10977936411779 0x4223bee0
I/TaskTracer( 2556): 1 10977936411779 1392885816990534 2556 "b2g" 2580 "Compositor"
I/TaskTracer( 2556): 0 11081015626235 1392885816993403 11063835756781 5 10977936411779
I/TaskTracer( 2556): 4 11081015626235 0x42253d60
I/TaskTracer( 2556): 2 10977936411779 1392885816995081
I/TaskTracer( 2556): 1 11081015626235 1392885816995661 2556 "b2g" 2580 "Compositor"
I/TaskTracer( 2556): 3 11063835756782 1392885816998438 "[nsEventDispatcher::Dispatch] Event name: MozAfterPaint"
I/TaskTracer( 2556): 3 11063835756782 1392885816999659 "[nsEventDispatcher::Dispatch] Event name: MozAfterPaint"
I/TaskTracer( 2556): 2 11063835756782 1392885817000391
I/TaskTracer( 2556): 2 11081015626235 1392885817002833
I/TaskTracer( 2556): 3 10977936411755 1392885817004694 "[nsEventDispatcher::Dispatch] Event name: (null)"
I/TaskTracer( 2556): 1 11008001181955 1392885817006098 2556 "b2g" 2556 "main"
I/TaskTracer( 2556): 3 11008001181955 1392885817006647 "RIL"
I/TaskTracer( 2556): 0 10977936411780 1392885817007380 11008001181954 7 11008001181955
I/TaskTracer( 2556): 4 10977936411780 0x4228e7d8
I/TaskTracer( 2556): 1 10977936411780 1392885817008723 2556 "b2g" 2575 "WebWorker 'resource://gre/modules/ril_worker.js'"
I/TaskTracer( 2556): 2 10977936411780 1392885817010554
I/TaskTracer( 2556): 2 11008001181955 1392885817011622
I/TaskTracer( 2556): 1 11008001181957 1392885817012598 2556 "b2g" 2556 "main"
I/TaskTracer( 2556): 3 11008001181957 1392885817013178 "RIL"
I/TaskTracer( 2556): 0 10977936411781 1392885817013819 11008001181956 7 11008001181957
I/TaskTracer( 2556): 4 10977936411781 0x4228e7d8
I/TaskTracer( 2556): 1 10977936411781 1392885817015284 2556 "b2g" 2575 "WebWorker 'resource://gre/modules/ril_worker.js'"
I/TaskTracer( 2556): 0 11059540787317 1392885817019740 11008001181956 7 10977936411781
I/TaskTracer( 2556): 2 11008001181957 1392885817020472
I/TaskTracer( 2556): 1 11008001181959 1392885817021265 2556 "b2g" 2556 "main"
I/TaskTracer( 2556): 3 11008001181959 1392885817022364 "RIL"
I/TaskTracer( 2556): 0 10977936411782 1392885817023096 11008001181958 7 11008001181959
I/TaskTracer( 2556): 4 10977936411782 0x4228e7d8
I/TaskTracer( 2556): 2 11008001181959 1392885817024409
I/TaskTracer( 2556): 1 11008001181961 1392885817025782 2556 "b2g" 2556 "main"
I/TaskTracer( 2556): 3 11008001181961 1392885817026545 "RIL"
I/TaskTracer( 2556): 0 10977936411783 1392885817027705 11008001181960 7 11008001181961
I/TaskTracer( 2556): 4 10977936411783 0x4228e7d8
I/TaskTracer( 2556): 2 11008001181961 1392885817029047
I/TaskTracer( 2556): 1 11008001181963 1392885817029719 2556 "b2g" 2556 "main"
I/TaskTracer( 2556): 3 11008001181963 1392885817030390 "RIL"
I/TaskTracer( 2556): 0 10977936411784 1392885817031153 11008001181962 7 11008001181963
I/TaskTracer( 2556): 4 11059540787317 0x4228f328
I/TaskTracer( 2556): 2 10977936411781 1392885817032618
I/TaskTracer( 2556): 4 10977936411784 0x4228e7d8
I/TaskTracer( 2556): 2 11008001181963 1392885817033839
I/TaskTracer( 2556): 1 10977936411782 1392885817034724 2556 "b2g" 2575 "WebWorker 'resource://gre/modules/ril_worker.js'"
I/TaskTracer( 2556): 1 11063835756784 1392885817034510 2556 "b2g" 2556 "main"
I/TaskTracer( 2556): 0 10977936411785 1392885817037684 11063835756783 5 11063835756784
I/TaskTracer( 2556): 0 11059540787318 1392885817039393 11008001181958 7 10977936411782
I/TaskTracer( 2556): 4 11059540787318 0x42246ca8
I/TaskTracer( 2556): 4 10977936411785 0x422737f0
I/TaskTracer( 2556): 2 11063835756784 1392885817041407
I/TaskTracer( 2556): 0 11059540787319 1392885817042841 11008001181958 7 10977936411782
I/TaskTracer( 2556): 1 11063835756786 1392885817043452 2556 "b2g" 2556 "main"
I/TaskTracer( 2556): 4 11059540787319 0x42246ca8
I/TaskTracer( 2556): 0 11059540787320 1392885817050288 11008001181958 7 10977936411782
I/TaskTracer( 2556): 4 11059540787320 0x42246ca8
I/TaskTracer( 2556): 0 11059540787321 1392885817052973 11008001181958 7 10977936411782
I/TaskTracer( 2556): 4 11059540787321 0x42246ca8
I/TaskTracer( 2556): 0 11059540787322 1392885817054896 11008001181958 7 10977936411782
I/TaskTracer( 2556): 0 11063835756789 1392885817055567 11063835756789 5 11063835756789
I/TaskTracer( 2556): 1 11063835756789 1392885817055872 2556 "b2g" 2576 "Timer"
I/TaskTracer( 2556): 0 11063835756790 1392885817055933 11063835756789 5 11063835756789
I/TaskTracer( 2556): 4 11063835756790 0x4222a520
I/TaskTracer( 2556): 2 11063835756789 1392885817057490
I/TaskTracer( 2556): 4 11059540787322 0x42246ca8
I/TaskTracer( 2556): 0 11059540787323 1392885817059473 11008001181958 7 10977936411782
I/TaskTracer( 2556): 4 11059540787323 0x42246ca8
I/TaskTracer( 2556): 2 10977936411782 1392885817060694
I/TaskTracer( 2556): 1 10977936411783 1392885817061365 2556 "b2g" 2575 "WebWorker 'resource://gre/modules/ril_worker.js'"
I/TaskTracer( 2556): 2 10977936411783 1392885817069788
I/TaskTracer( 2556): 1 10977936411784 1392885817070795 2556 "b2g" 2575 "WebWorker 'resource://gre/modules/ril_worker.js'"
I/TaskTracer( 2556): 2 11063835756786 1392885817075709
I/TaskTracer( 2556): 2 10977936411784 1392885817077418
I/TaskTracer( 2556): 1 11063835756788 1392885817079340 2556 "b2g" 2556 "main"
I/TaskTracer( 2556): 2 11063835756788 1392885817080012
I/TaskTracer( 2556): 1 11059540787317 1392885817080744 2556 "b2g" 2556 "main"
I/TaskTracer( 2556): 3 11059540787317 1392885817081751 "[nsEventDispatcher::Dispatch] Event name: message"
I/TaskTracer( 2556): 2 11059540787317 1392885817082941
I/TaskTracer( 2556): 1 11059540787318 1392885817083552 2556 "b2g" 2556 "main"
I/TaskTracer( 2556): 0 10977936411787 1392885817084223 11008001181958 7 11059540787318
I/TaskTracer( 2556): 4 10977936411787 0x42246dc0
I/TaskTracer( 2556): 1 10977936411787 1392885817085383 2556 "b2g" 2563 "Gecko_IOThread"
I/TaskTracer( 2556): 2 10977936411787 1392885817085505
I/TaskTracer( 2556): 0 11008001181964 1392885817086817 11008001181964 7 11008001181964
I/TaskTracer( 2556): 1 11008001181964 1392885817086939 2556 "b2g" 2563 "Gecko_IOThread"
I/TaskTracer( 2556): 0 11008001181965 1392885817087000 11008001181964 7 11008001181964
I/TaskTracer( 2556): 4 11008001181965 0x42246da0
I/TaskTracer( 2556): 2 11008001181964 1392885817087153
I/TaskTracer( 2556): 2 11059540787318 1392885817088190
I/TaskTracer( 2556): 1 10977936411785 1392885817088892 2556 "b2g" 2556 "main"
I/TaskTracer( 2556): 2 10977936411785 1392885817089686
I/TaskTracer( 2556): 1 11059540787319 1392885817090418 2556 "b2g" 2556 "main"
I/TaskTracer( 2556): 0 10977936411788 1392885817091059 11008001181958 7 11059540787319
I/TaskTracer( 2556): 4 10977936411788 0x42246dc0
I/TaskTracer( 2556): 1 10977936411788 1392885817092188 2556 "b2g" 2563 "Gecko_IOThread"
I/TaskTracer( 2556): 2 10977936411788 1392885817092463
I/TaskTracer( 2556): 0 11008001181966 1392885817093470 11008001181966 7 11008001181966
I/TaskTracer( 2556): 1 11008001181966 1392885817093562 2556 "b2g" 2563 "Gecko_IOThread"
I/TaskTracer( 2556): 0 11008001181967 1392885817093623 11008001181966 7 11008001181966
I/TaskTracer( 2556): 4 11008001181967 0x42246da0
I/TaskTracer( 2556): 2 11008001181966 1392885817093745
I/TaskTracer( 2556): 2 11059540787319 1392885817095026
I/TaskTracer( 2556): 1 11059540787320 1392885817095606 2556 "b2g" 2556 "main"
I/TaskTracer( 2556): 0 10977936411789 1392885817096278 11008001181958 7 11059540787320
I/TaskTracer( 2556): 4 10977936411789 0x42246dc0
I/TaskTracer( 2556): 1 10977936411789 1392885817097742 2556 "b2g" 2563 "Gecko_IOThread"
I/TaskTracer( 2556): 2 10977936411789 1392885817097865
I/TaskTracer( 2556): 0 11008001181968 1392885817098536 11008001181968 7 11008001181968
I/TaskTracer( 2556): 1 11008001181968 1392885817098627 2556 "b2g" 2563 "Gecko_IOThread"
I/TaskTracer( 2556): 0 11008001181969 1392885817098688 11008001181968 7 11008001181968
I/TaskTracer( 2556): 4 11008001181969 0x42246da0
I/TaskTracer( 2556): 2 11008001181968 1392885817098811
I/TaskTracer( 2556): 2 11059540787320 1392885817100092
I/TaskTracer( 2556): 1 11059540787321 1392885817101252 2556 "b2g" 2556 "main"
I/TaskTracer( 2556): 0 10977936411790 1392885817101862 11008001181958 7 11059540787321
I/TaskTracer( 2556): 4 10977936411790 0x42246dc0
I/TaskTracer( 2556): 1 10977936411790 1392885817103419 2556 "b2g" 2563 "Gecko_IOThread"
I/TaskTracer( 2556): 2 10977936411790 1392885817103510
I/TaskTracer( 2556): 0 11008001181970 1392885817104090 11008001181970 7 11008001181970
I/TaskTracer( 2556): 1 11008001181970 1392885817104182 2556 "b2g" 2563 "Gecko_IOThread"
I/TaskTracer( 2556): 0 11008001181971 1392885817104243 11008001181970 7 11008001181970
I/TaskTracer( 2556): 4 11008001181971 0x42246da0
I/TaskTracer( 2556): 2 11008001181970 1392885817104365
I/TaskTracer( 2556): 2 11059540787321 1392885817106776
I/TaskTracer( 2556): 1 11063835756790 1392885817107508 2556 "b2g" 2556 "main"
I/TaskTracer( 2556): 2 11063835756790 1392885817118403
I/TaskTracer( 2688): 3 11549167059116 1392885817118830 "[nsFrameMessageManager::SendAsyncMessage] type:browser-element-api:call"
I/TaskTracer( 2556): 1 11059540787322 1392885817119593 2556 "b2g" 2556 "main"
I/TaskTracer( 2556): 0 10977936411791 1392885817120325 11008001181958 7 11059540787322
I/TaskTracer( 2556): 4 10977936411791 0x42246dc0
I/TaskTracer( 2556): 1 10977936411791 1392885817121333 2556 "b2g" 2563 "Gecko_IOThread"
I/TaskTracer( 2556): 2 10977936411791 1392885817121455
I/TaskTracer( 2556): 0 11063835756791 1392885817121607 11063835756791 5 11063835756791
I/TaskTracer( 2556): 1 11063835756791 1392885817121699 2556 "b2g" 2576 "Timer"
I/TaskTracer( 2556): 0 11063835756792 1392885817121760 11063835756791 5 11063835756791
I/TaskTracer( 2556): 4 11063835756792 0x4222a520
I/TaskTracer( 2556): 2 11063835756791 1392885817121882
I/TaskTracer( 2556): 2 11059540787322 1392885817124110
I/TaskTracer( 2556): 0 11008001181972 1392885817127436 11008001181972 7 11008001181972
I/TaskTracer( 2556): 1 11008001181972 1392885817127528 2556 "b2g" 2563 "Gecko_IOThread"
I/TaskTracer( 2556): 0 11008001181973 1392885817127589 11008001181972 7 11008001181972
I/TaskTracer( 2556): 4 11008001181973 0x42246da0
I/TaskTracer( 2556): 2 11008001181972 1392885817127711
I/TaskTracer( 2556): 1 11059540787323 1392885817129115 2556 "b2g" 2556 "main"
I/TaskTracer( 2556): 0 10977936411792 1392885817129664 11008001181958 7 11059540787323
I/TaskTracer( 2556): 4 10977936411792 0x42246dc0
I/TaskTracer( 2556): 1 10977936411792 1392885817131007 2556 "b2g" 2563 "Gecko_IOThread"
I/TaskTracer( 2556): 2 10977936411792 1392885817131129
I/TaskTracer( 2556): 0 11008001181974 1392885817131770 11008001181974 7 11008001181974
I/TaskTracer( 2556): 1 11008001181974 1392885817131861 2556 "b2g" 2563 "Gecko_IOThread"
I/TaskTracer( 2556): 0 11008001181975 1392885817131922 11008001181974 7 11008001181974
I/TaskTracer( 2556): 4 11008001181975 0x42246da0
I/TaskTracer( 2556): 2 11008001181974 1392885817132105
I/TaskTracer( 2556): 2 11059540787323 1392885817134241
I/TaskTracer( 2556): 1 11008001181965 1392885817135859 2556 "b2g" 2556 "main"
I/TaskTracer( 2556): 3 11008001181965 1392885817136011 "RIL"
I/TaskTracer( 2556): 0 10977936411793 1392885817136134 11008001181964 7 11008001181965
I/TaskTracer( 2556): 4 10977936411793 0x4228e7d8
I/TaskTracer( 2556): 1 10977936411793 1392885817136439 2556 "b2g" 2575 "WebWorker 'resource://gre/modules/ril_worker.js'"
I/TaskTracer( 2556): 2 10977936411793 1392885817137934
I/TaskTracer( 2556): 2 11008001181965 1392885817138270
I/TaskTracer( 2556): 1 11008001181967 1392885817138422 2556 "b2g" 2556 "main"
I/TaskTracer( 2556): 3 11008001181967 1392885817138575 "RIL"
I/TaskTracer( 2556): 0 10977936411794 1392885817138667 11008001181966 7 11008001181967
I/TaskTracer( 2556): 4 10977936411794 0x4228e7d8
I/TaskTracer( 2556): 1 10977936411794 1392885817138972 2556 "b2g" 2575 "WebWorker 'resource://gre/modules/ril_worker.js'"
I/TaskTracer( 2556): 2 11008001181967 1392885817142451
I/TaskTracer( 2556): 1 11008001181969 1392885817142664 2556 "b2g" 2556 "main"
I/TaskTracer( 2556): 3 11008001181969 1392885817142817 "RIL"
I/TaskTracer( 2556): 0 10977936411795 1392885817142939 11008001181968 7 11008001181969
I/TaskTracer( 2556): 4 10977936411795 0x4228e7d8
I/TaskTracer( 2556): 2 11008001181969 1392885817143183
I/TaskTracer( 2556): 1 11008001181971 1392885817143305 2556 "b2g" 2556 "main"
I/TaskTracer( 2556): 3 11008001181971 1392885817143427 "RIL"
I/TaskTracer( 2556): 0 10977936411796 1392885817143549 11008001181970 7 11008001181971
I/TaskTracer( 2556): 4 10977936411796 0x4228e7d8
I/TaskTracer( 2556): 2 11008001181971 1392885817143885
I/TaskTracer( 2556): 1 11063835756792 1392885817144068 2556 "b2g" 2556 "main"
I/TaskTracer( 2556): 2 11063835756792 1392885817144373
I/TaskTracer( 2556): 1 11008001181973 1392885817144587 2556 "b2g" 2556 "main"
I/TaskTracer( 2556): 3 11008001181973 1392885817144740 "RIL"
I/TaskTracer( 2556): 0 10977936411797 1392885817144892 11008001181972 7 11008001181973
I/TaskTracer( 2556): 4 10977936411797 0x4228e7d8
I/TaskTracer( 2556): 2 11008001181973 1392885817145197
I/TaskTracer( 2556): 1 11008001181975 1392885817145380 2556 "b2g" 2556 "main"
I/TaskTracer( 2556): 3 11008001181975 1392885817145533 "RIL"
I/TaskTracer( 2556): 0 10977936411798 1392885817145686 11008001181974 7 11008001181975
I/TaskTracer( 2556): 2 10977936411794 1392885817147211
I/TaskTracer( 2556): 4 10977936411798 0x4228e7d8
I/TaskTracer( 2556): 2 11008001181975 1392885817147639
I/TaskTracer( 2556): 1 10977936411795 1392885817147944 2556 "b2g" 2575 "WebWorker 'resource://gre/modules/ril_worker.js'"
I/TaskTracer( 2556): 2 10977936411795 1392885817150507
I/TaskTracer( 2556): 1 10977936411796 1392885817150813 2556 "b2g" 2575 "WebWorker 'resource://gre/modules/ril_worker.js'"
I/TaskTracer( 2556): 2 10977936411796 1392885817153559
I/TaskTracer( 2556): 1 10977936411797 1392885817153895 2556 "b2g" 2575 "WebWorker 'resource://gre/modules/ril_worker.js'"
I/TaskTracer( 2556): 2 10977936411797 1392885817155054
I/TaskTracer( 2556): 1 10977936411798 1392885817155360 2556 "b2g" 2575 "WebWorker 'resource://gre/modules/ril_worker.js'"
I/TaskTracer( 2556): 0 11059540787324 1392885817157679 11008001181974 7 10977936411798
I/TaskTracer( 2556): 4 11059540787324 0x4228eec0
I/TaskTracer( 2556): 1 11059540787324 1392885817158259 2556 "b2g" 2556 "main"
I/TaskTracer( 2556): 2 11059540787324 1392885817158350
I/TaskTracer( 2556): 0 11063835756793 1392885817158778 11063835756793 5 11063835756793
I/TaskTracer( 2556): 1 11063835756793 1392885817158869 2556 "b2g" 2576 "Timer"
I/TaskTracer( 2556): 0 11063835756794 1392885817158930 11063835756793 5 11063835756793
I/TaskTracer( 2556): 4 11063835756794 0x4228efc0
I/TaskTracer( 2556): 2 11063835756793 1392885817159052
I/TaskTracer( 2556): 2 10977936411798 1392885817160883
I/TaskTracer( 2556): 0 11042360918239 1392885817167048 11042360918239 8 11042360918239
I/TaskTracer( 2556): 1 11042360918239 1392885817167139 2556 "b2g" 2571 "wlan0"
I/TaskTracer( 2556): 3 11042360918239 1392885817167231 "wlan0 CTRL-EVENT-BSS-ADDED 49 3c:94:d5:7b:87:46"
I/TaskTracer( 2556): 0 11042360918240 1392885817167292 11042360918239 8 11042360918239
I/TaskTracer( 2556): 4 11042360918240 0x4226a590
I/TaskTracer( 2556): 2 11042360918239 1392885817167445
I/TaskTracer( 2556): 2 10977936411748 1392885817167506
I/TaskTracer( 2556): 3 11008001181976 1392885817170954 "[nsEventDispatcher::Dispatch] Event name: (null)"
I/TaskTracer( 2556): 1 11042360918240 1392885817171503 2556 "b2g" 2556 "main"
I/TaskTracer( 2556): 0 10977936411801 1392885817171961 11042360918239 8 11042360918240
I/TaskTracer( 2556): 4 10977936411801 0x4226a570
I/TaskTracer( 2556): 1 10977936411801 1392885817172511 2556 "b2g" 2571 "wlan0"
I/TaskTracer( 2556): 0 11042360918241 1392885817172633 11042360918241 8 11042360918241
I/TaskTracer( 2556): 1 11042360918241 1392885817172694 2556 "b2g" 2571 "wlan0"
I/TaskTracer( 2556): 3 11042360918241 1392885817172755 "wlan0 CTRL-EVENT-BSS-ADDED 50 bc:ae:c5:c4:22:44"
I/TaskTracer( 2556): 0 11042360918242 1392885817173182 11042360918241 8 11042360918241
I/TaskTracer( 2556): 4 11042360918242 0x4226a590
I/TaskTracer( 2556): 2 11042360918241 1392885817173304
I/TaskTracer( 2556): 2 10977936411801 1392885817173365
I/TaskTracer( 2556): 2 11042360918240 1392885817173731
I/TaskTracer( 2556): 1 11063835756794 1392885817173914 2556 "b2g" 2575 "WebWorker 'resource://gre/modules/ril_worker.js'"
I/TaskTracer( 2556): 1 11042360918242 1392885817174647 2556 "b2g" 2556 "main"
I/TaskTracer( 2556): 0 11059540787325 1392885817175074 11063835756793 5 11063835756794
I/TaskTracer( 2556): 4 11059540787325 0x4228f328
I/TaskTracer( 2556): 0 11059540787326 1392885817175562 11063835756793 5 11063835756794
I/TaskTracer( 2556): 4 11059540787326 0x4228eec0
I/TaskTracer( 2556): 2 11063835756794 1392885817175928
I/TaskTracer( 2556): 0 10977936411802 1392885817176264 11042360918241 8 11042360918242
I/TaskTracer( 2556): 4 10977936411802 0x4226a570
I/TaskTracer( 2556): 1 10977936411802 1392885817176783 2556 "b2g" 2571 "wlan0"
I/TaskTracer( 2556): 0 11042360918243 1392885817176905 11042360918243 8 11042360918243
I/TaskTracer( 2556): 1 11042360918243 1392885817176997 2556 "b2g" 2571 "wlan0"
I/TaskTracer( 2556): 3 11042360918243 1392885817177058 "wlan0 CTRL-EVENT-BSS-ADDED 51 3c:94:d5:7b:87:48"
I/TaskTracer( 2556): 0 11042360918244 1392885817177119 11042360918243 8 11042360918243
I/TaskTracer( 2556): 4 11042360918244 0x4226a590
I/TaskTracer( 2556): 2 11042360918243 1392885817177241
I/TaskTracer( 2556): 2 10977936411802 1392885817177271
I/TaskTracer( 2556): 2 11042360918242 1392885817177882
I/TaskTracer( 2556): 1 11059540787325 1392885817178095 2556 "b2g" 2556 "main"
I/TaskTracer( 2556): 3 11059540787325 1392885817178492 "[nsEventDispatcher::Dispatch] Event name: message"
I/TaskTracer( 2556): 3 11059540787325 1392885817179224 "[nsFrameMessageManager::SendAsyncMessage] type:RIL:VoiceInfoChanged"
I/TaskTracer( 2556): 0 10977936411803 1392885817179713 11063835756793 5 11059540787325
I/TaskTracer( 2556): 4 10977936411803 0x4229a628
I/TaskTracer( 2556): 3 11059540787325 1392885817180201 "[nsFrameMessageManager::SendAsyncMessage] type:RIL:VoiceInfoChanged"
I/TaskTracer( 2556): 0 10977936411804 1392885817180506 11063835756793 5 11059540787325
I/TaskTracer( 2556): 0 11063835756795 1392885817180750 11063835756795 5 11063835756795
I/TaskTracer( 2556): 1 11063835756795 1392885817180842 2556 "b2g" 2576 "Timer"
I/TaskTracer( 2556): 0 11063835756796 1392885817180903 11063835756795 5 11063835756795
I/TaskTracer( 2556): 4 11063835756796 0x4222a520
I/TaskTracer( 2556): 2 11063835756795 1392885817181025
I/TaskTracer( 2556): 4 10977936411804 0x4223bf40
I/TaskTracer( 2556): 1 10977936411804 1392885817181635 2556 "b2g" 2563 "Gecko_IOThread"
I/TaskTracer( 2556): 2 10977936411804 1392885817181757
I/TaskTracer( 2718): 0 11678016078456 1392885817181940 11063835756793 5 10977936411804
I/TaskTracer( 2718): 4 11678016078456 0x41bb5ee0
I/TaskTracer( 2718): 0 11678016078457 1392885817182063 11063835756793 5 10977936411804
I/TaskTracer( 2718): 4 11678016078457 0x41bb6080
I/TaskTracer( 2718): 1 11678016078457 1392885817182368 2718 "Settings" 2718 "main"
I/TaskTracer( 2718): 1 11678016078456 1392885817182459 2718 "Settings" 2718 "main"
I/TaskTracer( 2718): 3 11678016078456 1392885817183436 "[nsEventDispatcher::Dispatch] Event name: (null)"
I/TaskTracer( 2718): 2 11678016078456 1392885817183619
I/TaskTracer( 2718): 2 11678016078457 1392885817183680
I/TaskTracer( 2556): 3 11059540787325 1392885817184870 "[nsFrameMessageManager::SendAsyncMessage] type:RIL:VoiceInfoChanged"
I/TaskTracer( 2556): 0 10977936411805 1392885817185236 11063835756793 5 11059540787325
I/TaskTracer( 2556): 4 10977936411805 0x4223bf40
I/TaskTracer( 2556): 1 10977936411805 1392885817185664 2556 "b2g" 2563 "Gecko_IOThread"
I/TaskTracer( 2556): 2 10977936411805 1392885817185786
I/TaskTracer( 2609): 0 11209864642718 1392885817185938 11063835756793 5 10977936411805
I/TaskTracer( 2609): 4 11209864642718 0x41bb5ee0
I/TaskTracer( 2609): 0 11209864642719 1392885817186060 11063835756793 5 10977936411805
I/TaskTracer( 2609): 4 11209864642719 0x41bb6080
I/TaskTracer( 2609): 1 11209864642719 1392885817186304 2609 "Usage" 2609 "main"
I/TaskTracer( 2609): 1 11209864642718 1392885817186365 2609 "Usage" 2609 "main"
I/TaskTracer( 2609): 3 11209864642718 1392885817187708 "[nsEventDispatcher::Dispatch] Event name: (null)"
I/TaskTracer( 2609): 2 11209864642718 1392885817187922
I/TaskTracer( 2609): 2 11209864642719 1392885817187983
I/TaskTracer( 2556): 3 11059540787325 1392885817189204 "[nsFrameMessageManager::SendAsyncMessage] type:RIL:DataInfoChanged"
I/TaskTracer( 2556): 0 10977936411806 1392885817189844 11063835756793 5 11059540787325
I/TaskTracer( 2556): 4 10977936411806 0x4229a628
I/TaskTracer( 2556): 3 11059540787325 1392885817190394 "[nsFrameMessageManager::SendAsyncMessage] type:RIL:DataInfoChanged"
I/TaskTracer( 2556): 0 10977936411807 1392885817190699 11063835756793 5 11059540787325
I/TaskTracer( 2556): 4 10977936411807 0x4223bf40
I/TaskTracer( 2556): 1 10977936411807 1392885817191126 2556 "b2g" 2563 "Gecko_IOThread"
I/TaskTracer( 2556): 2 10977936411807 1392885817191248
I/TaskTracer( 2556): 3 11059540787325 1392885817191645 "[nsFrameMessageManager::SendAsyncMessage] type:RIL:DataInfoChanged"
I/TaskTracer( 2556): 0 10977936411808 1392885817191950 11063835756793 5 11059540787325
I/TaskTracer( 2556): 4 10977936411808 0x4223bf40
I/TaskTracer( 2556): 1 10977936411808 1392885817192438 2556 "b2g" 2563 "Gecko_IOThread"
I/TaskTracer( 2556): 2 10977936411808 1392885817192561
I/TaskTracer( 2556): 2 11059540787325 1392885817192957
I/TaskTracer( 2556): 1 11059540787326 1392885817193293 2556 "b2g" 2556 "main"
I/TaskTracer( 2556): 2 11059540787326 1392885817193537
I/TaskTracer( 2556): 1 11042360918244 1392885817193751 2556 "b2g" 2556 "main"
I/TaskTracer( 2556): 0 10977936411809 1392885817194147 11042360918243 8 11042360918244
I/TaskTracer( 2556): 4 10977936411809 0x4226a570
I/TaskTracer( 2556): 1 10977936411809 1392885817194544 2556 "b2g" 2571 "wlan0"
I/TaskTracer( 2556): 0 11042360918245 1392885817194697 11042360918245 8 11042360918245
I/TaskTracer( 2556): 1 11042360918245 1392885817194758 2556 "b2g" 2571 "wlan0"
I/TaskTracer( 2556): 3 11042360918245 1392885817194819 "wlan0 CTRL-EVENT-BSS-ADDED 52 00:24:01:a1:8e:e5"
I/TaskTracer( 2556): 0 11042360918246 1392885817194880 11042360918245 8 11042360918245
I/TaskTracer( 2556): 4 11042360918246 0x4226a590
I/TaskTracer( 2556): 2 11042360918245 1392885817195032
I/TaskTracer( 2556): 2 10977936411809 1392885817195063
I/TaskTracer( 2556): 2 11042360918244 1392885817195734
I/TaskTracer( 2556): 1 10977936411803 1392885817195979 2556 "b2g" 2556 "main"
I/TaskTracer( 2556): 3 10977936411803 1392885817197260 "[nsEventDispatcher::Dispatch] Event name: (null)"
I/TaskTracer( 2556): 0 11063835756797 1392885817216334 11063835756797 5 11063835756797
I/TaskTracer( 2556): 1 11063835756797 1392885817216456 2556 "b2g" 2576 "Timer"
I/TaskTracer( 2556): 0 11063835756798 1392885817216547 11063835756797 5 11063835756797
I/TaskTracer( 2556): 4 11063835756798 0x4222a520
I/TaskTracer( 2556): 2 11063835756797 1392885817216669
I/TaskTracer( 2556): 2 10977936411803 1392885817226710
I/TaskTracer( 2556): 1 11063835756796 1392885817226923 2556 "b2g" 2556 "main"
I/TaskTracer( 2556): 2 11063835756796 1392885817227015
I/TaskTracer( 2556): 1 10977936411806 1392885817227106 2556 "b2g" 2556 "main"
I/TaskTracer( 2556): 3 10977936411806 1392885817227808 "[nsEventDispatcher::Dispatch] Event name: (null)"
I/TaskTracer( 2556): 2 10977936411806 1392885817230891
I/TaskTracer( 2556): 1 11042360918246 1392885817231043 2556 "b2g" 2556 "main"
I/TaskTracer( 2556): 0 10977936411810 1392885817231287 11042360918245 8 11042360918246
I/TaskTracer( 2556): 4 10977936411810 0x4226a570
I/TaskTracer( 2556): 1 10977936411810 1392885817231470 2556 "b2g" 2571 "wlan0"
I/TaskTracer( 2556): 0 11042360918247 1392885817231593 11042360918247 8 11042360918247
I/TaskTracer( 2556): 1 11042360918247 1392885817231684 2556 "b2g" 2571 "wlan0"
I/TaskTracer( 2556): 3 11042360918247 1392885817231745 "wlan0 CTRL-EVENT-BSS-ADDED 53 3c:94:d5:7c:11:82"
I/TaskTracer( 2556): 0 11042360918248 1392885817231806 11042360918247 8 11042360918247
I/TaskTracer( 2556): 4 11042360918248 0x4226a590
I/TaskTracer( 2556): 2 11042360918247 1392885817231928
I/TaskTracer( 2556): 2 10977936411810 1392885817231989
I/TaskTracer( 2556): 0 11063835756799 1392885817251978 11063835756799 5 11063835756799
I/TaskTracer( 2556): 1 11063835756799 1392885817252070 2556 "b2g" 2576 "Timer"
I/TaskTracer( 2556): 0 11063835756800 1392885817252131 11063835756799 5 11063835756799
I/TaskTracer( 2556): 4 11063835756800 0x4222a520
I/TaskTracer( 2556): 2 11063835756799 1392885817252253
I/TaskTracer( 2556): 2 11042360918246 1392885817257532
I/TaskTracer( 2556): 1 11063835756798 1392885817258326 2556 "b2g" 2556 "main"
I/TaskTracer( 2609): 0 11209864642720 1392885817262446 11063835756793 5 10977936411808
I/TaskTracer( 2556): 0 11063835756801 1392885817266322 11063835756801 5 11063835756801
I/TaskTracer( 2556): 1 11063835756801 1392885817266444 2556 "b2g" 2576 "Timer"
I/TaskTracer( 2556): 0 11063835756802 1392885817266505 11063835756801 5 11063835756801
I/TaskTracer( 2556): 4 11063835756802 0x4222a520
I/TaskTracer( 2556): 2 11063835756801 1392885817266657
I/TaskTracer( 2556): 2 11063835756798 1392885817270502
I/TaskTracer( 2556): 1 11042360918248 1392885817271296 2556 "b2g" 2556 "main"
I/TaskTracer( 2556): 0 10977936411811 1392885817272669 11042360918247 8 11042360918248
I/TaskTracer( 2556): 4 10977936411811 0x4226a570
I/TaskTracer( 2556): 1 10977936411811 1392885817273737 2556 "b2g" 2571 "wlan0"
I/TaskTracer( 2556): 0 11042360918249 1392885817273859 11042360918249 8 11042360918249
I/TaskTracer( 2556): 1 11042360918249 1392885817273951 2556 "b2g" 2571 "wlan0"
I/TaskTracer( 2556): 3 11042360918249 1392885817274012 "wlan0 CTRL-EVENT-BSS-ADDED 54 3c:94:d5:7b:87:42"
I/TaskTracer( 2556): 0 11042360918250 1392885817274073 11042360918249 8 11042360918249
I/TaskTracer( 2556): 4 11042360918250 0x4226a590
I/TaskTracer( 2556): 2 11042360918249 1392885817274195
I/TaskTracer( 2556): 2 10977936411811 1392885817274256
I/TaskTracer( 2556): 2 11042360918248 1392885817275843
I/TaskTracer( 2556): 1 11063835756800 1392885817276667 2556 "b2g" 2556 "main"
I/TaskTracer( 2556): 2 11063835756800 1392885817277308
I/TaskTracer( 2556): 1 11063835756802 1392885817277949 2556 "b2g" 2556 "main"
I/TaskTracer( 2718): 0 11678016078458 1392885817263270 11063835756793 5 10977936411807
I/TaskTracer( 2556): 0 11063835756803 1392885817282801 11063835756803 5 11063835756803
I/TaskTracer( 2556): 1 11063835756803 1392885817282893 2556 "b2g" 2576 "Timer"
I/TaskTracer( 2556): 0 11063835756804 1392885817282954 11063835756803 5 11063835756803
I/TaskTracer( 2556): 4 11063835756804 0x4222a520
I/TaskTracer( 2556): 2 11063835756803 1392885817283076
I/TaskTracer( 2609): 4 11209864642720 0x41bb5ee0
I/TaskTracer( 2718): 4 11678016078458 0x41bb5ee0
I/TaskTracer( 2609): 0 11209864642721 1392885817292323 11063835756793 5 10977936411808
I/TaskTracer( 2556): 0 10977936411812 1392885817296442 11063835756801 5 11063835756802
I/TaskTracer( 2556): 0 11063835756805 1392885817297327 11063835756805 5 11063835756805
I/TaskTracer( 2556): 1 11063835756805 1392885817297419 2556 "b2g" 2576 "Timer"
I/TaskTracer( 2556): 0 11063835756806 1392885817297511 11063835756805 5 11063835756805
I/TaskTracer( 2556): 4 11063835756806 0x4222a520
I/TaskTracer( 2556): 2 11063835756805 1392885817297633
I/TaskTracer( 2718): 0 11678016078459 1392885817298823 11063835756793 5 10977936411807
I/TaskTracer( 2556): 4 10977936411812 0x4223bee0
I/TaskTracer( 2556): 1 10977936411812 1392885817299677 2556 "b2g" 2580 "Compositor"
I/TaskTracer( 2556): 0 11081015626236 1392885817301112 11063835756801 5 10977936411812
I/TaskTracer( 2556): 4 11081015626236 0x42253d60
I/TaskTracer( 2556): 2 10977936411812 1392885817301325
I/TaskTracer( 2556): 1 11081015626236 1392885817301386 2556 "b2g" 2580 "Compositor"
I/TaskTracer( 2556): 3 11063835756802 1392885817304804 "[nsEventDispatcher::Dispatch] Event name: MozAfterPaint"
I/TaskTracer( 2556): 3 11063835756802 1392885817305720 "[nsEventDispatcher::Dispatch] Event name: MozAfterPaint"
I/TaskTracer( 2556): 2 11063835756802 1392885817306635
I/TaskTracer( 2556): 1 11042360918250 1392885817307795 2556 "b2g" 2556 "main"
I/TaskTracer( 2556): 2 11081015626236 1392885817309199
I/TaskTracer( 2556): 0 10977936411813 1392885817310023 11042360918249 8 11042360918250
I/TaskTracer( 2556): 4 10977936411813 0x4226a570
I/TaskTracer( 2556): 1 10977936411813 1392885817311365 2556 "b2g" 2571 "wlan0"
I/TaskTracer( 2556): 0 11042360918251 1392885817311549 11042360918251 8 11042360918251
I/TaskTracer( 2556): 1 11042360918251 1392885817311610 2556 "b2g" 2571 "wlan0"
I/TaskTracer( 2556): 3 11042360918251 1392885817311671 "wlan0 CTRL-EVENT-BSS-ADDED 55 3c:94:d5:7c:11:88"
I/TaskTracer( 2556): 0 11042360918252 1392885817311762 11042360918251 8 11042360918251
I/TaskTracer( 2556): 4 11042360918252 0x4226a590
I/TaskTracer( 2556): 2 11042360918251 1392885817311915
I/TaskTracer( 2556): 2 10977936411813 1392885817311945
I/TaskTracer( 2556): 2 11042360918250 1392885817313929
I/TaskTracer( 2556): 1 11063835756804 1392885817314600 2556 "b2g" 2556 "main"
I/TaskTracer( 2556): 2 11063835756804 1392885817315546
I/TaskTracer( 2556): 1 11063835756806 1392885817316126 2556 "b2g" 2556 "main"
I/TaskTracer( 2556): 2 11063835756806 1392885817316828
I/TaskTracer( 2556): 1 11042360918252 1392885817317500 2556 "b2g" 2556 "main"
I/TaskTracer( 2556): 0 10977936411814 1392885817318293 11042360918251 8 11042360918252
I/TaskTracer( 2556): 4 10977936411814 0x4226a570
I/TaskTracer( 2556): 1 10977936411814 1392885817319605 2556 "b2g" 2571 "wlan0"
I/TaskTracer( 2556): 0 11042360918253 1392885817319758 11042360918253 8 11042360918253
I/TaskTracer( 2556): 1 11042360918253 1392885817319819 2556 "b2g" 2571 "wlan0"
I/TaskTracer( 2556): 3 11042360918253 1392885817319880 "wlan0 CTRL-EVENT-BSS-ADDED 56 3c:94:d5:7c:11:80"
I/TaskTracer( 2556): 0 11042360918254 1392885817319971 11042360918253 8 11042360918253
I/TaskTracer( 2556): 4 11042360918254 0x4226a590
I/TaskTracer( 2556): 2 11042360918253 1392885817320063
I/TaskTracer( 2556): 2 10977936411814 1392885817320124
I/TaskTracer( 2556): 2 11042360918252 1392885817321497
I/TaskTracer( 2556): 1 11042360918254 1392885817322382 2556 "b2g" 2556 "main"
I/TaskTracer( 2556): 0 10977936411815 1392885817323115 11042360918253 8 11042360918254
I/TaskTracer( 2556): 4 10977936411815 0x4226a570
I/TaskTracer( 2556): 1 10977936411815 1392885817324274 2556 "b2g" 2571 "wlan0"
I/TaskTracer( 2556): 0 11042360918255 1392885817324397 11042360918255 8 11042360918255
I/TaskTracer( 2556): 1 11042360918255 1392885817324488 2556 "b2g" 2571 "wlan0"
I/TaskTracer( 2556): 3 11042360918255 1392885817324549 "wlan0 CTRL-EVENT-BSS-ADDED 57 3c:94:d5:76:17:46"
I/TaskTracer( 2556): 0 11042360918256 1392885817324610 11042360918255 8 11042360918255
I/TaskTracer( 2556): 4 11042360918256 0x4226a590
I/TaskTracer( 2556): 2 11042360918255 1392885817324732
I/TaskTracer( 2556): 2 10977936411815 1392885817324763
I/TaskTracer( 2556): 2 11042360918254 1392885817326136
I/TaskTracer( 2718): 4 11678016078459 0x41bb6080
