I/TaskTracer( 2633): 3 11308648890486 1392875654972193 "[nsEventDispatcher::Dispatch] Event name: beforescriptexecute"
I/TaskTracer( 2633): 3 11308648890486 1392875654987757 "[nsEventDispatcher::Dispatch] Event name: afterscriptexecute"
I/TaskTracer( 2633): 3 11308648890486 1392875654988062 "[nsEventDispatcher::Dispatch] Event name: load"
I/TaskTracer( 2633): 3 11308648890486 1392875654988703 "[nsEventDispatcher::Dispatch] Event name: beforescriptexecute"
I/TaskTracer( 2633): 3 11308648890486 1392875654991389 "[nsEventDispatcher::Dispatch] Event name: afterscriptexecute"
I/TaskTracer( 2633): 3 11308648890486 1392875654992030 "[nsEventDispatcher::Dispatch] Event name: load"
I/TaskTracer( 2633): 3 11308648890486 1392875654992640 "[nsEventDispatcher::Dispatch] Event name: beforescriptexecute"
I/TaskTracer( 2633): 3 11308648890486 1392875654994624 "[nsEventDispatcher::Dispatch] Event name: afterscriptexecute"
I/TaskTracer( 2633): 3 11308648890486 1392875654995203 "[nsEventDispatcher::Dispatch] Event name: load"
I/TaskTracer( 2633): 3 11308648890486 1392875654995753 "[nsEventDispatcher::Dispatch] Event name: beforescriptexecute"
I/TaskTracer( 2633): 3 11308648890486 1392875655000361 "[nsEventDispatcher::Dispatch] Event name: afterscriptexecute"
I/TaskTracer( 2633): 3 11308648890486 1392875655001002 "[nsEventDispatcher::Dispatch] Event name: load"
I/TaskTracer( 2633): 3 11308648890486 1392875655001551 "[nsEventDispatcher::Dispatch] Event name: beforescriptexecute"
I/TaskTracer( 2633): 3 11308648890486 1392875655018366 "[nsEventDispatcher::Dispatch] Event name: afterscriptexecute"
I/TaskTracer( 2633): 3 11308648890486 1392875655018671 "[nsEventDispatcher::Dispatch] Event name: load"
I/TaskTracer( 2633): 3 11308648890486 1392875655019312 "[nsEventDispatcher::Dispatch] Event name: beforescriptexecute"
I/TaskTracer( 2633): 0 11347303596063 1392875655023280 11347303596063 5 11347303596063
I/TaskTracer( 2633): 1 11347303596063 1392875655023371 2633 "(Preallocated app)" 2642 "Timer"
I/TaskTracer( 2633): 0 11347303596064 1392875655023463 11347303596063 5 11347303596063
I/TaskTracer( 2633): 4 11347303596064 0x41ba4520
I/TaskTracer( 2633): 2 11347303596063 1392875655023585
I/TaskTracer( 2633): 3 11308648890486 1392875655028010 "[nsEventDispatcher::Dispatch] Event name: afterscriptexecute"
I/TaskTracer( 2633): 3 11308648890486 1392875655028712 "[nsEventDispatcher::Dispatch] Event name: load"
I/TaskTracer( 2633): 3 11308648890486 1392875655029230 "[nsEventDispatcher::Dispatch] Event name: beforescriptexecute"
I/TaskTracer( 2633): 3 11308648890486 1392875655038630 "[nsEventDispatcher::Dispatch] Event name: afterscriptexecute"
I/TaskTracer( 2633): 3 11308648890486 1392875655038874 "[nsEventDispatcher::Dispatch] Event name: load"
I/TaskTracer( 2633): 3 11308648890486 1392875655039484 "[nsEventDispatcher::Dispatch] Event name: beforescriptexecute"
I/TaskTracer( 2633): 3 11308648890486 1392875655045374 "[nsEventDispatcher::Dispatch] Event name: (null)"
I/TaskTracer( 2633): 3 11308648890486 1392875655047144 "[nsEventDispatcher::Dispatch] Event name: loadstart"
I/TaskTracer( 2633): 3 11308648890486 1392875655048212 "[nsEventDispatcher::Dispatch] Event name: afterscriptexecute"
I/TaskTracer( 2633): 3 11308648890486 1392875655048670 "[nsEventDispatcher::Dispatch] Event name: load"
I/TaskTracer( 2633): 3 11308648890492 1392875655050135 "[nsEventDispatcher::Dispatch] Event name: (null)"
I/TaskTracer( 2633): 1 11347303596062 1392875655052821 2633 "Homescreen" 2633 "main"
I/TaskTracer( 2633): 0 11347303596065 1392875655053431 11347303596065 5 11347303596065
I/TaskTracer( 2633): 1 11347303596065 1392875655053522 2633 "(Preallocated app)" 2642 "Timer"
I/TaskTracer( 2633): 0 11347303596066 1392875655053614 11347303596065 5 11347303596065
I/TaskTracer( 2633): 4 11347303596066 0x41ba4520
I/TaskTracer( 2633): 2 11347303596065 1392875655053767
I/TaskTracer( 2633): 3 11347303596062 1392875655070368 "[nsEventDispatcher::Dispatch] Event name: MozScrolledAreaChanged"
I/TaskTracer( 2633): 0 11347303596067 1392875655072535 11347303596067 5 11347303596067
I/TaskTracer( 2633): 1 11347303596067 1392875655072626 2633 "(Preallocated app)" 2642 "Timer"
I/TaskTracer( 2633): 0 11347303596068 1392875655072718 11347303596067 5 11347303596067
I/TaskTracer( 2633): 4 11347303596068 0x41ba4520
I/TaskTracer( 2633): 2 11347303596067 1392875655072840
I/TaskTracer( 2633): 0 11347303596069 1392875655074488 11347303596069 5 11347303596069
I/TaskTracer( 2633): 1 11347303596069 1392875655074580 2633 "(Preallocated app)" 2642 "Timer"
I/TaskTracer( 2633): 0 11347303596070 1392875655074641 11347303596069 5 11347303596069
I/TaskTracer( 2633): 4 11347303596070 0x41ba4520
I/TaskTracer( 2633): 2 11347303596069 1392875655074763
I/TaskTracer( 2633): 0 11347303596071 1392875655075587 11347303596071 5 11347303596071
I/TaskTracer( 2633): 1 11347303596071 1392875655075678 2633 "(Preallocated app)" 2642 "Timer"
I/TaskTracer( 2633): 0 11347303596072 1392875655075770 11347303596071 5 11347303596071
I/TaskTracer( 2633): 4 11347303596072 0x41ba4520
I/TaskTracer( 2633): 2 11347303596071 1392875655075861
I/TaskTracer( 2633): 0 11347303596073 1392875655076716 11347303596073 5 11347303596073
I/TaskTracer( 2633): 1 11347303596073 1392875655076807 2633 "(Preallocated app)" 2642 "Timer"
I/TaskTracer( 2633): 0 11347303596074 1392875655076899 11347303596073 5 11347303596073
I/TaskTracer( 2633): 4 11347303596074 0x41ba4520
I/TaskTracer( 2633): 2 11347303596073 1392875655076991
I/TaskTracer( 2633): 0 11347303596075 1392875655077906 11347303596075 5 11347303596075
I/TaskTracer( 2633): 1 11347303596075 1392875655077998 2633 "(Preallocated app)" 2642 "Timer"
I/TaskTracer( 2633): 0 11347303596076 1392875655078059 11347303596075 5 11347303596075
I/TaskTracer( 2633): 4 11347303596076 0x41ba4520
I/TaskTracer( 2633): 2 11347303596075 1392875655078181
I/TaskTracer( 2633): 0 11347303596077 1392875655079554 11347303596077 5 11347303596077
I/TaskTracer( 2633): 1 11347303596077 1392875655079646 2633 "(Preallocated app)" 2642 "Timer"
I/TaskTracer( 2633): 0 11347303596078 1392875655079707 11347303596077 5 11347303596077
I/TaskTracer( 2633): 4 11347303596078 0x41ba4520
I/TaskTracer( 2633): 2 11347303596077 1392875655079829
I/TaskTracer( 2633): 0 11347303596079 1392875655080531 11347303596079 5 11347303596079
I/TaskTracer( 2633): 1 11347303596079 1392875655080622 2633 "(Preallocated app)" 2642 "Timer"
I/TaskTracer( 2633): 0 11347303596080 1392875655080683 11347303596079 5 11347303596079
I/TaskTracer( 2633): 4 11347303596080 0x41ba4520
I/TaskTracer( 2633): 2 11347303596079 1392875655080836
I/TaskTracer( 2633): 0 11347303596081 1392875655081599 11347303596081 5 11347303596081
I/TaskTracer( 2633): 1 11347303596081 1392875655081995 2633 "(Preallocated app)" 2642 "Timer"
I/TaskTracer( 2633): 0 11347303596082 1392875655082087 11347303596081 5 11347303596081
I/TaskTracer( 2633): 4 11347303596082 0x41ba4520
I/TaskTracer( 2633): 2 11347303596081 1392875655082209
I/TaskTracer( 2633): 0 11308648890506 1392875655086329 11347303596061 5 11347303596062
I/TaskTracer( 2633): 4 11308648890506 0x41bb5f40
I/TaskTracer( 2633): 1 11308648890506 1392875655087366 2633 "Homescreen" 2634 "Chrome_ChildThread"
I/TaskTracer( 2633): 2 11308648890506 1392875655087489
I/TaskTracer( 2556): 0 11008001179868 1392875655087672 11347303596061 5 11308648890506
I/TaskTracer( 2556): 4 11008001179868 0x4223bee0
I/TaskTracer( 2556): 1 11008001179868 1392875655087885 2556 "b2g" 2580 "Compositor"
I/TaskTracer( 2556): 2 11008001179868 1392875655088007
I/TaskTracer( 2633): 0 11308648890507 1392875655089472 11347303596061 5 11347303596062
I/TaskTracer( 2633): 4 11308648890507 0x41bb5f40
I/TaskTracer( 2633): 1 11308648890507 1392875655090113 2633 "Homescreen" 2634 "Chrome_ChildThread"
I/TaskTracer( 2633): 2 11308648890507 1392875655090235
I/TaskTracer( 2556): 0 11008001179869 1392875655090357 11347303596061 5 11308648890507
I/TaskTracer( 2556): 4 11008001179869 0x4223bee0
I/TaskTracer( 2556): 1 11008001179869 1392875655090632 2556 "b2g" 2580 "Compositor"
I/TaskTracer( 2556): 0 11081015623763 1392875655090876 11347303596061 5 11008001179869
I/TaskTracer( 2556): 4 11081015623763 0x42253d60
I/TaskTracer( 2556): 2 11008001179869 1392875655090998
I/TaskTracer( 2556): 1 11081015623763 1392875655091090 2556 "b2g" 2580 "Compositor"
I/TaskTracer( 2633): 0 11308648890508 1392875655093775 11347303596061 5 11347303596062
I/TaskTracer( 2633): 4 11308648890508 0x41bb5f40
I/TaskTracer( 2633): 1 11308648890508 1392875655094630 2633 "Homescreen" 2634 "Chrome_ChildThread"
I/TaskTracer( 2633): 2 11308648890508 1392875655094721
I/TaskTracer( 2556): 0 11008001179870 1392875655094935 11347303596061 5 11308648890508
I/TaskTracer( 2556): 4 11008001179870 0x4223bee0
I/TaskTracer( 2633): 3 11347303596062 1392875655096400 "[nsEventDispatcher::Dispatch] Event name: MozAfterPaint"
I/TaskTracer( 2556): 2 11081015623763 1392875655098627
I/TaskTracer( 2556): 1 11008001179870 1392875655098750 2556 "b2g" 2580 "Compositor"
I/TaskTracer( 2556): 2 11008001179870 1392875655098872
I/TaskTracer( 2633): 3 11347303596062 1392875655100733 "[nsFrameMessageManager::SendAsyncMessage] type:browser-element-api:call"
I/TaskTracer( 2633): 0 11308648890509 1392875655101313 11347303596061 5 11347303596062
I/TaskTracer( 2633): 4 11308648890509 0x41bb5f40
I/TaskTracer( 2633): 1 11308648890509 1392875655102015 2633 "Homescreen" 2634 "Chrome_ChildThread"
I/TaskTracer( 2633): 2 11308648890509 1392875655102137
I/TaskTracer( 2556): 0 11008001179871 1392875655102381 11347303596061 5 11308648890509
I/TaskTracer( 2556): 4 11008001179871 0x4223bee0
I/TaskTracer( 2556): 0 11008001179872 1392875655102503 11347303596061 5 11308648890509
I/TaskTracer( 2556): 4 11008001179872 0x4223c080
I/TaskTracer( 2556): 1 11008001179872 1392875655102778 2556 "b2g" 2556 "main"
I/TaskTracer( 2556): 1 11008001179871 1392875655102869 2556 "b2g" 2556 "main"
I/TaskTracer( 2556): 3 11008001179871 1392875655104121 "[nsEventDispatcher::Dispatch] Event name: (null)"
I/TaskTracer( 2556): 2 11008001179871 1392875655104395
I/TaskTracer( 2556): 2 11008001179872 1392875655104456
I/TaskTracer( 2633): 3 11347303596062 1392875655106684 "[nsFrameMessageManager::SendAsyncMessage] type:browser-element-api:call"
I/TaskTracer( 2633): 0 11308648890510 1392875655107203 11347303596061 5 11347303596062
I/TaskTracer( 2633): 4 11308648890510 0x41bb5f40
I/TaskTracer( 2633): 1 11308648890510 1392875655107935 2633 "Homescreen" 2634 "Chrome_ChildThread"
I/TaskTracer( 2633): 2 11308648890510 1392875655108057
I/TaskTracer( 2556): 0 11008001179873 1392875655108241 11347303596061 5 11308648890510
I/TaskTracer( 2556): 4 11008001179873 0x4223bee0
I/TaskTracer( 2556): 0 11008001179874 1392875655108363 11347303596061 5 11308648890510
I/TaskTracer( 2556): 4 11008001179874 0x4223c080
I/TaskTracer( 2556): 1 11008001179874 1392875655109400 2556 "b2g" 2556 "main"
I/TaskTracer( 2556): 1 11008001179873 1392875655109522 2556 "b2g" 2556 "main"
I/TaskTracer( 2556): 3 11008001179873 1392875655110682 "[nsEventDispatcher::Dispatch] Event name: (null)"
I/TaskTracer( 2556): 2 11008001179873 1392875655110957
I/TaskTracer( 2556): 2 11008001179874 1392875655111018
I/TaskTracer( 2633): 0 11347303596083 1392875655111262 11347303596083 5 11347303596083
I/TaskTracer( 2633): 1 11347303596083 1392875655111353 2633 "(Preallocated app)" 2642 "Timer"
I/TaskTracer( 2633): 0 11347303596084 1392875655111414 11347303596083 5 11347303596083
I/TaskTracer( 2633): 4 11347303596084 0x41ba4520
I/TaskTracer( 2633): 2 11347303596083 1392875655111536
I/TaskTracer( 2633): 2 11347303596062 1392875655113551
I/TaskTracer( 2633): 1 11347303596064 1392875655114069 2633 "Homescreen" 2633 "main"
I/TaskTracer( 2633): 0 11308648890511 1392875655116511 11347303596063 5 11347303596064
I/TaskTracer( 2633): 4 11308648890511 0x41c6eec0
I/TaskTracer( 2633): 0 11308648890512 1392875655117609 11347303596063 5 11347303596064
I/TaskTracer( 2633): 4 11308648890512 0x41c71b88
I/TaskTracer( 2633): 3 11347303596064 1392875655120142 "[nsEventDispatcher::Dispatch] Event name: MozScrolledAreaChanged"
I/TaskTracer( 2633): 0 11347303596085 1392875655121210 11347303596085 5 11347303596085
I/TaskTracer( 2633): 1 11347303596085 1392875655121333 2633 "(Preallocated app)" 2642 "Timer"
I/TaskTracer( 2633): 0 11347303596086 1392875655121394 11347303596085 5 11347303596085
I/TaskTracer( 2633): 4 11347303596086 0x41ba4520
I/TaskTracer( 2633): 2 11347303596085 1392875655121516
I/TaskTracer( 2633): 0 11347303596087 1392875655122675 11347303596087 5 11347303596087
I/TaskTracer( 2633): 1 11347303596087 1392875655122767 2633 "(Preallocated app)" 2642 "Timer"
I/TaskTracer( 2633): 0 11347303596088 1392875655122828 11347303596087 5 11347303596087
I/TaskTracer( 2633): 4 11347303596088 0x41ba4520
I/TaskTracer( 2633): 2 11347303596087 1392875655122950
I/TaskTracer( 2633): 0 11308648890513 1392875655124781 11347303596063 5 11347303596064
I/TaskTracer( 2633): 4 11308648890513 0x41c71b88
I/TaskTracer( 2633): 0 11308648890514 1392875655136225 11347303596063 5 11347303596064
I/TaskTracer( 2633): 4 11308648890514 0x41c71b38
I/TaskTracer( 2633): 3 11347303596064 1392875655141261 "[nsEventDispatcher::Dispatch] Event name: MozScrolledAreaChanged"
I/TaskTracer( 2633): 0 11347303596089 1392875655143061 11347303596089 5 11347303596089
I/TaskTracer( 2633): 1 11347303596089 1392875655143153 2633 "(Preallocated app)" 2642 "Timer"
I/TaskTracer( 2633): 0 11347303596090 1392875655143214 11347303596089 5 11347303596089
I/TaskTracer( 2633): 4 11347303596090 0x41ba4520
I/TaskTracer( 2633): 2 11347303596089 1392875655143336
I/TaskTracer( 2633): 0 11308648890515 1392875655146265 11347303596063 5 11347303596064
I/TaskTracer( 2633): 4 11308648890515 0x41c6efa0
I/TaskTracer( 2633): 0 11308648890516 1392875655147425 11347303596063 5 11347303596064
I/TaskTracer( 2633): 4 11308648890516 0x41bb5f40
I/TaskTracer( 2633): 1 11308648890516 1392875655148096 2633 "Homescreen" 2634 "Chrome_ChildThread"
I/TaskTracer( 2633): 2 11308648890516 1392875655148219
I/TaskTracer( 2556): 0 11008001179875 1392875655148402 11347303596063 5 11308648890516
I/TaskTracer( 2556): 4 11008001179875 0x4223bee0
I/TaskTracer( 2556): 0 11008001179876 1392875655148524 11347303596063 5 11308648890516
I/TaskTracer( 2556): 4 11008001179876 0x4223c080
I/TaskTracer( 2556): 1 11008001179876 1392875655148920 2556 "b2g" 2556 "main"
I/TaskTracer( 2556): 1 11008001179875 1392875655149012 2556 "b2g" 2556 "main"
I/TaskTracer( 2556): 2 11008001179875 1392875655149134
I/TaskTracer( 2556): 2 11008001179876 1392875655149195
I/TaskTracer( 2633): 0 11308648890517 1392875655150355 11347303596063 5 11347303596064
I/TaskTracer( 2633): 4 11308648890517 0x41c71b88
I/TaskTracer( 2633): 3 11347303596064 1392875655153284 "[nsEventDispatcher::Dispatch] Event name: MozScrolledAreaChanged"
I/TaskTracer( 2633): 0 11347303596091 1392875655154414 11347303596091 5 11347303596091
I/TaskTracer( 2633): 1 11347303596091 1392875655154536 2633 "(Preallocated app)" 2642 "Timer"
I/TaskTracer( 2633): 0 11347303596092 1392875655154597 11347303596091 5 11347303596091
I/TaskTracer( 2633): 4 11347303596092 0x41ba4520
I/TaskTracer( 2633): 2 11347303596091 1392875655154719
I/TaskTracer( 2633): 0 11347303596093 1392875655155878 11347303596093 5 11347303596093
I/TaskTracer( 2633): 1 11347303596093 1392875655155970 2633 "(Preallocated app)" 2642 "Timer"
I/TaskTracer( 2633): 0 11347303596094 1392875655156031 11347303596093 5 11347303596093
I/TaskTracer( 2633): 4 11347303596094 0x41ba4520
I/TaskTracer( 2633): 2 11347303596093 1392875655156123
I/TaskTracer( 2633): 0 11347303596095 1392875655156916 11347303596095 5 11347303596095
I/TaskTracer( 2633): 1 11347303596095 1392875655157038 2633 "(Preallocated app)" 2642 "Timer"
I/TaskTracer( 2633): 0 11347303596096 1392875655157099 11347303596095 5 11347303596095
I/TaskTracer( 2633): 4 11347303596096 0x41ba4520
I/TaskTracer( 2633): 2 11347303596095 1392875655157191
I/TaskTracer( 2633): 3 11347303596064 1392875655157893 "[nsEventDispatcher::Dispatch] Event name: resize"
I/TaskTracer( 2633): 3 11347303596064 1392875655169581 "[nsEventDispatcher::Dispatch] Event name: MozScrolledAreaChanged"
I/TaskTracer( 2633): 0 11347303596097 1392875655170649 11347303596097 5 11347303596097
I/TaskTracer( 2633): 1 11347303596097 1392875655170741 2633 "(Preallocated app)" 2642 "Timer"
I/TaskTracer( 2633): 0 11347303596098 1392875655170802 11347303596097 5 11347303596097
I/TaskTracer( 2633): 4 11347303596098 0x41ba4520
I/TaskTracer( 2633): 2 11347303596097 1392875655170924
I/TaskTracer( 2633): 0 11308648890518 1392875655173853 11347303596063 5 11347303596064
I/TaskTracer( 2633): 4 11308648890518 0x41c6efa0
I/TaskTracer( 2633): 3 11347303596064 1392875655174921 "[nsEventDispatcher::Dispatch] Event name: resize"
I/TaskTracer( 2633): 0 11308648890519 1392875655177790 11347303596063 5 11347303596064
I/TaskTracer( 2633): 4 11308648890519 0x41c6efa0
I/TaskTracer( 2633): 2 11347303596064 1392875655178797
I/TaskTracer( 2633): 3 11308648890503 1392875655179530 "[nsEventDispatcher::Dispatch] Event name: (null)"
I/TaskTracer( 2633): 3 11308648890503 1392875655180201 "[nsEventDispatcher::Dispatch] Event name: (null)"
I/TaskTracer( 2633): 3 11308648890503 1392875655180720 "[nsEventDispatcher::Dispatch] Event name: progress"
I/TaskTracer( 2633): 3 11308648890503 1392875655181300 "[nsEventDispatcher::Dispatch] Event name: (null)"
I/TaskTracer( 2633): 3 11308648890503 1392875655181696 "[nsEventDispatcher::Dispatch] Event name: load"
I/TaskTracer( 2556): 0 11063835755268 1392875655197016 11063835755268 5 11063835755268
I/TaskTracer( 2556): 1 11063835755268 1392875655197138 2556 "b2g" 2576 "Timer"
I/TaskTracer( 2556): 0 11063835755269 1392875655197199 11063835755268 5 11063835755268
I/TaskTracer( 2556): 4 11063835755269 0x4222a520
I/TaskTracer( 2556): 2 11063835755268 1392875655197321
I/TaskTracer( 2556): 1 11063835755269 1392875655198084 2556 "b2g" 2556 "main"
I/TaskTracer( 2556): 2 11063835755269 1392875655198695
I/TaskTracer( 2556): 3 11098195493118 1392875655207789 "[nsEventDispatcher::Dispatch] Event name: (null)"
I/TaskTracer( 2556): 3 11098195493119 1392875655220423 "[nsEventDispatcher::Dispatch] Event name: (null)"
I/TaskTracer( 2633): 3 11308648890503 1392875655224726 "[nsEventDispatcher::Dispatch] Event name: (null)"
I/TaskTracer( 2633): 3 11308648890504 1392875655225886 "[nsEventDispatcher::Dispatch] Event name: (null)"
I/TaskTracer( 2633): 3 11308648890504 1392875655227106 "[nsFrameMessageManager::SendAsyncMessage] type:browser-element-api:call"
I/TaskTracer( 2556): 3 11008001179881 1392875655229670 "[nsEventDispatcher::Dispatch] Event name: (null)"
I/TaskTracer( 2633): 3 11308648890505 1392875655230982 "[nsEventDispatcher::Dispatch] Event name: (null)"
I/TaskTracer( 2633): 3 11308648890505 1392875655240656 "[nsEventDispatcher::Dispatch] Event name: (null)"
I/TaskTracer( 2633): 3 11308648890505 1392875655242426 "[nsEventDispatcher::Dispatch] Event name: loadstart"
I/TaskTracer( 2633): 3 11308648890505 1392875655245844 "[nsEventDispatcher::Dispatch] Event name: (null)"
I/TaskTracer( 2633): 0 11347303596099 1392875655246394 11347303596099 5 11347303596099
I/TaskTracer( 2633): 1 11347303596099 1392875655246516 2633 "(Preallocated app)" 2642 "Timer"
I/TaskTracer( 2633): 0 11347303596100 1392875655246577 11347303596099 5 11347303596099
I/TaskTracer( 2633): 4 11347303596100 0x41ba4520
I/TaskTracer( 2633): 2 11347303596099 1392875655246699
I/TaskTracer( 2633): 3 11308648890505 1392875655247492 "[nsEventDispatcher::Dispatch] Event name: load"
I/TaskTracer( 2633): 3 11308648890505 1392875655247980 "[nsEventDispatcher::Dispatch] Event name: pageshow"
I/TaskTracer( 2633): 3 11308648890505 1392875655250025 "[nsFrameMessageManager::SendAsyncMessage] type:browser-element-api:call"
I/TaskTracer( 2556): 3 11008001179883 1392875655252650 "[nsEventDispatcher::Dispatch] Event name: (null)"
I/TaskTracer( 2556): 3 11008001179883 1392875655254816 "[nsEventDispatcher::Dispatch] Event name: (null)"
I/TaskTracer( 2556): 3 11008001179883 1392875655256220 "[nsEventDispatcher::Dispatch] Event name: (null)"
I/TaskTracer( 2633): 1 11347303596066 1392875655256922 2633 "Homescreen" 2633 "main"
I/TaskTracer( 2633): 0 11308648890527 1392875655258662 11347303596065 5 11347303596066
I/TaskTracer( 2556): 3 11008001179883 1392875655260493 "[nsEventDispatcher::Dispatch] Event name: (null)"
I/TaskTracer( 2633): 4 11308648890527 0x41bb5f40
I/TaskTracer( 2633): 1 11308648890527 1392875655261530 2633 "Homescreen" 2634 "Chrome_ChildThread"
I/TaskTracer( 2633): 2 11308648890527 1392875655261622
I/TaskTracer( 2556): 0 11008001179885 1392875655261805 11347303596065 5 11308648890527
I/TaskTracer( 2556): 4 11008001179885 0x4223bee0
I/TaskTracer( 2556): 1 11008001179885 1392875655262019 2556 "b2g" 2580 "Compositor"
I/TaskTracer( 2556): 2 11008001179885 1392875655262141
I/TaskTracer( 2633): 0 11308648890528 1392875655264185 11347303596065 5 11347303596066
I/TaskTracer( 2556): 3 11008001179883 1392875655265223 "[nsEventDispatcher::Dispatch] Event name: (null)"
I/TaskTracer( 2633): 4 11308648890528 0x41bb5f40
I/TaskTracer( 2633): 1 11308648890528 1392875655266871 2633 "Homescreen" 2634 "Chrome_ChildThread"
I/TaskTracer( 2633): 2 11308648890528 1392875655266993
I/TaskTracer( 2556): 0 11008001179886 1392875655267146 11347303596065 5 11308648890528
I/TaskTracer( 2556): 4 11008001179886 0x4223bee0
I/TaskTracer( 2556): 1 11008001179886 1392875655267420 2556 "b2g" 2580 "Compositor"
I/TaskTracer( 2556): 2 11008001179886 1392875655267542
I/TaskTracer( 2633): 0 11308648890529 1392875655268488 11347303596065 5 11347303596066
I/TaskTracer( 2633): 4 11308648890529 0x41bb5f40
I/TaskTracer( 2633): 1 11308648890529 1392875655269190 2633 "Homescreen" 2634 "Chrome_ChildThread"
I/TaskTracer( 2633): 2 11308648890529 1392875655269312
I/TaskTracer( 2556): 0 11008001179887 1392875655269465 11347303596065 5 11308648890529
I/TaskTracer( 2556): 4 11008001179887 0x4223bee0
I/TaskTracer( 2556): 1 11008001179887 1392875655269770 2556 "b2g" 2580 "Compositor"
I/TaskTracer( 2556): 0 11081015623764 1392875655271693 11347303596065 5 11008001179887
I/TaskTracer( 2556): 4 11081015623764 0x4223bf40
I/TaskTracer( 2556): 1 11081015623764 1392875655271998 2556 "b2g" 2563 "Gecko_IOThread"
I/TaskTracer( 2556): 2 11081015623764 1392875655272120
I/TaskTracer( 2633): 0 11347303596101 1392875655272425 11347303596101 5 11347303596101
I/TaskTracer( 2633): 1 11347303596101 1392875655272486 2633 "(Preallocated app)" 2642 "Timer"
I/TaskTracer( 2633): 0 11347303596102 1392875655272578 11347303596101 5 11347303596101
I/TaskTracer( 2633): 4 11347303596102 0x41ba4520
I/TaskTracer( 2633): 2 11347303596101 1392875655272700
I/TaskTracer( 2556): 2 11008001179887 1392875655274165
I/TaskTracer( 2556): 0 11063835755270 1392875655275813 11063835755270 5 11063835755270
I/TaskTracer( 2556): 1 11063835755270 1392875655275935 2556 "b2g" 2576 "Timer"
I/TaskTracer( 2556): 0 11063835755271 1392875655275996 11063835755270 5 11063835755270
I/TaskTracer( 2556): 4 11063835755271 0x4222a520
I/TaskTracer( 2556): 2 11063835755270 1392875655276118
I/TaskTracer( 2556): 1 11063835755271 1392875655276911 2556 "b2g" 2556 "main"
I/TaskTracer( 2556): 2 11063835755271 1392875655278345
I/TaskTracer( 2633): 0 11308648890530 1392875655282954 11347303596065 5 11347303596066
I/TaskTracer( 2633): 4 11308648890530 0x41bb5f40
I/TaskTracer( 2633): 1 11308648890530 1392875655283595 2633 "Homescreen" 2634 "Chrome_ChildThread"
I/TaskTracer( 2633): 2 11308648890530 1392875655283717
I/TaskTracer( 2556): 0 11008001179888 1392875655283900 11347303596065 5 11308648890530
I/TaskTracer( 2556): 4 11008001179888 0x4223bee0
I/TaskTracer( 2556): 1 11008001179888 1392875655284174 2556 "b2g" 2580 "Compositor"
I/TaskTracer( 2556): 0 11081015623765 1392875655285975 11347303596065 5 11008001179888
I/TaskTracer( 2556): 4 11081015623765 0x4223bf40
I/TaskTracer( 2556): 1 11081015623765 1392875655286250 2556 "b2g" 2563 "Gecko_IOThread"
I/TaskTracer( 2556): 2 11081015623765 1392875655286372
I/TaskTracer( 2556): 2 11008001179888 1392875655287562
I/TaskTracer( 2556): 0 11063835755272 1392875655292780 11063835755272 5 11063835755272
I/TaskTracer( 2556): 1 11063835755272 1392875655292902 2556 "b2g" 2576 "Timer"
I/TaskTracer( 2556): 0 11063835755273 1392875655292994 11063835755272 5 11063835755272
I/TaskTracer( 2556): 4 11063835755273 0x4222a520
I/TaskTracer( 2556): 2 11063835755272 1392875655293147
I/TaskTracer( 2556): 1 11063835755273 1392875655293726 2556 "b2g" 2556 "main"
I/TaskTracer( 2556): 2 11063835755273 1392875655293879
I/TaskTracer( 2633): 0 11308648890531 1392875655296595 11347303596065 5 11347303596066
I/TaskTracer( 2633): 4 11308648890531 0x41bb5f40
I/TaskTracer( 2633): 1 11308648890531 1392875655297480 2633 "Homescreen" 2634 "Chrome_ChildThread"
I/TaskTracer( 2633): 2 11308648890531 1392875655297602
I/TaskTracer( 2556): 0 11008001179889 1392875655297785 11347303596065 5 11308648890531
I/TaskTracer( 2556): 4 11008001179889 0x4223bee0
I/TaskTracer( 2556): 1 11008001179889 1392875655298029 2556 "b2g" 2580 "Compositor"
I/TaskTracer( 2556): 0 11081015623766 1392875655298670 11347303596065 5 11008001179889
I/TaskTracer( 2556): 4 11081015623766 0x42253d60
I/TaskTracer( 2556): 0 11081015623767 1392875655298823 11347303596065 5 11008001179889
I/TaskTracer( 2556): 4 11081015623767 0x4223bf40
I/TaskTracer( 2556): 2 11008001179889 1392875655298975
I/TaskTracer( 2556): 1 11081015623766 1392875655299036 2556 "b2g" 2580 "Compositor"
I/TaskTracer( 2556): 1 11081015623767 1392875655301661 2556 "b2g" 2563 "Gecko_IOThread"
I/TaskTracer( 2556): 2 11081015623767 1392875655301905
I/TaskTracer( 2633): 3 11347303596066 1392875655303889 "[nsEventDispatcher::Dispatch] Event name: MozAfterPaint"
I/TaskTracer( 2633): 2 11347303596066 1392875655304407
I/TaskTracer( 2556): 2 11081015623766 1392875655305445
I/TaskTracer( 2633): 1 11347303596068 1392875655306055 2633 "Homescreen" 2633 "main"
I/TaskTracer( 2633): 2 11347303596068 1392875655306452
I/TaskTracer( 2633): 1 11347303596070 1392875655306879 2633 "Homescreen" 2633 "main"
I/TaskTracer( 2633): 2 11347303596070 1392875655307215
I/TaskTracer( 2633): 1 11347303596072 1392875655307429 2633 "Homescreen" 2633 "main"
I/TaskTracer( 2633): 2 11347303596072 1392875655307764
I/TaskTracer( 2633): 1 11347303596074 1392875655307948 2633 "Homescreen" 2633 "main"
I/TaskTracer( 2633): 2 11347303596074 1392875655308253
I/TaskTracer( 2633): 1 11347303596076 1392875655308466 2633 "Homescreen" 2633 "main"
I/TaskTracer( 2633): 2 11347303596076 1392875655308772
I/TaskTracer( 2633): 1 11347303596078 1392875655308955 2633 "Homescreen" 2633 "main"
I/TaskTracer( 2633): 2 11347303596078 1392875655309260
I/TaskTracer( 2633): 1 11347303596080 1392875655309443 2633 "Homescreen" 2633 "main"
I/TaskTracer( 2633): 2 11347303596080 1392875655309779
I/TaskTracer( 2633): 1 11347303596082 1392875655309962 2633 "Homescreen" 2633 "main"
I/TaskTracer( 2633): 2 11347303596082 1392875655310267
I/TaskTracer( 2633): 1 11347303596084 1392875655310450 2633 "Homescreen" 2633 "main"
I/TaskTracer( 2633): 0 11308648890532 1392875655311549 11347303596083 5 11347303596084
I/TaskTracer( 2633): 4 11308648890532 0x41bed7f0
I/TaskTracer( 2633): 2 11347303596084 1392875655313166
I/TaskTracer( 2633): 1 11308648890511 1392875655313624 2633 "Homescreen" 2633 "main"
I/TaskTracer( 2633): 2 11308648890511 1392875655314021
I/TaskTracer( 2633): 1 11308648890512 1392875655314265 2633 "Homescreen" 2633 "main"
I/TaskTracer( 2633): 2 11308648890512 1392875655314631
I/TaskTracer( 2633): 1 11347303596086 1392875655314814 2633 "Homescreen" 2633 "main"
I/TaskTracer( 2633): 2 11347303596086 1392875655315150
I/TaskTracer( 2633): 1 11347303596088 1392875655315516 2633 "Homescreen" 2633 "main"
I/TaskTracer( 2633): 2 11347303596088 1392875655315699
I/TaskTracer( 2633): 1 11308648890513 1392875655316035 2633 "Homescreen" 2633 "main"
I/TaskTracer( 2633): 2 11308648890513 1392875655316218
I/TaskTracer( 2633): 1 11308648890514 1392875655316553 2633 "Homescreen" 2633 "main"
I/TaskTracer( 2633): 2 11308648890514 1392875655316737
I/TaskTracer( 2633): 1 11347303596090 1392875655317072 2633 "Homescreen" 2633 "main"
I/TaskTracer( 2633): 2 11347303596090 1392875655317408
I/TaskTracer( 2633): 1 11308648890515 1392875655317744 2633 "Homescreen" 2633 "main"
I/TaskTracer( 2633): 2 11308648890515 1392875655317927
I/TaskTracer( 2633): 1 11308648890517 1392875655318232 2633 "Homescreen" 2633 "main"
I/TaskTracer( 2633): 2 11308648890517 1392875655318415
I/TaskTracer( 2633): 1 11347303596092 1392875655318751 2633 "Homescreen" 2633 "main"
I/TaskTracer( 2633): 2 11347303596092 1392875655319086
I/TaskTracer( 2633): 1 11347303596094 1392875655319422 2633 "Homescreen" 2633 "main"
I/TaskTracer( 2633): 2 11347303596094 1392875655319575
I/TaskTracer( 2633): 1 11347303596096 1392875655319910 2633 "Homescreen" 2633 "main"
I/TaskTracer( 2633): 2 11347303596096 1392875655320063
I/TaskTracer( 2633): 1 11347303596098 1392875655320399 2633 "Homescreen" 2633 "main"
I/TaskTracer( 2633): 2 11347303596098 1392875655320582
I/TaskTracer( 2633): 1 11308648890518 1392875655320948 2633 "Homescreen" 2633 "main"
I/TaskTracer( 2633): 2 11308648890518 1392875655321253
I/TaskTracer( 2633): 1 11308648890519 1392875655321467 2633 "Homescreen" 2633 "main"
I/TaskTracer( 2633): 2 11308648890519 1392875655322657
I/TaskTracer( 2633): 3 11312943857747 1392875655323817 "[nsEventDispatcher::Dispatch] Event name: (null)"
I/TaskTracer( 2633): 3 11312943857749 1392875655340083 "[nsEventDispatcher::Dispatch] Event name: (null)"
I/TaskTracer( 2633): 3 11308648890525 1392875655340754 "[nsEventDispatcher::Dispatch] Event name: (null)"
I/TaskTracer( 2633): 3 11308648890525 1392875655342524 "[nsEventDispatcher::Dispatch] Event name: (null)"
I/TaskTracer( 2633): 3 11308648890525 1392875655343562 "[nsEventDispatcher::Dispatch] Event name: progress"
I/TaskTracer( 2633): 3 11308648890525 1392875655344080 "[nsEventDispatcher::Dispatch] Event name: (null)"
I/TaskTracer( 2633): 3 11308648890525 1392875655355494 "[nsEventDispatcher::Dispatch] Event name: (null)"
I/TaskTracer( 2633): 3 11308648890525 1392875655358057 "[nsEventDispatcher::Dispatch] Event name: load"
I/TaskTracer( 2633): 3 11308648890525 1392875655358729 "[nsEventDispatcher::Dispatch] Event name: (null)"
I/TaskTracer( 2633): 1 11347303596100 1392875655359339 2633 "Homescreen" 2633 "main"
I/TaskTracer( 2633): 2 11347303596100 1392875655359949
I/TaskTracer( 2633): 1 11347303596102 1392875655360377 2633 "Homescreen" 2633 "main"
I/TaskTracer( 2633): 0 11347303596103 1392875655369929 11347303596103 5 11347303596103
I/TaskTracer( 2633): 1 11347303596103 1392875655370051 2633 "(Preallocated app)" 2642 "Timer"
I/TaskTracer( 2633): 0 11347303596104 1392875655370112 11347303596103 5 11347303596103
I/TaskTracer( 2633): 4 11347303596104 0x41ba4520
I/TaskTracer( 2633): 2 11347303596103 1392875655370264
I/TaskTracer( 2633): 0 11308648890539 1392875655376429 11347303596101 5 11347303596102
I/TaskTracer( 2633): 4 11308648890539 0x41bb5f40
I/TaskTracer( 2633): 1 11308648890539 1392875655376978 2633 "Homescreen" 2634 "Chrome_ChildThread"
I/TaskTracer( 2633): 2 11308648890539 1392875655377100
I/TaskTracer( 2556): 0 11008001179902 1392875655377253 11347303596101 5 11308648890539
I/TaskTracer( 2556): 4 11008001179902 0x4223bee0
I/TaskTracer( 2556): 1 11008001179902 1392875655377497 2556 "b2g" 2580 "Compositor"
I/TaskTracer( 2556): 0 11081015623768 1392875655378016 11347303596101 5 11008001179902
I/TaskTracer( 2556): 4 11081015623768 0x42253d60
I/TaskTracer( 2556): 0 11081015623769 1392875655378168 11347303596101 5 11008001179902
I/TaskTracer( 2556): 4 11081015623769 0x4223bf40
I/TaskTracer( 2556): 2 11008001179902 1392875655378291
I/TaskTracer( 2556): 1 11081015623768 1392875655378382 2556 "b2g" 2580 "Compositor"
I/TaskTracer( 2556): 1 11081015623769 1392875655380793 2556 "b2g" 2563 "Gecko_IOThread"
I/TaskTracer( 2556): 2 11081015623769 1392875655380946
I/TaskTracer( 2633): 3 11347303596102 1392875655382502 "[nsEventDispatcher::Dispatch] Event name: MozAfterPaint"
I/TaskTracer( 2633): 2 11347303596102 1392875655383143
I/TaskTracer( 2633): 1 11308648890532 1392875655383692 2633 "Homescreen" 2633 "main"
I/TaskTracer( 2556): 2 11081015623768 1392875655384699
I/TaskTracer( 2633): 0 11308648890540 1392875655386042 11347303596083 5 11308648890532
I/TaskTracer( 2633): 4 11308648890540 0x41bed7f0
I/TaskTracer( 2633): 2 11308648890532 1392875655386713
I/TaskTracer( 2633): 3 11312943857751 1392875655387629 "[nsEventDispatcher::Dispatch] Event name: (null)"
I/TaskTracer( 2633): 3 11312943857751 1392875655388941 "[nsEventDispatcher::Dispatch] Event name: (null)"
I/TaskTracer( 2556): 3 11244224380984 1392875655415736 "[nsEventDispatcher::Dispatch] Event name: complete"
I/TaskTracer( 2633): 1 11347303596104 1392875655422877 2633 "Homescreen" 2633 "main"
I/TaskTracer( 2633): 2 11347303596104 1392875655428736
I/TaskTracer( 2633): 1 11308648890540 1392875655428950 2633 "Homescreen" 2633 "main"
I/TaskTracer( 2633): 2 11308648890540 1392875655429957
I/TaskTracer( 2633): 3 11312943857753 1392875655433863 "[nsEventDispatcher::Dispatch] Event name: complete"
I/TaskTracer( 2633): 3 11312943857755 1392875655435236 "[nsEventDispatcher::Dispatch] Event name: (null)"
I/TaskTracer( 2556): 3 11098195493122 1392875655437617 "[nsEventDispatcher::Dispatch] Event name: (null)"
I/TaskTracer( 2633): 3 11312943857755 1392875655439356 "[nsEventDispatcher::Dispatch] Event name: (null)"
I/TaskTracer( 2556): 3 11106785427605 1392875655443049 "[nsEventDispatcher::Dispatch] Event name: complete"
I/TaskTracer( 2633): 3 11308648890548 1392875655444483 "[nsEventDispatcher::Dispatch] Event name: load"
I/TaskTracer( 2633): 3 11308648890549 1392875655456171 "[nsEventDispatcher::Dispatch] Event name: load"
I/TaskTracer( 2633): 0 11347303596105 1392875655459834 11347303596105 5 11347303596105
I/TaskTracer( 2633): 1 11347303596105 1392875655459956 2633 "(Preallocated app)" 2642 "Timer"
I/TaskTracer( 2633): 0 11347303596106 1392875655460047 11347303596105 5 11347303596105
I/TaskTracer( 2633): 4 11347303596106 0x41ba4520
I/TaskTracer( 2633): 2 11347303596105 1392875655460139
I/TaskTracer( 2633): 3 11312943857757 1392875655462611 "[nsEventDispatcher::Dispatch] Event name: (null)"
I/TaskTracer( 2633): 3 11312943857759 1392875655483271 "[nsEventDispatcher::Dispatch] Event name: complete"
I/TaskTracer( 2633): 1 11347303596106 1392875655486750 2633 "Homescreen" 2633 "main"
I/TaskTracer( 2633): 2 11347303596106 1392875655487543
I/TaskTracer( 2633): 3 11312943857769 1392875655489191 "[nsEventDispatcher::Dispatch] Event name: (null)"
I/TaskTracer( 2633): 0 11347303596107 1392875655526972 11347303596107 5 11347303596107
I/TaskTracer( 2633): 1 11347303596107 1392875655527094 2633 "(Preallocated app)" 2642 "Timer"
I/TaskTracer( 2633): 0 11347303596108 1392875655527186 11347303596107 5 11347303596107
I/TaskTracer( 2633): 4 11347303596108 0x41ba4520
I/TaskTracer( 2633): 2 11347303596107 1392875655527308
I/TaskTracer( 2633): 3 11312943857769 1392875655555720 "[nsEventDispatcher::Dispatch] Event name: MozScrolledAreaChanged"
I/TaskTracer( 2633): 0 11347303596109 1392875655557459 11347303596109 5 11347303596109
I/TaskTracer( 2633): 1 11347303596109 1392875655557581 2633 "(Preallocated app)" 2642 "Timer"
I/TaskTracer( 2633): 0 11347303596110 1392875655557642 11347303596109 5 11347303596109
I/TaskTracer( 2633): 4 11347303596110 0x41ba4520
I/TaskTracer( 2633): 2 11347303596109 1392875655557764
I/TaskTracer( 2633): 3 11312943857771 1392875655566615 "[nsEventDispatcher::Dispatch] Event name: (null)"
I/TaskTracer( 2556): 3 11115375362113 1392875655568171 "[nsEventDispatcher::Dispatch] Event name: complete"
I/TaskTracer( 2633): 3 11308648890559 1392875655570368 "[nsEventDispatcher::Dispatch] Event name: load"
I/TaskTracer( 2633): 1 11347303596108 1392875655578028 2633 "Homescreen" 2633 "main"
I/TaskTracer( 2633): 3 11347303596108 1392875655579340 "[nsEventDispatcher::Dispatch] Event name: overflow"
I/TaskTracer( 2633): 0 11347303596111 1392875655587946 11347303596111 5 11347303596111
I/TaskTracer( 2633): 1 11347303596111 1392875655588068 2633 "(Preallocated app)" 2642 "Timer"
I/TaskTracer( 2633): 0 11347303596112 1392875655588160 11347303596111 5 11347303596111
I/TaskTracer( 2633): 4 11347303596112 0x41ba4520
I/TaskTracer( 2633): 2 11347303596111 1392875655588282
I/TaskTracer( 2633): 0 11308648890578 1392875655590723 11347303596107 5 11347303596108
I/TaskTracer( 2633): 4 11308648890578 0x41bb5f40
I/TaskTracer( 2633): 1 11308648890578 1392875655591608 2633 "Homescreen" 2634 "Chrome_ChildThread"
I/TaskTracer( 2633): 2 11308648890578 1392875655591730
I/TaskTracer( 2556): 0 11008001179939 1392875655591914 11347303596107 5 11308648890578
I/TaskTracer( 2556): 4 11008001179939 0x4223bee0
I/TaskTracer( 2556): 1 11008001179939 1392875655592158 2556 "b2g" 2580 "Compositor"
I/TaskTracer( 2556): 0 11081015623770 1392875655592707 11347303596107 5 11008001179939
I/TaskTracer( 2556): 4 11081015623770 0x42253d60
I/TaskTracer( 2556): 2 11008001179939 1392875655592860
I/TaskTracer( 2556): 1 11081015623770 1392875655592951 2556 "b2g" 2580 "Compositor"
I/TaskTracer( 2633): 0 11347303596113 1392875655594202 11347303596113 5 11347303596113
I/TaskTracer( 2633): 1 11347303596113 1392875655594324 2633 "(Preallocated app)" 2642 "Timer"
I/TaskTracer( 2633): 0 11347303596114 1392875655594386 11347303596113 5 11347303596113
I/TaskTracer( 2633): 4 11347303596114 0x41ba4520
I/TaskTracer( 2633): 2 11347303596113 1392875655594508
I/TaskTracer( 2633): 2 11347303596108 1392875655596217
I/TaskTracer( 2556): 0 11063835755274 1392875655599024 11063835755274 5 11063835755274
I/TaskTracer( 2556): 1 11063835755274 1392875655599146 2556 "b2g" 2576 "Timer"
I/TaskTracer( 2556): 0 11063835755275 1392875655599207 11063835755274 5 11063835755274
I/TaskTracer( 2556): 4 11063835755275 0x4222a520
I/TaskTracer( 2556): 2 11063835755274 1392875655599360
I/TaskTracer( 2556): 1 11063835755275 1392875655599512 2556 "b2g" 2556 "main"
I/TaskTracer( 2556): 2 11063835755275 1392875655599574
I/TaskTracer( 2556): 2 11081015623770 1392875655600825
I/TaskTracer( 2633): 1 11347303596110 1392875655605524 2633 "Homescreen" 2633 "main"
I/TaskTracer( 2633): 2 11347303596110 1392875655606135
I/TaskTracer( 2633): 3 11312943857789 1392875655607233 "[nsEventDispatcher::Dispatch] Event name: (null)"
I/TaskTracer( 2633): 3 11312943857791 1392875655688105 "[nsEventDispatcher::Dispatch] Event name: complete"
I/TaskTracer( 2633): 1 11347303596112 1392875655692622 2633 "Homescreen" 2633 "main"
I/TaskTracer( 2633): 2 11347303596112 1392875655693232
I/TaskTracer( 2633): 1 11347303596114 1392875655693720 2633 "Homescreen" 2633 "main"
I/TaskTracer( 2633): 3 11347303596114 1392875655701319 "[nsEventDispatcher::Dispatch] Event name: MozAfterPaint"
I/TaskTracer( 2633): 2 11347303596114 1392875655701533
I/TaskTracer( 2633): 0 11347303596115 1392875655710322 11347303596115 5 11347303596115
I/TaskTracer( 2633): 1 11347303596115 1392875655710444 2633 "(Preallocated app)" 2642 "Timer"
I/TaskTracer( 2633): 0 11347303596116 1392875655710505 11347303596115 5 11347303596115
I/TaskTracer( 2633): 4 11347303596116 0x41ba4520
I/TaskTracer( 2633): 2 11347303596115 1392875655710627
I/TaskTracer( 2633): 0 11347303596117 1392875655713923 11347303596117 5 11347303596117
I/TaskTracer( 2633): 1 11347303596117 1392875655714045 2633 "(Preallocated app)" 2642 "Timer"
I/TaskTracer( 2633): 0 11347303596118 1392875655714106 11347303596117 5 11347303596117
I/TaskTracer( 2633): 4 11347303596118 0x41ba4520
I/TaskTracer( 2633): 2 11347303596117 1392875655714228
I/TaskTracer( 2633): 3 11312943857833 1392875655715693 "[nsEventDispatcher::Dispatch] Event name: (null)"
I/TaskTracer( 2556): 0 11063835755276 1392875655781580 11063835755276 5 11063835755276
I/TaskTracer( 2556): 1 11063835755276 1392875655781733 2556 "b2g" 2576 "Timer"
I/TaskTracer( 2556): 0 11063835755277 1392875655781794 11063835755276 5 11063835755276
I/TaskTracer( 2556): 4 11063835755277 0x4222a520
I/TaskTracer( 2556): 2 11063835755276 1392875655781947
I/TaskTracer( 2556): 1 11063835755277 1392875655782404 2556 "b2g" 2556 "main"
I/TaskTracer( 2556): 0 10977936410277 1392875655782526 11063835755276 5 11063835755277
I/TaskTracer( 2556): 4 10977936410277 0x42295120
I/TaskTracer( 2556): 2 11063835755277 1392875655782679
I/TaskTracer( 2556): 1 10977936410277 1392875655782771 2556 "b2g" 2556 "main"
I/TaskTracer( 2556): 2 10977936410277 1392875655782832
I/TaskTracer( 2633): 0 11347303596119 1392875655793391 11347303596119 5 11347303596119
I/TaskTracer( 2633): 1 11347303596119 1392875655793513 2633 "(Preallocated app)" 2642 "Timer"
I/TaskTracer( 2633): 0 11347303596120 1392875655793604 11347303596119 5 11347303596119
I/TaskTracer( 2633): 4 11347303596120 0x41ba4520
I/TaskTracer( 2633): 2 11347303596119 1392875655793696
I/TaskTracer( 2633): 3 11308648890598 1392875655873103 "[nsEventDispatcher::Dispatch] Event name: load"
I/TaskTracer( 2633): 3 11308648890599 1392875655874720 "[nsEventDispatcher::Dispatch] Event name: load"
I/TaskTracer( 2633): 3 11308648890600 1392875655876398 "[nsEventDispatcher::Dispatch] Event name: load"
I/TaskTracer( 2633): 1 11347303596116 1392875655877802 2633 "Homescreen" 2633 "main"
I/TaskTracer( 2633): 0 11347303596121 1392875655893458 11347303596121 5 11347303596121
I/TaskTracer( 2633): 1 11347303596121 1392875655893580 2633 "(Preallocated app)" 2642 "Timer"
I/TaskTracer( 2633): 0 11347303596122 1392875655894129 11347303596121 5 11347303596121
I/TaskTracer( 2633): 4 11347303596122 0x41ba4520
I/TaskTracer( 2633): 2 11347303596121 1392875655894312
I/TaskTracer( 2633): 0 11308648890660 1392875655913813 11347303596115 5 11347303596116
I/TaskTracer( 2633): 4 11308648890660 0x41d8f5c0
I/TaskTracer( 2633): 0 11308648890661 1392875655913996 11347303596115 5 11347303596116
I/TaskTracer( 2633): 4 11308648890661 0x41ba4488
I/TaskTracer( 2633): 0 11308648890662 1392875655914301 11347303596115 5 11347303596116
I/TaskTracer( 2633): 4 11308648890662 0x41c71b38
I/TaskTracer( 2633): 3 11347303596116 1392875655918391 "[nsEventDispatcher::Dispatch] Event name: overflow"
I/TaskTracer( 2633): 3 11347303596116 1392875655918574 "[nsEventDispatcher::Dispatch] Event name: overflow"
I/TaskTracer( 2633): 3 11347303596116 1392875655918696 "[nsEventDispatcher::Dispatch] Event name: overflow"
I/TaskTracer( 2633): 1 11308648890660 1392875655923396 2633 "Homescreen" 2672 ""
I/TaskTracer( 2633): 2 11308648890660 1392875655923945
I/TaskTracer( 2633): 1 11308648890661 1392875655924158 2633 "Homescreen" 2672 ""
I/TaskTracer( 2633): 0 11476152614913 1392875655925043 11347303596115 5 11308648890661
I/TaskTracer( 2633): 4 11476152614913 0x41ba3730
I/TaskTracer( 2633): 0 11347303596123 1392875655930537 11347303596123 5 11347303596123
I/TaskTracer( 2633): 1 11347303596123 1392875655930659 2633 "(Preallocated app)" 2642 "Timer"
I/TaskTracer( 2633): 0 11347303596124 1392875655930720 11347303596123 5 11347303596123
I/TaskTracer( 2633): 4 11347303596124 0x41ba4520
I/TaskTracer( 2633): 2 11347303596123 1392875655930842
I/TaskTracer( 2633): 0 11308648890663 1392875655959254 11347303596115 5 11347303596116
I/TaskTracer( 2556): 0 11063835755278 1392875655959467 11063835755278 5 11063835755278
I/TaskTracer( 2556): 1 11063835755278 1392875655959589 2556 "b2g" 2576 "Timer"
I/TaskTracer( 2556): 0 11063835755279 1392875655959650 11063835755278 5 11063835755278
I/TaskTracer( 2556): 4 11063835755279 0x4222a520
I/TaskTracer( 2556): 2 11063835755278 1392875655959834
I/TaskTracer( 2556): 1 11063835755279 1392875655960383 2556 "b2g" 2556 "main"
I/TaskTracer( 2633): 4 11308648890663 0x41bb5f40
I/TaskTracer( 2633): 1 11308648890663 1392875655968775 2633 "Homescreen" 2634 "Chrome_ChildThread"
I/TaskTracer( 2633): 2 11308648890663 1392875655968897
I/TaskTracer( 2556): 0 11008001180026 1392875655969111 11347303596115 5 11308648890663
I/TaskTracer( 2556): 4 11008001180026 0x4223bee0
I/TaskTracer( 2556): 1 11008001180026 1392875655969386 2556 "b2g" 2580 "Compositor"
I/TaskTracer( 2556): 0 11081015623771 1392875655970087 11347303596115 5 11008001180026
I/TaskTracer( 2556): 4 11081015623771 0x42253d60
I/TaskTracer( 2556): 0 11081015623772 1392875655970240 11347303596115 5 11008001180026
I/TaskTracer( 2556): 4 11081015623772 0x4223bf40
I/TaskTracer( 2556): 2 11008001180026 1392875655970393
I/TaskTracer( 2556): 1 11081015623771 1392875655970454 2556 "b2g" 2580 "Compositor"
I/TaskTracer( 2556): 1 11081015623772 1392875655971766 2556 "b2g" 2563 "Gecko_IOThread"
I/TaskTracer( 2556): 2 11081015623772 1392875655971918
I/TaskTracer( 2633): 3 11347303596116 1392875655974482 "[nsEventDispatcher::Dispatch] Event name: MozAfterPaint"
I/TaskTracer( 2633): 2 11347303596116 1392875655975214
I/TaskTracer( 2556): 2 11081015623771 1392875655976618
I/TaskTracer( 2556): 0 11063835755280 1392875656000025 11063835755280 5 11063835755280
I/TaskTracer( 2556): 1 11063835755280 1392875656000147 2556 "b2g" 2576 "Timer"
I/TaskTracer( 2556): 0 11063835755281 1392875656000239 11063835755280 5 11063835755280
I/TaskTracer( 2556): 4 11063835755281 0x4222a520
I/TaskTracer( 2556): 2 11063835755280 1392875656000361
I/TaskTracer( 2633): 1 11347303596118 1392875656005244 2633 "Homescreen" 2633 "main"
I/TaskTracer( 2633): 0 11308648890665 1392875656006068 11347303596117 5 11347303596118
I/TaskTracer( 2633): 4 11308648890665 0x41bed7f0
I/TaskTracer( 2633): 2 11347303596118 1392875656008051
I/TaskTracer( 2633): 1 11347303596120 1392875656015009 2633 "Homescreen" 2633 "main"
I/TaskTracer( 2633): 2 11347303596120 1392875656015253
I/TaskTracer( 2633): 3 11312943857893 1392875656025538 "[nsEventDispatcher::Dispatch] Event name: (null)"
I/TaskTracer( 2556): 0 10977936410302 1392875656030268 11063835755278 5 11063835755279
I/TaskTracer( 2556): 4 10977936410302 0x422737f0
I/TaskTracer( 2556): 2 11063835755279 1392875656031611
I/TaskTracer( 2556): 1 11063835755281 1392875656033015 2556 "b2g" 2556 "main"
I/TaskTracer( 2556): 2 11063835755281 1392875656033442
I/TaskTracer( 2556): 1 10977936410302 1392875656034174 2556 "b2g" 2556 "main"
I/TaskTracer( 2556): 0 10977936410303 1392875656036585 11063835755278 5 10977936410302
I/TaskTracer( 2556): 4 10977936410303 0x422737f0
I/TaskTracer( 2556): 2 10977936410302 1392875656037775
I/TaskTracer( 2556): 1 10977936410303 1392875656039271 2556 "b2g" 2556 "main"
I/TaskTracer( 2556): 2 10977936410303 1392875656040491
I/TaskTracer( 2633): 3 11312943857893 1392875656063349 "[nsEventDispatcher::Dispatch] Event name: (null)"
I/TaskTracer( 2633): 0 11347303596125 1392875656089350 11347303596125 5 11347303596125
I/TaskTracer( 2633): 1 11347303596125 1392875656089472 2633 "(Preallocated app)" 2642 "Timer"
I/TaskTracer( 2633): 0 11347303596126 1392875656089533 11347303596125 5 11347303596125
I/TaskTracer( 2633): 4 11347303596126 0x41ba4520
I/TaskTracer( 2633): 2 11347303596125 1392875656089655
I/TaskTracer( 2633): 0 11347303596127 1392875656104060 11347303596127 5 11347303596127
I/TaskTracer( 2633): 1 11347303596127 1392875656104182 2633 "(Preallocated app)" 2642 "Timer"
I/TaskTracer( 2633): 0 11347303596128 1392875656104273 11347303596127 5 11347303596127
I/TaskTracer( 2633): 4 11347303596128 0x41ba4520
I/TaskTracer( 2633): 2 11347303596127 1392875656104395
I/TaskTracer( 2633): 0 11347303596129 1392875656119898 11347303596129 5 11347303596129
I/TaskTracer( 2633): 1 11347303596129 1392875656120020 2633 "(Preallocated app)" 2642 "Timer"
I/TaskTracer( 2633): 0 11347303596130 1392875656120112 11347303596129 5 11347303596129
I/TaskTracer( 2633): 4 11347303596130 0x41ba4520
I/TaskTracer( 2633): 2 11347303596129 1392875656120234
I/TaskTracer( 2556): 0 11063835755282 1392875656128199 11063835755282 5 11063835755282
I/TaskTracer( 2556): 1 11063835755282 1392875656128321 2556 "b2g" 2576 "Timer"
I/TaskTracer( 2556): 0 11063835755283 1392875656128382 11063835755282 5 11063835755282
I/TaskTracer( 2556): 4 11063835755283 0x4222a520
I/TaskTracer( 2556): 2 11063835755282 1392875656128535
I/TaskTracer( 2556): 1 11063835755283 1392875656129053 2556 "b2g" 2556 "main"
I/TaskTracer( 2633): 0 11347303596131 1392875656158442 11347303596131 5 11347303596131
I/TaskTracer( 2633): 1 11347303596131 1392875656158564 2633 "(Preallocated app)" 2642 "Timer"
I/TaskTracer( 2633): 0 11347303596132 1392875656158625 11347303596131 5 11347303596131
I/TaskTracer( 2633): 4 11347303596132 0x41ba4520
I/TaskTracer( 2633): 2 11347303596131 1392875656158747
I/TaskTracer( 2556): 0 10977936410309 1392875656172724 11063835755282 5 11063835755283
I/TaskTracer( 2556): 4 10977936410309 0x422737f0
I/TaskTracer( 2556): 2 11063835755283 1392875656173426
I/TaskTracer( 2556): 1 10977936410309 1392875656174952 2556 "b2g" 2556 "main"
I/TaskTracer( 2556): 0 10977936410310 1392875656175745 11063835755282 5 10977936410309
I/TaskTracer( 2556): 4 10977936410310 0x422737f0
I/TaskTracer( 2556): 2 10977936410309 1392875656176325
I/TaskTracer( 2556): 1 10977936410310 1392875656178187 2556 "b2g" 2556 "main"
I/TaskTracer( 2556): 2 10977936410310 1392875656178889
I/TaskTracer( 2633): 0 11347303596133 1392875656185938 11347303596133 5 11347303596133
I/TaskTracer( 2633): 1 11347303596133 1392875656186060 2633 "(Preallocated app)" 2642 "Timer"
I/TaskTracer( 2633): 0 11347303596134 1392875656186121 11347303596133 5 11347303596133
I/TaskTracer( 2633): 4 11347303596134 0x41ba4520
I/TaskTracer( 2633): 2 11347303596133 1392875656186243
I/TaskTracer( 2633): 1 11347303596122 1392875656256709 2633 "Homescreen" 2633 "main"
I/TaskTracer( 2633): 3 11347303596122 1392875656257105 "[nsEventDispatcher::Dispatch] Event name: transitionend"
I/TaskTracer( 2633): 0 11347303596135 1392875656260126 11347303596135 5 11347303596135
I/TaskTracer( 2633): 1 11347303596135 1392875656260249 2633 "(Preallocated app)" 2642 "Timer"
I/TaskTracer( 2633): 0 11347303596136 1392875656260310 11347303596135 5 11347303596135
I/TaskTracer( 2633): 4 11347303596136 0x41ba4520
I/TaskTracer( 2633): 2 11347303596135 1392875656260462
