I/TaskTracer( 2556): 0 11063835755284 1392875656269923 11063835755284 5 11063835755284
I/TaskTracer( 2556): 1 11063835755284 1392875656270045 2556 "b2g" 2576 "Timer"
I/TaskTracer( 2556): 0 11063835755285 1392875656270136 11063835755284 5 11063835755284
I/TaskTracer( 2556): 4 11063835755285 0x4222a520
I/TaskTracer( 2556): 2 11063835755284 1392875656270289
I/TaskTracer( 2556): 1 11063835755285 1392875656270838 2556 "b2g" 2556 "main"
I/TaskTracer( 2633): 3 11347303596122 1392875656280177 "[nsEventDispatcher::Dispatch] Event name: MozAfterPaint"
I/TaskTracer( 2633): 2 11347303596122 1392875656280390
I/TaskTracer( 2633): 1 11308648890662 1392875656280970 2633 "Homescreen" 2633 "main"
I/TaskTracer( 2633): 2 11308648890662 1392875656281367
I/TaskTracer( 2633): 1 11476152614913 1392875656281580 2633 "Homescreen" 2633 "main"
I/TaskTracer( 2633): 3 11476152614913 1392875656282587 "[nsEventDispatcher::Dispatch] Event name: (null)"
I/TaskTracer( 2556): 0 10977936410322 1392875656314204 11063835755284 5 11063835755285
I/TaskTracer( 2556): 4 10977936410322 0x422737f0
I/TaskTracer( 2556): 2 11063835755285 1392875656314936
I/TaskTracer( 2556): 1 10977936410322 1392875656315546 2556 "b2g" 2556 "main"
I/TaskTracer( 2556): 2 10977936410322 1392875656316187
I/TaskTracer( 2633): 0 11308648890722 1392875656327387 11347303596115 5 11476152614913
I/TaskTracer( 2633): 4 11308648890722 0x41c0c338
I/TaskTracer( 2633): 0 11308648890723 1392875656329737 11347303596115 5 11476152614913
I/TaskTracer( 2633): 4 11308648890723 0x41bf20b0
I/TaskTracer( 2633): 3 11476152614913 1392875656331232 "[nsEventDispatcher::Dispatch] Event name: (null)"
I/TaskTracer( 2633): 0 11308648890724 1392875656331629 11347303596115 5 11476152614913
I/TaskTracer( 2633): 4 11308648890724 0x41c0efc8
I/TaskTracer( 2633): 0 11308648890725 1392875656332575 11347303596115 5 11476152614913
I/TaskTracer( 2633): 4 11308648890725 0x41c0eea0
I/TaskTracer( 2633): 2 11476152614913 1392875656333277
I/TaskTracer( 2633): 1 11347303596124 1392875656333949 2633 "Homescreen" 2633 "main"
I/TaskTracer( 2633): 2 11347303596124 1392875656334345
I/TaskTracer( 2633): 3 11308648890664 1392875656334864 "[nsEventDispatcher::Dispatch] Event name: load"
I/TaskTracer( 2633): 1 11308648890665 1392875656337214 2633 "Homescreen" 2633 "main"
I/TaskTracer( 2633): 0 11308648890730 1392875656338648 11347303596117 5 11308648890665
I/TaskTracer( 2633): 4 11308648890730 0x41bed7f0
I/TaskTracer( 2633): 2 11308648890665 1392875656339289
I/TaskTracer( 2633): 3 11308648890666 1392875656375269 "[nsEventDispatcher::Dispatch] Event name: load"
I/TaskTracer( 2633): 0 11476152614914 1392875656390009 11347303596115 5 11308648890661
I/TaskTracer( 2633): 4 11476152614914 0x41ba3730
I/TaskTracer( 2633): 1 11347303596126 1392875656392023 2633 "Homescreen" 2633 "main"
I/TaskTracer( 2633): 0 11308648890735 1392875656402064 11347303596125 5 11347303596126
I/TaskTracer( 2633): 4 11308648890735 0x41bb5f40
I/TaskTracer( 2633): 1 11308648890735 1392875656402949 2633 "Homescreen" 2634 "Chrome_ChildThread"
I/TaskTracer( 2633): 2 11308648890735 1392875656403071
I/TaskTracer( 2556): 0 11008001180087 1392875656403223 11347303596125 5 11308648890735
I/TaskTracer( 2556): 4 11008001180087 0x4223bee0
I/TaskTracer( 2556): 0 11008001180088 1392875656403376 11347303596125 5 11308648890735
I/TaskTracer( 2556): 4 11008001180088 0x4223c080
I/TaskTracer( 2556): 1 11008001180088 1392875656403681 2556 "b2g" 2556 "main"
I/TaskTracer( 2556): 1 11008001180087 1392875656403773 2556 "b2g" 2556 "main"
I/TaskTracer( 2556): 0 10977936410323 1392875656404017 11347303596125 5 11008001180087
I/TaskTracer( 2556): 4 10977936410323 0x42226910
I/TaskTracer( 2556): 2 11008001180087 1392875656404292
I/TaskTracer( 2556): 2 11008001180088 1392875656404322
I/TaskTracer( 2556): 1 10977936410323 1392875656404444 2556 "b2g" 2556 "main"
I/TaskTracer( 2556): 2 10977936410323 1392875656404505
I/TaskTracer( 2633): 0 11308648890736 1392875656406031 11347303596125 5 11347303596126
I/TaskTracer( 2633): 4 11308648890736 0x41bb5f40
I/TaskTracer( 2633): 1 11308648890736 1392875656406733 2633 "Homescreen" 2634 "Chrome_ChildThread"
I/TaskTracer( 2633): 2 11308648890736 1392875656406855
I/TaskTracer( 2556): 0 11008001180089 1392875656407008 11347303596125 5 11308648890736
I/TaskTracer( 2556): 4 11008001180089 0x4223bee0
I/TaskTracer( 2556): 0 11008001180090 1392875656407130 11347303596125 5 11308648890736
I/TaskTracer( 2556): 4 11008001180090 0x4223c080
I/TaskTracer( 2556): 1 11008001180090 1392875656407526 2556 "b2g" 2556 "main"
I/TaskTracer( 2556): 1 11008001180089 1392875656407648 2556 "b2g" 2556 "main"
I/TaskTracer( 2556): 2 11008001180089 1392875656407771
I/TaskTracer( 2556): 2 11008001180090 1392875656407832
I/TaskTracer( 2633): 0 11347303596137 1392875656408778 11347303596137 5 11347303596137
I/TaskTracer( 2633): 1 11347303596137 1392875656408869 2633 "(Preallocated app)" 2642 "Timer"
I/TaskTracer( 2633): 0 11347303596138 1392875656408930 11347303596137 5 11347303596137
I/TaskTracer( 2633): 4 11347303596138 0x41ba4520
I/TaskTracer( 2633): 2 11347303596137 1392875656409052
I/TaskTracer( 2633): 0 11308648890737 1392875656410517 11347303596125 5 11347303596126
I/TaskTracer( 2633): 4 11308648890737 0x41bb5f40
I/TaskTracer( 2633): 1 11308648890737 1392875656411280 2633 "Homescreen" 2634 "Chrome_ChildThread"
I/TaskTracer( 2633): 2 11308648890737 1392875656411402
I/TaskTracer( 2556): 0 11008001180091 1392875656411555 11347303596125 5 11308648890737
I/TaskTracer( 2556): 4 11008001180091 0x4223bee0
I/TaskTracer( 2556): 0 11008001180092 1392875656411677 11347303596125 5 11308648890737
I/TaskTracer( 2556): 4 11008001180092 0x4223c080
I/TaskTracer( 2556): 1 11008001180092 1392875656412074 2556 "b2g" 2556 "main"
I/TaskTracer( 2556): 1 11008001180091 1392875656412196 2556 "b2g" 2556 "main"
I/TaskTracer( 2556): 2 11008001180091 1392875656412623
I/TaskTracer( 2556): 2 11008001180092 1392875656412684
I/TaskTracer( 2556): 0 11063835755286 1392875656414240 11063835755286 5 11063835755286
I/TaskTracer( 2556): 1 11063835755286 1392875656414332 2556 "b2g" 2576 "Timer"
I/TaskTracer( 2556): 0 11063835755287 1392875656414393 11063835755286 5 11063835755286
I/TaskTracer( 2556): 4 11063835755287 0x4222a520
I/TaskTracer( 2556): 2 11063835755286 1392875656414545
I/TaskTracer( 2556): 1 11063835755287 1392875656414851 2556 "b2g" 2556 "main"
I/TaskTracer( 2633): 0 11308648890738 1392875656425043 11347303596125 5 11347303596126
I/TaskTracer( 2633): 4 11308648890738 0x41bb5f40
I/TaskTracer( 2633): 1 11308648890738 1392875656426020 2633 "Homescreen" 2634 "Chrome_ChildThread"
I/TaskTracer( 2633): 2 11308648890738 1392875656426142
I/TaskTracer( 2556): 0 11008001180093 1392875656426325 11347303596125 5 11308648890738
I/TaskTracer( 2556): 4 11008001180093 0x4223bee0
I/TaskTracer( 2556): 0 11008001180094 1392875656426447 11347303596125 5 11308648890738
I/TaskTracer( 2556): 4 11008001180094 0x4223c080
I/TaskTracer( 2633): 0 11308648890739 1392875656428858 11347303596125 5 11347303596126
I/TaskTracer( 2633): 4 11308648890739 0x41bb5f40
I/TaskTracer( 2633): 1 11308648890739 1392875656429560 2633 "Homescreen" 2634 "Chrome_ChildThread"
I/TaskTracer( 2633): 2 11308648890739 1392875656429713
I/TaskTracer( 2556): 0 11008001180095 1392875656430018 11347303596125 5 11308648890739
I/TaskTracer( 2556): 4 11008001180095 0x4223bee0
I/TaskTracer( 2556): 0 11008001180096 1392875656430140 11347303596125 5 11308648890739
I/TaskTracer( 2556): 4 11008001180096 0x4223c080
I/TaskTracer( 2633): 0 11308648890740 1392875656432887 11347303596125 5 11347303596126
I/TaskTracer( 2633): 4 11308648890740 0x41bb5f40
I/TaskTracer( 2633): 1 11308648890740 1392875656433649 2633 "Homescreen" 2634 "Chrome_ChildThread"
I/TaskTracer( 2633): 2 11308648890740 1392875656433894
I/TaskTracer( 2556): 0 11063835755288 1392875656434077 11063835755288 5 11063835755288
I/TaskTracer( 2556): 1 11063835755288 1392875656434168 2556 "b2g" 2576 "Timer"
I/TaskTracer( 2556): 0 11063835755289 1392875656434229 11063835755288 5 11063835755288
I/TaskTracer( 2556): 4 11063835755289 0x4222a520
I/TaskTracer( 2556): 2 11063835755288 1392875656434351
I/TaskTracer( 2556): 0 11008001180097 1392875656435236 11347303596125 5 11308648890740
I/TaskTracer( 2556): 4 11008001180097 0x4223bee0
I/TaskTracer( 2556): 0 11008001180098 1392875656435358 11347303596125 5 11308648890740
I/TaskTracer( 2556): 4 11008001180098 0x4223c080
I/TaskTracer( 2633): 0 11308648890741 1392875656437861 11347303596125 5 11347303596126
I/TaskTracer( 2633): 4 11308648890741 0x41bb5f40
I/TaskTracer( 2633): 1 11308648890741 1392875656439082 2633 "Homescreen" 2634 "Chrome_ChildThread"
I/TaskTracer( 2633): 2 11308648890741 1392875656439234
I/TaskTracer( 2556): 0 11008001180099 1392875656439692 11347303596125 5 11308648890741
I/TaskTracer( 2556): 4 11008001180099 0x4223bee0
I/TaskTracer( 2556): 0 11008001180100 1392875656439814 11347303596125 5 11308648890741
I/TaskTracer( 2556): 4 11008001180100 0x4223c080
I/TaskTracer( 2633): 0 11308648890742 1392875656442622 11347303596125 5 11347303596126
I/TaskTracer( 2633): 4 11308648890742 0x41bb5f40
I/TaskTracer( 2633): 1 11308648890742 1392875656443415 2633 "Homescreen" 2634 "Chrome_ChildThread"
I/TaskTracer( 2633): 2 11308648890742 1392875656443537
I/TaskTracer( 2556): 0 11008001180101 1392875656443751 11347303596125 5 11308648890742
I/TaskTracer( 2556): 4 11008001180101 0x4223bee0
I/TaskTracer( 2556): 0 11008001180102 1392875656443873 11347303596125 5 11308648890742
I/TaskTracer( 2556): 4 11008001180102 0x4223c080
I/TaskTracer( 2633): 0 11308648890743 1392875656445032 11347303596125 5 11347303596126
I/TaskTracer( 2633): 4 11308648890743 0x41bb5f40
I/TaskTracer( 2633): 1 11308648890743 1392875656445765 2633 "Homescreen" 2634 "Chrome_ChildThread"
I/TaskTracer( 2633): 2 11308648890743 1392875656445887
I/TaskTracer( 2556): 0 11008001180103 1392875656446040 11347303596125 5 11308648890743
I/TaskTracer( 2556): 4 11008001180103 0x4223bee0
I/TaskTracer( 2556): 0 11008001180104 1392875656446162 11347303596125 5 11308648890743
I/TaskTracer( 2556): 4 11008001180104 0x4223c080
I/TaskTracer( 2633): 0 11347303596139 1392875656452479 11347303596139 5 11347303596139
I/TaskTracer( 2633): 1 11347303596139 1392875656452601 2633 "(Preallocated app)" 2642 "Timer"
I/TaskTracer( 2633): 0 11347303596140 1392875656452662 11347303596139 5 11347303596139
I/TaskTracer( 2633): 4 11347303596140 0x41ba4520
I/TaskTracer( 2633): 2 11347303596139 1392875656452784
I/TaskTracer( 2633): 0 11308648890744 1392875656453699 11347303596125 5 11347303596126
I/TaskTracer( 2633): 4 11308648890744 0x41bb5f40
I/TaskTracer( 2633): 1 11308648890744 1392875656454432 2633 "Homescreen" 2634 "Chrome_ChildThread"
I/TaskTracer( 2633): 2 11308648890744 1392875656454554
I/TaskTracer( 2556): 0 11008001180105 1392875656454768 11347303596125 5 11308648890744
I/TaskTracer( 2556): 4 11008001180105 0x4223bee0
I/TaskTracer( 2556): 0 11008001180106 1392875656454859 11347303596125 5 11308648890744
I/TaskTracer( 2556): 4 11008001180106 0x4223c080
I/TaskTracer( 2633): 2 11347303596126 1392875656456324
I/TaskTracer( 2633): 1 11347303596128 1392875656457575 2633 "Homescreen" 2633 "main"
I/TaskTracer( 2633): 0 11308648890745 1392875656460108 11347303596127 5 11347303596128
I/TaskTracer( 2633): 4 11308648890745 0x41ba13b8
I/TaskTracer( 2633): 2 11347303596128 1392875656461085
I/TaskTracer( 2633): 1 11347303596130 1392875656462336 2633 "Homescreen" 2633 "main"
I/TaskTracer( 2633): 2 11347303596130 1392875656463068
I/TaskTracer( 2633): 1 11347303596132 1392875656464381 2633 "Homescreen" 2633 "main"
I/TaskTracer( 2556): 0 10977936410324 1392875656464808 11063835755286 5 11063835755287
I/TaskTracer( 2633): 2 11347303596132 1392875656465235
I/TaskTracer( 2556): 4 10977936410324 0x422737f0
I/TaskTracer( 2556): 2 11063835755287 1392875656465907
I/TaskTracer( 2556): 1 11008001180094 1392875656467005 2556 "b2g" 2556 "main"
I/TaskTracer( 2556): 1 11008001180093 1392875656467921 2556 "b2g" 2556 "main"
I/TaskTracer( 2633): 1 11347303596134 1392875656468348 2633 "Homescreen" 2633 "main"
I/TaskTracer( 2633): 2 11347303596134 1392875656469202
I/TaskTracer( 2556): 2 11008001180093 1392875656470087
I/TaskTracer( 2556): 2 11008001180094 1392875656470423
I/TaskTracer( 2556): 1 11008001180096 1392875656470911 2556 "b2g" 2556 "main"
I/TaskTracer( 2556): 1 11008001180095 1392875656471766 2556 "b2g" 2556 "main"
I/TaskTracer( 2556): 2 11008001180095 1392875656472895
I/TaskTracer( 2556): 2 11008001180096 1392875656474177
I/TaskTracer( 2556): 1 11063835755289 1392875656474635 2556 "b2g" 2556 "main"
I/TaskTracer( 2556): 2 11063835755289 1392875656475489
I/TaskTracer( 2633): 0 11347303596141 1392875656476099 11347303596141 5 11347303596141
I/TaskTracer( 2633): 1 11347303596141 1392875656476191 2633 "(Preallocated app)" 2642 "Timer"
I/TaskTracer( 2633): 0 11347303596142 1392875656476252 11347303596141 5 11347303596141
I/TaskTracer( 2633): 4 11347303596142 0x41ba4520
I/TaskTracer( 2633): 2 11347303596141 1392875656476374
I/TaskTracer( 2556): 1 11008001180098 1392875656477045 2556 "b2g" 2556 "main"
I/TaskTracer( 2556): 1 11008001180097 1392875656477442 2556 "b2g" 2556 "main"
I/TaskTracer( 2633): 3 11312943857923 1392875656477808 "[nsEventDispatcher::Dispatch] Event name: (null)"
I/TaskTracer( 2556): 2 11008001180097 1392875656479548
I/TaskTracer( 2556): 2 11008001180098 1392875656480402
I/TaskTracer( 2556): 1 11008001180100 1392875656480799 2556 "b2g" 2556 "main"
I/TaskTracer( 2633): 1 11347303596136 1392875656480219 2633 "Homescreen" 2633 "main"
I/TaskTracer( 2556): 1 11008001180099 1392875656480982 2556 "b2g" 2556 "main"
I/TaskTracer( 2556): 2 11008001180099 1392875656487696
I/TaskTracer( 2556): 2 11008001180100 1392875656487818
I/TaskTracer( 2556): 1 11008001180102 1392875656488306 2556 "b2g" 2556 "main"
I/TaskTracer( 2556): 1 11008001180101 1392875656488703 2556 "b2g" 2556 "main"
I/TaskTracer( 2556): 2 11008001180101 1392875656489680
I/TaskTracer( 2556): 2 11008001180102 1392875656490046
I/TaskTracer( 2556): 1 11008001180104 1392875656490473 2556 "b2g" 2556 "main"
I/TaskTracer( 2556): 1 11008001180103 1392875656490809 2556 "b2g" 2556 "main"
I/TaskTracer( 2556): 2 11008001180103 1392875656491236
I/TaskTracer( 2556): 2 11008001180104 1392875656491572
I/TaskTracer( 2556): 1 11008001180106 1392875656491938 2556 "b2g" 2556 "main"
I/TaskTracer( 2556): 1 11008001180105 1392875656492365 2556 "b2g" 2556 "main"
I/TaskTracer( 2633): 0 11347303596143 1392875656495173 11347303596143 5 11347303596143
I/TaskTracer( 2633): 1 11347303596143 1392875656495295 2633 "(Preallocated app)" 2642 "Timer"
I/TaskTracer( 2633): 0 11347303596144 1392875656495387 11347303596143 5 11347303596143
I/TaskTracer( 2633): 4 11347303596144 0x41ba4520
I/TaskTracer( 2633): 2 11347303596143 1392875656495509
I/TaskTracer( 2556): 2 11008001180105 1392875656496363
I/TaskTracer( 2556): 2 11008001180106 1392875656496790
I/TaskTracer( 2556): 1 10977936410324 1392875656497218 2556 "b2g" 2556 "main"
I/TaskTracer( 2556): 2 10977936410324 1392875656497950
I/TaskTracer( 2556): 3 11111080394848 1392875656501368 "[nsEventDispatcher::Dispatch] Event name: complete"
I/TaskTracer( 2633): 0 11347303596145 1392875656505579 11347303596145 5 11347303596145
I/TaskTracer( 2633): 1 11347303596145 1392875656505701 2633 "(Preallocated app)" 2642 "Timer"
I/TaskTracer( 2633): 0 11347303596146 1392875656505793 11347303596145 5 11347303596145
I/TaskTracer( 2633): 4 11347303596146 0x41ba4520
I/TaskTracer( 2633): 2 11347303596145 1392875656505915
I/TaskTracer( 2633): 0 11347303596147 1392875656507471 11347303596147 5 11347303596147
I/TaskTracer( 2633): 1 11347303596147 1392875656507563 2633 "(Preallocated app)" 2642 "Timer"
I/TaskTracer( 2633): 0 11347303596148 1392875656507655 11347303596147 5 11347303596147
I/TaskTracer( 2633): 4 11347303596148 0x41ba4520
I/TaskTracer( 2633): 2 11347303596147 1392875656507746
I/TaskTracer( 2633): 0 11347303596149 1392875656508540 11347303596149 5 11347303596149
I/TaskTracer( 2633): 1 11347303596149 1392875656508631 2633 "(Preallocated app)" 2642 "Timer"
I/TaskTracer( 2633): 0 11347303596150 1392875656508723 11347303596149 5 11347303596149
I/TaskTracer( 2633): 4 11347303596150 0x41ba4520
I/TaskTracer( 2633): 2 11347303596149 1392875656508814
I/TaskTracer( 2633): 0 11347303596151 1392875656509638 11347303596151 5 11347303596151
I/TaskTracer( 2633): 1 11347303596151 1392875656509760 2633 "(Preallocated app)" 2642 "Timer"
I/TaskTracer( 2633): 0 11347303596152 1392875656509821 11347303596151 5 11347303596151
I/TaskTracer( 2633): 4 11347303596152 0x41ba4520
I/TaskTracer( 2633): 2 11347303596151 1392875656509913
I/TaskTracer( 2633): 0 11347303596153 1392875656510798 11347303596153 5 11347303596153
I/TaskTracer( 2633): 1 11347303596153 1392875656510889 2633 "(Preallocated app)" 2642 "Timer"
I/TaskTracer( 2633): 0 11347303596154 1392875656510950 11347303596153 5 11347303596153
I/TaskTracer( 2633): 4 11347303596154 0x41ba4520
I/TaskTracer( 2633): 2 11347303596153 1392875656511073
I/TaskTracer( 2633): 0 11347303596155 1392875656512446 11347303596155 5 11347303596155
I/TaskTracer( 2633): 1 11347303596155 1392875656512537 2633 "(Preallocated app)" 2642 "Timer"
I/TaskTracer( 2633): 0 11347303596156 1392875656512598 11347303596155 5 11347303596155
I/TaskTracer( 2633): 4 11347303596156 0x41ba4520
I/TaskTracer( 2633): 2 11347303596155 1392875656512720
I/TaskTracer( 2633): 0 11347303596157 1392875656513483 11347303596157 5 11347303596157
I/TaskTracer( 2633): 1 11347303596157 1392875656513575 2633 "(Preallocated app)" 2642 "Timer"
I/TaskTracer( 2633): 0 11347303596158 1392875656513636 11347303596157 5 11347303596157
I/TaskTracer( 2633): 4 11347303596158 0x41ba4520
I/TaskTracer( 2633): 2 11347303596157 1392875656513758
I/TaskTracer( 2633): 0 11347303596159 1392875656514552 11347303596159 5 11347303596159
I/TaskTracer( 2633): 1 11347303596159 1392875656514643 2633 "(Preallocated app)" 2642 "Timer"
I/TaskTracer( 2633): 0 11347303596160 1392875656515040 11347303596159 5 11347303596159
I/TaskTracer( 2633): 4 11347303596160 0x41ba4520
I/TaskTracer( 2633): 2 11347303596159 1392875656515162
I/TaskTracer( 2633): 0 11308648890747 1392875656538813 11347303596135 5 11347303596136
I/TaskTracer( 2633): 4 11308648890747 0x41bb5f40
I/TaskTracer( 2633): 1 11308648890747 1392875656539606 2633 "Homescreen" 2634 "Chrome_ChildThread"
I/TaskTracer( 2633): 2 11308648890747 1392875656539729
I/TaskTracer( 2556): 0 11008001180109 1392875656539912 11347303596135 5 11308648890747
I/TaskTracer( 2556): 4 11008001180109 0x4223bee0
I/TaskTracer( 2556): 1 11008001180109 1392875656540186 2556 "b2g" 2580 "Compositor"
I/TaskTracer( 2556): 0 11081015623773 1392875656540797 11347303596135 5 11008001180109
I/TaskTracer( 2556): 4 11081015623773 0x42253d60
I/TaskTracer( 2556): 0 11081015623774 1392875656540949 11347303596135 5 11008001180109
I/TaskTracer( 2556): 4 11081015623774 0x4223bf40
I/TaskTracer( 2556): 2 11008001180109 1392875656541071
I/TaskTracer( 2556): 1 11081015623773 1392875656541163 2556 "b2g" 2580 "Compositor"
I/TaskTracer( 2556): 1 11081015623774 1392875656543452 2556 "b2g" 2563 "Gecko_IOThread"
I/TaskTracer( 2556): 2 11081015623774 1392875656543574
I/TaskTracer( 2633): 3 11347303596136 1392875656545161 "[nsEventDispatcher::Dispatch] Event name: MozAfterPaint"
I/TaskTracer( 2633): 2 11347303596136 1392875656545771
I/TaskTracer( 2633): 1 11308648890722 1392875656546381 2633 "Homescreen" 2633 "main"
I/TaskTracer( 2633): 2 11308648890722 1392875656546809
I/TaskTracer( 2633): 1 11308648890723 1392875656547053 2633 "Homescreen" 2633 "main"
I/TaskTracer( 2633): 3 11308648890723 1392875656547449 "[nsEventDispatcher::Dispatch] Event name: SVGLoad"
I/TaskTracer( 2633): 2 11308648890723 1392875656547877
I/TaskTracer( 2633): 1 11308648890724 1392875656548243 2633 "Homescreen" 2633 "main"
I/TaskTracer( 2556): 2 11081015623773 1392875656549311
I/TaskTracer( 2633): 2 11308648890724 1392875656548731
I/TaskTracer( 2633): 1 11308648890725 1392875656550013 2633 "Homescreen" 2633 "main"
I/TaskTracer( 2633): 3 11308648890725 1392875656550471 "[nsEventDispatcher::Dispatch] Event name: (null)"
I/TaskTracer( 2633): 2 11308648890725 1392875656550837
I/TaskTracer( 2633): 3 11308648890726 1392875656551295 "[nsEventDispatcher::Dispatch] Event name: load"
I/TaskTracer( 2633): 3 11308648890727 1392875656552790 "[nsEventDispatcher::Dispatch] Event name: load"
I/TaskTracer( 2633): 3 11308648890728 1392875656554133 "[nsEventDispatcher::Dispatch] Event name: load"
I/TaskTracer( 2633): 3 11308648890729 1392875656555384 "[nsEventDispatcher::Dispatch] Event name: load"
I/TaskTracer( 2633): 1 11308648890730 1392875656556574 2633 "Homescreen" 2633 "main"
I/TaskTracer( 2633): 2 11308648890730 1392875656557795
I/TaskTracer( 2633): 3 11308648890731 1392875656558527 "[nsEventDispatcher::Dispatch] Event name: load"
I/TaskTracer( 2633): 3 11308648890732 1392875656559931 "[nsEventDispatcher::Dispatch] Event name: load"
I/TaskTracer( 2633): 0 11347303596161 1392875656563166 11347303596161 5 11347303596161
I/TaskTracer( 2633): 1 11347303596161 1392875656563288 2633 "(Preallocated app)" 2642 "Timer"
I/TaskTracer( 2633): 0 11347303596162 1392875656563349 11347303596161 5 11347303596161
I/TaskTracer( 2633): 4 11347303596162 0x41ba4520
I/TaskTracer( 2633): 2 11347303596161 1392875656563471
I/TaskTracer( 2556): 0 11063835755290 1392875656564387 11063835755290 5 11063835755290
I/TaskTracer( 2556): 1 11063835755290 1392875656564509 2556 "b2g" 2576 "Timer"
I/TaskTracer( 2556): 0 11063835755291 1392875656564600 11063835755290 5 11063835755290
I/TaskTracer( 2556): 4 11063835755291 0x4222a520
I/TaskTracer( 2556): 2 11063835755290 1392875656564722
I/TaskTracer( 2556): 1 11063835755291 1392875656564936 2556 "b2g" 2556 "main"
I/TaskTracer( 2556): 0 10977936410327 1392875656572352 11063835755290 5 11063835755291
I/TaskTracer( 2556): 4 10977936410327 0x422737f0
I/TaskTracer( 2556): 2 11063835755291 1392875656573267
I/TaskTracer( 2556): 1 10977936410327 1392875656573756 2556 "b2g" 2556 "main"
I/TaskTracer( 2633): 3 11308648890733 1392875656572230 "[nsEventDispatcher::Dispatch] Event name: load"
I/TaskTracer( 2556): 0 10977936410328 1392875656574488 11063835755290 5 10977936410327
I/TaskTracer( 2556): 4 10977936410328 0x422737f0
I/TaskTracer( 2556): 2 10977936410327 1392875656575465
I/TaskTracer( 2556): 1 10977936410328 1392875656576350 2556 "b2g" 2556 "main"
I/TaskTracer( 2556): 2 10977936410328 1392875656576899
I/TaskTracer( 2633): 0 11347303596163 1392875656578669 11347303596163 5 11347303596163
I/TaskTracer( 2633): 1 11347303596163 1392875656578761 2633 "(Preallocated app)" 2642 "Timer"
I/TaskTracer( 2633): 0 11347303596164 1392875656578822 11347303596163 5 11347303596163
I/TaskTracer( 2633): 4 11347303596164 0x41ba4520
I/TaskTracer( 2633): 2 11347303596163 1392875656578944
I/TaskTracer( 2633): 1 11476152614914 1392875656578547 2633 "Homescreen" 2633 "main"
I/TaskTracer( 2633): 0 11308648890760 1392875656581049 11347303596115 5 11476152614914
I/TaskTracer( 2633): 4 11308648890760 0x41bfb2d0
I/TaskTracer( 2633): 2 11476152614914 1392875656582178
I/TaskTracer( 2633): 3 11308648890734 1392875656582789 "[nsEventDispatcher::Dispatch] Event name: load"
I/TaskTracer( 2633): 1 11347303596138 1392875656584223 2633 "Homescreen" 2633 "main"
I/TaskTracer( 2633): 0 11308648890761 1392875656586054 11347303596137 5 11347303596138
I/TaskTracer( 2633): 4 11308648890761 0x41bed7f0
I/TaskTracer( 2633): 2 11347303596138 1392875656587122
I/TaskTracer( 2633): 1 11347303596140 1392875656587550 2633 "Homescreen" 2633 "main"
I/TaskTracer( 2633): 2 11347303596140 1392875656587946
I/TaskTracer( 2633): 1 11308648890745 1392875656589991 2633 "Homescreen" 2633 "main"
I/TaskTracer( 2633): 0 11308648890763 1392875656590571 11347303596127 5 11308648890745
I/TaskTracer( 2633): 4 11308648890763 0x41bb5f40
I/TaskTracer( 2633): 1 11308648890763 1392875656591273 2633 "Homescreen" 2634 "Chrome_ChildThread"
I/TaskTracer( 2633): 2 11308648890763 1392875656591395
I/TaskTracer( 2556): 0 11008001180110 1392875656591578 11347303596127 5 11308648890763
I/TaskTracer( 2556): 4 11008001180110 0x4223bee0
I/TaskTracer( 2556): 0 11008001180111 1392875656591700 11347303596127 5 11308648890763
I/TaskTracer( 2556): 4 11008001180111 0x4223c080
I/TaskTracer( 2556): 1 11008001180111 1392875656591975 2556 "b2g" 2556 "main"
I/TaskTracer( 2556): 1 11008001180110 1392875656592066 2556 "b2g" 2556 "main"
I/TaskTracer( 2556): 2 11008001180110 1392875656592219
I/TaskTracer( 2556): 2 11008001180111 1392875656593409
I/TaskTracer( 2633): 2 11308648890745 1392875656593928
I/TaskTracer( 2633): 1 11347303596142 1392875656609461 2633 "Homescreen" 2633 "main"
I/TaskTracer( 2633): 2 11347303596142 1392875656609644
I/TaskTracer( 2633): 1 11347303596144 1392875656610163 2633 "Homescreen" 2633 "main"
I/TaskTracer( 2633): 0 11347303596165 1392875656610682 11347303596165 5 11347303596165
I/TaskTracer( 2633): 1 11347303596165 1392875656610773 2633 "(Preallocated app)" 2642 "Timer"
I/TaskTracer( 2633): 0 11347303596166 1392875656610834 11347303596165 5 11347303596165
I/TaskTracer( 2633): 4 11347303596166 0x41ba4520
I/TaskTracer( 2633): 2 11347303596165 1392875656610987
I/TaskTracer( 2633): 0 11308648890776 1392875656636378 11347303596143 5 11347303596144
I/TaskTracer( 2633): 4 11308648890776 0x41bb5f40
I/TaskTracer( 2633): 1 11308648890776 1392875656637171 2633 "Homescreen" 2634 "Chrome_ChildThread"
I/TaskTracer( 2633): 2 11308648890776 1392875656637293
I/TaskTracer( 2556): 0 11008001180112 1392875656637446 11347303596143 5 11308648890776
I/TaskTracer( 2556): 4 11008001180112 0x4223bee0
I/TaskTracer( 2556): 1 11008001180112 1392875656637720 2556 "b2g" 2580 "Compositor"
I/TaskTracer( 2556): 0 11081015623775 1392875656638361 11347303596143 5 11008001180112
I/TaskTracer( 2556): 4 11081015623775 0x42253d60
I/TaskTracer( 2556): 0 11081015623776 1392875656638514 11347303596143 5 11008001180112
I/TaskTracer( 2556): 4 11081015623776 0x4223bf40
I/TaskTracer( 2556): 2 11008001180112 1392875656638667
I/TaskTracer( 2556): 1 11081015623775 1392875656638728 2556 "b2g" 2580 "Compositor"
I/TaskTracer( 2556): 1 11081015623776 1392875656641077 2556 "b2g" 2563 "Gecko_IOThread"
I/TaskTracer( 2556): 2 11081015623776 1392875656641230
I/TaskTracer( 2633): 3 11347303596144 1392875656643031 "[nsEventDispatcher::Dispatch] Event name: MozAfterPaint"
I/TaskTracer( 2633): 2 11347303596144 1392875656643702
I/TaskTracer( 2556): 2 11081015623775 1392875656644953
I/TaskTracer( 2633): 3 11312943857925 1392875656645533 "[nsEventDispatcher::Dispatch] Event name: (null)"
I/TaskTracer( 2556): 3 11248519348269 1392875656652796 "[nsEventDispatcher::Dispatch] Event name: complete"
I/TaskTracer( 2633): 3 11312943857927 1392875656654139 "[nsEventDispatcher::Dispatch] Event name: complete"
I/TaskTracer( 2556): 0 11063835755292 1392875656669520 11063835755292 5 11063835755292
I/TaskTracer( 2556): 1 11063835755292 1392875656669642 2556 "b2g" 2576 "Timer"
I/TaskTracer( 2556): 0 11063835755293 1392875656669703 11063835755292 5 11063835755292
I/TaskTracer( 2556): 4 11063835755293 0x4222a520
I/TaskTracer( 2556): 2 11063835755292 1392875656669855
I/TaskTracer( 2556): 1 11063835755293 1392875656670710 2556 "b2g" 2556 "main"
I/TaskTracer( 2556): 0 10977936410332 1392875656760096 11063835755292 5 11063835755293
I/TaskTracer( 2556): 4 10977936410332 0x422737f0
I/TaskTracer( 2556): 2 11063835755293 1392875656761591
I/TaskTracer( 2556): 1 10977936410332 1392875656766871 2556 "b2g" 2556 "main"
I/TaskTracer( 2556): 0 10977936410336 1392875656771906 11063835755292 5 10977936410332
I/TaskTracer( 2556): 4 10977936410336 0x422737f0
I/TaskTracer( 2556): 2 10977936410332 1392875656773310
I/TaskTracer( 2556): 1 10977936410336 1392875656774439 2556 "b2g" 2556 "main"
I/TaskTracer( 2556): 2 10977936410336 1392875656775629
I/TaskTracer( 2633): 3 11312943857927 1392875656808039 "[nsFrameMessageManager::SendAsyncMessage] type:Webapps:RegisterForMessages"
I/TaskTracer( 2633): 3 11312943857927 1392875656825800 "[nsFrameMessageManager::SendAsyncMessage] type:Webapps:RegisterForMessages"
I/TaskTracer( 2633): 3 11312943857927 1392875656844111 "[nsFrameMessageManager::SendAsyncMessage] type:Webapps:GetAll"
I/TaskTracer( 2556): 0 11063835755294 1392875656848139 11063835755294 5 11063835755294
I/TaskTracer( 2556): 1 11063835755294 1392875656848261 2556 "b2g" 2576 "Timer"
I/TaskTracer( 2556): 0 11063835755295 1392875656848322 11063835755294 5 11063835755294
I/TaskTracer( 2556): 4 11063835755295 0x4222a520
I/TaskTracer( 2556): 2 11063835755294 1392875656848475
I/TaskTracer( 2633): 1 11347303596146 1392875656852473 2633 "Homescreen" 2633 "main"
I/TaskTracer( 2633): 2 11347303596146 1392875656852930
I/TaskTracer( 2633): 1 11347303596148 1392875656853205 2633 "Homescreen" 2633 "main"
I/TaskTracer( 2633): 2 11347303596148 1392875656853602
I/TaskTracer( 2633): 1 11347303596150 1392875656853999 2633 "Homescreen" 2633 "main"
I/TaskTracer( 2633): 2 11347303596150 1392875656854334
I/TaskTracer( 2633): 1 11347303596152 1392875656854548 2633 "Homescreen" 2633 "main"
I/TaskTracer( 2633): 2 11347303596152 1392875656854884
I/TaskTracer( 2633): 1 11347303596154 1392875656855097 2633 "Homescreen" 2633 "main"
I/TaskTracer( 2633): 2 11347303596154 1392875656855433
I/TaskTracer( 2633): 1 11347303596156 1392875656855769 2633 "Homescreen" 2633 "main"
I/TaskTracer( 2633): 2 11347303596156 1392875656855952
I/TaskTracer( 2633): 1 11347303596158 1392875656856287 2633 "Homescreen" 2633 "main"
I/TaskTracer( 2633): 2 11347303596158 1392875656856470
I/TaskTracer( 2633): 1 11347303596160 1392875656856806 2633 "Homescreen" 2633 "main"
I/TaskTracer( 2633): 2 11347303596160 1392875656857020
I/TaskTracer( 2633): 3 11308648890748 1392875656857447 "[nsEventDispatcher::Dispatch] Event name: load"
I/TaskTracer( 2633): 3 11308648890749 1392875656863703 "[nsEventDispatcher::Dispatch] Event name: load"
I/TaskTracer( 2633): 3 11308648890750 1392875656864619 "[nsEventDispatcher::Dispatch] Event name: load"
I/TaskTracer( 2633): 3 11308648890751 1392875656865961 "[nsEventDispatcher::Dispatch] Event name: load"
I/TaskTracer( 2633): 1 11347303596162 1392875656867518 2633 "Homescreen" 2633 "main"
I/TaskTracer( 2633): 2 11347303596162 1392875656873347
I/TaskTracer( 2633): 3 11308648890752 1392875656873774 "[nsEventDispatcher::Dispatch] Event name: load"
I/TaskTracer( 2633): 3 11308648890753 1392875656875422 "[nsEventDispatcher::Dispatch] Event name: load"
I/TaskTracer( 2556): 0 11063835755296 1392875656875727 11063835755296 5 11063835755296
I/TaskTracer( 2556): 1 11063835755296 1392875656875849 2556 "b2g" 2576 "Timer"
I/TaskTracer( 2556): 0 11063835755297 1392875656875910 11063835755296 5 11063835755296
I/TaskTracer( 2556): 4 11063835755297 0x4222a520
I/TaskTracer( 2556): 2 11063835755296 1392875656876032
I/TaskTracer( 2556): 3 11008001180119 1392875656877009 "[nsFrameMessageManager::SendAsyncMessage] type:Webapps:GetAll:Return:OK"
I/TaskTracer( 2633): 3 11308648890754 1392875656883967 "[nsEventDispatcher::Dispatch] Event name: load"
I/TaskTracer( 2633): 3 11308648890755 1392875656884760 "[nsEventDispatcher::Dispatch] Event name: load"
I/TaskTracer( 2633): 3 11308648890756 1392875656891444 "[nsEventDispatcher::Dispatch] Event name: load"
I/TaskTracer( 2633): 3 11308648890757 1392875656892207 "[nsEventDispatcher::Dispatch] Event name: load"
I/TaskTracer( 2633): 3 11308648890758 1392875656898432 "[nsEventDispatcher::Dispatch] Event name: load"
I/TaskTracer( 2633): 3 11308648890759 1392875656902857 "[nsEventDispatcher::Dispatch] Event name: load"
I/TaskTracer( 2633): 1 11347303596164 1392875656904292 2633 "Homescreen" 2633 "main"
I/TaskTracer( 2633): 2 11347303596164 1392875656904780
I/TaskTracer( 2633): 1 11308648890760 1392875656905054 2633 "Homescreen" 2633 "main"
I/TaskTracer( 2633): 3 11308648890760 1392875656906184 "[nsEventDispatcher::Dispatch] Event name: load"
I/TaskTracer( 2633): 2 11308648890760 1392875656922785
I/TaskTracer( 2633): 1 11308648890761 1392875656923060 2633 "Homescreen" 2633 "main"
I/TaskTracer( 2633): 2 11308648890761 1392875656924097
I/TaskTracer( 2633): 3 11308648890762 1392875656924677 "[nsEventDispatcher::Dispatch] Event name: load"
I/TaskTracer( 2633): 3 11308648890764 1392875656926173 "[nsEventDispatcher::Dispatch] Event name: load"
I/TaskTracer( 2633): 3 11308648890765 1392875656927546 "[nsEventDispatcher::Dispatch] Event name: load"
I/TaskTracer( 2633): 3 11308648890766 1392875656934077 "[nsEventDispatcher::Dispatch] Event name: load"
I/TaskTracer( 2633): 3 11308648890767 1392875656934931 "[nsEventDispatcher::Dispatch] Event name: load"
I/TaskTracer( 2633): 3 11308648890768 1392875656936335 "[nsEventDispatcher::Dispatch] Event name: load"
I/TaskTracer( 2633): 3 11308648890769 1392875656942988 "[nsEventDispatcher::Dispatch] Event name: load"
I/TaskTracer( 2633): 3 11308648890770 1392875656943873 "[nsEventDispatcher::Dispatch] Event name: load"
I/TaskTracer( 2633): 3 11308648890771 1392875656950617 "[nsEventDispatcher::Dispatch] Event name: load"
I/TaskTracer( 2633): 3 11308648890772 1392875656951411 "[nsEventDispatcher::Dispatch] Event name: load"
I/TaskTracer( 2633): 3 11308648890773 1392875656953242 "[nsEventDispatcher::Dispatch] Event name: load"
I/TaskTracer( 2633): 3 11308648890774 1392875656960230 "[nsEventDispatcher::Dispatch] Event name: load"
I/TaskTracer( 2633): 3 11308648890775 1392875656963160 "[nsEventDispatcher::Dispatch] Event name: load"
I/TaskTracer( 2633): 1 11347303596166 1392875656969996 2633 "Homescreen" 2633 "main"
I/TaskTracer( 2633): 0 11347303596167 1392875656973444 11347303596167 5 11347303596167
I/TaskTracer( 2633): 1 11347303596167 1392875656973566 2633 "(Preallocated app)" 2642 "Timer"
I/TaskTracer( 2633): 0 11347303596168 1392875656973627 11347303596167 5 11347303596167
I/TaskTracer( 2633): 4 11347303596168 0x41ba4520
I/TaskTracer( 2633): 2 11347303596167 1392875656973780
I/TaskTracer( 2633): 0 11347303596169 1392875656977961 11347303596169 5 11347303596169
I/TaskTracer( 2633): 1 11347303596169 1392875656978083 2633 "(Preallocated app)" 2642 "Timer"
I/TaskTracer( 2633): 0 11347303596170 1392875656978144 11347303596169 5 11347303596169
I/TaskTracer( 2633): 4 11347303596170 0x41ba4520
I/TaskTracer( 2633): 2 11347303596169 1392875656978266
I/TaskTracer( 2633): 0 11347303596171 1392875656987482 11347303596171 5 11347303596171
I/TaskTracer( 2633): 1 11347303596171 1392875656987605 2633 "(Preallocated app)" 2642 "Timer"
I/TaskTracer( 2633): 0 11347303596172 1392875656987666 11347303596171 5 11347303596171
I/TaskTracer( 2633): 4 11347303596172 0x41ba4520
I/TaskTracer( 2633): 2 11347303596171 1392875656987788
I/TaskTracer( 2633): 2 11347303596166 1392875657011317
I/TaskTracer( 2556): 1 11063835755295 1392875657027277 2556 "b2g" 2556 "main"
I/TaskTracer( 2633): 3 11312943857929 1392875657042689 "[nsEventDispatcher::Dispatch] Event name: complete"
I/TaskTracer( 2633): 3 11312943857931 1392875657049067 "[nsEventDispatcher::Dispatch] Event name: (null)"
I/TaskTracer( 2633): 3 11312943857933 1392875657052699 "[nsEventDispatcher::Dispatch] Event name: (null)"
I/TaskTracer( 2633): 3 11312943857935 1392875657053553 "[nsEventDispatcher::Dispatch] Event name: (null)"
I/TaskTracer( 2633): 3 11312943857937 1392875657054285 "[nsEventDispatcher::Dispatch] Event name: (null)"
I/TaskTracer( 2633): 3 11312943857939 1392875657054926 "[nsEventDispatcher::Dispatch] Event name: (null)"
I/TaskTracer( 2633): 1 11347303596168 1392875657055445 2633 "Homescreen" 2633 "main"
I/TaskTracer( 2633): 2 11347303596168 1392875657055994
I/TaskTracer( 2633): 1 11347303596170 1392875657056422 2633 "Homescreen" 2633 "main"
I/TaskTracer( 2633): 0 11347303596173 1392875657060847 11347303596173 5 11347303596173
I/TaskTracer( 2633): 1 11347303596173 1392875657060969 2633 "(Preallocated app)" 2642 "Timer"
I/TaskTracer( 2633): 0 11347303596174 1392875657061030 11347303596173 5 11347303596173
I/TaskTracer( 2633): 4 11347303596174 0x41ba4520
I/TaskTracer( 2633): 2 11347303596173 1392875657061182
I/TaskTracer( 2633): 2 11347303596170 1392875657095423
I/TaskTracer( 2633): 1 11347303596172 1392875657101313 2633 "Homescreen" 2633 "main"
I/TaskTracer( 2633): 0 11308648890782 1392875657102808 11347303596171 5 11347303596172
I/TaskTracer( 2556): 0 10977936410338 1392875657103419 11063835755294 5 11063835755295
I/TaskTracer( 2556): 4 10977936410338 0x42227258
I/TaskTracer( 2556): 0 10977936410339 1392875657104426 11063835755294 5 11063835755295
I/TaskTracer( 2633): 4 11308648890782 0x41bed7f0
I/TaskTracer( 2556): 4 10977936410339 0x422737f0
I/TaskTracer( 2556): 2 11063835755295 1392875657105433
I/TaskTracer( 2633): 2 11347303596172 1392875657106043
I/TaskTracer( 2556): 1 11063835755297 1392875657106562 2556 "b2g" 2556 "main"
I/TaskTracer( 2556): 2 11063835755297 1392875657107417
I/TaskTracer( 2633): 1 11347303596174 1392875657109278 2633 "Homescreen" 2633 "main"
I/TaskTracer( 2556): 1 10977936410338 1392875657110224 2556 "b2g" 2556 "main"
I/TaskTracer( 2633): 0 11347303596175 1392875657110682 11347303596175 5 11347303596175
I/TaskTracer( 2633): 1 11347303596175 1392875657110773 2633 "(Preallocated app)" 2642 "Timer"
I/TaskTracer( 2633): 0 11347303596176 1392875657110865 11347303596175 5 11347303596175
I/TaskTracer( 2633): 4 11347303596176 0x41ba4520
I/TaskTracer( 2633): 2 11347303596175 1392875657110987
I/TaskTracer( 2633): 2 11347303596174 1392875657112147
I/TaskTracer( 2556): 0 10977936410340 1392875657122401 11063835755294 5 10977936410338
I/TaskTracer( 2556): 4 10977936410340 0x42227258
I/TaskTracer( 2556): 2 10977936410338 1392875657123103
I/TaskTracer( 2556): 1 10977936410339 1392875657123377 2556 "b2g" 2556 "main"
I/TaskTracer( 2556): 0 10977936410341 1392875657125544 11063835755294 5 10977936410339
I/TaskTracer( 2556): 4 10977936410341 0x422541e0
I/TaskTracer( 2556): 1 10977936410341 1392875657126337 2556 "b2g" 2581 "ImageBridgeChild"
I/TaskTracer( 2556): 0 11085310590979 1392875657126460 11063835755294 5 10977936410341
I/TaskTracer( 2556): 4 11085310590979 0x4223bee0
I/TaskTracer( 2556): 2 10977936410341 1392875657126612
I/TaskTracer( 2556): 1 11085310590979 1392875657126856 2556 "b2g" 2580 "Compositor"
I/TaskTracer( 2556): 2 11085310590979 1392875657126978
I/TaskTracer( 2556): 0 10977936410342 1392875657130091 11063835755294 5 10977936410339
I/TaskTracer( 2556): 4 10977936410342 0x422737f0
I/TaskTracer( 2556): 2 10977936410339 1392875657132899
I/TaskTracer( 2556): 1 10977936410340 1392875657133784 2556 "b2g" 2556 "main"
I/TaskTracer( 2556): 2 10977936410340 1392875657134943
I/TaskTracer( 2556): 1 10977936410342 1392875657140803 2556 "b2g" 2556 "main"
I/TaskTracer( 2556): 2 10977936410342 1392875657147425
I/TaskTracer( 2633): 0 11347303596177 1392875657156153 11347303596177 5 11347303596177
I/TaskTracer( 2633): 1 11347303596177 1392875657156275 2633 "(Preallocated app)" 2642 "Timer"
I/TaskTracer( 2633): 0 11347303596178 1392875657156336 11347303596177 5 11347303596177
I/TaskTracer( 2633): 4 11347303596178 0x41ba4520
I/TaskTracer( 2633): 2 11347303596177 1392875657156489
I/TaskTracer( 2556): 3 11244224380990 1392875657183131 "[nsEventDispatcher::Dispatch] Event name: complete"
I/TaskTracer( 2633): 3 11312943857941 1392875657206812 "[nsFrameMessageManager::SendAsyncMessage] type:Webapps:RegisterForMessages"
I/TaskTracer( 2633): 3 11312943857941 1392875657215937 "[nsFrameMessageManager::SendAsyncMessage] type:Webapps:RegisterForMessages"
I/TaskTracer( 2633): 3 11312943857941 1392875657229426 "[nsFrameMessageManager::SendAsyncMessage] type:Webapps:RegisterForMessages"
I/TaskTracer( 2633): 3 11312943857941 1392875657250147 "[nsFrameMessageManager::SendAsyncMessage] type:Webapps:RegisterForMessages"
I/TaskTracer( 2633): 3 11312943857941 1392875657267146 "[nsFrameMessageManager::SendAsyncMessage] type:Webapps:RegisterForMessages"
I/TaskTracer( 2633): 3 11312943857941 1392875657280604 "[nsFrameMessageManager::SendAsyncMessage] type:Webapps:RegisterForMessages"
I/TaskTracer( 2633): 3 11312943857941 1392875657304560 "[nsFrameMessageManager::SendAsyncMessage] type:Webapps:RegisterForMessages"
I/TaskTracer( 2633): 3 11312943857941 1392875657323969 "[nsFrameMessageManager::SendAsyncMessage] type:Webapps:RegisterForMessages"
I/TaskTracer( 2633): 3 11312943857941 1392875657342951 "[nsFrameMessageManager::SendAsyncMessage] type:Webapps:RegisterForMessages"
I/TaskTracer( 2633): 3 11312943857941 1392875657351466 "[nsFrameMessageManager::SendAsyncMessage] type:Webapps:RegisterForMessages"
I/TaskTracer( 2633): 3 11312943857941 1392875657365626 "[nsFrameMessageManager::SendAsyncMessage] type:Webapps:RegisterForMessages"
I/TaskTracer( 2633): 3 11312943857941 1392875657379328 "[nsFrameMessageManager::SendAsyncMessage] type:Webapps:RegisterForMessages"
I/TaskTracer( 2633): 3 11312943857941 1392875657403254 "[nsFrameMessageManager::SendAsyncMessage] type:Webapps:RegisterForMessages"
I/TaskTracer( 2633): 3 11312943857941 1392875657415522 "[nsFrameMessageManager::SendAsyncMessage] type:Webapps:RegisterForMessages"
I/TaskTracer( 2633): 3 11312943857941 1392875657429072 "[nsFrameMessageManager::SendAsyncMessage] type:Webapps:RegisterForMessages"
I/TaskTracer( 2633): 3 11312943857941 1392875657452967 "[nsFrameMessageManager::SendAsyncMessage] type:Webapps:RegisterForMessages"
I/TaskTracer( 2633): 3 11312943857941 1392875657465205 "[nsFrameMessageManager::SendAsyncMessage] type:Webapps:RegisterForMessages"
I/TaskTracer( 2633): 0 11347303596179 1392875657469721 11347303596179 5 11347303596179
I/TaskTracer( 2633): 1 11347303596179 1392875657469813 2633 "(Preallocated app)" 2642 "Timer"
I/TaskTracer( 2633): 0 11347303596180 1392875657469904 11347303596179 5 11347303596179
I/TaskTracer( 2633): 4 11347303596180 0x41ba4520
I/TaskTracer( 2633): 2 11347303596179 1392875657470026
I/TaskTracer( 2633): 3 11312943857941 1392875657479823 "[nsFrameMessageManager::SendAsyncMessage] type:Webapps:RegisterForMessages"
I/TaskTracer( 2633): 3 11312943857941 1392875657503931 "[nsFrameMessageManager::SendAsyncMessage] type:Webapps:RegisterForMessages"
I/TaskTracer( 2633): 0 11347303596181 1392875657506220 11347303596181 5 11347303596181
I/TaskTracer( 2633): 1 11347303596181 1392875657506342 2633 "(Preallocated app)" 2642 "Timer"
I/TaskTracer( 2633): 0 11347303596182 1392875657506403 11347303596181 5 11347303596181
I/TaskTracer( 2633): 4 11347303596182 0x41ba4520
I/TaskTracer( 2633): 2 11347303596181 1392875657506525
I/TaskTracer( 2556): 0 11063835755298 1392875657507563 11063835755298 5 11063835755298
I/TaskTracer( 2556): 1 11063835755298 1392875657507685 2556 "b2g" 2576 "Timer"
I/TaskTracer( 2556): 0 11063835755299 1392875657507746 11063835755298 5 11063835755298
I/TaskTracer( 2556): 4 11063835755299 0x4222a520
I/TaskTracer( 2556): 2 11063835755298 1392875657507868
I/TaskTracer( 2556): 1 11063835755299 1392875657508662 2556 "b2g" 2556 "main"
I/TaskTracer( 2556): 0 10977936410344 1392875657517664 11063835755298 5 11063835755299
I/TaskTracer( 2633): 3 11312943857941 1392875657527033 "[nsFrameMessageManager::SendAsyncMessage] type:Webapps:RegisterForMessages"
I/TaskTracer( 2556): 4 10977936410344 0x422737f0
I/TaskTracer( 2556): 2 11063835755299 1392875657529353
I/TaskTracer( 2556): 1 10977936410344 1392875657529963 2556 "b2g" 2556 "main"
I/TaskTracer( 2556): 0 10977936410345 1392875657531916 11063835755298 5 10977936410344
I/TaskTracer( 2556): 4 10977936410345 0x422737f0
I/TaskTracer( 2556): 2 10977936410344 1392875657537836
I/TaskTracer( 2556): 1 10977936410345 1392875657538325 2556 "b2g" 2556 "main"
I/TaskTracer( 2556): 2 10977936410345 1392875657540583
I/TaskTracer( 2633): 3 11312943857941 1392875657556025 "[nsFrameMessageManager::SendAsyncMessage] type:Webapps:RegisterForMessages"
I/TaskTracer( 2633): 3 11312943857941 1392875657575159 "[nsFrameMessageManager::SendAsyncMessage] type:Webapps:RegisterForMessages"
I/TaskTracer( 2633): 3 11312943857941 1392875657585261 "[nsF