I/TaskTracer(13789): 1 59223304047348 1391658193446619 59292023521469 8 59292023521470
I/TaskTracer(13789): 5 59223304047348 0x4218ef28
I/TaskTracer(13789): 2 59223304047348 1391658193446955 13789 13805
I/TaskTracer(13789): 1 59292023521471 1391658193447047 59292023521471 8 59292023521471
I/TaskTracer(13789): 2 59292023521471 1391658193447138 13789 13805
I/TaskTracer(13789): 4 59292023521471 1391658193447199 "wlan0 CTRL-EVENT-BSS-ADDED 26 3c:94:d5:7b:40:82"
I/TaskTracer(13789): 1 59292023521472 1391658193447291 59292023521471 8 59292023521471
I/TaskTracer(13789): 5 59292023521472 0x4218ef48
I/TaskTracer(13789): 3 59292023521471 1391658193447413
I/TaskTracer(13789): 3 59223304047348 1391658193447474
I/TaskTracer(13789): 3 59292023521470 1391658193449549
I/TaskTracer(13789): 2 59292023521472 1391658193450220 13789 13789
I/TaskTracer(13789): 1 59223304047349 1391658193451838 59292023521471 8 59292023521472
I/TaskTracer(13789): 5 59223304047349 0x4218ef28
I/TaskTracer(13789): 2 59223304047349 1391658193453028 13789 13805
I/TaskTracer(13789): 1 59292023521473 1391658193453120 59292023521473 8 59292023521473
I/TaskTracer(13789): 2 59292023521473 1391658193453211 13789 13805
I/TaskTracer(13789): 4 59292023521473 1391658193453272 "wlan0 CTRL-EVENT-BSS-ADDED 27 4c:e6:76:a3:07:e8"
I/TaskTracer(13789): 1 59292023521474 1391658193453333 59292023521473 8 59292023521473
I/TaskTracer(13789): 5 59292023521474 0x4218ef48
I/TaskTracer(13789): 3 59292023521473 1391658193453455
I/TaskTracer(13789): 3 59223304047349 1391658193453516
I/TaskTracer(13789): 3 59292023521472 1391658193454188
I/TaskTracer(13789): 2 59292023521474 1391658193455836 13789 13789
I/TaskTracer(13789): 1 59223304047350 1391658193458765 59292023521473 8 59292023521474
I/TaskTracer(13789): 5 59223304047350 0x4218ef28
I/TaskTracer(13789): 2 59223304047350 1391658193459650 13789 13805
I/TaskTracer(13789): 1 59292023521475 1391658193459803 59292023521475 8 59292023521475
I/TaskTracer(13789): 2 59292023521475 1391658193459895 13789 13805
I/TaskTracer(13789): 4 59292023521475 1391658193459956 "wlan0 CTRL-EVENT-BSS-ADDED 28 4c:e6:76:a3:07:ea"
I/TaskTracer(13789): 1 59292023521476 1391658193460017 59292023521475 8 59292023521475
I/TaskTracer(13789): 5 59292023521476 0x4218ef48
I/TaskTracer(13789): 3 59292023521475 1391658193460139
I/TaskTracer(13789): 3 59223304047350 1391658193460200
I/TaskTracer(13789): 3 59292023521474 1391658193460780
I/TaskTracer(13789): 2 59292023521476 1391658193460993 13789 13789
I/TaskTracer(13789): 1 59223304047351 1391658193461268 59292023521475 8 59292023521476
I/TaskTracer(13789): 5 59223304047351 0x4218ef28
I/TaskTracer(13789): 2 59223304047351 1391658193461390 13789 13805
I/TaskTracer(13789): 1 59292023521477 1391658193461512 59292023521477 8 59292023521477
I/TaskTracer(13789): 2 59292023521477 1391658193461573 13789 13805
I/TaskTracer(13789): 4 59292023521477 1391658193461634 "wlan0 CTRL-EVENT-BSS-ADDED 29 3c:94:d5:7b:40:88"
I/TaskTracer(13789): 1 59292023521478 1391658193461695 59292023521477 8 59292023521477
I/TaskTracer(13789): 5 59292023521478 0x4218ef48
I/TaskTracer(13789): 3 59292023521477 1391658193461817
I/TaskTracer(13789): 3 59223304047351 1391658193461878
I/TaskTracer(13789): 3 59292023521476 1391658193467493
I/TaskTracer(13789): 2 59292023521478 1391658193467677 13789 13789
I/TaskTracer(13789): 1 59223304047352 1391658193469447 59292023521477 8 59292023521478
I/TaskTracer(13789): 5 59223304047352 0x4218ef28
I/TaskTracer(13789): 2 59223304047352 1391658193469599 13789 13805
I/TaskTracer(13789): 1 59292023521479 1391658193469721 59292023521479 8 59292023521479
I/TaskTracer(13789): 2 59292023521479 1391658193469813 13789 13805
I/TaskTracer(13789): 4 59292023521479 1391658193469874 "wlan0 CTRL-EVENT-BSS-ADDED 30 3c:94:d5:78:77:06"
I/TaskTracer(13789): 1 59292023521480 1391658193469935 59292023521479 8 59292023521479
I/TaskTracer(13789): 5 59292023521480 0x4218ef48
I/TaskTracer(13789): 3 59292023521479 1391658193470057
I/TaskTracer(13789): 3 59223304047352 1391658193470087
I/TaskTracer(13789): 3 59292023521478 1391658193472865
I/TaskTracer(13789): 2 59292023521480 1391658193474116 13789 13789
I/TaskTracer(13789): 1 59223304047353 1391658193484278 59292023521479 8 59292023521480
I/TaskTracer(13789): 5 59223304047353 0x4218ef28
I/TaskTracer(13789): 2 59223304047353 1391658193484949 13789 13805
I/TaskTracer(13789): 1 59292023521481 1391658193485102 59292023521481 8 59292023521481
I/TaskTracer(13789): 2 59292023521481 1391658193485194 13789 13805
I/TaskTracer(13789): 4 59292023521481 1391658193485255 "wlan0 CTRL-EVENT-BSS-ADDED 31 9a:d6:f7:9c:5e:db"
I/TaskTracer(13789): 1 59292023521482 1391658193485316 59292023521481 8 59292023521481
I/TaskTracer(13789): 5 59292023521482 0x4218ef48
I/TaskTracer(13789): 3 59292023521481 1391658193485438
I/TaskTracer(13789): 3 59223304047353 1391658193485499
I/TaskTracer(13789): 3 59292023521480 1391658193485926
I/TaskTracer(13789): 2 59292023521482 1391658193486079 13789 13789
I/TaskTracer(13789): 1 59223304047354 1391658193486323 59292023521481 8 59292023521482
I/TaskTracer(13789): 5 59223304047354 0x4218ef28
I/TaskTracer(13789): 2 59223304047354 1391658193486475 13789 13805
I/TaskTracer(13789): 1 59292023521483 1391658193486567 59292023521483 8 59292023521483
I/TaskTracer(13789): 2 59292023521483 1391658193486658 13789 13805
I/TaskTracer(13789): 4 59292023521483 1391658193486720 "wlan0 CTRL-EVENT-BSS-ADDED 32 10:bd:18:f0:29:c1"
I/TaskTracer(13789): 1 59292023521484 1391658193486781 59292023521483 8 59292023521483
I/TaskTracer(13789): 5 59292023521484 0x4218ef48
I/TaskTracer(13789): 3 59292023521483 1391658193486903
I/TaskTracer(13789): 3 59223304047354 1391658193486933
I/TaskTracer(13789): 3 59292023521482 1391658193488337
I/TaskTracer(13789): 2 59292023521484 1391658193490137 13789 13789
I/TaskTracer(13789): 1 59223304047355 1391658193493678 59292023521483 8 59292023521484
I/TaskTracer(13789): 5 59223304047355 0x4218ef28
I/TaskTracer(13789): 2 59223304047355 1391658193496424 13789 13805
I/TaskTracer(13789): 1 59292023521485 1391658193496577 59292023521485 8 59292023521485
I/TaskTracer(13789): 2 59292023521485 1391658193496638 13789 13805
I/TaskTracer(13789): 4 59292023521485 1391658193496699 "wlan0 CTRL-EVENT-BSS-ADDED 33 00:16:01:8e:19:0b"
I/TaskTracer(13789): 1 59292023521486 1391658193496790 59292023521485 8 59292023521485
I/TaskTracer(13789): 5 59292023521486 0x4218ef48
I/TaskTracer(13789): 3 59292023521485 1391658193496912
I/TaskTracer(13789): 3 59223304047355 1391658193496943
I/TaskTracer(13789): 3 59292023521484 1391658193497095
I/TaskTracer(13789): 2 59292023521486 1391658193497248 13789 13789
I/TaskTracer(13789): 1 59223304047356 1391658193497523 59292023521485 8 59292023521486
I/TaskTracer(13789): 5 59223304047356 0x4218ef28
I/TaskTracer(13789): 2 59223304047356 1391658193497675 13789 13805
I/TaskTracer(13789): 1 59292023521487 1391658193497797 59292023521487 8 59292023521487
I/TaskTracer(13789): 2 59292023521487 1391658193497858 13789 13805
I/TaskTracer(13789): 4 59292023521487 1391658193497919 "wlan0 CTRL-EVENT-BSS-ADDED 34 4c:e6:76:a3:07:e9"
I/TaskTracer(13789): 1 59292023521488 1391658193497980 59292023521487 8 59292023521487
I/TaskTracer(13789): 5 59292023521488 0x4218ef48
I/TaskTracer(13789): 3 59292023521487 1391658193498103
I/TaskTracer(13789): 3 59223304047356 1391658193498164
I/TaskTracer(13789): 3 59292023521486 1391658193502711
I/TaskTracer(13789): 2 59292023521488 1391658193503504 13789 13789
I/TaskTracer(13789): 1 59223304047357 1391658193505518 59292023521487 8 59292023521488
I/TaskTracer(13789): 5 59223304047357 0x4218ef28
I/TaskTracer(13789): 2 59223304047357 1391658193506953 13789 13805
I/TaskTracer(13789): 1 59292023521489 1391658193507166 59292023521489 8 59292023521489
I/TaskTracer(13789): 2 59292023521489 1391658193507258 13789 13805
I/TaskTracer(13789): 4 59292023521489 1391658193507319 "wlan0 CTRL-EVENT-BSS-ADDED 35 bc:ae:c5:c4:62:af"
I/TaskTracer(13789): 1 59292023521490 1391658193507380 59292023521489 8 59292023521489
I/TaskTracer(13789): 5 59292023521490 0x4218ef48
I/TaskTracer(13789): 3 59292023521489 1391658193507532
I/TaskTracer(13789): 3 59223304047357 1391658193507563
I/TaskTracer(13789): 3 59292023521488 1391658193508723
I/TaskTracer(13789): 2 59292023521490 1391658193508967 13789 13789
I/TaskTracer(13789): 1 59223304047358 1391658193509241 59292023521489 8 59292023521490
I/TaskTracer(13789): 5 59223304047358 0x4218ef28
I/TaskTracer(13789): 2 59223304047358 1391658193509394 13789 13805
I/TaskTracer(13789): 1 59292023521491 1391658193509486 59292023521491 8 59292023521491
I/TaskTracer(13789): 2 59292023521491 1391658193509577 13789 13805
I/TaskTracer(13789): 4 59292023521491 1391658193509638 "wlan0 CTRL-EVENT-BSS-ADDED 36 06:19:be:1e:d5:00"
I/TaskTracer(13789): 1 59292023521492 1391658193509699 59292023521491 8 59292023521491
I/TaskTracer(13789): 5 59292023521492 0x4218ef48
I/TaskTracer(13789): 3 59292023521491 1391658193509821
I/TaskTracer(13789): 3 59223304047358 1391658193509852
I/TaskTracer(13789): 3 59292023521490 1391658193515437
I/TaskTracer(13789): 2 59292023521492 1391658193515620 13789 13789
I/TaskTracer(13789): 1 59223304047359 1391658193515925 59292023521491 8 59292023521492
I/TaskTracer(13789): 5 59223304047359 0x4218ef28
I/TaskTracer(13789): 2 59223304047359 1391658193516077 13789 13805
I/TaskTracer(13789): 1 59292023521493 1391658193516199 59292023521493 8 59292023521493
I/TaskTracer(13789): 2 59292023521493 1391658193516261 13789 13805
I/TaskTracer(13789): 4 59292023521493 1391658193516322 "wlan0 CTRL-EVENT-BSS-ADDED 37 00:19:be:1e:d4:d8"
I/TaskTracer(13789): 1 59292023521494 1391658193516383 59292023521493 8 59292023521493
I/TaskTracer(13789): 5 59292023521494 0x4218ef48
I/TaskTracer(13789): 3 59292023521493 1391658193516566
I/TaskTracer(13789): 3 59223304047359 1391658193516596
I/TaskTracer(13789): 3 59292023521492 1391658193521571
I/TaskTracer(13789): 2 59292023521494 1391658193521723 13789 13789
I/TaskTracer(13789): 1 59223304047360 1391658193521998 59292023521493 8 59292023521494
I/TaskTracer(13789): 5 59223304047360 0x4218ef28
I/TaskTracer(13789): 2 59223304047360 1391658193522150 13789 13805
I/TaskTracer(13789): 1 59292023521495 1391658193522272 59292023521495 8 59292023521495
I/TaskTracer(13789): 2 59292023521495 1391658193522334 13789 13805
I/TaskTracer(13789): 4 59292023521495 1391658193522395 "wlan0 CTRL-EVENT-SCAN-RESULTS "
I/TaskTracer(13789): 1 59292023521496 1391658193522456 59292023521495 8 59292023521495
I/TaskTracer(13789): 5 59292023521496 0x4218ef48
I/TaskTracer(13789): 3 59292023521495 1391658193522608
I/TaskTracer(13789): 3 59223304047360 1391658193522639
I/TaskTracer(13789): 3 59292023521494 1391658193529108
I/TaskTracer(13789): 2 59292023521496 1391658193529414 13789 13789
I/TaskTracer(13789): 1 59223304047361 1391658193537012 59292023521495 8 59292023521496
I/TaskTracer(13789): 5 59223304047361 0x4218ef68
I/TaskTracer(13789): 2 59223304047361 1391658193537196 13789 13806
I/TaskTracer(13789): 1 59296318488732 1391658193538447 59292023521495 8 59223304047361
I/TaskTracer(13789): 5 59296318488732 0x4218ef88
I/TaskTracer(13789): 3 59223304047361 1391658193538599
I/TaskTracer(13789): 1 59223304047362 1391658193540827 59292023521495 8 59292023521496
I/TaskTracer(13789): 5 59223304047362 0x4218ef28
I/TaskTracer(13789): 2 59223304047362 1391658193540980 13789 13805
I/TaskTracer(13789): 1 59292023521497 1391658193541132 59292023521497 8 59292023521497
I/TaskTracer(13789): 2 59292023521497 1391658193541193 13789 13805
I/TaskTracer(13789): 4 59292023521497 1391658193541254 "wlan0 WPS-AP-AVAILABLE "
I/TaskTracer(13789): 1 59292023521498 1391658193541315 59292023521497 8 59292023521497
I/TaskTracer(13789): 5 59292023521498 0x4218ef48
I/TaskTracer(13789): 3 59292023521497 1391658193541438
I/TaskTracer(13789): 3 59223304047362 1391658193541468
I/TaskTracer(13789): 3 59292023521496 1391658193545283
I/TaskTracer(13789): 2 59296318488732 1391658193545435 13789 13789
I/TaskTracer(13789): 1 59223304047363 1391658193546046 59292023521495 8 59296318488732
I/TaskTracer(13789): 5 59223304047363 0x4218ef68
I/TaskTracer(13789): 2 59223304047363 1391658193546229 13789 13806
I/TaskTracer(13789): 1 59296318488733 1391658193546626 59292023521495 8 59223304047363
I/TaskTracer(13789): 5 59296318488733 0x4218ef88
I/TaskTracer(13789): 3 59223304047363 1391658193546809
I/TaskTracer(13789): 3 59296318488732 1391658193604121
I/TaskTracer(13789): 2 59292023521498 1391658193607447 13789 13789
I/TaskTracer(13789): 1 59223304047364 1391658193609187 59292023521497 8 59292023521498
I/TaskTracer(13789): 5 59223304047364 0x4218ef28
I/TaskTracer(13789): 2 59223304047364 1391658193610651 13789 13805
I/TaskTracer(13789): 1 59292023521499 1391658193610835 59292023521499 8 59292023521499
I/TaskTracer(13789): 2 59292023521499 1391658193610896 13789 13805
I/TaskTracer(13789): 4 59292023521499 1391658193610957 "wlan0 Trying to associate with SSID 'Mozilla Guest'"
I/TaskTracer(13789): 1 59292023521500 1391658193611048 59292023521499 8 59292023521499
I/TaskTracer(13789): 5 59292023521500 0x4218ef48
I/TaskTracer(13789): 3 59292023521499 1391658193611201
I/TaskTracer(13789): 3 59223304047364 1391658193611231
I/TaskTracer(13789): 3 59292023521498 1391658193614527
I/TaskTracer(13789): 2 59296318488733 1391658193615321 13789 13789
I/TaskTracer(13789): 3 59296318488733 1391658193617854
I/TaskTracer(13789): 2 59292023521500 1391658193620173 13789 13789
I/TaskTracer(13789): 1 59223304047365 1391658193621973 59292023521499 8 59292023521500
I/TaskTracer(13789): 5 59223304047365 0x4218ef28
I/TaskTracer(13789): 2 59223304047365 1391658193623408 13789 13805
I/TaskTracer(13789): 1 59292023521501 1391658193623591 59292023521501 8 59292023521501
I/TaskTracer(13789): 2 59292023521501 1391658193623652 13789 13805
I/TaskTracer(13789): 4 59292023521501 1391658193623713 "wlan0 CTRL-EVENT-STATE-CHANGE id=-1 state=5 BSSID=00:00:00:00:00:00"
I/TaskTracer(13789): 1 59292023521502 1391658193623804 59292023521501 8 59292023521501
I/TaskTracer(13789): 5 59292023521502 0x4218ef48
I/TaskTracer(13789): 3 59292023521501 1391658193623927
I/TaskTracer(13789): 3 59223304047365 1391658193623988
I/TaskTracer(13789): 3 59292023521500 1391658193626521
I/TaskTracer(13789): 2 59292023521502 1391658193627375 13789 13789
I/TaskTracer(13789): 4 59292023521502 1391658193629206 "[nsFrameMessageManager::SendAsyncMessage] type:WifiManager:onconnecting"
I/TaskTracer(13789): 1 59223304047366 1391658193630701 59292023521501 8 59292023521502
I/TaskTracer(13789): 5 59223304047366 0x421be8c0
I/TaskTracer(13789): 4 59292023521502 1391658193632532 "[nsFrameMessageManager::SendAsyncMessage] type:WifiManager:onconnecting"
I/TaskTracer(13789): 1 59223304047367 1391658193633326 59292023521501 8 59292023521502
I/TaskTracer(13789): 5 59223304047367 0x421664e8
I/TaskTracer(13789): 2 59223304047367 1391658193635340 13789 13797
I/TaskTracer(13789): 3 59223304047367 1391658193635462
I/TaskTracer(13974): 1 60030757896590 1391658193635828 59292023521501 8 59223304047367
I/TaskTracer(13974): 5 60030757896590 0x41bb4488
I/TaskTracer(13974): 1 60030757896591 1391658193635950 59292023521501 8 59223304047367
I/TaskTracer(13974): 5 60030757896591 0x41bb4628
I/TaskTracer(13974): 2 60030757896591 1391658193636195 13974 13974
I/TaskTracer(13974): 2 60030757896590 1391658193636286 13974 13974
I/TaskTracer(13974): 3 60030757896590 1391658193640467
I/TaskTracer(13974): 3 60030757896591 1391658193640559
I/TaskTracer(13789): 1 59223304047368 1391658193645258 59292023521501 8 59292023521502
I/TaskTracer(13789): 5 59223304047368 0x4218ef28
I/TaskTracer(13789): 2 59223304047368 1391658193646754 13789 13805
I/TaskTracer(13789): 1 59292023521503 1391658193646876 59292023521503 8 59292023521503
I/TaskTracer(13789): 2 59292023521503 1391658193646967 13789 13805
I/TaskTracer(13789): 4 59292023521503 1391658193647028 "wlan0 CTRL-EVENT-STATE-CHANGE id=0 state=6 BSSID=00:00:00:00:00:00"
I/TaskTracer(13789): 1 59292023521504 1391658193647120 59292023521503 8 59292023521503
I/TaskTracer(13789): 5 59292023521504 0x4218ef48
I/TaskTracer(13789): 3 59292023521503 1391658193647242
I/TaskTracer(13789): 3 59223304047368 1391658193647272
I/TaskTracer(13789): 3 59292023521502 1391658193650477
I/TaskTracer(13789): 2 59223304047366 1391658193651392 13789 13789
I/TaskTracer(13789): 3 59223304047366 1391658193663233
I/TaskTracer(13789): 2 59292023521504 1391658193667323 13789 13789
I/TaskTracer(13789): 1 59223304047370 1391658193672602 59292023521503 8 59292023521504
I/TaskTracer(13789): 5 59223304047370 0x4218ef68
I/TaskTracer(13789): 2 59223304047370 1391658193676295 13789 13806
I/TaskTracer(13789): 1 59296318488734 1391658193677027 59292023521503 8 59223304047370
I/TaskTracer(13789): 5 59296318488734 0x4218ef88
I/TaskTracer(13789): 3 59223304047370 1391658193677180
I/TaskTracer(13789): 1 59223304047371 1391658193678797 59292023521503 8 59292023521504
I/TaskTracer(13789): 5 59223304047371 0x4218ef68
I/TaskTracer(13789): 2 59223304047371 1391658193680354 13789 13806
I/TaskTracer(13789): 1 59296318488735 1391658193680964 59292023521503 8 59223304047371
I/TaskTracer(13789): 5 59296318488735 0x4218ef88
I/TaskTracer(13789): 3 59223304047371 1391658193681116
I/TaskTracer(13789): 1 59223304047372 1391658193684138 59292023521503 8 59292023521504
I/TaskTracer(13789): 5 59223304047372 0x4218ef68
I/TaskTracer(13789): 2 59223304047372 1391658193685725 13789 13806
I/TaskTracer(13789): 1 59296318488736 1391658193686671 59292023521503 8 59223304047372
I/TaskTracer(13789): 5 59296318488736 0x4218ef88
I/TaskTracer(13789): 3 59223304047372 1391658193686823
I/TaskTracer(13789): 1 59223304047373 1391658193688532 59292023521503 8 59292023521504
I/TaskTracer(13789): 5 59223304047373 0x4218ef68
I/TaskTracer(13789): 2 59223304047373 1391658193690516 13789 13806
I/TaskTracer(13789): 1 59296318488737 1391658193691279 59292023521503 8 59223304047373
I/TaskTracer(13789): 5 59296318488737 0x4218ef88
I/TaskTracer(13789): 3 59223304047373 1391658193691401
I/TaskTracer(13789): 1 59223304047374 1391658193694270 59292023521503 8 59292023521504
I/TaskTracer(13789): 5 59223304047374 0x4218ef68
I/TaskTracer(13789): 2 59223304047374 1391658193698267 13789 13806
I/TaskTracer(13789): 1 59296318488738 1391658193699061 59292023521503 8 59223304047374
I/TaskTracer(13789): 5 59296318488738 0x4218ef88
I/TaskTracer(13789): 3 59223304047374 1391658193699213
I/TaskTracer(13789): 1 59223304047375 1391658193700556 59292023521503 8 59292023521504
I/TaskTracer(13789): 5 59223304047375 0x4218ef68
I/TaskTracer(13789): 2 59223304047375 1391658193701594 13789 13806
I/TaskTracer(13789): 1 59296318488739 1391658193702357 59292023521503 8 59223304047375
I/TaskTracer(13789): 5 59296318488739 0x4218ef88
I/TaskTracer(13789): 3 59223304047375 1391658193702509
I/TaskTracer(13789): 1 59223304047376 1391658193704096 59292023521503 8 59292023521504
I/TaskTracer(13789): 5 59223304047376 0x4218ef68
I/TaskTracer(13789): 2 59223304047376 1391658193705714 13789 13806
I/TaskTracer(13789): 1 59296318488740 1391658193706171 59292023521503 8 59223304047376
I/TaskTracer(13789): 5 59296318488740 0x4218ef88
I/TaskTracer(13789): 3 59223304047376 1391658193706293
I/TaskTracer(13789): 1 59223304047377 1391658193707941 59292023521503 8 59292023521504
I/TaskTracer(13789): 5 59223304047377 0x4218ef68
I/TaskTracer(13789): 2 59223304047377 1391658193720240 13789 13806
I/TaskTracer(13789): 1 59296318488741 1391658193720759 59292023521503 8 59223304047377
I/TaskTracer(13789): 5 59296318488741 0x4218ef88
I/TaskTracer(13789): 3 59223304047377 1391658193720881
I/TaskTracer(13789): 1 59223304047378 1391658193722865 59292023521503 8 59292023521504
I/TaskTracer(13789): 5 59223304047378 0x4218ef68
I/TaskTracer(13789): 2 59223304047378 1391658193724238 13789 13806
I/TaskTracer(13789): 1 59296318488742 1391658193725153 59292023521503 8 59223304047378
I/TaskTracer(13789): 5 59296318488742 0x4218ef88
I/TaskTracer(13789): 3 59223304047378 1391658193725306
I/TaskTracer(13789): 1 59223304047379 1391658193728602 59292023521503 8 59292023521504
I/TaskTracer(13789): 5 59223304047379 0x4218ef68
I/TaskTracer(13789): 2 59223304047379 1391658193730799 13789 13806
I/TaskTracer(13789): 1 59296318488743 1391658193731532 59292023521503 8 59223304047379
I/TaskTracer(13789): 5 59296318488743 0x4218ef88
I/TaskTracer(13789): 3 59223304047379 1391658193731684
I/TaskTracer(13789): 1 59223304047380 1391658193732905 59292023521503 8 59292023521504
I/TaskTracer(13789): 5 59223304047380 0x4218ef68
I/TaskTracer(13789): 2 59223304047380 1391658193735743 13789 13806
I/TaskTracer(13789): 1 59296318488744 1391658193736384 59292023521503 8 59223304047380
I/TaskTracer(13789): 5 59296318488744 0x4218ef88
I/TaskTracer(13789): 3 59223304047380 1391658193736536
I/TaskTracer(13789): 1 59223304047381 1391658193738337 59292023521503 8 59292023521504
I/TaskTracer(13789): 5 59223304047381 0x4218ef68
I/TaskTracer(13789): 2 59223304047381 1391658193739710 13789 13806
I/TaskTracer(13789): 1 59296318488745 1391658193740687 59292023521503 8 59223304047381
I/TaskTracer(13789): 5 59296318488745 0x4218ef88
I/TaskTracer(13789): 3 59223304047381 1391658193740809
I/TaskTracer(13789): 1 59223304047382 1391658193742091 59292023521503 8 59292023521504
I/TaskTracer(13789): 5 59223304047382 0x4218ef68
I/TaskTracer(13789): 2 59223304047382 1391658193743159 13789 13806
I/TaskTracer(13789): 1 59296318488746 1391658193743861 59292023521503 8 59223304047382
I/TaskTracer(13789): 5 59296318488746 0x4218ef88
I/TaskTracer(13789): 3 59223304047382 1391658193743983
I/TaskTracer(13789): 1 59223304047383 1391658193747309 59292023521503 8 59292023521504
I/TaskTracer(13789): 5 59223304047383 0x4218ef68
I/TaskTracer(13789): 2 59223304047383 1391658193749415 13789 13806
I/TaskTracer(13789): 1 59296318488747 1391658193749873 59292023521503 8 59223304047383
I/TaskTracer(13789): 5 59296318488747 0x4218ef88
I/TaskTracer(13789): 3 59223304047383 1391658193749995
I/TaskTracer(13789): 1 59223304047384 1391658193751398 59292023521503 8 59292023521504
I/TaskTracer(13789): 5 59223304047384 0x4218ef68
I/TaskTracer(13789): 2 59223304047384 1391658193753931 13789 13806
I/TaskTracer(13789): 1 59296318488748 1391658193754633 59292023521503 8 59223304047384
I/TaskTracer(13789): 5 59296318488748 0x4218ef88
I/TaskTracer(13789): 3 59223304047384 1391658193754786
I/TaskTracer(13789): 1 59223304047385 1391658193758082 59292023521503 8 59292023521504
I/TaskTracer(13789): 5 59223304047385 0x4218ef68
I/TaskTracer(13789): 2 59223304047385 1391658193760126 13789 13806
I/TaskTracer(13789): 1 59296318488749 1391658193761042 59292023521503 8 59223304047385
I/TaskTracer(13789): 5 59296318488749 0x4218ef88
I/TaskTracer(13789): 3 59223304047385 1391658193761195
I/TaskTracer(13789): 1 59223304047386 1391658193764643 59292023521503 8 59292023521504
I/TaskTracer(13789): 5 59223304047386 0x4218ef68
I/TaskTracer(13789): 2 59223304047386 1391658193766413 13789 13806
I/TaskTracer(13789): 1 59296318488750 1391658193767085 59292023521503 8 59223304047386
I/TaskTracer(13789): 5 59296318488750 0x4218ef88
I/TaskTracer(13789): 3 59223304047386 1391658193767237
I/TaskTracer(13789): 1 59223304047387 1391658193768824 59292023521503 8 59292023521504
I/TaskTracer(13789): 5 59223304047387 0x4218ef68
I/TaskTracer(13789): 2 59223304047387 1391658193779078 13789 13806
I/TaskTracer(13789): 1 59296318488751 1391658193780268 59292023521503 8 59223304047387
I/TaskTracer(13789): 5 59296318488751 0x4218ef88
I/TaskTracer(13789): 3 59223304047387 1391658193780421
I/TaskTracer(13789): 1 59223304047388 1391658193783900 59292023521503 8 59292023521504
I/TaskTracer(13789): 5 59223304047388 0x4218ef68
I/TaskTracer(13789): 2 59223304047388 1391658193785639 13789 13806
I/TaskTracer(13789): 1 59296318488752 1391658193786158 59292023521503 8 59223304047388
I/TaskTracer(13789): 5 59296318488752 0x4218ef88
I/TaskTracer(13789): 3 59223304047388 1391658193786280
I/TaskTracer(13789): 1 59223304047389 1391658193787562 59292023521503 8 59292023521504
I/TaskTracer(13789): 5 59223304047389 0x4218ef68
I/TaskTracer(13789): 2 59223304047389 1391658193788660 13789 13806
I/TaskTracer(13789): 1 59296318488753 1391658193789088 59292023521503 8 59223304047389
I/TaskTracer(13789): 5 59296318488753 0x4218ef88
I/TaskTracer(13789): 3 59223304047389 1391658193789210
I/TaskTracer(13789): 1 59223304047390 1391658193790278 59292023521503 8 59292023521504
I/TaskTracer(13789): 5 59223304047390 0x4218ef28
I/TaskTracer(13789): 2 59223304047390 1391658193791529 13789 13805
I/TaskTracer(13789): 1 59292023521505 1391658193791682 59292023521505 8 59292023521505
I/TaskTracer(13789): 2 59292023521505 1391658193791743 13789 13805
I/TaskTracer(13789): 4 59292023521505 1391658193791804 "wlan0 Associated with 3c:94:d5:7b:87:46"
I/TaskTracer(13789): 1 59292023521506 1391658193791865 59292023521505 8 59292023521505
I/TaskTracer(13789): 5 59292023521506 0x4218ef48
I/TaskTracer(13789): 3 59292023521505 1391658193792017
I/TaskTracer(13789): 3 59223304047390 1391658193792048
I/TaskTracer(13789): 3 59292023521504 1391658193794154
I/TaskTracer(13789): 2 59296318488734 1391658193822504 13789 13789
I/TaskTracer(13789): 3 59296318488734 1391658193829493
I/TaskTracer(13789): 2 59296318488735 1391658193829829 13789 13789
I/TaskTracer(13789): 3 59296318488735 1391658193831110
I/TaskTracer(13789): 2 59296318488736 1391658193831660 13789 13789
I/TaskTracer(13789): 3 59296318488736 1391658193833002
I/TaskTracer(13789): 2 59296318488737 1391658193833582 13789 13789
I/TaskTracer(13789): 3 59296318488737 1391658193837672
I/TaskTracer(13789): 2 59296318488738 1391658193838709 13789 13789
I/TaskTracer(13789): 3 59296318488738 1391658193842005
I/TaskTracer(13789): 2 59296318488739 1391658193842677 13789 13789
I/TaskTracer(13789): 3 59296318488739 1391658193843714
I/TaskTracer(13789): 2 59296318488740 1391658193844416 13789 13789
I/TaskTracer(13789): 3 59296318488740 1391658193845515
I/TaskTracer(13789): 2 59296318488741 1391658193846033 13789 13789
I/TaskTracer(13789): 3 59296318488741 1391658193848292
I/TaskTracer(13789): 2 59296318488742 1391658193849207 13789 13789
I/TaskTracer(13789): 3 59296318488742 1391658193850672
I/TaskTracer(13789): 2 59296318488743 1391658193852168 13789 13789
I/TaskTracer(13789): 3 59296318488743 1391658193855677
I/TaskTracer(13789): 2 59296318488744 1391658193856440 13789 13789
I/TaskTracer(13789): 3 59296318488744 1391658193857691
I/TaskTracer(13789): 2 59296318488745 1391658193858698 13789 13789
I/TaskTracer(13789): 3 59296318488745 1391658193859858
I/TaskTracer(13789): 2 59296318488746 1391658193860377 13789 13789
I/TaskTracer(13789): 3 59296318488746 1391658193861353
I/TaskTracer(13789): 2 59296318488747 1391658193861994 13789 13789
I/TaskTracer(13789): 3 59296318488747 1391658193862910
I/TaskTracer(13789): 2 59296318488748 1391658193863459 13789 13789
I/TaskTracer(13789): 3 59296318488748 1391658193865443
I/TaskTracer(13789): 2 59296318488749 1391658193866145 13789 13789
I/TaskTracer(13789): 3 59296318488749 1391658193867457
I/TaskTracer(13789): 2 59296318488750 1391658193868006 13789 13789
I/TaskTracer(13789): 3 59296318488750 1391658193869166
I/TaskTracer(13789): 2 59296318488751 1391658193869715 13789 13789
I/TaskTracer(13789): 3 59296318488751 1391658193872828
I/TaskTracer(13789): 2 59296318488752 1391658193873560 13789 13789
I/TaskTracer(13789): 3 59296318488752 1391658193875269
I/TaskTracer(13789): 2 59296318488753 1391658193875849 13789 13789
I/TaskTracer(13789): 3 59296318488753 1391658193876978
I/TaskTracer(13789): 2 59292023521506 1391658193877497 13789 13789
I/TaskTracer(13789): 1 59223304047392 1391658193878596 59292023521505 8 59292023521506
I/TaskTracer(13789): 5 59223304047392 0x4218ef28
I/TaskTracer(13789): 2 59223304047392 1391658193879603 13789 13805
I/TaskTracer(13789): 1 59292023521507 1391658193879755 59292023521507 8 59292023521507
I/TaskTracer(13789): 2 59292023521507 1391658193879816 13789 13805
I/TaskTracer(13789): 4 59292023521507 1391658193879877 "wlan0 Associated with 3c:94:d5:7b:87:46"
I/TaskTracer(13789): 1 59292023521508 1391658193879969 59292023521507 8 59292023521507
I/TaskTracer(13789): 5 59292023521508 0x4218ef48
I/TaskTracer(13789): 3 59292023521507 1391658193880091
I/TaskTracer(13789): 3 59223304047392 1391658193880152
I/TaskTracer(13789): 3 59292023521506 1391658193881739
I/TaskTracer(13789): 2 59292023521508 1391658193911250 13789 13789
I/TaskTracer(13789): 1 59223304047395 1391658193911738 59292023521507 8 59292023521508
I/TaskTracer(13789): 5 59223304047395 0x4218ef28
I/TaskTracer(13789): 2 59223304047395 1391658193913203 13789 13805
I/TaskTracer(13789): 1 59292023521509 1391658193913386 59292023521509 8 59292023521509
I/TaskTracer(13789): 2 59292023521509 1391658193913447 13789 13805
I/TaskTracer(13789): 4 59292023521509 1391658193913538 "wlan0 Associated with 3c:94:d5:7b:87:46"
I/TaskTracer(13789): 1 59292023521510 1391658193913599 59292023521509 8 59292023521509
I/TaskTracer(13789): 5 59292023521510 0x4218ef48
I/TaskTracer(13789): 3 59292023521509 1391658193913721
I/TaskTracer(13789): 3 59223304047395 1391658193913782
I/TaskTracer(13789): 3 59292023521508 1391658193915980
I/TaskTracer(13974): 4 60056527700868 1391658193933466 "[nsFrameMessageManager::SendAsyncMessage] type:WifiManager:getNetworks"
I/TaskTracer(13789): 2 59292023521510 1391658193946375 13789 13789
I/TaskTracer(13789): 1 59223304047397 1391658193946833 59292023521509 8 59292023521510
I/TaskTracer(13789): 5 59223304047397 0x4218ef28
I/TaskTracer(13789): 2 59223304047397 1391658193948359 13789 13805
I/TaskTracer(13789): 1 59292023521511 1391658193948512 59292023521511 8 59292023521511
I/TaskTracer(13789): 2 59292023521511 1391658193948634 13789 13805
I/TaskTracer(13789): 4 59292023521511 1391658193948695 "wlan0 Associated with 3c:94:d5:7b:87:46"
I/TaskTracer(13789): 1 59292023521512 1391658193948756 59292023521511 8 59292023521511
I/TaskTracer(13789): 5 59292023521512 0x4218ef48
I/TaskTracer(13789): 3 59292023521511 1391658193948908
I/TaskTracer(13789): 3 59223304047397 1391658193948939
I/TaskTracer(13789): 3 59292023521510 1391658193950404
I/TaskTracer(13789): 2 59292023521512 1391658193954188 13789 13789
I/TaskTracer(13789): 1 59223304047399 1391658193956080 59292023521511 8 59292023521512
I/TaskTracer(13789): 5 59223304047399 0x4218ef28
I/TaskTracer(13789): 2 59223304047399 1391658193957606 13789 13805
I/TaskTracer(13789): 1 59292023521513 1391658193957758 59292023521513 8 59292023521513
I/TaskTracer(13789): 2 59292023521513 1391658193957850 13789 13805
I/TaskTracer(13789): 4 59292023521513 1391658193957941 "wlan0 CTRL-EVENT-STATE-CHANGE id=0 state=7 BSSID=00:00:00:00:00:00"
I/TaskTracer(13789): 1 59292023521514 1391658193958002 59292023521513 8 59292023521513
I/TaskTracer(13789): 5 59292023521514 0x4218ef48
I/TaskTracer(13789): 3 59292023521513 1391658193958155
I/TaskTracer(13789): 3 59223304047399 1391658193958186
I/TaskTracer(13789): 3 59292023521512 1391658193960139
I/TaskTracer(13789): 2 59292023521514 1391658193966242 13789 13789
I/TaskTracer(13789): 1 59223304047401 1391658193967890 59292023521513 8 59292023521514
I/TaskTracer(13789): 5 59223304047401 0x4218ef28
I/TaskTracer(13789): 2 59223304047401 1391658193969172 13789 13805
I/TaskTracer(13789): 1 59292023521515 1391658193969355 59292023521515 8 59292023521515
I/TaskTracer(13789): 2 59292023521515 1391658193969416 13789 13805
I/TaskTracer(13789): 4 59292023521515 1391658193969508 "wlan0 CTRL-EVENT-STATE-CHANGE id=0 state=8 BSSID=00:00:00:00:00:00"
I/TaskTracer(13789): 1 59292023521516 1391658193969599 59292023521515 8 59292023521515
I/TaskTracer(13789): 5 59292023521516 0x4218ef48
I/TaskTracer(13789): 3 59292023521515 1391658193971461
I/TaskTracer(13789): 3 59223304047401 1391658193971522
I/TaskTracer(13789): 3 59292023521514 1391658193973536
I/TaskTracer(13789): 2 59292023521516 1391658193977229 13789 13789
I/TaskTracer(13789): 1 59223304047403 1391658193981013 59292023521515 8 59292023521516
I/TaskTracer(13789): 5 59223304047403 0x4218ef28
I/TaskTracer(13789): 2 59223304047403 1391658193982478 13789 13805
I/TaskTracer(13789): 1 59292023521517 1391658193983027 59292023521517 8 59292023521517
I/TaskTracer(13789): 2 59292023521517 1391658193983118 13789 13805
I/TaskTracer(13789): 4 59292023521517 1391658193983179 "wlan0 WPA: Key negotiation completed with 3c:94:d5:7b:87:46 [PTK=CCMP GTK=CCMP]"
I/TaskTracer(13789): 1 59292023521518 1391658193983241 59292023521517 8 59292023521517
I/TaskTracer(13789): 5 59292023521518 0x4218ef48
I/TaskTracer(13789): 3 59292023521517 1391658193983393
I/TaskTracer(13789): 3 59223304047403 1391658193983454
I/TaskTracer(13789): 3 59292023521516 1391658193985407
I/TaskTracer(13789): 2 59292023521518 1391658193987452 13789 13789
I/TaskTracer(13789): 1 59223304047404 1391658193988642 59292023521517 8 59292023521518
I/TaskTracer(13789): 5 59223304047404 0x4218ef28
I/TaskTracer(13789): 2 59223304047404 1391658193989497 13789 13805
I/TaskTracer(13789): 1 59292023521519 1391658193989649 59292023521519 8 59292023521519
I/TaskTracer(13789): 2 59292023521519 1391658193989741 13789 13805
I/TaskTracer(13789): 4 59292023521519 1391658193989802 "wlan0 CTRL-EVENT-CONNECTED - Connection to 3c:94:d5:7b:87:46 completed (auth) [id=0 id_str=]"
I/TaskTracer(13789): 1 59292023521520 1391658193989863 59292023521519 8 59292023521519
I/TaskTracer(13789): 5 59292023521520 0x4218ef48
I/TaskTracer(13789): 3 59292023521519 1391658193989985
I/TaskTracer(13789): 3 59223304047404 1391658193990046
I/TaskTracer(13789): 3 59292023521518 1391658193995264
I/TaskTracer(13789): 2 59292023521520 1391658193997034 13789 13789
I/TaskTracer(13789): 1 59223304047405 1391658194000636 59292023521519 8 59292023521520
I/TaskTracer(13789): 5 59223304047405 0x4218ef28
I/TaskTracer(13789): 2 59223304047405 1391658194002070 13789 13805
I/TaskTracer(13789): 1 59292023521521 1391658194002253 59292023521521 8 59292023521521
I/TaskTracer(13789): 2 59292023521521 1391658194002345 13789 13805
I/TaskTracer(13789): 4 59292023521521 1391658194002406 "wlan0 CTRL-EVENT-STATE-CHANGE id=0 state=9 BSSID=00:00:00:00:00:00"
I/TaskTracer(13789): 1 59292023521522 1391658194002467 59292023521521 8 59292023521521
I/TaskTracer(13789): 5 59292023521522 0x4218ef48
I/TaskTracer(13789): 3 59292023521521 1391658194002619
I/TaskTracer(13789): 3 59223304047405 1391658194002650
I/TaskTracer(13789): 3 59292023521520 1391658194005610
I/TaskTracer(13789): 2 59292023521522 1391658194007899 13789 13789
I/TaskTracer(13789): 1 59223304047406 1391658194011347 59292023521521 8 59292023521522
I/TaskTracer(13789): 5 59223304047406 0x4218ef68
I/TaskTracer(13789): 2 59223304047406 1391658194013178 13789 13806
I/TaskTracer(13789): 1 59296318488757 1391658194017970 59292023521521 8 59223304047406
I/TaskTracer(13789): 5 59296318488757 0x4218ef88
I/TaskTracer(13789): 3 59223304047406 1391658194018153
I/TaskTracer(13789): 4 59292023521522 1391658194020319 "[nsFrameMessageManager::SendAsyncMessage] type:WifiManager:onassociate"
I/TaskTracer(13789): 1 59223304047407 1391658194021265 59292023521521 8 59292023521522
I/TaskTracer(13789): 5 59223304047407 0x421be8c0
I/TaskTracer(13789): 4 59292023521522 1391658194022761 "[nsFrameMessageManager::SendAsyncMessage] type:WifiManager:onassociate"
I/TaskTracer(13789): 1 59223304047408 1391658194023585 59292023521521 8 59292023521522
I/TaskTracer(13789): 5 59223304047408 0x421664e8
I/TaskTracer(13789): 2 59223304047408 1391658194024928 13789 13797
I/TaskTracer(13789): 3 59223304047408 1391658194025080
I/TaskTracer(13974): 1 60030757896592 1391658194025355 59292023521521 8 59223304047408
I/TaskTracer(13974): 5 60030757896592 0x41bb4488
I/TaskTracer(13974): 1 60030757896593 1391658194025477 59292023521521 8 59223304047408
I/TaskTracer(13974): 5 60030757896593 0x41bb4628
I/TaskTracer(13789): 1 59223304047409 1391658194036585 59292023521521 8 59292023521522
I/TaskTracer(13789): 5 59223304047409 0x4218ef68
I/TaskTracer(13789): 2 59223304047409 1391658194037562 13789 13806
I/TaskTracer(13789): 1 59296318488758 1391658194038081 59292023521521 8 59223304047409
I/TaskTracer(13789): 5 59296318488758 0x4218ef88
I/TaskTracer(13789): 3 59223304047409 1391658194038203
I/TaskTracer(13789): 1 59223304047410 1391658194039576 59292023521521 8 59292023521522
I/TaskTracer(13789): 5 59223304047410 0x4218ef68
I/TaskTracer(13789): 2 59223304047410 1391658194040705 13789 13806
I/TaskTracer(13789): 1 59296318488759 1391658194041102 59292023521521 8 59223304047410
I/TaskTracer(13789): 5 59296318488759 0x4218ef88
I/TaskTracer(13789): 3 59223304047410 1391658194041224
I/TaskTracer(13789): 1 59223304047411 1391658194042841 59292023521521 8 59292023521522
I/TaskTracer(13789): 5 59223304047411 0x4218ef68
I/TaskTracer(13789): 2 59223304047411 1391658194044032 13789 13806
I/TaskTracer(13789): 1 59296318488760 1391658194044794 59292023521521 8 59223304047411
I/TaskTracer(13789): 5 59296318488760 0x4218ef88
I/TaskTracer(13789): 3 59223304047411 1391658194044978
I/TaskTracer(13789): 1 59223304047412 1391658194046717 59292023521521 8 59292023521522
I/TaskTracer(13789): 5 59223304047412 0x4218ef68
I/TaskTracer(13789): 2 59223304047412 1391658194048273 13789 13806
I/TaskTracer(13789): 1 59296318488761 1391658194048670 59292023521521 8 59223304047412
I/TaskTracer(13789): 5 59296318488761 0x4218ef88
I/TaskTracer(13789): 3 59223304047412 1391658194048823
I/TaskTracer(13789): 1 59223304047413 1391658194050440 59292023521521 8 59292023521522
I/TaskTracer(13789): 5 59223304047413 0x4218ef68
I/TaskTracer(13789): 2 59223304047413 1391658194053767 13789 13806
I/TaskTracer(13789): 1 59296318488762 1391658194054560 59292023521521 8 59223304047413
I/TaskTracer(13789): 5 59296318488762 0x4218ef88
I/TaskTracer(13789): 3 59223304047413 1391658194054713
I/TaskTracer(13789): 1 59223304047414 1391658194057673 59292023521521 8 59292023521522
I/TaskTracer(13789): 5 59223304047414 0x4218ef68
I/TaskTracer(13789): 2 59223304047414 1391658194059077 13789 13806
I/TaskTracer(13789): 1 59296318488763 1391658194059718 59292023521521 8 59223304047414
I/TaskTracer(13789): 5 59296318488763 0x4218ef88
I/TaskTracer(13789): 3 59223304047414 1391658194059870
I/TaskTracer(13789): 1 59223304047415 1391658194061304 59292023521521 8 59292023521522
I/TaskTracer(13789): 5 59223304047415 0x4218ef68
I/TaskTracer(13789): 2 59223304047415 1391658194062495 13789 13806
I/TaskTracer(13789): 1 59296318488764 1391658194063319 59292023521521 8 59223304047415
I/TaskTracer(13789): 5 59296318488764 0x4218ef88
I/TaskTracer(13789): 3 59223304047415 1391658194063441
I/TaskTracer(13789): 1 59223304047416 1391658194065272 59292023521521 8 59292023521522
I/TaskTracer(13789): 5 59223304047416 0x4218ef68
I/TaskTracer(13789): 2 59223304047416 1391658194066645 13789 13806
I/TaskTracer(13789): 1 59296318488765 1391658194067103 59292023521521 8 59223304047416
I/TaskTracer(13789): 5 59296318488765 0x4218ef88
I/TaskTracer(13789): 3 59223304047416 1391658194067255
I/TaskTracer(13789): 1 59223304047417 1391658194069178 59292023521521 8 59292023521522
I/TaskTracer(13789): 5 59223304047417 0x4218ef68
I/TaskTracer(13789): 2 59223304047417 1391658194073420 13789 13806
I/TaskTracer(13789): 1 59296318488766 1391658194074122 59292023521521 8 59223304047417
I/TaskTracer(13789): 5 59296318488766 0x4218ef88
I/TaskTracer(13789): 3 59223304047417 1391658194074244
I/TaskTracer(13789): 1 59223304047418 1391658194076563 59292023521521 8 59292023521522
I/TaskTracer(13974): 2 60030757896593 1391658194077357 13974 13974
I/TaskTracer(13789): 5 59223304047418 0x4218ef68
I/TaskTracer(13789): 2 59223304047418 1391658194078699 13789 13806
I/TaskTracer(13789): 1 59296318488767 1391658194079188 59292023521521 8 59223304047418
I/TaskTracer(13789): 5 59296318488767 0x4218ef88
I/TaskTracer(13789): 3 59223304047418 1391658194079310
I/TaskTracer(13974): 2 60030757896592 1391658194081599 13974 13974
I/TaskTracer(13789): 1 59223304047419 1391658194082331 59292023521521 8 59292023521522
I/TaskTracer(13789): 5 59223304047419 0x4218ef68
I/TaskTracer(13789): 2 59223304047419 1391658194084528 13789 13806
I/TaskTracer(13789): 1 59296318488768 1391658194085017 59292023521521 8 59223304047419
I/TaskTracer(13789): 5 59296318488768 0x4218ef88
I/TaskTracer(13789): 3 59223304047419 1391658194085169
I/TaskTracer(13789): 1 59223304047420 1391658194091914 59292023521521 8 59292023521522
I/TaskTracer(13789): 5 59223304047420 0x4218ef68
I/TaskTracer(13789): 2 59223304047420 1391658194092616 13789 13806
I/TaskTracer(13789): 1 59296318488769 1391658194093104 59292023521521 8 59223304047420
I/TaskTracer(13789): 5 59296318488769 0x4218ef88
I/TaskTracer(13789): 3 59223304047420 1391658194093256
I/TaskTracer(13789): 1 59223304047421 1391658194094904 59292023521521 8 59292023521522
I/TaskTracer(13789): 5 59223304047421 0x4218ef68
I/TaskTracer(13789): 2 59223304047421 1391658194096217 13789 13806
I/TaskTracer(13789): 1 59296318488770 1391658194096613 59292023521521 8 59223304047421
I/TaskTracer(13789): 5 59296318488770 0x4218ef88
I/TaskTracer(13789): 3 59223304047421 1391658194096766
I/TaskTracer(13789): 1 59223304047422 1391658194098109 59292023521521 8 59292023521522
I/TaskTracer(13789): 5 59223304047422 0x4218ef68
I/TaskTracer(13789): 2 59223304047422 1391658194099909 13789 13806
I/TaskTracer(13789): 1 59296318488771 1391658194100397 59292023521521 8 59223304047422
I/TaskTracer(13789): 5 59296318488771 0x4218ef88
I/TaskTracer(13789): 3 59223304047422 1391658194100520
I/TaskTracer(13789): 1 59223304047423 1391658194102290 59292023521521 8 59292023521522
I/TaskTracer(13789): 5 59223304047423 0x4218ef68
I/TaskTracer(13789): 2 59223304047423 1391658194103754 13789 13806
I/TaskTracer(13789): 1 59296318488772 1391658194104121 59292023521521 8 59223304047423
I/TaskTracer(13789): 5 59296318488772 0x4218ef88
I/TaskTracer(13789): 3 59223304047423 1391658194104273
I/TaskTracer(13789): 1 59223304047424 1391658194107996 59292023521521 8 59292023521522
I/TaskTracer(13789): 5 59223304047424 0x4218ef68
I/TaskTracer(13789): 2 59223304047424 1391658194109370 13789 13806
I/TaskTracer(13789): 1 59296318488773 1391658194110072 59292023521521 8 59223304047424
I/TaskTracer(13789): 5 59296318488773 0x4218ef88
I/TaskTracer(13789): 3 59223304047424 1391658194110194
I/TaskTracer(13974): 3 60030757896592 1391658194112879
I/TaskTracer(13789): 1 59223304047425 1391658194113734 59292023521521 8 59292023521522
I/TaskTracer(13789): 5 59223304047425 0x4218ef68
I/TaskTracer(13789): 2 59223304047425 1391658194115321 13789 13806
I/TaskTracer(13789): 1 59296318488774 1391658194115778 59292023521521 8 59223304047425
I/TaskTracer(13789): 5 59296318488774 0x4218ef88
I/TaskTracer(13789): 3 59223304047425 1391658194115900
I/TaskTracer(13789): 1 59223304047426 1391658194117884 59292023521521 8 59292023521522
I/TaskTracer(13789): 5 59223304047426 0x4218ef68
I/TaskTracer(13789): 2 59223304047426 1391658194119471 13789 13806
I/TaskTracer(13789): 1 59296318488775 1391658194119929 59292023521521 8 59223304047426
I/TaskTracer(13789): 5 59296318488775 0x4218ef88
I/TaskTracer(13789): 3 59223304047426 1391658194120081
I/TaskTracer(13789): 1 59223304047427 1391658194121790 59292023521521 8 59292023521522
I/TaskTracer(13789): 5 59223304047427 0x4218ef68
I/TaskTracer(13789): 2 59223304047427 1391658194125300 13789 13806
I/TaskTracer(13789): 1 59296318488776 1391658194125971 59292023521521 8 59223304047427
I/TaskTracer(13789): 5 59296318488776 0x4218ef88
I/TaskTracer(13789): 3 59223304047427 1391658194126124
I/TaskTracer(13974): 3 60030757896593 1391658194127345
I/TaskTracer(13789): 1 59223304047428 1391658194128626 59292023521521 8 59292023521522
I/TaskTracer(13789): 5 59223304047428 0x4218ef68
I/TaskTracer(13789): 2 59223304047428 1391658194130366 13789 13806
I/TaskTracer(13789): 1 59296318488777 1391658194130793 59292023521521 8 59223304047428
I/TaskTracer(13789): 5 59296318488777 0x4218ef88
I/TaskTracer(13789): 3 59223304047428 1391658194130915
I/TaskTracer(13789): 1 59223304047429 1391658194132136 59292023521521 8 59292023521522
I/TaskTracer(13789): 5 59223304047429 0x4218ef28
I/TaskTracer(13789): 2 59223304047429 1391658194136317 13789 13805
I/TaskTracer(13789): 3 59292023521522 1391658194137019
I/TaskTracer(13789): 2 59296318488757 1391658194138789 13789 13789
I/TaskTracer(13789): 4 59296318488757 1391658194140955 "[nsFrameMessageManager::SendAsyncMessage] type:WifiManager:connectionInfoUpdate"
I/TaskTracer(13789): 1 59223304047430 1391658194143732 59292023521521 8 59296318488757
I/TaskTracer(13789): 5 59223304047430 0x421be8c0
I/TaskTracer(13789): 4 59296318488757 1391658194150629 "[nsFrameMessageManager::SendAsyncMessage] type:WifiManager:connectionInfoUpdate"
I/TaskTracer(13789): 1 59223304047431 1391658194151148 59292023521521 8 59296318488757
I/TaskTracer(13789): 5 59223304047431 0x421664e8
I/TaskTracer(13789): 2 59223304047431 1391658194152460 13789 13797
I/TaskTracer(13789): 3 59223304047431 1391658194152613
I/TaskTracer(13974): 1 60030757896594 1391658194152766 59292023521521 8 59223304047431
I/TaskTracer(13974): 5 60030757896594 0x41bb4488
I/TaskTracer(13974): 1 60030757896595 1391658194152918 59292023521521 8 59223304047431
I/TaskTracer(13974): 5 60030757896595 0x41bb4628
I/TaskTracer(13789): 3 59296318488757 1391658194154993
I/TaskTracer(13789): 2 59223304047407 1391658194156153 13789 13789
I/TaskTracer(13789): 3 59223304047407 1391658194163599
I/TaskTracer(13789): 2 59296318488758 1391658194163874 13789 13789
I/TaskTracer(13789): 3 59296318488758 1391658194165186
I/TaskTracer(13789): 2 59296318488759 1391658194165797 13789 13789
I/TaskTracer(13789): 3 59296318488759 1391658194172633
I/TaskTracer(13789): 2 59296318488760 1391658194172907 13789 13789
I/TaskTracer(13789): 3 59296318488760 1391658194174433
I/TaskTracer(13789): 2 59296318488761 1391658194175196 13789 13789
I/TaskTracer(13789): 3 59296318488761 1391658194176691
I/TaskTracer(13789): 2 59296318488762 1391658194177271 13789 13789
I/TaskTracer(13789): 3 59296318488762 1391658194180506
I/TaskTracer(13789): 2 59296318488763 1391658194181208 13789 13789
I/TaskTracer(13789): 3 59296318488763 1391658194182276
I/TaskTracer(13789): 2 59296318488764 1391658194182887 13789 13789
I/TaskTracer(13789): 3 59296318488764 1391658194183985
I/TaskTracer(13789): 2 59296318488765 1391658194184626 13789 13789
I/TaskTracer(13789): 3 59296318488765 1391658194185786
I/TaskTracer(13789): 2 59296318488766 1391658194206416 13789 13789
I/TaskTracer(13789): 3 59296318488766 1391658194206995
I/TaskTracer(13789): 2 59296318488767 1391658194208765 13789 13789
I/TaskTracer(13789): 3 59296318488767 1391658194210078
I/TaskTracer(13789): 2 59296318488768 1391658194210871 13789 13789
I/TaskTracer(13789): 3 59296318488768 1391658194211970
I/TaskTracer(13789): 2 59296318488769 1391658194213587 13789 13789
I/TaskTracer(13789): 3 59296318488769 1391658194217646
I/TaskTracer(13789): 2 59296318488770 1391658194218409 13789 13789
I/TaskTracer(13789): 3 59296318488770 1391658194219874
I/TaskTracer(13974): 2 60030757896595 1391658194220393 13974 13974
I/TaskTracer(13789): 2 59296318488771 1391658194221308 13789 13789
I/TaskTracer(13974): 2 60030757896594 1391658194221125 13974 13974
I/TaskTracer(13789): 3 59296318488771 1391658194223139
I/TaskTracer(13974): 3 60030757896594 1391658194224451
I/TaskTracer(13789): 2 59296318488772 1391658194224299 13789 13789
I/TaskTracer(13974): 3 60030757896595 1391658194226313
I/TaskTracer(13789): 3 59296318488772 1391658194227656
I/TaskTracer(13789): 2 59296318488773 1391658194228785 13789 13789
I/TaskTracer(13789): 3 59296318488773 1391658194235255
I/TaskTracer(13789): 2 59296318488774 1391658194235926 13789 13789
I/TaskTracer(13789): 3 59296318488774 1391658194237025
I/TaskTracer(13789): 2 59296318488775 1391658194237605 13789 13789
I/TaskTracer(13789): 3 59296318488775 1391658194238795
I/TaskTracer(13789): 2 59296318488776 1391658194239314 13789 13789
I/TaskTracer(13789): 3 59296318488776 1391658194240260
I/TaskTracer(13789): 2 59296318488777 1391658194241022 13789 13789
I/TaskTracer(13789): 1 59223304047433 1391658194242426 59292023521521 8 59296318488777
I/TaskTracer(13789): 5 59223304047433 0x4218ef68
I/TaskTracer(13789): 2 59223304047433 1391658194245417 13789 13806
I/TaskTracer(13789): 3 59296318488777 1391658194248469
I/TaskTracer(13789): 2 59223304047430 1391658194255518 13789 13789
I/TaskTracer(13789): 3 59223304047430 1391658194256831
I/TaskTracer(13789): 1 59292023521523 1391658194669062 59292023521523 8 59292023521523
I/TaskTracer(13789): 2 59292023521523 1391658194669367 13789 13805
I/TaskTracer(13789): 4 59292023521523 1391658194669550 "wlan0 CTRL-EVENT-BSS-ADDED 38 3c:94:d5:7c:11:86"
I/TaskTracer(13789): 1 59292023521524 1391658194669764 59292023521523 8 59292023521523
I/TaskTracer(13789): 5 59292023521524 0x4218ef48
I/TaskTracer(13789): 3 59292023521523 1391658194670130
I/TaskTracer(13789): 3 59223304047429 1391658194670283
I/TaskTracer(13789): 2 59292023521524 1391658194705683 13789 13789
I/TaskTracer(13789): 1 59223304047442 1391658194706202 59292023521523 8 59292023521524
I/TaskTracer(13789): 5 59223304047442 0x4218ef28
I/TaskTracer(13789): 2 59223304047442 1391658194708094 13789 13805
I/TaskTracer(13789): 1 59292023521525 1391658194708216 59292023521525 8 59292023521525
I/TaskTracer(13789): 2 59292023521525 1391658194708338 13789 13805
I/TaskTracer(13789): 4 59292023521525 1391658194708399 "wlan0 CTRL-EVENT-BSS-ADDED 39 3c:94:d5:7c:11:84"
I/TaskTracer(13789): 1 59292023521526 1391658194708460 59292023521525 8 59292023521525
I/TaskTracer(13789): 5 59292023521526 0x4218ef48
I/TaskTracer(13789): 3 59292023521525 1391658194708613
I/TaskTracer(13789): 3 59223304047442 1391658194708643
I/TaskTracer(13789): 3 59292023521524 1391658194710719
I/TaskTracer(13789): 2 59292023521526 1391658194712946 13789 13789
I/TaskTracer(13789): 1 59223304047443 1391658194717127 59292023521525 8 59292023521526
I/TaskTracer(13789): 5 59223304047443 0x4218ef28
I/TaskTracer(13789): 2 59223304047443 1391658194719874 13789 13805
