I/TaskTracer( 2556): 1 11042360918256 1392885817327570 2556 "b2g" 2556 "main"
I/TaskTracer( 2556): 0 11063835756807 1392885817327814 11063835756807 5 11063835756807
I/TaskTracer( 2556): 1 11063835756807 1392885817327876 2556 "b2g" 2576 "Timer"
I/TaskTracer( 2556): 0 11063835756808 1392885817327937 11063835756807 5 11063835756807
I/TaskTracer( 2556): 4 11063835756808 0x4222a520
I/TaskTracer( 2556): 2 11063835756807 1392885817328059
I/TaskTracer( 2609): 4 11209864642721 0x41bb6080
I/TaskTracer( 2556): 0 10977936411816 1392885817329890 11042360918255 8 11042360918256
I/TaskTracer( 2556): 4 10977936411816 0x4226a570
I/TaskTracer( 2556): 1 10977936411816 1392885817332484 2556 "b2g" 2571 "wlan0"
I/TaskTracer( 2556): 0 11042360918257 1392885817332606 11042360918257 8 11042360918257
I/TaskTracer( 2556): 1 11042360918257 1392885817332697 2556 "b2g" 2571 "wlan0"
I/TaskTracer( 2556): 3 11042360918257 1392885817332758 "wlan0 CTRL-EVENT-BSS-ADDED 58 3c:94:d5:7c:11:86"
I/TaskTracer( 2556): 0 11042360918258 1392885817332819 11042360918257 8 11042360918257
I/TaskTracer( 2556): 4 11042360918258 0x4226a590
I/TaskTracer( 2556): 2 11042360918257 1392885817332941
I/TaskTracer( 2556): 2 10977936411816 1392885817332972
I/TaskTracer( 2556): 2 11042360918256 1392885817335017
I/TaskTracer( 2556): 1 11063835756808 1392885817335871 2556 "b2g" 2556 "main"
I/TaskTracer( 2556): 2 11063835756808 1392885817336573
I/TaskTracer( 2556): 1 11042360918258 1392885817337489 2556 "b2g" 2556 "main"
I/TaskTracer( 2556): 0 10977936411817 1392885817338404 11042360918257 8 11042360918258
I/TaskTracer( 2556): 4 10977936411817 0x4226a570
I/TaskTracer( 2556): 1 10977936411817 1392885817339716 2556 "b2g" 2571 "wlan0"
I/TaskTracer( 2556): 0 11042360918259 1392885817339869 11042360918259 8 11042360918259
I/TaskTracer( 2556): 1 11042360918259 1392885817339960 2556 "b2g" 2571 "wlan0"
I/TaskTracer( 2556): 3 11042360918259 1392885817340022 "wlan0 CTRL-EVENT-BSS-ADDED 59 3c:94:d5:76:17:42"
I/TaskTracer( 2556): 0 11042360918260 1392885817340083 11042360918259 8 11042360918259
I/TaskTracer( 2556): 4 11042360918260 0x4226a590
I/TaskTracer( 2556): 2 11042360918259 1392885817340205
I/TaskTracer( 2556): 2 10977936411817 1392885817340266
I/TaskTracer( 2556): 2 11042360918258 1392885817342829
I/TaskTracer( 2556): 1 11042360918260 1392885817343501 2556 "b2g" 2556 "main"
I/TaskTracer( 2556): 0 10977936411818 1392885817344508 11042360918259 8 11042360918260
I/TaskTracer( 2556): 4 10977936411818 0x4226a570
I/TaskTracer( 2556): 1 10977936411818 1392885817346064 2556 "b2g" 2571 "wlan0"
I/TaskTracer( 2556): 0 11042360918261 1392885817346186 11042360918261 8 11042360918261
I/TaskTracer( 2556): 1 11042360918261 1392885817346278 2556 "b2g" 2571 "wlan0"
I/TaskTracer( 2556): 3 11042360918261 1392885817346339 "wlan0 CTRL-EVENT-BSS-ADDED 60 3c:94:d5:76:17:48"
I/TaskTracer( 2556): 0 11042360918262 1392885817346400 11042360918261 8 11042360918261
I/TaskTracer( 2556): 4 11042360918262 0x4226a590
I/TaskTracer( 2556): 2 11042360918261 1392885817346522
I/TaskTracer( 2556): 2 10977936411818 1392885817346552
I/TaskTracer( 2556): 2 11042360918260 1392885817348475
I/TaskTracer( 2556): 1 11042360918262 1392885817348688 2556 "b2g" 2556 "main"
I/TaskTracer( 2556): 0 10977936411819 1392885817350092 11042360918261 8 11042360918262
I/TaskTracer( 2556): 4 10977936411819 0x4226a570
I/TaskTracer( 2556): 1 10977936411819 1392885817351435 2556 "b2g" 2571 "wlan0"
I/TaskTracer( 2556): 0 11042360918263 1392885817351557 11042360918263 8 11042360918263
I/TaskTracer( 2556): 1 11042360918263 1392885817351649 2556 "b2g" 2571 "wlan0"
I/TaskTracer( 2556): 3 11042360918263 1392885817351710 "wlan0 CTRL-EVENT-BSS-ADDED 61 3c:94:d5:7b:b8:08"
I/TaskTracer( 2556): 0 11042360918264 1392885817351771 11042360918263 8 11042360918263
I/TaskTracer( 2556): 4 11042360918264 0x4226a590
I/TaskTracer( 2556): 2 11042360918263 1392885817351893
I/TaskTracer( 2556): 2 10977936411819 1392885817351923
I/TaskTracer( 2556): 2 11042360918262 1392885817353938
I/TaskTracer( 2556): 1 11042360918264 1392885817354060 2556 "b2g" 2556 "main"
I/TaskTracer( 2556): 0 10977936411820 1392885817354426 11042360918263 8 11042360918264
I/TaskTracer( 2556): 4 10977936411820 0x4226a570
I/TaskTracer( 2556): 1 10977936411820 1392885817354548 2556 "b2g" 2571 "wlan0"
I/TaskTracer( 2556): 0 11042360918265 1392885817354639 11042360918265 8 11042360918265
I/TaskTracer( 2556): 1 11042360918265 1392885817354731 2556 "b2g" 2571 "wlan0"
I/TaskTracer( 2556): 3 11042360918265 1392885817354792 "wlan0 CTRL-EVENT-BSS-ADDED 62 3c:94:d5:76:17:40"
I/TaskTracer( 2556): 0 11042360918266 1392885817354853 11042360918265 8 11042360918265
I/TaskTracer( 2556): 4 11042360918266 0x4226a590
I/TaskTracer( 2556): 2 11042360918265 1392885817354945
I/TaskTracer( 2556): 2 10977936411820 1392885817355006
I/TaskTracer( 2556): 2 11042360918264 1392885817359400
I/TaskTracer( 2556): 1 11042360918266 1392885817359614 2556 "b2g" 2556 "main"
I/TaskTracer( 2556): 0 10977936411821 1392885817359858 11042360918265 8 11042360918266
I/TaskTracer( 2556): 4 10977936411821 0x4226a570
I/TaskTracer( 2556): 1 10977936411821 1392885817359980 2556 "b2g" 2571 "wlan0"
I/TaskTracer( 2556): 0 11042360918267 1392885817360102 11042360918267 8 11042360918267
I/TaskTracer( 2556): 1 11042360918267 1392885817360163 2556 "b2g" 2571 "wlan0"
I/TaskTracer( 2556): 3 11042360918267 1392885817360224 "wlan0 CTRL-EVENT-BSS-ADDED 63 3c:94:d5:7b:fb:06"
I/TaskTracer( 2556): 0 11042360918268 1392885817360285 11042360918267 8 11042360918267
I/TaskTracer( 2556): 4 11042360918268 0x4226a590
I/TaskTracer( 2556): 2 11042360918267 1392885817360407
I/TaskTracer( 2556): 2 10977936411821 1392885817360438
I/TaskTracer( 2556): 2 11042360918266 1392885817360560
I/TaskTracer( 2556): 1 11042360918268 1392885817360651 2556 "b2g" 2556 "main"
I/TaskTracer( 2556): 0 10977936411822 1392885817360804 11042360918267 8 11042360918268
I/TaskTracer( 2556): 4 10977936411822 0x4226a570
I/TaskTracer( 2556): 1 10977936411822 1392885817360957 2556 "b2g" 2571 "wlan0"
I/TaskTracer( 2556): 0 11042360918269 1392885817361018 11042360918269 8 11042360918269
I/TaskTracer( 2556): 1 11042360918269 1392885817361109 2556 "b2g" 2571 "wlan0"
I/TaskTracer( 2556): 3 11042360918269 1392885817361170 "wlan0 CTRL-EVENT-BSS-ADDED 64 3c:94:d5:7b:40:82"
I/TaskTracer( 2556): 0 11042360918270 1392885817361231 11042360918269 8 11042360918269
I/TaskTracer( 2556): 4 11042360918270 0x4226a590
I/TaskTracer( 2556): 2 11042360918269 1392885817361353
I/TaskTracer( 2556): 2 10977936411822 1392885817361384
I/TaskTracer( 2556): 2 11042360918268 1392885817365443
I/TaskTracer( 2556): 1 11042360918270 1392885817365565 2556 "b2g" 2556 "main"
I/TaskTracer( 2556): 0 10977936411823 1392885817365839 11042360918269 8 11042360918270
I/TaskTracer( 2556): 4 10977936411823 0x4226a570
I/TaskTracer( 2556): 1 10977936411823 1392885817365992 2556 "b2g" 2571 "wlan0"
I/TaskTracer( 2556): 0 11042360918271 1392885817366084 11042360918271 8 11042360918271
I/TaskTracer( 2556): 1 11042360918271 1392885817366145 2556 "b2g" 2571 "wlan0"
I/TaskTracer( 2556): 3 11042360918271 1392885817366206 "wlan0 CTRL-EVENT-BSS-ADDED 65 3c:94:d5:7b:b8:00"
I/TaskTracer( 2556): 0 11042360918272 1392885817366267 11042360918271 8 11042360918271
I/TaskTracer( 2556): 4 11042360918272 0x4226a590
I/TaskTracer( 2556): 2 11042360918271 1392885817366389
I/TaskTracer( 2556): 2 10977936411823 1392885817366419
I/TaskTracer( 2556): 2 11042360918270 1392885817368922
I/TaskTracer( 2556): 1 11042360918272 1392885817369044 2556 "b2g" 2556 "main"
I/TaskTracer( 2556): 0 10977936411824 1392885817369288 11042360918271 8 11042360918272
I/TaskTracer( 2556): 4 10977936411824 0x4226a570
I/TaskTracer( 2556): 1 10977936411824 1392885817369440 2556 "b2g" 2571 "wlan0"
I/TaskTracer( 2556): 0 11042360918273 1392885817369532 11042360918273 8 11042360918273
I/TaskTracer( 2556): 1 11042360918273 1392885817369624 2556 "b2g" 2571 "wlan0"
I/TaskTracer( 2556): 3 11042360918273 1392885817369685 "wlan0 CTRL-EVENT-BSS-ADDED 66 3c:94:d5:7b:b8:02"
I/TaskTracer( 2556): 0 11042360918274 1392885817369715 11042360918273 8 11042360918273
I/TaskTracer( 2556): 4 11042360918274 0x4226a590
I/TaskTracer( 2556): 2 11042360918273 1392885817369837
I/TaskTracer( 2556): 2 10977936411824 1392885817369868
I/TaskTracer( 2556): 2 11042360918272 1392885817372218
I/TaskTracer( 2556): 1 11042360918274 1392885817372828 2556 "b2g" 2556 "main"
I/TaskTracer( 2556): 0 10977936411825 1392885817374384 11042360918273 8 11042360918274
I/TaskTracer( 2556): 4 10977936411825 0x4226a570
I/TaskTracer( 2556): 1 10977936411825 1392885817374598 2556 "b2g" 2571 "wlan0"
I/TaskTracer( 2556): 0 11042360918275 1392885817374689 11042360918275 8 11042360918275
I/TaskTracer( 2556): 1 11042360918275 1392885817374781 2556 "b2g" 2571 "wlan0"
I/TaskTracer( 2556): 3 11042360918275 1392885817374842 "wlan0 CTRL-EVENT-BSS-ADDED 67 3c:94:d5:7b:b8:06"
I/TaskTracer( 2556): 0 11042360918276 1392885817374903 11042360918275 8 11042360918275
I/TaskTracer( 2556): 4 11042360918276 0x4226a590
I/TaskTracer( 2556): 2 11042360918275 1392885817374995
I/TaskTracer( 2556): 2 10977936411825 1392885817375056
I/TaskTracer( 2556): 2 11042360918274 1392885817376307
I/TaskTracer( 2556): 1 11042360918276 1392885817376398 2556 "b2g" 2556 "main"
I/TaskTracer( 2556): 0 10977936411826 1392885817378718 11042360918275 8 11042360918276
I/TaskTracer( 2556): 4 10977936411826 0x4226a570
I/TaskTracer( 2556): 1 10977936411826 1392885817378901 2556 "b2g" 2571 "wlan0"
I/TaskTracer( 2556): 0 11042360918277 1392885817378992 11042360918277 8 11042360918277
I/TaskTracer( 2556): 1 11042360918277 1392885817379084 2556 "b2g" 2571 "wlan0"
I/TaskTracer( 2556): 3 11042360918277 1392885817379145 "wlan0 CTRL-EVENT-BSS-ADDED 68 3c:94:d5:7b:40:86"
I/TaskTracer( 2556): 0 11042360918278 1392885817379206 11042360918277 8 11042360918277
I/TaskTracer( 2556): 4 11042360918278 0x4226a590
I/TaskTracer( 2556): 2 11042360918277 1392885817379298
I/TaskTracer( 2556): 2 10977936411826 1392885817379359
I/TaskTracer( 2556): 2 11042360918276 1392885817380488
I/TaskTracer( 2556): 1 11042360918278 1392885817380640 2556 "b2g" 2556 "main"
I/TaskTracer( 2556): 0 10977936411827 1392885817382044 11042360918277 8 11042360918278
I/TaskTracer( 2556): 4 10977936411827 0x4226a570
I/TaskTracer( 2556): 1 10977936411827 1392885817383753 2556 "b2g" 2571 "wlan0"
I/TaskTracer( 2556): 0 11042360918279 1392885817383845 11042360918279 8 11042360918279
I/TaskTracer( 2556): 1 11042360918279 1392885817383936 2556 "b2g" 2571 "wlan0"
I/TaskTracer( 2556): 3 11042360918279 1392885817383997 "wlan0 CTRL-EVENT-BSS-ADDED 69 c8:f7:33:e3:a2:51"
I/TaskTracer( 2556): 0 11042360918280 1392885817384058 11042360918279 8 11042360918279
I/TaskTracer( 2556): 4 11042360918280 0x4226a590
I/TaskTracer( 2556): 2 11042360918279 1392885817384180
I/TaskTracer( 2556): 2 10977936411827 1392885817384211
I/TaskTracer( 2556): 2 11042360918278 1392885817384394
I/TaskTracer( 2556): 1 11042360918280 1392885817384486 2556 "b2g" 2556 "main"
I/TaskTracer( 2556): 0 10977936411828 1392885817384699 11042360918279 8 11042360918280
I/TaskTracer( 2556): 4 10977936411828 0x4226a570
I/TaskTracer( 2556): 1 10977936411828 1392885817384821 2556 "b2g" 2571 "wlan0"
I/TaskTracer( 2556): 0 11042360918281 1392885817384913 11042360918281 8 11042360918281
I/TaskTracer( 2556): 1 11042360918281 1392885817384974 2556 "b2g" 2571 "wlan0"
I/TaskTracer( 2556): 3 11042360918281 1392885817385035 "wlan0 CTRL-EVENT-BSS-ADDED 70 3c:94:d5:78:77:08"
I/TaskTracer( 2556): 0 11042360918282 1392885817385096 11042360918281 8 11042360918281
I/TaskTracer( 2556): 4 11042360918282 0x4226a590
I/TaskTracer( 2556): 2 11042360918281 1392885817385188
I/TaskTracer( 2556): 2 10977936411828 1392885817385249
I/TaskTracer( 2556): 2 11042360918280 1392885817387995
I/TaskTracer( 2556): 1 11042360918282 1392885817388087 2556 "b2g" 2556 "main"
I/TaskTracer( 2556): 0 10977936411829 1392885817388361 11042360918281 8 11042360918282
I/TaskTracer( 2556): 4 10977936411829 0x4226a570
I/TaskTracer( 2556): 1 10977936411829 1392885817388514 2556 "b2g" 2571 "wlan0"
I/TaskTracer( 2556): 0 11042360918283 1392885817388605 11042360918283 8 11042360918283
I/TaskTracer( 2556): 1 11042360918283 1392885817388667 2556 "b2g" 2571 "wlan0"
I/TaskTracer( 2556): 3 11042360918283 1392885817388728 "wlan0 CTRL-EVENT-BSS-ADDED 71 3c:94:d5:7b:fb:00"
I/TaskTracer( 2556): 0 11042360918284 1392885817388789 11042360918283 8 11042360918283
I/TaskTracer( 2556): 4 11042360918284 0x4226a590
I/TaskTracer( 2556): 2 11042360918283 1392885817388911
I/TaskTracer( 2556): 2 10977936411829 1392885817388941
I/TaskTracer( 2556): 2 11042360918282 1392885817390803
I/TaskTracer( 2556): 1 11042360918284 1392885817390894 2556 "b2g" 2556 "main"
I/TaskTracer( 2556): 0 10977936411830 1392885817391169 11042360918283 8 11042360918284
I/TaskTracer( 2556): 4 10977936411830 0x4226a570
I/TaskTracer( 2556): 1 10977936411830 1392885817391291 2556 "b2g" 2571 "wlan0"
I/TaskTracer( 2556): 0 11042360918285 1392885817391383 11042360918285 8 11042360918285
I/TaskTracer( 2556): 1 11042360918285 1392885817391474 2556 "b2g" 2571 "wlan0"
I/TaskTracer( 2556): 3 11042360918285 1392885817391535 "wlan0 CTRL-EVENT-BSS-ADDED 72 3c:94:d5:7b:40:88"
I/TaskTracer( 2556): 0 11042360918286 1392885817391596 11042360918285 8 11042360918285
I/TaskTracer( 2556): 4 11042360918286 0x4226a590
I/TaskTracer( 2556): 2 11042360918285 1392885817391688
I/TaskTracer( 2556): 2 10977936411830 1392885817391749
I/TaskTracer( 2556): 2 11042360918284 1392885817394282
I/TaskTracer( 2556): 1 11042360918286 1392885817394434 2556 "b2g" 2556 "main"
I/TaskTracer( 2556): 0 10977936411831 1392885817394648 11042360918285 8 11042360918286
I/TaskTracer( 2556): 4 10977936411831 0x4226a570
I/TaskTracer( 2556): 1 10977936411831 1392885817394801 2556 "b2g" 2571 "wlan0"
I/TaskTracer( 2556): 0 11042360918287 1392885817394892 11042360918287 8 11042360918287
I/TaskTracer( 2556): 1 11042360918287 1392885817394953 2556 "b2g" 2571 "wlan0"
I/TaskTracer( 2556): 3 11042360918287 1392885817395014 "wlan0 CTRL-EVENT-BSS-ADDED 73 3c:94:d5:7b:fb:02"
I/TaskTracer( 2556): 0 11042360918288 1392885817395075 11042360918287 8 11042360918287
I/TaskTracer( 2556): 4 11042360918288 0x4226a590
I/TaskTracer( 2556): 2 11042360918287 1392885817395197
I/TaskTracer( 2556): 2 10977936411831 1392885817395228
I/TaskTracer( 2556): 2 11042360918286 1392885817398280
I/TaskTracer( 2556): 1 11042360918288 1392885817402399 2556 "b2g" 2556 "main"
I/TaskTracer( 2556): 0 10977936411832 1392885817402613 11042360918287 8 11042360918288
I/TaskTracer( 2556): 4 10977936411832 0x4226a570
I/TaskTracer( 2556): 1 10977936411832 1392885817402766 2556 "b2g" 2571 "wlan0"
I/TaskTracer( 2556): 0 11042360918289 1392885817402857 11042360918289 8 11042360918289
I/TaskTracer( 2556): 1 11042360918289 1392885817402949 2556 "b2g" 2571 "wlan0"
I/TaskTracer( 2556): 3 11042360918289 1392885817402979 "wlan0 CTRL-EVENT-BSS-ADDED 74 3c:94:d5:7b:40:80"
I/TaskTracer( 2556): 0 11042360918290 1392885817403040 11042360918289 8 11042360918289
I/TaskTracer( 2556): 4 11042360918290 0x4226a590
I/TaskTracer( 2556): 2 11042360918289 1392885817403162
I/TaskTracer( 2556): 2 10977936411832 1392885817403223
I/TaskTracer( 2556): 2 11042360918288 1392885817403315
I/TaskTracer( 2556): 1 11042360918290 1392885817403407 2556 "b2g" 2556 "main"
I/TaskTracer( 2556): 0 10977936411833 1392885817403590 11042360918289 8 11042360918290
I/TaskTracer( 2556): 4 10977936411833 0x4226a570
I/TaskTracer( 2556): 1 10977936411833 1392885817403712 2556 "b2g" 2571 "wlan0"
I/TaskTracer( 2556): 0 11042360918291 1392885817403803 11042360918291 8 11042360918291
I/TaskTracer( 2556): 1 11042360918291 1392885817403864 2556 "b2g" 2571 "wlan0"
I/TaskTracer( 2556): 3 11042360918291 1392885817403925 "wlan0 CTRL-EVENT-BSS-ADDED 75 3c:94:d5:78:77:06"
I/TaskTracer( 2556): 0 11042360918292 1392885817403986 11042360918291 8 11042360918291
I/TaskTracer( 2556): 4 11042360918292 0x4226a590
I/TaskTracer( 2556): 2 11042360918291 1392885817404078
I/TaskTracer( 2556): 2 10977936411833 1392885817404139
I/TaskTracer( 2556): 2 11042360918290 1392885817404230
I/TaskTracer( 2556): 1 11042360918292 1392885817404292 2556 "b2g" 2556 "main"
I/TaskTracer( 2556): 0 10977936411834 1392885817404475 11042360918291 8 11042360918292
I/TaskTracer( 2556): 4 10977936411834 0x4226a570
I/TaskTracer( 2556): 1 10977936411834 1392885817404597 2556 "b2g" 2571 "wlan0"
I/TaskTracer( 2556): 0 11042360918293 1392885817404658 11042360918293 8 11042360918293
I/TaskTracer( 2556): 1 11042360918293 1392885817404749 2556 "b2g" 2571 "wlan0"
I/TaskTracer( 2556): 3 11042360918293 1392885817404810 "wlan0 CTRL-EVENT-BSS-ADDED 76 3c:94:d5:78:77:00"
I/TaskTracer( 2556): 0 11042360918294 1392885817404841 11042360918293 8 11042360918293
I/TaskTracer( 2556): 4 11042360918294 0x4226a590
I/TaskTracer( 2556): 2 11042360918293 1392885817404963
I/TaskTracer( 2556): 2 10977936411834 1392885817404993
I/TaskTracer( 2556): 2 11042360918292 1392885817407313
I/TaskTracer( 2556): 1 11042360918294 1392885817408930 2556 "b2g" 2556 "main"
I/TaskTracer( 2556): 0 10977936411835 1392885817412379 11042360918293 8 11042360918294
I/TaskTracer( 2556): 4 10977936411835 0x4226a570
I/TaskTracer( 2556): 1 10977936411835 1392885817412623 2556 "b2g" 2571 "wlan0"
I/TaskTracer( 2556): 0 11042360918295 1392885817412714 11042360918295 8 11042360918295
I/TaskTracer( 2556): 1 11042360918295 1392885817412806 2556 "b2g" 2571 "wlan0"
I/TaskTracer( 2556): 3 11042360918295 1392885817412867 "wlan0 CTRL-EVENT-BSS-ADDED 77 3c:94:d5:78:77:04"
I/TaskTracer( 2556): 0 11042360918296 1392885817412928 11042360918295 8 11042360918295
I/TaskTracer( 2556): 4 11042360918296 0x4226a590
I/TaskTracer( 2556): 2 11042360918295 1392885817413020
I/TaskTracer( 2556): 2 10977936411835 1392885817413081
I/TaskTracer( 2556): 2 11042360918294 1392885817413172
I/TaskTracer( 2556): 1 11042360918296 1392885817413264 2556 "b2g" 2556 "main"
I/TaskTracer( 2556): 0 10977936411836 1392885817413508 11042360918295 8 11042360918296
I/TaskTracer( 2556): 4 10977936411836 0x4226a570
I/TaskTracer( 2556): 1 10977936411836 1392885817413630 2556 "b2g" 2571 "wlan0"
I/TaskTracer( 2556): 0 11042360918297 1392885817413721 11042360918297 8 11042360918297
I/TaskTracer( 2556): 1 11042360918297 1392885817413813 2556 "b2g" 2571 "wlan0"
I/TaskTracer( 2556): 3 11042360918297 1392885817413844 "wlan0 CTRL-EVENT-BSS-ADDED 78 3c:94:d5:78:77:02"
I/TaskTracer( 2556): 0 11042360918298 1392885817413905 11042360918297 8 11042360918297
I/TaskTracer( 2556): 4 11042360918298 0x4226a590
I/TaskTracer( 2556): 2 11042360918297 1392885817414027
I/TaskTracer( 2556): 2 10977936411836 1392885817414057
I/TaskTracer( 2556): 2 11042360918296 1392885817414149
I/TaskTracer( 2556): 1 11042360918298 1392885817414240 2556 "b2g" 2556 "main"
I/TaskTracer( 2556): 0 10977936411837 1392885817414393 11042360918297 8 11042360918298
I/TaskTracer( 2556): 4 10977936411837 0x4226a570
I/TaskTracer( 2556): 1 10977936411837 1392885817414545 2556 "b2g" 2571 "wlan0"
I/TaskTracer( 2556): 0 11042360918299 1392885817414606 11042360918299 8 11042360918299
I/TaskTracer( 2556): 1 11042360918299 1392885817414698 2556 "b2g" 2571 "wlan0"
I/TaskTracer( 2556): 3 11042360918299 1392885817414759 "wlan0 CTRL-EVENT-BSS-ADDED 79 3c:94:d5:7b:fb:08"
I/TaskTracer( 2556): 0 11042360918300 1392885817414790 11042360918299 8 11042360918299
I/TaskTracer( 2556): 4 11042360918300 0x4226a590
I/TaskTracer( 2556): 2 11042360918299 1392885817414912
I/TaskTracer( 2556): 2 10977936411837 1392885817414942
I/TaskTracer( 2556): 2 11042360918298 1392885817417414
I/TaskTracer( 2556): 1 11042360918300 1392885817419825 2556 "b2g" 2556 "main"
I/TaskTracer( 2556): 0 10977936411838 1392885817420100 11042360918299 8 11042360918300
I/TaskTracer( 2556): 4 10977936411838 0x4226a570
I/TaskTracer( 2556): 1 10977936411838 1392885817420222 2556 "b2g" 2571 "wlan0"
I/TaskTracer( 2556): 0 11042360918301 1392885817420313 11042360918301 8 11042360918301
I/TaskTracer( 2556): 1 11042360918301 1392885817420405 2556 "b2g" 2571 "wlan0"
I/TaskTracer( 2556): 3 11042360918301 1392885817420466 "wlan0 CTRL-EVENT-BSS-ADDED 80 00:16:01:8e:19:0b"
I/TaskTracer( 2556): 0 11042360918302 1392885817420527 11042360918301 8 11042360918301
I/TaskTracer( 2556): 4 11042360918302 0x4226a590
I/TaskTracer( 2556): 2 11042360918301 1392885817420618
I/TaskTracer( 2556): 2 10977936411838 1392885817420679
I/TaskTracer( 2556): 2 11042360918300 1392885817420771
I/TaskTracer( 2556): 1 11042360918302 1392885817420863 2556 "b2g" 2556 "main"
I/TaskTracer( 2556): 0 10977936411839 1392885817421046 11042360918301 8 11042360918302
I/TaskTracer( 2556): 4 10977936411839 0x4226a570
I/TaskTracer( 2556): 1 10977936411839 1392885817421168 2556 "b2g" 2571 "wlan0"
I/TaskTracer( 2556): 0 11042360918303 1392885817421229 11042360918303 8 11042360918303
I/TaskTracer( 2556): 1 11042360918303 1392885817421320 2556 "b2g" 2571 "wlan0"
I/TaskTracer( 2556): 3 11042360918303 1392885817421381 "wlan0 CTRL-EVENT-BSS-ADDED 81 06:19:be:1e:d5:00"
I/TaskTracer( 2556): 0 11042360918304 1392885817421412 11042360918303 8 11042360918303
I/TaskTracer( 2556): 4 11042360918304 0x4226a590
I/TaskTracer( 2556): 2 11042360918303 1392885817421534
I/TaskTracer( 2556): 2 10977936411839 1392885817421564
I/TaskTracer( 2556): 2 11042360918302 1392885817421656
I/TaskTracer( 2556): 1 11042360918304 1392885817421748 2556 "b2g" 2556 "main"
I/TaskTracer( 2556): 0 10977936411840 1392885817421900 11042360918303 8 11042360918304
I/TaskTracer( 2556): 4 10977936411840 0x4226a570
I/TaskTracer( 2556): 1 10977936411840 1392885817422022 2556 "b2g" 2571 "wlan0"
I/TaskTracer( 2556): 0 11042360918305 1392885817422114 11042360918305 8 11042360918305
I/TaskTracer( 2556): 1 11042360918305 1392885817422175 2556 "b2g" 2571 "wlan0"
I/TaskTracer( 2556): 3 11042360918305 1392885817422327 "wlan0 CTRL-EVENT-SCAN-RESULTS "
I/TaskTracer( 2556): 0 11042360918306 1392885817422388 11042360918305 8 11042360918305
I/TaskTracer( 2556): 4 11042360918306 0x4226a590
I/TaskTracer( 2556): 2 11042360918305 1392885817422511
I/TaskTracer( 2556): 2 10977936411840 1392885817422541
I/TaskTracer( 2556): 2 11042360918304 1392885817425990
I/TaskTracer( 2556): 1 11042360918306 1392885817430537 2556 "b2g" 2556 "main"
I/TaskTracer( 2556): 0 10977936411841 1392885817431483 11042360918305 8 11042360918306
I/TaskTracer( 2556): 4 10977936411841 0x4226a5b0
I/TaskTracer( 2556): 1 10977936411841 1392885817431666 2556 "b2g" 2572 "wifi control"
I/TaskTracer( 2556): 0 11046655885342 1392885817432886 11042360918305 8 10977936411841
I/TaskTracer( 2556): 4 11046655885342 0x4226a5d0
I/TaskTracer( 2556): 2 10977936411841 1392885817433070
I/TaskTracer( 2556): 0 10977936411842 1392885817433253 11042360918305 8 11042360918306
I/TaskTracer( 2556): 4 10977936411842 0x4226a570
I/TaskTracer( 2556): 1 10977936411842 1392885817433375 2556 "b2g" 2571 "wlan0"
I/TaskTracer( 2556): 0 11042360918307 1392885817433466 11042360918307 8 11042360918307
I/TaskTracer( 2556): 1 11042360918307 1392885817433558 2556 "b2g" 2571 "wlan0"
I/TaskTracer( 2556): 3 11042360918307 1392885817433619 "wlan0 WPS-AP-AVAILABLE "
I/TaskTracer( 2556): 0 11042360918308 1392885817433680 11042360918307 8 11042360918307
I/TaskTracer( 2556): 4 11042360918308 0x4226a590
I/TaskTracer( 2556): 2 11042360918307 1392885817433772
I/TaskTracer( 2556): 2 10977936411842 1392885817433833
I/TaskTracer( 2556): 2 11042360918306 1392885817434840
I/TaskTracer( 2556): 0 11063835756809 1392885817437373 11063835756809 5 11063835756809
I/TaskTracer( 2556): 1 11063835756809 1392885817437464 2556 "b2g" 2576 "Timer"
I/TaskTracer( 2556): 0 11063835756810 1392885817437556 11063835756809 5 11063835756809
I/TaskTracer( 2556): 4 11063835756810 0x4222a520
I/TaskTracer( 2556): 2 11063835756809 1392885817437647
I/TaskTracer( 2556): 1 11046655885342 1392885817438441 2556 "b2g" 2556 "main"
I/TaskTracer( 2556): 0 10977936411843 1392885817438990 11042360918305 8 11046655885342
I/TaskTracer( 2556): 4 10977936411843 0x4226a5b0
I/TaskTracer( 2556): 1 10977936411843 1392885817439173 2556 "b2g" 2572 "wifi control"
I/TaskTracer( 2556): 0 11046655885343 1392885817439539 11042360918305 8 10977936411843
I/TaskTracer( 2556): 4 11046655885343 0x4226a5d0
I/TaskTracer( 2556): 2 10977936411843 1392885817439661
I/TaskTracer( 2556): 0 11063835756811 1392885817441828 11063835756811 5 11063835756811
I/TaskTracer( 2556): 1 11063835756811 1392885817441920 2556 "b2g" 2576 "Timer"
I/TaskTracer( 2556): 0 11063835756812 1392885817442011 11063835756811 5 11063835756811
I/TaskTracer( 2556): 4 11063835756812 0x4222a520
I/TaskTracer( 2556): 2 11063835756811 1392885817442103
I/TaskTracer( 2556): 0 11063835756813 1392885817476282 11063835756813 5 11063835756813
I/TaskTracer( 2556): 1 11063835756813 1392885817476374 2556 "b2g" 2576 "Timer"
I/TaskTracer( 2556): 0 11063835756814 1392885817476466 11063835756813 5 11063835756813
I/TaskTracer( 2556): 4 11063835756814 0x4222a520
I/TaskTracer( 2556): 2 11063835756813 1392885817476557
I/TaskTracer( 2556): 0 11063835756815 1392885817482722 11063835756815 5 11063835756815
I/TaskTracer( 2556): 1 11063835756815 1392885817482844 2556 "b2g" 2576 "Timer"
I/TaskTracer( 2556): 0 11063835756816 1392885817482935 11063835756815 5 11063835756815
I/TaskTracer( 2556): 4 11063835756816 0x4222a520
I/TaskTracer( 2556): 2 11063835756815 1392885817483088
I/TaskTracer( 2688): 3 11544872092040 1392885817489436 "[nsEventDispatcher::Dispatch] Event name: MozAfterPaint"
I/TaskTracer( 2688): 1 11583526797843 1392885817489649 2688 "Built-in Keyboard" 2688 "main"
I/TaskTracer( 2688): 0 11583526797844 1392885817489771 11583526797844 5 11583526797844
I/TaskTracer( 2688): 1 11583526797844 1392885817489863 2688 "(Preallocated app)" 2697 "Timer"
I/TaskTracer( 2688): 0 11583526797845 1392885817489924 11583526797844 5 11583526797844
I/TaskTracer( 2688): 4 11583526797845 0x41ba4520
I/TaskTracer( 2688): 2 11583526797844 1392885817490046
I/TaskTracer( 2556): 3 11046655885342 1392885817490809 "[nsFrameMessageManager::SendAsyncMessage] type:WifiManager:getNetworks:Return:OK"
I/TaskTracer( 2556): 0 10977936411844 1392885817491907 11042360918305 8 11046655885342
I/TaskTracer( 2556): 4 10977936411844 0x4229a628
I/TaskTracer( 2556): 2 11046655885342 1392885817492152
I/TaskTracer( 2688): 2 11583526797843 1392885817492365
I/TaskTracer( 2688): 3 11544872092041 1392885817492579 "[nsEventDispatcher::Dispatch] Event name: (null)"
I/TaskTracer( 2688): 3 11544872092041 1392885817500178 "[nsEventDispatcher::Dispatch] Event name: (null)"
I/TaskTracer( 2688): 1 11583526797845 1392885817501368 2688 "Built-in Keyboard" 2688 "main"
I/TaskTracer( 2688): 2 11583526797845 1392885817501429
I/TaskTracer( 2556): 1 11042360918308 1392885817503077 2556 "b2g" 2556 "main"
I/TaskTracer( 2556): 0 10977936411845 1392885817505244 11042360918307 8 11042360918308
I/TaskTracer( 2556): 4 10977936411845 0x4226a570
I/TaskTracer( 2556): 1 10977936411845 1392885817505671 2556 "b2g" 2571 "wlan0"
I/TaskTracer( 2556): 0 11042360918309 1392885817505793 11042360918309 8 11042360918309
I/TaskTracer( 2556): 1 11042360918309 1392885817505885 2556 "b2g" 2571 "wlan0"
I/TaskTracer( 2556): 3 11042360918309 1392885817505946 "wlan0 CTRL-EVENT-STATE-CHANGE id=-1 state=2 BSSID=00:00:00:00:00:00"
I/TaskTracer( 2556): 0 11042360918310 1392885817506007 11042360918309 8 11042360918309
I/TaskTracer( 2556): 4 11042360918310 0x4226a590
I/TaskTracer( 2556): 2 11042360918309 1392885817506159
I/TaskTracer( 2556): 2 10977936411845 1392885817506190
I/TaskTracer( 2556): 2 11042360918308 1392885817506800
I/TaskTracer( 2556): 1 11063835756810 1392885817508143 2556 "b2g" 2556 "main"
I/TaskTracer( 2556): 2 11063835756810 1392885817509791
I/TaskTracer( 2556): 1 11046655885343 1392885817510706 2556 "b2g" 2556 "main"
I/TaskTracer( 2556): 2 11046655885343 1392885817512598
I/TaskTracer( 2556): 1 11063835756812 1392885817512720 2556 "b2g" 2556 "main"
I/TaskTracer( 2556): 0 10977936411846 1392885817513819 11063835756811 5 11063835756812
I/TaskTracer( 2556): 4 10977936411846 0x422737f0
I/TaskTracer( 2556): 2 11063835756812 1392885817514063
I/TaskTracer( 2556): 1 11063835756814 1392885817514155 2556 "b2g" 2556 "main"
I/TaskTracer( 2556): 0 11063835756817 1392885817514338 11063835756817 5 11063835756817
I/TaskTracer( 2556): 1 11063835756817 1392885817514399 2556 "b2g" 2576 "Timer"
I/TaskTracer( 2556): 0 11063835756818 1392885817514460 11063835756817 5 11063835756817
I/TaskTracer( 2556): 4 11063835756818 0x4222a520
I/TaskTracer( 2556): 2 11063835756817 1392885817514582
I/TaskTracer( 2556): 0 10977936411847 1392885817523157 11063835756813 5 11063835756814
I/TaskTracer( 2556): 4 10977936411847 0x4223bf40
I/TaskTracer( 2556): 1 10977936411847 1392885817524500 2556 "b2g" 2563 "Gecko_IOThread"
I/TaskTracer( 2556): 2 10977936411847 1392885817524622
I/TaskTracer( 2556): 0 11063835756819 1392885817524744 11063835756819 5 11063835756819
I/TaskTracer( 2556): 1 11063835756819 1392885817524836 2556 "b2g" 2576 "Timer"
I/TaskTracer( 2556): 0 11063835756820 1392885817524897 11063835756819 5 11063835756819
I/TaskTracer( 2556): 4 11063835756820 0x4222a520
I/TaskTracer( 2556): 2 11063835756819 1392885817525019
I/TaskTracer( 2718): 0 11678016078460 1392885817525202 11063835756813 5 10977936411847
I/TaskTracer( 2718): 4 11678016078460 0x41bb5ee0
I/TaskTracer( 2718): 0 11678016078461 1392885817525324 11063835756813 5 10977936411847
I/TaskTracer( 2718): 4 11678016078461 0x41bb6080
I/TaskTracer( 2556): 2 11063835756814 1392885817525690
I/TaskTracer( 2556): 1 11063835756816 1392885817525843 2556 "b2g" 2556 "main"
I/TaskTracer( 2556): 2 11063835756816 1392885817525935
I/TaskTracer( 2556): 1 10977936411844 1392885817526087 2556 "b2g" 2556 "main"
I/TaskTracer( 2556): 3 10977936411844 1392885817528407 "[nsEventDispatcher::Dispatch] Event name: (null)"
I/TaskTracer( 2556): 2 10977936411844 1392885817528529
I/TaskTracer( 2556): 1 11042360918310 1392885817528651 2556 "b2g" 2556 "main"
I/TaskTracer( 2556): 0 10977936411848 1392885817538813 11042360918309 8 11042360918310
I/TaskTracer( 2556): 4 10977936411848 0x4226a570
I/TaskTracer( 2556): 1 10977936411848 1392885817540217 2556 "b2g" 2571 "wlan0"
I/TaskTracer( 2556): 2 11042360918310 1392885817540949
I/TaskTracer( 2556): 1 10977936411846 1392885817541712 2556 "b2g" 2556 "main"
I/TaskTracer( 2556): 2 10977936411846 1392885817542841
I/TaskTracer( 2556): 1 11063835756818 1392885817543574 2556 "b2g" 2556 "main"
I/TaskTracer( 2556): 0 10977936411849 1392885817544276 11063835756817 5 11063835756818
I/TaskTracer( 2556): 4 10977936411849 0x42278d30
I/TaskTracer( 2556): 2 11063835756818 1392885817545649
I/TaskTracer( 2556): 1 11063835756820 1392885817546412 2556 "b2g" 2556 "main"
I/TaskTracer( 2556): 2 11063835756820 1392885817556879
I/TaskTracer( 2556): 1 10977936411849 1392885817557215 2556 "b2g" 2556 "main"
I/TaskTracer( 2556): 0 11063835756821 1392885817558375 11063835756821 5 11063835756821
I/TaskTracer( 2556): 1 11063835756821 1392885817558466 2556 "b2g" 2576 "Timer"
I/TaskTracer( 2556): 0 11063835756822 1392885817558558 11063835756821 5 11063835756821
I/TaskTracer( 2556): 4 11063835756822 0x4222a520
I/TaskTracer( 2556): 2 11063835756821 1392885817558680
I/TaskTracer( 2556): 2 10977936411849 1392885817559748
I/TaskTracer( 2556): 1 11063835756822 1392885817560450 2556 "b2g" 2556 "main"
I/TaskTracer( 2556): 2 11063835756822 1392885817561304
I/TaskTracer( 2718): 1 11678016078459 1392885817552729 2718 "Settings" 2718 "main"
I/TaskTracer( 2718): 1 11678016078458 1392885817562678 2718 "Settings" 2718 "main"
I/TaskTracer( 2609): 1 11209864642721 1392885817563349 2609 "Usage" 2609 "main"
I/TaskTracer( 2609): 1 11209864642720 1392885817564478 2609 "Usage" 2609 "main"
I/TaskTracer( 2718): 3 11678016078458 1392885817566157 "[nsEventDispatcher::Dispatch] Event name: (null)"
I/TaskTracer( 2609): 3 11209864642720 1392885817567591 "[nsEventDispatcher::Dispatch] Event name: (null)"
I/TaskTracer( 2609): 2 11209864642720 1392885817571101
I/TaskTracer( 2609): 2 11209864642721 1392885817571833
I/TaskTracer( 2718): 2 11678016078458 1392885817586054
I/TaskTracer( 2718): 2 11678016078459 1392885817586329
I/TaskTracer( 2718): 1 11678016078461 1392885817587061 2718 "Settings" 2718 "main"
I/TaskTracer( 2718): 1 11678016078460 1392885817587824 2718 "Settings" 2718 "main"
I/TaskTracer( 2718): 0 11712375817785 1392885817588648 11712375817785 5 11712375817785
I/TaskTracer( 2718): 2 11678016078460 1392885817589259
I/TaskTracer( 2718): 2 11678016078461 1392885817590022
I/TaskTracer( 2718): 1 11712375817785 1392885817589869 2718 "(Preallocated app)" 2727 "Timer"
I/TaskTracer( 2718): 0 11712375817786 1392885817590937 11712375817785 5 11712375817785
I/TaskTracer( 2718): 4 11712375817786 0x41ba4520
I/TaskTracer( 2718): 2 11712375817785 1392885817592585
I/TaskTracer( 2718): 1 11712375817786 1392885817592799 2718 "Settings" 2718 "main"
I/TaskTracer( 2718): 0 11673721111542 1392885817593378 11712375817785 5 11712375817786
I/TaskTracer( 2718): 4 11673721111542 0x41bf2d30
I/TaskTracer( 2718): 2 11712375817786 1392885817594630
I/TaskTracer( 2718): 1 11673721111542 1392885817595240 2718 "Settings" 2718 "main"
I/TaskTracer( 2718): 2 11673721111542 1392885817596095
I/TaskTracer( 2556): 0 11063835756823 1392885817914362 11063835756823 5 11063835756823
I/TaskTracer( 2556): 1 11063835756823 1392885817914484 2556 "b2g" 2576 "Timer"
I/TaskTracer( 2556): 0 11063835756824 1392885817914545 11063835756823 5 11063835756823
I/TaskTracer( 2556): 4 11063835756824 0x4222a520
I/TaskTracer( 2556): 2 11063835756823 1392885817914698
I/TaskTracer( 2556): 1 11063835756824 1392885817914820 2556 "b2g" 2556 "main"
I/TaskTracer( 2556): 2 11063835756824 1392885817914912
I/TaskTracer( 2556): 0 10977936411850 1392885818173396 10977936411850 1 10977936411850
I/TaskTracer( 2556): 1 10977936411850 1392885818173701 2556 "b2g" 2556 "main"
I/TaskTracer( 2556): 3 10977936411850 1392885818173914 "Touch at (179, 467)"
I/TaskTracer( 2556): 0 10977936411851 1392885818174342 10977936411850 1 10977936411850
I/TaskTracer( 2556): 4 10977936411851 0x42278d30
I/TaskTracer( 2556): 0 10977936411852 1392885818174830 10977936411850 1 10977936411850
I/TaskTracer( 2556): 4 10977936411852 0x4223bf40
I/TaskTracer( 2556): 1 10977936411852 1392885818175318 2556 "b2g" 2563 "Gecko_IOThread"
I/TaskTracer( 2556): 2 10977936411852 1392885818175593
I/TaskTracer( 2718): 0 11678016078462 1392885818175959 10977936411850 1 10977936411852
I/TaskTracer( 2718): 4 11678016078462 0x41bb5ee0
I/TaskTracer( 2718): 0 11678016078463 1392885818176325 10977936411850 1 10977936411852
I/TaskTracer( 2718): 4 11678016078463 0x41bb6080
I/TaskTracer( 2556): 3 10977936411850 1392885818185999 "[nsEventDispatcher::Dispatch] Event name: touchstart"
I/TaskTracer( 2718): 1 11678016078463 1392885818186518 2718 "Settings" 2718 "main"
I/TaskTracer( 2556): 3 10977936411850 1392885818189906 "[nsEventDispatcher::Dispatch] Event name: (null)"
I/TaskTracer( 2556): 3 10977936411850 1392885818193873 "Capture? 0"
I/TaskTracer( 2556): 2 10977936411850 1392885818194605
I/TaskTracer( 2556): 0 10977936411853 1392885818195124 10977936411853 2 10977936411853
I/TaskTracer( 2556): 1 10977936411853 1392885818195887 2556 "b2g" 2556 "main"
I/TaskTracer( 2556): 3 10977936411853 1392885818196558 "Mouse at (179, 467)"
I/TaskTracer( 2718): 1 11678016078462 1392885818197810 2718 "Settings" 2718 "main"
I/TaskTracer( 2556): 0 11063835756825 1392885818198878 11063835756825 5 11063835756825
I/TaskTracer( 2556): 1 11063835756825 1392885818198969 2556 "b2g" 2576 "Timer"
I/TaskTracer( 2556): 0 11063835756826 1392885818199061 11063835756825 5 11063835756825
I/TaskTracer( 2556): 4 11063835756826 0x4222a520
I/TaskTracer( 2556): 2 11063835756825 1392885818199183
I/TaskTracer( 2556): 3 10977936411853 1392885818202143 "[nsEventDispatcher::Dispatch] Event name: mousedown"
I/TaskTracer( 2718): 0 11673721111543 1392885818212458 10977936411850 1 11678016078462
I/TaskTracer( 2556): 0 10977936411854 1392885818227930 10977936411853 2 10977936411853
I/TaskTracer( 2718): 4 11673721111543 0x41bf2d30
I/TaskTracer( 2556): 4 10977936411854 0x4223bf40
I/TaskTracer( 2556): 1 10977936411854 1392885818229609 2556 "b2g" 2563 "Gecko_IOThread"
I/TaskTracer( 2556): 2 10977936411854 1392885818229761
I/TaskTracer( 2633): 0 11312943858209 1392885818229914 10977936411853 2 10977936411854
I/TaskTracer( 2633): 4 11312943858209 0x41bb5ee0
I/TaskTracer( 2633): 0 11312943858210 1392885818230036 10977936411853 2 10977936411854
I/TaskTracer( 2633): 4 11312943858210 0x41bb6080
I/TaskTracer( 2633): 1 11312943858210 1392885818230280 2633 "Homescreen" 2633 "main"
I/TaskTracer( 2633): 1 11312943858209 1392885818230372 2633 "Homescreen" 2633 "main"
I/TaskTracer( 2633): 3 11312943858209 1392885818230555 "[nsEventDispatcher::Dispatch] Event name: (null)"
I/TaskTracer( 2633): 3 11312943858209 1392885818230708 "[nsEventDispatcher::Dispatch] Event name: blur"
I/TaskTracer( 2633): 3 11312943858209 1392885818231348 "[nsEventDispatcher::Dispatch] Event name: blur"
I/TaskTracer( 2633): 2 11312943858209 1392885818231684
I/TaskTracer( 2633): 2 11312943858210 1392885818231745
I/TaskTracer( 2556): 3 10977936411853 1392885818234492 "[nsEventDispatcher::Dispatch] Event name: blur"
I/TaskTracer( 2556): 2 10977936411853 1392885818236811
I/TaskTracer( 2556): 1 10977936411851 1392885818237940 2556 "b2g" 2556 "main"
I/TaskTracer( 2556): 2 10977936411851 1392885818238398
I/TaskTracer( 2556): 1 11063835756826 1392885818239222 2556 "b2g" 2556 "main"
I/TaskTracer( 2718): 2 11678016078462 1392885818242426
I/TaskTracer( 2556): 0 10977936411855 1392885818247584 11063835756825 5 11063835756826
I/TaskTracer( 2556): 4 10977936411855 0x4223bee0
I/TaskTracer( 2556): 0 11063835756827 1392885818249079 11063835756827 5 11063835756827
I/TaskTracer( 2556): 1 11063835756827 1392885818249171 2556 "b2g" 2576 "Timer"
I/TaskTracer( 2556): 0 11063835756828 1392885818249232 11063835756827 5 11063835756827
I/TaskTracer( 2556): 4 11063835756828 0x4222a520
I/TaskTracer( 2556): 2 11063835756827 1392885818249384
I/TaskTracer( 2556): 1 10977936411855 1392885818250819 2556 "b2g" 2580 "Compositor"
I/TaskTracer( 2556): 0 11081015626238 1392885818252070 11063835756825 5 10977936411855
I/TaskTracer( 2556): 4 11081015626238 0x42253d60
I/TaskTracer( 2556): 2 10977936411855 1392885818253352
I/TaskTracer( 2556): 1 11081015626238 1392885818253474 2556 "b2g" 2580 "Compositor"
I/TaskTracer( 2556): 3 11063835756826 1392885818256647 "[nsEventDispatcher::Dispatch] Event name: MozAfterPaint"
I/TaskTracer( 2556): 3 11063835756826 1392885818257380 "[nsEventDispatcher::Dispatch] Event name: MozAfterPaint"
I/TaskTracer( 2556): 2 11063835756826 1392885818258417
I/TaskTracer( 2556): 2 11081015626238 1392885818259852
I/TaskTracer( 2556): 1 11063835756828 1392885818259119 2556 "b2g" 2556 "main"
I/TaskTracer( 2556): 2 11063835756828 1392885818261408
I/TaskTracer( 2718): 2 11678016078463 1392885818262110
I/TaskTracer( 2718): 1 11673721111543 1392885818263056 2718 "Settings" 2718 "main"
I/TaskTracer( 2718): 2 11673721111543 1392885818263941
I/TaskTracer( 2556): 0 11063835756829 1392885818315516 11063835756829 5 11063835756829
I/TaskTracer( 2556): 1 11063835756829 1392885818315607 2556 "b2g" 2576 "Timer"
I/TaskTracer( 2556): 0 11063835756830 1392885818315668 11063835756829 5 11063835756829
I/TaskTracer( 2556): 4 11063835756830 0x4222a520
I/TaskTracer( 2556): 2 11063835756829 1392885818315821
I/TaskTracer( 2556): 1 11063835756830 1392885818315943 2556 "b2g" 2556 "main"
I/TaskTracer( 2556): 2 11063835756830 1392885818316035
I/TaskTracer( 2556): 0 11063835756831 1392885818327967 11063835756831 5 11063835756831
I/TaskTracer( 2556): 1 11063835756831 1392885818328089 2556 "b2g" 2576 "Timer"
I/TaskTracer( 2556): 0 11063835756832 1392885818328150 11063835756831 5 11063835756831
I/TaskTracer( 2556): 4 11063835756832 0x4222a520
I/TaskTracer( 2556): 2 11063835756831 1392885818328272
I/TaskTracer( 2556): 1 11063835756832 1392885818328394 2556 "b2g" 2556 "main"
I/TaskTracer( 2556): 2 11063835756832 1392885818328486
I/TaskTracer( 2556): 0 10977936411856 1392885818334925 10977936411856 1 10977936411856
I/TaskTracer( 2556): 1 10977936411856 1392885818335017 2556 "b2g" 2556 "main"
I/TaskTracer( 2556): 3 10977936411856 1392885818335108 "Touch at (187, 460)"
I/TaskTracer( 2556): 3 10977936411856 1392885818335535 "[nsEventDispatcher::Dispatch] Event name: touchmove"
I/TaskTracer( 2556): 3 10977936411856 1392885818351313 "Capture? 0"
I/TaskTracer( 2556): 2 10977936411856 1392885818351496
I/TaskTracer( 2556): 0 11063835756833 1392885818351832 11063835756833 5 11063835756833
I/TaskTracer( 2556): 1 11063835756833 1392885818351923 2556 "b2g" 2576 "Timer"
I/TaskTracer( 2556): 0 11063835756834 1392885818351984 11063835756833 5 11063835756833
I/TaskTracer( 2556): 4 11063835756834 0x4222a520
I/TaskTracer( 2556): 2 11063835756833 1392885818352137
I/TaskTracer( 2556): 0 10977936411857 1392885818353205 10977936411857 2 10977936411857
I/TaskTracer( 2556): 1 10977936411857 1392885818354029 2556 "b2g" 2556 "main"
I/TaskTracer( 2556): 3 10977936411857 1392885818354578 "Mouse at (187, 460)"
I/TaskTracer( 2556): 3 10977936411857 1392885818357539 "[nsEventDispatcher::Dispatch] Event name: mouseout"
I/TaskTracer( 2556): 3 10977936411857 1392885818359278 "[nsEventDispatcher::Dispatch] Event name: mouseover"
I/TaskTracer( 2556): 3 10977936411857 1392885818360682 "[nsEventDispatcher::Dispatch] Event name: mousemove"
I/TaskTracer( 2556): 2 10977936411857 1392885818361353
I/TaskTracer( 2556): 1 11063835756834 1392885818362421 2556 "b2g" 2556 "main"
I/TaskTracer( 2556): 0 10977936411858 1392885818364619 11063835756833 5 11063835756834
I/TaskTracer( 2556): 4 10977936411858 0x4223bee0
I/TaskTracer( 2556): 1 10977936411858 1392885818366145 2556 "b2g" 2580 "Compositor"
I/TaskTracer( 2556): 0 11081015626239 1392885818367670 11063835756833 5 10977936411858
I/TaskTracer( 2556): 4 11081015626239 0x42253d60
I/TaskTracer( 2556): 2 10977936411858 1392885818367884
I/TaskTracer( 2556): 1 11081015626239 1392885818367976 2556 "b2g" 2580 "Compositor"
I/TaskTracer( 2556): 0 11063835756835 1392885818368098 11063835756835 5 11063835756835
I/TaskTracer( 2556): 1 11063835756835 1392885818368159 2556 "b2g" 2576 "Timer"
I/TaskTracer( 2556): 0 11063835756836 1392885818368220 11063835756835 5 11063835756835
I/TaskTracer( 2556): 4 11063835756836 0x4222a520
I/TaskTracer( 2556): 2 11063835756835 1392885818368372
I/TaskTracer( 2556): 3 11063835756834 1392885818372218 "[nsEventDispatcher::Dispatch] Event name: MozAfterPaint"
I/TaskTracer( 2556): 3 11063835756834 1392885818374232 "[nsEventDispatcher::Dispatch] Event name: MozAfterPaint"
I/TaskTracer( 2556): 2 11063835756834 1392885818374873
I/TaskTracer( 2556): 0 10977936411859 1392885818375819 10977936411859 1 10977936411859
I/TaskTracer( 2556): 2 11081015626239 1392885818377192
I/TaskTracer( 2556): 1 10977936411859 1392885818377863 2556 "b2g" 2556 "main"
I/TaskTracer( 2556): 3 10977936411859 1392885818378626 "Touch at (203, 450)"
I/TaskTracer( 2556): 3 10977936411859 1392885818379847 "[nsEventDispatcher::Dispatch] Event name: touchmove"
I/TaskTracer( 2556): 3 10977936411859 1392885818384913 "Capture? 0"
I/TaskTracer( 2556): 2 10977936411859 1392885818386103
I/TaskTracer( 2556): 0 10977936411860 1392885818386866 10977936411860 2 10977936411860
I/TaskTracer( 2556): 1 10977936411860 1392885818387507 2556 "b2g" 2556 "main"
I/TaskTracer( 2556): 3 10977936411860 1392885818388178 "Mouse at (203, 450)"
I/TaskTracer( 2556): 3 10977936411860 1392885818391169 "[nsEventDispatcher::Dispatch] Event name: mousemove"
I/TaskTracer( 2556): 2 10977936411860 1392885818391993
I/TaskTracer( 2556): 1 11063835756836 1392885818393000 2556 "b2g" 2556 "main"
I/TaskTracer( 2556): 0 10977936411861 1392885818394862 11063835756835 5 11063835756836
I/TaskTracer( 2556): 4 10977936411861 0x4223bee0
I/TaskTracer( 2556): 1 10977936411861 1392885818396387 2556 "b2g" 2580 "Compositor"
I/TaskTracer( 2556): 0 11081015626240 1392885818397974 11063835756835 5 10977936411861
I/TaskTracer( 2556): 4 11081015626240 0x42253d60
I/TaskTracer( 2556): 2 10977936411861 1392885818398188
I/TaskTracer( 2556): 1 11081015626240 1392885818398280 2556 "b2g" 2580 "Compositor"
I/TaskTracer( 2556): 0 11063835756837 1392885818401820 11063835756837 5 11063835756837
I/TaskTracer( 2556): 1 11063835756837 1392885818401972 2556 "b2g" 2576 "Timer"
I/TaskTracer( 2556): 0 11063835756838 1392885818402033 11063835756837 5 11063835756837
I/TaskTracer( 2556): 4 11063835756838 0x4222a520
I/TaskTracer( 2556): 2 11063835756837 1392885818402186
I/TaskTracer( 2556): 2 11081015626240 1392885818404475
I/TaskTracer( 2556): 3 11063835756836 1392885818405238 "[nsEventDispatcher::Dispatch] Event name: MozAfterPaint"
I/TaskTracer( 2556): 3 11063835756836 1392885818406214 "[nsEventDispatcher::Dispatch] Event name: MozAfterPaint"
I/TaskTracer( 2556): 2 11063835756836 1392885818406855
I/TaskTracer( 2556): 0 10977936411862 1392885818407587 10977936411862 1 10977936411862
I/TaskTracer( 2556): 1 10977936411862 1392885818408289 2556 "b2g" 2556 "main"
I/TaskTracer( 2556): 3 10977936411862 1392885818408900 "Touch at (223, 442)"
I/TaskTracer( 2556): 3 10977936411862 1392885818410212 "[nsEventDispatcher::Dispatch] Event name: touchmove"
I/TaskTracer( 2556): 3 10977936411862 1392885818415400 "Capture? 0"
I/TaskTracer( 2556): 2 10977936411862 1392885818416590
I/TaskTracer( 2556): 0 10977936411863 1392885818417048 10977936411863 2 10977936411863
I/TaskTracer( 2556): 1 10977936411863 1392885818417536 2556 "b2g" 2556 "main"
I/TaskTracer( 2556): 3 10977936411863 1392885818418330 "Mouse at (223, 442)"
I/TaskTracer( 2556): 3 10977936411863 1392885818421534 "[nsEventDispatcher::Dispatch] Event name: mousemove"
I/TaskTracer( 2556): 2 10977936411863 1392885818422816
I/TaskTracer( 2556): 1 11063835756838 1392885818423365 2556 "b2g" 2556 "main"
I/TaskTracer( 2556): 0 10977936411864 1392885818425684 11063835756837 5 11063835756838
I/TaskTracer( 2556): 4 10977936411864 0x4223bee0
I/TaskTracer( 2556): 1 10977936411864 1392885818427180 2556 "b2g" 2580 "Compositor"
I/TaskTracer( 2556): 0 11081015626241 1392885818428736 11063835756837 5 10977936411864
I/TaskTracer( 2556): 4 11081015626241 0x42253d60
I/TaskTracer( 2556): 2 10977936411864 1392885818428919
I/TaskTracer( 2556): 1 11081015626241 1392885818429011 2556 "b2g" 2580 "Compositor"
I/TaskTracer( 2556): 0 11063835756839 1392885818430292 11063835756839 5 11063835756839
I/TaskTracer( 2556): 1 11063835756839 1392885818430384 2556 "b2g" 2576 "Timer"
I/TaskTracer( 2556): 0 11063835756840 1392885818430445 11063835756839 5 11063835756839
I/TaskTracer( 2556): 4 11063835756840 0x4222a520
I/TaskTracer( 2556): 2 11063835756839 1392885818430598
I/TaskTracer( 2556): 3 11063835756838 1392885818433558 "[nsEventDispatcher::Dispatch] Event name: MozAfterPaint"
I/TaskTracer( 2556): 0 11063835756841 1392885818434504 11063835756841 5 11063835756841
I/TaskTracer( 2556): 1 11063835756841 1392885818434626 2556 "b2g" 2576 "Timer"
I/TaskTracer( 2556): 0 11063835756842 1392885818434718 11063835756841 5 11063835756841
I/TaskTracer( 2556): 4 11063835756842 0x4222a520
I/TaskTracer( 2556): 2 11063835756841 1392885818434870
I/TaskTracer( 2556): 2 11081015626241 1392885818436671
I/TaskTracer( 2556): 3 11063835756838 1392885818438197 "[nsEventDispatcher::Dispatch] Event name: MozAfterPaint"
I/TaskTracer( 2556): 2 11063835756838 1392885818438807
I/TaskTracer( 2556): 0 10977936411865 1392885818439539 10977936411865 1 10977936411865
I/TaskTracer( 2556): 1 10977936411865 1392885818440211 2556 "b2g" 2556 "main"
I/TaskTracer( 2556): 3 10977936411865 1392885818440882 "Touch at (254, 433)"
I/TaskTracer( 2556): 3 10977936411865 1392885818442072 "[nsEventDispatcher::Dispatch] Event name: touchmove"
I/TaskTracer( 2556): 3 10977936411865 1392885818447016 "Capture? 0"
I/TaskTracer( 2556): 2 10977936411865 1392885818447901
I/TaskTracer( 2556): 0 10977936411866 1392885818448664 10977936411866 2 10977936411866
I/TaskTracer( 2556): 1 10977936411866 1392885818449915 2556 "b2g" 2556 "main"
I/TaskTracer( 2556): 3 10977936411866 1392885818450617 "Mouse at (254, 433)"
I/TaskTracer( 2556): 3 10977936411866 1392885818453791 "[nsEventDispatcher::Dispatch] Event name: mouseout"
I/TaskTracer( 2556): 3 10977936411866 1392885818455225 "[nsEventDispatcher::Dispatch] Event name: mouseover"
I/TaskTracer( 2556): 3 10977936411866 1392885818456110 "[nsEventDispatcher::Dispatch] Event name: mousemove"
I/TaskTracer( 2556): 2 10977936411866 1392885818456934
I/TaskTracer( 2556): 1 11063835756840 1392885818457484 2556 "b2g" 2556 "main"
I/TaskTracer( 2556): 2 11063835756840 1392885818458186
I/TaskTracer( 2556): 1 11063835756842 1392885818458796 2556 "b2g" 2556 "main"
I/TaskTracer( 2556): 0 10977936411867 1392885818460841 11063835756841 5 11063835756842
I/TaskTracer( 2556): 4 10977936411867 0x4223bee0
I/TaskTracer( 2556): 1 10977936411867 1392885818462946 2556 "b2g" 2580 "Compositor"
I/TaskTracer( 2556): 0 11081015626242 1392885818464533 11063835756841 5 10977936411867
I/TaskTracer( 2556): 4 11081015626242 0x42253d60
I/TaskTracer( 2556): 2 10977936411867 1392885818464747
I/TaskTracer( 2556): 1 11081015626242 1392885818464808 2556 "b2g" 2580 "Compositor"
I/TaskTracer( 2556): 3 11063835756842 1392885818468165 "[nsEventDispatcher::Dispatch] Event name: MozAfterPaint"
I/TaskTracer( 2556): 3 11063835756842 1392885818468867 "[nsEventDispatcher::Dispatch] Event name: MozAfterPaint"
I/TaskTracer( 2556): 0 11063835756843 1392885818469416 11063835756843 5 11063835756843
I/TaskTracer( 2556): 1 11063835756843 1392885818469538 2556 "b2g" 2576 "Timer"
I/TaskTracer( 2556): 0 11063835756844 1392885818469599 11063835756843 5 11063835756843
I/TaskTracer( 2556): 4 11063835756844 0x4222a520
I/TaskTracer( 2556): 2 11063835756843 1392885818469752
I/TaskTracer( 2556): 2 11081015626242 1392885818471827
I/TaskTracer( 2556): 2 11063835756842 1392885818473017
I/TaskTracer( 2556): 0 10977936411868 1392885818473719 10977936411868 1 10977936411868
