I/TaskTracer(  804): 0 3487513445626 1397108029910700 3453153709231 1 4050154161177
I/TaskTracer(  804): 4 3487513445626 0x421c82f0
I/TaskTracer(  943): 0 4050154161178 1397108029918909 3453153709231 1 4050154161168
I/TaskTracer(  943): 4 4050154161178 0x41ce9228
I/TaskTracer(  804): 0 3453153709241 1397108029921503 3453153709231 1 3487513445623
I/TaskTracer(  943): 3 4050154161168 1397108029919794 "[nsCaret::DrawAtPositionWithHint] SchedulePaint to caret frame."
I/TaskTracer(  943): 3 4050154161168 1397108029923426 "[nsEventDispatcher::Dispatch] Event name: mouseup"
I/TaskTracer(  804): 4 3453153709241 0x421b6228
I/TaskTracer(  804): 3 3487513445623 1397108029930262 "[nsFrameMessageManager::SendAsyncMessage] type:browser-element-api:call"
I/TaskTracer(  804): 3 3487513445623 1397108029930872 "[nsFrameLoader::DoSendAsyncMessage] msg: browser-element-api:call send to tabParent"
I/TaskTracer(  804): 0 3453153709242 1397108029931361 3453153709231 1 3487513445623
I/TaskTracer(  804): 4 3453153709242 0x421c81b0
I/TaskTracer(  804): 1 3453153709242 1397108029932063 300000 120000 804 "" 812 "Gecko_IOThread"
I/TaskTracer(  804): 2 3453153709242 1397108029932185 300000 120000
I/TaskTracer(  927): 0 3985729650807 1397108029932398 3453153709231 1 3453153709242
I/TaskTracer(  927): 4 3985729650807 0x41cfb150
I/TaskTracer(  927): 0 3985729650808 1397108029932520 3453153709231 1 3453153709242
I/TaskTracer(  927): 4 3985729650808 0x41cfb2f0
I/TaskTracer(  927): 1 3985729650808 1397108029932887 1050000 140000 927 "Built-in Keyboard" 927 "main"
I/TaskTracer(  927): 1 3985729650807 1397108029933009 1050000 140000 927 "Built-in Keyboard" 927 "main"
I/TaskTracer(  927): 2 3985729650807 1397108029933619 1050000 140000
I/TaskTracer(  927): 2 3985729650808 1397108029933680 1050000 140000
I/TaskTracer(  804): 0 3453153709243 1397108029936274 3453153709231 1 3487513445623
I/TaskTracer(  804): 4 3453153709243 0x421c81b0
I/TaskTracer(  804): 1 3453153709243 1397108029936793 300000 120000 804 "" 812 "Gecko_IOThread"
I/TaskTracer(  804): 2 3453153709243 1397108029936915 300000 120000
I/TaskTracer(  804): 0 3543348019779 1397108029937617 3543348019614 0 3543348019614
I/TaskTracer(  804): 4 3543348019779 0x421b6288
I/TaskTracer(  804): 3 3487513445623 1397108029938959 "[nsFrameMessageManager::SendAsyncMessage] type:browser-element-api:call"
I/TaskTracer(  804): 3 3487513445623 1397108029939539 "[nsFrameLoader::DoSendAsyncMessage] msg: browser-element-api:call send to tabParent"
I/TaskTracer(  804): 0 3453153709244 1397108029940058 3453153709231 1 3487513445623
I/TaskTracer(  804): 4 3453153709244 0x421c81b0
I/TaskTracer(  804): 1 3453153709244 1397108029940730 300000 120000 804 "" 812 "Gecko_IOThread"
I/TaskTracer(  804): 2 3453153709244 1397108029940852 300000 120000
I/TaskTracer(  804): 2 3487513445623 1397108029942133 18710000 1250000
I/TaskTracer(  804): 2 3487513445624 1397108029942561 18710000 1250000
I/TaskTracer(  804): 1 3487513445626 1397108029943110 18710000 1250000 804 "b2g" 804 "main"
I/TaskTracer(  804): 1 3487513445625 1397108029943568 18710000 1250000 804 "b2g" 804 "main"
I/TaskTracer(  804): 2 3487513445625 1397108029945368 18710000 1250000
I/TaskTracer(  943): 3 4050154161168 1397108029947962 "[nsEventDispatcher::Dispatch] Event name: click"
I/TaskTracer(  804): 2 3487513445626 1397108029948512 18710000 1250000
I/TaskTracer(  804): 1 3543348019779 1397108029949061 18710000 1250000 804 "b2g" 804 "main"
I/TaskTracer(  804): 1 3453153709241 1397108029949580 18710000 1250000 804 "b2g" 804 "main"
I/TaskTracer(  804): 0 3453153709245 1397108029950007 3453153709231 1 3453153709241
I/TaskTracer(  804): 4 3453153709245 0x421b6228
I/TaskTracer(  804): 0 3543348019780 1397108029953761 3543348019614 0 3543348019614
I/TaskTracer(  804): 4 3543348019780 0x421b6288
I/TaskTracer(  943): 2 4050154161168 1397108029955042 3540000 380000
I/TaskTracer(  943): 0 4050154161179 1397108029955500 4050154161179 0 4050154161179
I/TaskTracer(  943): 4 4050154161179 0x41ce9228
I/TaskTracer(  943): 0 4088808866175 1397108029956141 3453153705985 0 4050154160168
I/TaskTracer(  943): 4 4088808866175 0x41ce9288
I/TaskTracer(  943): 2 4050154161170 1397108029956690 3540000 380000
I/TaskTracer(  943): 2 4088808866171 1397108029957026 3540000 380000
I/TaskTracer(  943): 1 4088808866172 1397108029957301 3540000 380000 943 "Communications" 943 "main"
I/TaskTracer(  943): 1 4050154161171 1397108029957667 3540000 380000 943 "Communications" 943 "main"
I/TaskTracer(  943): 0 4050154161180 1397108029957880 3453153709127 1 4050154161171
I/TaskTracer(  943): 4 4050154161180 0x41ce9228
I/TaskTracer(  943): 0 4088808866176 1397108029959101 3453153705985 0 4050154160168
I/TaskTracer(  943): 4 4088808866176 0x41ce9288
I/TaskTracer(  804): 0 3453153709246 1397108029960871 3453153709231 1 3453153709241
I/TaskTracer(  804): 4 3453153709246 0x421c81b0
I/TaskTracer(  804): 1 3453153709246 1397108029962428 300000 120000 804 "" 812 "Gecko_IOThread"
I/TaskTracer(  804): 2 3453153709246 1397108029962550 300000 120000
I/TaskTracer(  804): 2 3453153709241 1397108029963160 18710000 1250000
I/TaskTracer(  804): 2 3543348019779 1397108029963618 18710000 1250000
I/TaskTracer(  804): 1 3543348019780 1397108029964411 18710000 1250000 804 "b2g" 804 "main"
I/TaskTracer(  804): 1 3453153709245 1397108029965174 18710000 1250000 804 "b2g" 804 "main"
I/TaskTracer(  804): 0 3453153709247 1397108029965540 3453153709231 1 3453153709245
I/TaskTracer(  804): 4 3453153709247 0x421b6228
I/TaskTracer(  804): 0 3543348019781 1397108029971644 3543348019614 0 3543348019614
I/TaskTracer(  804): 4 3543348019781 0x421b6288
I/TaskTracer(  804): 2 3453153709245 1397108029979670 18720000 1250000
I/TaskTracer(  804): 2 3543348019780 1397108029979853 18720000 1250000
I/TaskTracer(  804): 1 3543348019781 1397108029980433 18720000 1250000 804 "b2g" 804 "main"
I/TaskTracer(  804): 1 3453153709247 1397108029980616 18720000 1250000 804 "b2g" 804 "main"
I/TaskTracer(  804): 0 3453153709248 1397108029981043 3453153709231 1 3453153709247
I/TaskTracer(  804): 4 3453153709248 0x421b6228
I/TaskTracer(  804): 2 3453153709247 1397108029981806 18720000 1250000
I/TaskTracer(  804): 2 3543348019781 1397108029981989 18720000 1250000
I/TaskTracer(  804): 0 3543348019782 1397108029983759 3543348019614 0 3543348019614
I/TaskTracer(  804): 4 3543348019782 0x421b6288
I/TaskTracer(  804): 1 3543348019782 1397108029984248 18720000 1250000 804 "b2g" 804 "main"
I/TaskTracer(  804): 1 3453153709226 1397108029984309 18720000 1250000 804 "b2g" 804 "main"
I/TaskTracer(  804): 1 3453153709222 1397108029984400 18720000 1250000 804 "b2g" 804 "main"
I/TaskTracer(  804): 2 3453153709222 1397108029984461 18720000 1250000
I/TaskTracer(  804): 0 3453153709249 1397108029984553 3453153709249 0 3453153709249
I/TaskTracer(  804): 4 3453153709249 0x421b6228
I/TaskTracer(  804): 2 3453153709226 1397108029984675 18720000 1250000
I/TaskTracer(  804): 2 3543348019782 1397108029984736 18720000 1250000
I/TaskTracer(  943): 0 4050154161181 1397108029986597 3453153709127 1 4050154161171
I/TaskTracer(  927): 0 3985729650809 1397108029987116 3453153709231 1 3453153709243
I/TaskTracer(  927): 4 3985729650809 0x41cfb150
I/TaskTracer(  927): 0 3985729650810 1397108029987696 3453153709231 1 3453153709243
I/TaskTracer(  943): 4 4050154161181 0x41cfb1b0
I/TaskTracer(  943): 1 4050154161181 1397108029988337 30000 70000 943 "" 944 "Chrome_ChildThread"
I/TaskTracer(  943): 2 4050154161181 1397108029988428 30000 70000
I/TaskTracer(  804): 0 3487513445627 1397108029988642 3453153709127 1 4050154161181
I/TaskTracer(  804): 4 3487513445627 0x421c8150
I/TaskTracer(  804): 0 3487513445628 1397108029988734 3453153709127 1 4050154161181
I/TaskTracer(  804): 4 3487513445628 0x421c82f0
I/TaskTracer(  804): 1 3487513445628 1397108029989039 18720000 1250000 804 "b2g" 804 "main"
I/TaskTracer(  804): 1 3487513445627 1397108029989130 18720000 1250000 804 "b2g" 804 "main"
I/TaskTracer(  804): 2 3487513445627 1397108029989252 18720000 1250000
I/TaskTracer(  804): 2 3487513445628 1397108029989314 18720000 1250000
I/TaskTracer(  927): 4 3985729650810 0x41cfb2f0
I/TaskTracer(  927): 0 3985729650811 1397108029991358 3453153709231 1 3453153709244
I/TaskTracer(  927): 4 3985729650811 0x41cfb150
I/TaskTracer(  927): 0 3985729650812 1397108029992487 3453153709231 1 3453153709244
I/TaskTracer(  927): 4 3985729650812 0x41cfb2f0
I/TaskTracer(  927): 0 3985729650813 1397108029993250 3453153709231 1 3453153709246
I/TaskTracer(  927): 4 3985729650813 0x41cfb150
I/TaskTracer(  927): 0 3985729650814 1397108029994349 3453153709231 1 3453153709246
I/TaskTracer(  927): 4 3985729650814 0x41cfb2f0
I/TaskTracer(  943): 0 4050154161182 1397108030006953 3453153709127 1 4050154161171
I/TaskTracer(  943): 4 4050154161182 0x41cfb1b0
I/TaskTracer(  943): 1 4050154161182 1397108030007777 30000 70000 943 "" 944 "Chrome_ChildThread"
I/TaskTracer(  943): 2 4050154161182 1397108030007929 30000 70000
I/TaskTracer(  804): 0 3487513445629 1397108030008082 3453153709127 1 4050154161182
I/TaskTracer(  804): 4 3487513445629 0x421c8150
I/TaskTracer(  804): 1 3487513445629 1397108030008387 970000 310000 804 "" 829 "Compositor"
I/TaskTracer(  804): 0 3560527889032 1397108030009058 3453153709127 1 3487513445629
I/TaskTracer(  804): 4 3560527889032 0x421e25d8
I/TaskTracer(  804): 0 3560527889033 1397108030009211 3453153709127 1 3487513445629
I/TaskTracer(  804): 4 3560527889033 0x421c81b0
I/TaskTracer(  804): 2 3487513445629 1397108030009364 970000 310000
I/TaskTracer(  804): 1 3560527889032 1397108030010584 970000 310000 804 "" 829 "Compositor"
I/TaskTracer(  804): 1 3560527889033 1397108030010920 300000 120000 804 "" 812 "Gecko_IOThread"
I/TaskTracer(  804): 2 3560527889033 1397108030011012 300000 120000
I/TaskTracer(  804): 0 3560527889034 1397108030010706 3453153709127 1 3560527889032
I/TaskTracer(  804): 4 3560527889034 0x421e2368
I/TaskTracer(  804): 0 3560527889035 1397108030011683 3453153709127 1 3560527889032
I/TaskTracer(  804): 4 3560527889035 0x421e2368
I/TaskTracer(  943): 0 4050154161183 1397108030014246 3453153709127 1 4050154161171
I/TaskTracer(  943): 4 4050154161183 0x41ce9228
I/TaskTracer(  943): 3 4050154161171 1397108030016261 "[nsEventDispatcher::Dispatch] Event name: MozAfterPaint"
I/TaskTracer(  943): 3 4050154161171 1397108030016962 "[nsEventDispatcher::Dispatch] Event name: MozAfterPaint"
I/TaskTracer(  943): 3 4050154161171 1397108030017451 "[nsEventDispatcher::Dispatch] Event name: MozAfterPaint"
I/TaskTracer(  804): 2 3560527889032 1397108030018549 970000 310000
I/TaskTracer(  943): 2 4050154161171 1397108030019099 3560000 380000
I/TaskTracer(  943): 2 4088808866172 1397108030019312 3560000 380000
I/TaskTracer(  943): 1 4088808866173 1397108030020106 3560000 380000 943 "Communications" 943 "main"
I/TaskTracer(  943): 1 4050154161162 1397108030020502 3560000 380000 943 "Communications" 943 "main"
I/TaskTracer(  943): 0 4050154161184 1397108030020899 3453153709127 1 4050154161162
I/TaskTracer(  943): 4 4050154161184 0x41ce9228
I/TaskTracer(  943): 2 4050154161162 1397108030021418 3560000 380000
I/TaskTracer(  943): 2 4088808866173 1397108030021754 3560000 380000
I/TaskTracer(  943): 1 4088808866174 1397108030021967 3560000 380000 943 "Communications" 943 "main"
I/TaskTracer(  943): 1 4050154161141 1397108030022334 3560000 380000 943 "Communications" 943 "main"
I/TaskTracer(  943): 0 4050154161185 1397108030023432 3453153705985 0 4050154161141
I/TaskTracer(  943): 4 4050154161185 0x41d6f608
I/TaskTracer(  943): 0 4050154161186 1397108030025111 3453153705985 0 4050154161141
I/TaskTracer(  943): 4 4050154161186 0x41ce9228
I/TaskTracer(  943): 2 4050154161141 1397108030025751 3570000 380000
I/TaskTracer(  943): 2 4088808866174 1397108030026118 3570000 380000
I/TaskTracer(  943): 1 4088808866175 1397108030026514 3570000 380000 943 "Communications" 943 "main"
I/TaskTracer(  943): 2 4088808866175 1397108030026911 3570000 380000
I/TaskTracer(  943): 1 4088808866176 1397108030027277 3570000 380000 943 "Communications" 943 "main"
I/TaskTracer(  943): 1 4050154161180 1397108030027735 3570000 380000 943 "Communications" 943 "main"
I/TaskTracer(  943): 0 4050154161187 1397108030028132 3453153709127 1 4050154161180
I/TaskTracer(  943): 4 4050154161187 0x41ce9228
I/TaskTracer(  943): 2 4050154161180 1397108030029566 3570000 380000
I/TaskTracer(  943): 2 4088808866176 1397108030029963 3570000 380000
I/TaskTracer(  943): 1 4050154161185 1397108030030421 3570000 380000 943 "Communications" 943 "main"
I/TaskTracer(  804): 1 3560527889027 1397108030031580 970000 310000 804 "" 829 "Compositor"
I/TaskTracer(  804): 2 3560527889027 1397108030031672 970000 310000
I/TaskTracer(  804): 1 3560527889028 1397108030031763 970000 310000 804 "" 829 "Compositor"
I/TaskTracer(  804): 2 3560527889028 1397108030031824 970000 310000
I/TaskTracer(  943): 0 4050154161188 1397108030032557 3453153705985 0 4050154161185
I/TaskTracer(  943): 4 4050154161188 0x41d6f608
I/TaskTracer(  943): 2 4050154161185 1397108030033381 3570000 380000
I/TaskTracer(  943): 1 4050154161188 1397108030033778 3570000 380000 943 "Communications" 943 "main"
I/TaskTracer(  943): 2 4050154161188 1397108030034602 3570000 380000
I/TaskTracer(  927): 1 3985729650810 1397108030035151 1050000 140000 927 "Built-in Keyboard" 927 "main"
I/TaskTracer(  927): 1 3985729650809 1397108030035639 1050000 140000 927 "Built-in Keyboard" 927 "main"
I/TaskTracer(  927): 2 3985729650809 1397108030036097 1050000 140000
I/TaskTracer(  927): 2 3985729650810 1397108030036311 1050000 140000
I/TaskTracer(  927): 1 3985729650812 1397108030036738 1050000 140000 927 "Built-in Keyboard" 927 "main"
I/TaskTracer(  927): 1 3985729650811 1397108030037104 1050000 140000 927 "Built-in Keyboard" 927 "main"
I/TaskTracer(  927): 3 3985729650811 1397108030038874 "[nsFrameMessageManager::SendAsyncMessage] type:Keyboard:Register"
I/TaskTracer(  927): 0 3981434683608 1397108030039698 3453153709231 1 3985729650811
I/TaskTracer(  927): 4 3981434683608 0x41cfb1b0
I/TaskTracer(  927): 1 3981434683608 1397108030040339 0 30000 927 "" 928 "Chrome_ChildThread"
I/TaskTracer(  927): 2 3981434683608 1397108030040461 0 30000
I/TaskTracer(  804): 0 3487513445630 1397108030040675 3453153709231 1 3981434683608
I/TaskTracer(  804): 4 3487513445630 0x421c8150
I/TaskTracer(  804): 0 3487513445631 1397108030040766 3453153709231 1 3981434683608
I/TaskTracer(  804): 4 3487513445631 0x421c82f0
I/TaskTracer(  804): 1 3487513445631 1397108030041193 18720000 1250000 804 "b2g" 804 "main"
I/TaskTracer(  804): 1 3487513445630 1397108030041285 18720000 1250000 804 "b2g" 804 "main"
I/TaskTracer(  804): 2 3487513445630 1397108030042109 18720000 1250000
I/TaskTracer(  804): 2 3487513445631 1397108030042200 18720000 1250000
I/TaskTracer(  943): 0 4088808866177 1397108030042597 3453153705985 0 4050154160168
I/TaskTracer(  943): 4 4088808866177 0x41ce9288
I/TaskTracer(  943): 1 4088808866177 1397108030042841 3570000 380000 943 "Communications" 943 "main"
I/TaskTracer(  943): 1 4050154161187 1397108030042902 3570000 380000 943 "Communications" 943 "main"
I/TaskTracer(  943): 0 4050154161189 1397108030042994 3453153709127 1 4050154161187
I/TaskTracer(  943): 4 4050154161189 0x41ce9228
I/TaskTracer(  943): 2 4050154161187 1397108030043574 3570000 380000
I/TaskTracer(  943): 2 4088808866177 1397108030043635 3570000 380000
I/TaskTracer(  927): 3 3985729650811 1397108030045435 "[nsFrameMessageManager::SendAsyncMessage] type:Keyboard:GetContext"
I/TaskTracer(  927): 0 3981434683609 1397108030046015 3453153709231 1 3985729650811
I/TaskTracer(  927): 4 3981434683609 0x41cfb1b0
I/TaskTracer(  927): 1 3981434683609 1397108030046656 0 30000 927 "" 928 "Chrome_ChildThread"
I/TaskTracer(  927): 2 3981434683609 1397108030046809 0 30000
I/TaskTracer(  804): 0 3487513445632 1397108030046992 3453153709231 1 3981434683609
I/TaskTracer(  804): 4 3487513445632 0x421c8150
I/TaskTracer(  804): 0 3487513445633 1397108030047114 3453153709231 1 3981434683609
I/TaskTracer(  804): 4 3487513445633 0x421c82f0
I/TaskTracer(  804): 1 3487513445633 1397108030047572 18720000 1250000 804 "b2g" 804 "main"
I/TaskTracer(  804): 1 3487513445632 1397108030047694 18720000 1250000 804 "b2g" 804 "main"
I/TaskTracer(  804): 3 3487513445632 1397108030049158 "[nsFrameMessageManager::SendAsyncMessage] type:Keyboard:LayoutsChange"
I/TaskTracer(  804): 0 3453153709250 1397108030049372 3453153709231 1 3487513445632
I/TaskTracer(  804): 4 3453153709250 0x421c81b0
I/TaskTracer(  804): 1 3453153709250 1397108030051234 300000 120000 804 "" 812 "Gecko_IOThread"
I/TaskTracer(  804): 2 3453153709250 1397108030051386 300000 120000
I/TaskTracer(  804): 3 3487513445632 1397108030052393 "[nsFrameMessageManager::SendAsyncMessage] type:Forms:GetContext"
I/TaskTracer(  927): 0 3985729650815 1397108030052912 3453153709231 1 3453153709250
I/TaskTracer(  927): 4 3985729650815 0x41cfb150
I/TaskTracer(  927): 0 3985729650816 1397108030053034 3453153709231 1 3453153709250
I/TaskTracer(  927): 4 3985729650816 0x41cfb2f0
I/TaskTracer(  804): 3 3487513445632 1397108030054285 "[nsFrameLoader::DoSendAsyncMessage] msg: Forms:GetContext send to tabParent"
I/TaskTracer(  927): 3 3985729650811 1397108030055201 "[nsFrameMessageManager::SendAsyncMessage] type:browser-element-api:call"
I/TaskTracer(  804): 0 3453153709251 1397108030054407 3453153709231 1 3487513445632
I/TaskTracer(  804): 4 3453153709251 0x421c81b0
I/TaskTracer(  804): 1 3453153709251 1397108030056422 300000 120000 804 "" 812 "Gecko_IOThread"
I/TaskTracer(  804): 2 3453153709251 1397108030056574 300000 120000
I/TaskTracer(  943): 0 4054449127588 1397108030056696 3453153709231 1 3453153709251
I/TaskTracer(  943): 4 4054449127588 0x41cfb150
I/TaskTracer(  943): 0 4054449127589 1397108030056818 3453153709231 1 3453153709251
I/TaskTracer(  943): 4 4054449127589 0x41cfb2f0
I/TaskTracer(  943): 1 4054449127589 1397108030057124 3570000 380000 943 "Communications" 943 "main"
I/TaskTracer(  943): 1 4054449127588 1397108030057215 3570000 380000 943 "Communications" 943 "main"
I/TaskTracer(  943): 3 4054449127588 1397108030058314 "[nsFrameMessageManager::SendAsyncMessage] type:Forms:GetContext:Result:OK"
I/TaskTracer(  943): 0 4050154161190 1397108030058497 3453153709231 1 4054449127588
I/TaskTracer(  943): 4 4050154161190 0x41cfb1b0
I/TaskTracer(  943): 1 4050154161190 1397108030058710 30000 70000 943 "" 944 "Chrome_ChildThread"
I/TaskTracer(  943): 2 4050154161190 1397108030058833 30000 70000
I/TaskTracer(  943): 2 4054449127588 1397108030059168 3570000 380000
I/TaskTracer(  943): 2 4054449127589 1397108030059229 3570000 380000
I/TaskTracer(  943): 0 4088808866178 1397108030059382 3453153705985 0 4050154160168
I/TaskTracer(  943): 4 4088808866178 0x41ce9288
I/TaskTracer(  943): 1 4088808866178 1397108030059565 3570000 380000 943 "Communications" 943 "main"
I/TaskTracer(  943): 1 4050154161189 1397108030059657 3570000 380000 943 "Communications" 943 "main"
I/TaskTracer(  943): 0 4050154161191 1397108030060297 3453153709127 1 4050154161189
I/TaskTracer(  943): 4 4050154161191 0x41ce9228
I/TaskTracer(  804): 0 3487513445634 1397108030061182 3453153709231 1 4050154161190
I/TaskTracer(  804): 4 3487513445634 0x421c8150
I/TaskTracer(  804): 0 3487513445635 1397108030061304 3453153709231 1 4050154161190
I/TaskTracer(  804): 4 3487513445635 0x421c82f0
I/TaskTracer(  804): 2 3487513445632 1397108030062189 18720000 1250000
I/TaskTracer(  804): 2 3487513445633 1397108030062281 18720000 1250000
I/TaskTracer(  804): 0 3453153709252 1397108030062373 3453153709252 0 3453153709252
I/TaskTracer(  804): 4 3453153709252 0x4223c608
I/TaskTracer(  804): 0 3453153709253 1397108030062495 3453153709252 0 3453153709252
I/TaskTracer(  804): 4 3453153709253 0x421b6228
I/TaskTracer(  927): 0 3981434683610 1397108030063502 3453153709231 1 3985729650811
I/TaskTracer(  927): 4 3981434683610 0x41cfb1b0
I/TaskTracer(  927): 1 3981434683610 1397108030064600 0 30000 927 "" 928 "Chrome_ChildThread"
I/TaskTracer(  927): 2 3981434683610 1397108030064692 0 30000
I/TaskTracer(  804): 0 3487513445636 1397108030064906 3453153709231 1 3981434683610
I/TaskTracer(  804): 4 3487513445636 0x421c8150
I/TaskTracer(  804): 0 3487513445637 1397108030064997 3453153709231 1 3981434683610
I/TaskTracer(  804): 4 3487513445637 0x421c82f0
I/TaskTracer(  927): 2 3985729650811 1397108030065516 1060000 140000
I/TaskTracer(  927): 2 3985729650812 1397108030066462 1060000 140000
I/TaskTracer(  943): 2 4050154161189 1397108030066798 3570000 380000
I/TaskTracer(  804): 1 3487513445635 1397108030066035 18720000 1250000 804 "b2g" 804 "main"
I/TaskTracer(  804): 1 3487513445634 1397108030067347 18720000 1250000 804 "b2g" 804 "main"
I/TaskTracer(  943): 2 4088808866178 1397108030066859 3570000 380000
I/TaskTracer(  927): 1 3985729650814 1397108030068873 1060000 140000 927 "Built-in Keyboard" 927 "main"
I/TaskTracer(  927): 1 3985729650813 1397108030069849 1060000 140000 927 "Built-in Keyboard" 927 "main"
I/TaskTracer(  927): 0 3981434683611 1397108030070734 3453153709231 1 3985729650813
I/TaskTracer(  927): 4 3981434683611 0x41d69218
I/TaskTracer(  927): 0 3981434683612 1397108030073908 3453153709231 1 3985729650813
I/TaskTracer(  927): 4 3981434683612 0x41cfb1b0
I/TaskTracer(  927): 1 3981434683612 1397108030074122 0 30000 927 "" 928 "Chrome_ChildThread"
I/TaskTracer(  927): 2 3981434683612 1397108030074244 0 30000
I/TaskTracer(  804): 0 3487513445638 1397108030074641 3453153709231 1 3981434683612
I/TaskTracer(  804): 4 3487513445638 0x421c8150
I/TaskTracer(  804): 0 3487513445639 1397108030074763 3453153709231 1 3981434683612
I/TaskTracer(  804): 4 3487513445639 0x421c82f0
I/TaskTracer(  943): 0 4088808866179 1397108030076136 3453153705985 0 4050154160168
I/TaskTracer(  943): 4 4088808866179 0x41ce9288
I/TaskTracer(  943): 1 4088808866179 1397108030076472 3570000 380000 943 "Communications" 943 "main"
I/TaskTracer(  943): 1 4050154161191 1397108030076533 3570000 380000 943 "Communications" 943 "main"
I/TaskTracer(  943): 0 4050154161192 1397108030076624 3453153709127 1 4050154161191
I/TaskTracer(  943): 4 4050154161192 0x41ce9228
I/TaskTracer(  804): 1 3560527889030 1397108030076899 970000 310000 804 "" 829 "Compositor"
I/TaskTracer(  804): 2 3560527889030 1397108030076991 970000 310000
I/TaskTracer(  804): 1 3560527889031 1397108030077052 970000 310000 804 "" 829 "Compositor"
I/TaskTracer(  804): 2 3560527889031 1397108030077113 970000 310000
I/TaskTracer(  943): 2 4050154161191 1397108030077998 3570000 380000
I/TaskTracer(  943): 2 4088808866179 1397108030078089 3570000 380000
I/TaskTracer(  804): 3 3487513445634 1397108030078577 "[nsFrameMessageManager::SendAsyncMessage] type:Keyboard:GetContext:Result:OK"
I/TaskTracer(  927): 0 3981434683613 1397108030076044 3453153709231 1 3985729650813
I/TaskTracer(  927): 4 3981434683613 0x41df4bd0
I/TaskTracer(  804): 0 3453153709254 1397108030080134 3453153709231 1 3487513445634
I/TaskTracer(  804): 4 3453153709254 0x421c81b0
I/TaskTracer(  804): 1 3453153709254 1397108030080897 300000 120000 804 "" 812 "Gecko_IOThread"
I/TaskTracer(  804): 2 3453153709254 1397108030081019 300000 120000
I/TaskTracer(  927): 0 3985729650817 1397108030081171 3453153709231 1 3453153709254
I/TaskTracer(  927): 4 3985729650817 0x41cfb150
I/TaskTracer(  927): 0 3985729650818 1397108030081263 3453153709231 1 3453153709254
I/TaskTracer(  927): 4 3985729650818 0x41cfb2f0
I/TaskTracer(  927): 0 3981434683614 1397108030079707 3453153709231 1 3985729650813
I/TaskTracer(  927): 4 3981434683614 0x41ce9228
I/TaskTracer(  804): 2 3487513445634 1397108030082392 18730000 1250000
I/TaskTracer(  804): 2 3487513445635 1397108030083247 18730000 1250000
I/TaskTracer(  804): 1 3453153709252 1397108030083949 18730000 1250000 804 "b2g" 804 "main"
I/TaskTracer(  927): 3 3985729650813 1397108030084681 "[nsEventDispatcher::Dispatch] Event name: MozScrolledAreaChanged"
I/TaskTracer(  927): 0 3981434683615 1397108030085352 3453153709231 1 3985729650813
I/TaskTracer(  927): 4 3981434683615 0x41ce9228
I/TaskTracer(  927): 0 4020089389100 1397108030085566 3453153705985 0 3981434683429
I/TaskTracer(  927): 4 4020089389100 0x41ce9288
I/TaskTracer(  804): 0 3453153709255 1397108030087305 3453153709252 0 3453153709252
I/TaskTracer(  804): 4 3453153709255 0x4223c608
I/TaskTracer(  804): 2 3453153709252 1397108030087977 18730000 1250000
I/TaskTracer(  804): 1 3487513445637 1397108030088923 18730000 1250000 804 "b2g" 804 "main"
I/TaskTracer(  804): 1 3487513445636 1397108030089014 18730000 1250000 804 "b2g" 804 "main"
I/TaskTracer(  943): 0 4088808866180 1397108030091914 3453153705985 0 4050154160168
I/TaskTracer(  943): 4 4088808866180 0x41ce9288
I/TaskTracer(  943): 1 4088808866180 1397108030092249 3580000 380000 943 "Communications" 943 "main"
I/TaskTracer(  943): 1 4050154161192 1397108030092310 3580000 380000 943 "Communications" 943 "main"
I/TaskTracer(  943): 0 4050154161193 1397108030092402 3453153709127 1 4050154161192
I/TaskTracer(  943): 4 4050154161193 0x41ce9228
I/TaskTracer(  943): 2 4050154161192 1397108030092951 3580000 380000
I/TaskTracer(  943): 2 4088808866180 1397108030093012 3580000 380000
I/TaskTracer(  927): 0 3981434683616 1397108030094874 3453153709231 1 3985729650813
I/TaskTracer(  927): 4 3981434683616 0x41df4bd0
I/TaskTracer(  927): 0 4020089389101 1397108030095789 3453153705985 0 3981434683429
I/TaskTracer(  927): 4 4020089389101 0x41ce9288
I/TaskTracer(  804): 3 3487513445636 1397108030096125 "[nsEventDispatcher::Dispatch] Event name: (null)"
I/TaskTracer(  804): 2 3487513445636 1397108030096247 18730000 1250000
I/TaskTracer(  804): 2 3487513445637 1397108030096339 18730000 1250000
I/TaskTracer(  804): 1 3487513445639 1397108030096461 18730000 1250000 804 "b2g" 804 "main"
I/TaskTracer(  804): 1 3487513445638 1397108030096552 18730000 1250000 804 "b2g" 804 "main"
I/TaskTracer(  804): 2 3487513445638 1397108030096644 18730000 1250000
I/TaskTracer(  804): 2 3487513445639 1397108030096705 18730000 1250000
I/TaskTracer(  804): 1 3453153709255 1397108030096796 18730000 1250000 804 "b2g" 804 "main"
I/TaskTracer(  804): 2 3453153709255 1397108030097010 18730000 1250000
I/TaskTracer(  943): 0 4088808866181 1397108030108363 3453153705985 0 4050154160168
I/TaskTracer(  943): 4 4088808866181 0x41ce9288
I/TaskTracer(  943): 1 4088808866181 1397108030108668 3580000 380000 943 "Communications" 943 "main"
I/TaskTracer(  943): 1 4050154161193 1397108030108759 3580000 380000 943 "Communications" 943 "main"
I/TaskTracer(  943): 0 4050154161194 1397108030108851 3453153709127 1 4050154161193
I/TaskTracer(  943): 4 4050154161194 0x41ce9228
I/TaskTracer(  943): 2 4050154161193 1397108030109339 3580000 380000
I/TaskTracer(  943): 2 4088808866181 1397108030109400 3580000 380000
I/TaskTracer(  943): 0 4088808866182 1397108030113673 3453153705985 0 4050154160168
I/TaskTracer(  943): 4 4088808866182 0x41ce9288
I/TaskTracer(  943): 1 4088808866182 1397108030113917 3580000 380000 943 "Communications" 943 "main"
I/TaskTracer(  943): 1 4050154160682 1397108030114008 3580000 380000 943 "Communications" 943 "main"
I/TaskTracer(  943): 0 4050154161195 1397108030114100 3453153709127 1 4050154160682
I/TaskTracer(  943): 4 4050154161195 0x41ce9228
I/TaskTracer(  943): 2 4050154160682 1397108030114191 3580000 380000
I/TaskTracer(  943): 2 4088808866182 1397108030114252 3580000 380000
I/TaskTracer(  943): 0 4088808866183 1397108030120997 3453153705985 0 4050154160168
I/TaskTracer(  943): 4 4088808866183 0x41ce9288
I/TaskTracer(  943): 1 4088808866183 1397108030121302 3580000 380000 943 "Communications" 943 "main"
I/TaskTracer(  943): 1 4050154161184 1397108030121394 3580000 380000 943 "Communications" 943 "main"
I/TaskTracer(  943): 0 4050154161196 1397108030121455 3453153709127 1 4050154161184
I/TaskTracer(  943): 4 4050154161196 0x41ce9228
I/TaskTracer(  943): 2 4050154161184 1397108030121577 3580000 380000
I/TaskTracer(  943): 2 4088808866183 1397108030121638 3580000 380000
I/TaskTracer(  943): 0 4088808866184 1397108030125330 3453153705985 0 4050154160168
I/TaskTracer(  943): 4 4088808866184 0x41ce9288
I/TaskTracer(  943): 1 4088808866184 1397108030125605 3580000 380000 943 "Communications" 943 "main"
I/TaskTracer(  943): 1 4050154161194 1397108030125697 3580000 380000 943 "Communications" 943 "main"
I/TaskTracer(  943): 0 4050154161197 1397108030125758 3453153709127 1 4050154161194
I/TaskTracer(  943): 4 4050154161197 0x41ce9228
I/TaskTracer(  943): 2 4050154161194 1397108030126246 3580000 380000
I/TaskTracer(  943): 2 4088808866184 1397108030126337 3580000 380000
I/TaskTracer(  927): 0 3981434683617 1397108030139277 3453153709231 1 3985729650813
I/TaskTracer(  927): 4 3981434683617 0x41df1ec0
I/TaskTracer(  927): 3 3985729650813 1397108030140528 "[nsEventDispatcher::Dispatch] Event name: resize"
I/TaskTracer(  943): 0 4088808866185 1397108030141718 3453153705985 0 4050154160168
I/TaskTracer(  943): 4 4088808866185 0x41ce9288
I/TaskTracer(  943): 1 4088808866185 1397108030142237 3580000 380000 943 "Communications" 943 "main"
I/TaskTracer(  943): 1 4050154161197 1397108030142298 3580000 380000 943 "Communications" 943 "main"
I/TaskTracer(  943): 0 4050154161198 1397108030142390 3453153709127 1 4050154161197
I/TaskTracer(  943): 4 4050154161198 0x41ce9228
I/TaskTracer(  943): 2 4050154161197 1397108030142939 3580000 380000
I/TaskTracer(  943): 2 4088808866185 1397108030143031 3580000 380000
I/TaskTracer(  927): 2 3985729650813 1397108030145899 1070000 140000
I/TaskTracer(  927): 2 3985729650814 1397108030146449 1070000 140000
I/TaskTracer(  927): 1 3985729650816 1397108030146998 1070000 140000 927 "Built-in Keyboard" 927 "main"
I/TaskTracer(  927): 1 3985729650815 1397108030147456 1070000 140000 927 "Built-in Keyboard" 927 "main"
I/TaskTracer(  927): 2 3985729650815 1397108030148341 1070000 140000
I/TaskTracer(  927): 2 3985729650816 1397108030148707 1070000 140000
I/TaskTracer(  927): 1 3981434683611 1397108030149165 1070000 140000 927 "Built-in Keyboard" 927 "main"
I/TaskTracer(  927): 0 3981434683618 1397108030150568 3453153709231 1 3981434683611
I/TaskTracer(  927): 4 3981434683618 0x41cfb1b0
I/TaskTracer(  927): 1 3981434683618 1397108030151362 0 30000 927 "" 928 "Chrome_ChildThread"
I/TaskTracer(  927): 2 3981434683618 1397108030151484 0 30000
I/TaskTracer(  804): 0 3487513445640 1397108030151698 3453153709231 1 3981434683618
I/TaskTracer(  804): 4 3487513445640 0x421c8150
I/TaskTracer(  804): 1 3487513445640 1397108030152064 970000 310000 804 "" 829 "Compositor"
I/TaskTracer(  804): 0 3560527889036 1397108030152430 3453153709231 1 3487513445640
I/TaskTracer(  804): 4 3560527889036 0x421e25d8
I/TaskTracer(  804): 2 3487513445640 1397108030152552 970000 310000
I/TaskTracer(  804): 1 3560527889036 1397108030152644 970000 310000 804 "" 829 "Compositor"
I/TaskTracer(  804): 0 3560527889037 1397108030152735 3453153709231 1 3560527889036
I/TaskTracer(  804): 4 3560527889037 0x421e2368
I/TaskTracer(  804): 0 3560527889038 1397108030152857 3453153709231 1 3560527889036
I/TaskTracer(  804): 4 3560527889038 0x421e2368
I/TaskTracer(  927): 0 3981434683619 1397108030156123 3453153709231 1 3981434683611
I/TaskTracer(  927): 4 3981434683619 0x41ce9228
I/TaskTracer(  927): 0 3981434683620 1397108030157801 3453153709231 1 3981434683611
I/TaskTracer(  943): 0 4088808866186 1397108030158350 3453153705985 0 4050154160168
I/TaskTracer(  943): 4 4088808866186 0x41ce9288
I/TaskTracer(  943): 1 4088808866186 1397108030158717 3580000 380000 943 "Communications" 943 "main"
I/TaskTracer(  943): 1 4050154161198 1397108030158808 3580000 380000 943 "Communications" 943 "main"
I/TaskTracer(  943): 0 4050154161199 1397108030158900 3453153709127 1 4050154161198
I/TaskTracer(  943): 4 4050154161199 0x41ce9228
I/TaskTracer(  804): 2 3560527889036 1397108030160883 970000 310000
I/TaskTracer(  943): 2 4050154161198 1397108030161585 3580000 380000
I/TaskTracer(  943): 2 4088808866186 1397108030161677 3580000 380000
I/TaskTracer(  927): 4 3981434683620 0x41cfb1b0
I/TaskTracer(  927): 1 3981434683620 1397108030162836 0 30000 927 "" 928 "Chrome_ChildThread"
I/TaskTracer(  927): 2 3981434683620 1397108030162959 0 30000
I/TaskTracer(  804): 0 3487513445641 1397108030163111 3453153709231 1 3981434683620
I/TaskTracer(  804): 4 3487513445641 0x421c8150
I/TaskTracer(  804): 0 3487513445642 1397108030163233 3453153709231 1 3981434683620
I/TaskTracer(  804): 4 3487513445642 0x421c82f0
I/TaskTracer(  804): 1 3487513445642 1397108030163508 18730000 1250000 804 "b2g" 804 "main"
I/TaskTracer(  804): 1 3487513445641 1397108030163599 18730000 1250000 804 "b2g" 804 "main"
I/TaskTracer(  804): 2 3487513445641 1397108030163691 18730000 1250000
I/TaskTracer(  804): 2 3487513445642 1397108030163752 18730000 1250000
I/TaskTracer(  927): 3 3981434683611 1397108030166254 "[nsEventDispatcher::Dispatch] Event name: MozAfterPaint"
I/TaskTracer(  927): 0 3981434683621 1397108030166743 3453153709231 1 3981434683611
I/TaskTracer(  927): 4 3981434683621 0x41cfb1b0
I/TaskTracer(  927): 1 3981434683621 1397108030167445 0 30000 927 "" 928 "Chrome_ChildThread"
I/TaskTracer(  927): 2 3981434683621 1397108030167536 0 30000
I/TaskTracer(  804): 0 3487513445643 1397108030167719 3453153709231 1 3981434683621
I/TaskTracer(  804): 4 3487513445643 0x421c8150
I/TaskTracer(  804): 0 3487513445644 1397108030167841 3453153709231 1 3981434683621
I/TaskTracer(  804): 4 3487513445644 0x421c82f0
I/TaskTracer(  804): 1 3487513445644 1397108030168085 18730000 1250000 804 "b2g" 804 "main"
I/TaskTracer(  804): 1 3487513445643 1397108030168177 18730000 1250000 804 "b2g" 804 "main"
I/TaskTracer(  804): 0 3453153709256 1397108030168330 3453153709231 1 3487513445643
I/TaskTracer(  804): 4 3453153709256 0x421b6228
I/TaskTracer(  804): 2 3487513445643 1397108030168452 18730000 1250000
I/TaskTracer(  804): 2 3487513445644 1397108030168513 18730000 1250000
I/TaskTracer(  927): 2 3981434683611 1397108030171259 1070000 140000
I/TaskTracer(  927): 1 3981434683613 1397108030171778 1080000 140000 927 "Built-in Keyboard" 927 "main"
I/TaskTracer(  927): 2 3981434683613 1397108030171870 1080000 140000
I/TaskTracer(  927): 1 3985729650818 1397108030172358 1080000 140000 927 "Built-in Keyboard" 927 "main"
I/TaskTracer(  927): 1 3985729650817 1397108030172755 1080000 140000 927 "Built-in Keyboard" 927 "main"
I/TaskTracer(  943): 0 4088808866187 1397108030175440 3453153705985 0 4050154160168
I/TaskTracer(  943): 4 4088808866187 0x41ce9288
I/TaskTracer(  943): 1 4088808866187 1397108030175745 3580000 380000 943 "Communications" 943 "main"
I/TaskTracer(  943): 1 4050154161199 1397108030175806 3580000 380000 943 "Communications" 943 "main"
I/TaskTracer(  943): 0 4050154161200 1397108030175898 3453153709127 1 4050154161199
I/TaskTracer(  943): 4 4050154161200 0x41ce9228
I/TaskTracer(  943): 2 4050154161199 1397108030176478 3580000 380000
I/TaskTracer(  943): 2 4088808866187 1397108030176539 3580000 380000
I/TaskTracer(  927): 3 3985729650817 1397108030181361 "[nsEventDispatcher::Dispatch] Event name: (null)"
I/TaskTracer(  927): 0 3981434683622 1397108030183710 3453153709231 1 3985729650817
I/TaskTracer(  927): 4 3981434683622 0x41cfb1b0
I/TaskTracer(  927): 1 3981434683622 1397108030184779 0 30000 927 "" 928 "Chrome_ChildThread"
I/TaskTracer(  927): 2 3981434683622 1397108030184870 0 30000
I/TaskTracer(  804): 0 3543348019783 1397108030185023 3543348019614 0 3543348019614
I/TaskTracer(  804): 4 3543348019783 0x421b6288
I/TaskTracer(  804): 0 3487513445645 1397108030185297 3453153709231 1 3981434683622
I/TaskTracer(  804): 4 3487513445645 0x421c8150
I/TaskTracer(  804): 0 3487513445646 1397108030185419 3453153709231 1 3981434683622
I/TaskTracer(  804): 4 3487513445646 0x421c82f0
I/TaskTracer(  804): 1 3543348019783 1397108030185664 18730000 1250000 804 "b2g" 804 "main"
I/TaskTracer(  804): 1 3453153709256 1397108030185725 18730000 1250000 804 "b2g" 804 "main"
I/TaskTracer(  804): 0 3453153709257 1397108030185816 3453153709231 1 3453153709256
I/TaskTracer(  804): 4 3453153709257 0x421b6228
I/TaskTracer(  927): 0 3981434683623 1397108030191309 3453153709231 1 3985729650817
I/TaskTracer(  943): 0 4088808866188 1397108030191737 3453153705985 0 4050154160168
I/TaskTracer(  943): 4 4088808866188 0x41ce9288
I/TaskTracer(  943): 1 4088808866188 1397108030192072 3580000 380000 943 "Communications" 943 "main"
I/TaskTracer(  943): 1 4050154161200 1397108030192164 3580000 380000 943 "Communications" 943 "main"
I/TaskTracer(  943): 0 4050154161201 1397108030192255 3453153709127 1 4050154161200
I/TaskTracer(  943): 4 4050154161201 0x41ce9228
I/TaskTracer(  943): 2 4050154161200 1397108030192835 3580000 380000
I/TaskTracer(  943): 2 4088808866188 1397108030192927 3580000 380000
I/TaskTracer(  927): 4 3981434683623 0x41cfb1b0
I/TaskTracer(  927): 1 3981434683623 1397108030194483 0 30000 927 "" 928 "Chrome_ChildThread"
I/TaskTracer(  927): 2 3981434683623 1397108030194605 0 30000
I/TaskTracer(  804): 0 3487513445647 1397108030194788 3453153709231 1 3981434683623
I/TaskTracer(  804): 4 3487513445647 0x421c8150
I/TaskTracer(  804): 0 3487513445648 1397108030194880 3453153709231 1 3981434683623
I/TaskTracer(  804): 4 3487513445648 0x421c82f0
I/TaskTracer(  804): 2 3453153709256 1397108030198054 18740000 1250000
I/TaskTracer(  927): 0 3981434683624 1397108030196955 3453153709231 1 3985729650817
I/TaskTracer(  927): 4 3981434683624 0x41ce93d0
I/TaskTracer(  804): 0 3543348019784 1397108030200983 3543348019614 0 3543348019614
I/TaskTracer(  804): 4 3543348019784 0x421b6288
I/TaskTracer(  804): 2 3543348019783 1397108030201868 18740000 1250000
I/TaskTracer(  804): 1 3487513445646 1397108030202387 18740000 1250000 804 "b2g" 804 "main"
I/TaskTracer(  804): 1 3487513445645 1397108030202876 18740000 1250000 804 "b2g" 804 "main"
I/TaskTracer(  927): 0 3981434683625 1397108030206263 3453153709231 1 3985729650817
I/TaskTracer(  804): 2 3487513445645 1397108030207240 18740000 1250000
I/TaskTracer(  804): 2 3487513445646 1397108030207606 18740000 1250000
I/TaskTracer(  804): 1 3487513445648 1397108030208094 18740000 1250000 804 "b2g" 804 "main"
I/TaskTracer(  943): 0 4088808866189 1397108030208369 3453153705985 0 4050154160168
I/TaskTracer(  943): 4 4088808866189 0x41ce9288
I/TaskTracer(  943): 1 4088808866189 1397108030208674 3580000 380000 943 "Communications" 943 "main"
I/TaskTracer(  943): 1 4050154161201 1397108030208765 3580000 380000 943 "Communications" 943 "main"
I/TaskTracer(  943): 0 4050154161202 1397108030208857 3453153709127 1 4050154161201
I/TaskTracer(  943): 4 4050154161202 0x41ce9228
I/TaskTracer(  943): 2 4050154161201 1397108030209406 3580000 380000
I/TaskTracer(  943): 2 4088808866189 1397108030210474 3580000 380000
I/TaskTracer(  804): 1 3487513445647 1397108030211024 18740000 1250000 804 "b2g" 804 "main"
I/TaskTracer(  804): 2 3487513445647 1397108030211573 18740000 1250000
I/TaskTracer(  804): 2 3487513445648 1397108030211970 18740000 1250000
I/TaskTracer(  804): 1 3543348019784 1397108030212397 18740000 1250000 804 "b2g" 804 "main"
I/TaskTracer(  804): 1 3453153709257 1397108030212611 18740000 1250000 804 "b2g" 804 "main"
I/TaskTracer(  804): 0 3453153709258 1397108030212977 3453153709231 1 3453153709257
I/TaskTracer(  804): 4 3453153709258 0x421b6228
I/TaskTracer(  804): 2 3453153709257 1397108030213648 18740000 1250000
I/TaskTracer(  804): 2 3543348019784 1397108030214045 18740000 1250000
I/TaskTracer(  927): 4 3981434683625 0x41cfb1b0
I/TaskTracer(  927): 1 3981434683625 1397108030214960 0 30000 927 "" 928 "Chrome_ChildThread"
I/TaskTracer(  927): 2 3981434683625 1397108030215083 0 30000
I/TaskTracer(  804): 0 3487513445649 1397108030215266 3453153709231 1 3981434683625
I/TaskTracer(  804): 4 3487513445649 0x421c8150
I/TaskTracer(  804): 0 3487513445650 1397108030215388 3453153709231 1 3981434683625
I/TaskTracer(  804): 4 3487513445650 0x421c82f0
I/TaskTracer(  804): 1 3487513445650 1397108030216334 18740000 1250000 804 "b2g" 804 "main"
I/TaskTracer(  804): 1 3487513445649 1397108030217158 18740000 1250000 804 "b2g" 804 "main"
I/TaskTracer(  943): 0 4088808866190 1397108030221705 3453153705985 0 4050154160168
I/TaskTracer(  943): 4 4088808866190 0x41ce9288
I/TaskTracer(  943): 1 4088808866190 1397108030222010 3580000 380000 943 "Communications" 943 "main"
I/TaskTracer(  943): 1 4050154161196 1397108030222071 3580000 380000 943 "Communications" 943 "main"
I/TaskTracer(  943): 0 4050154161203 1397108030222163 3453153709127 1 4050154161196
I/TaskTracer(  943): 4 4050154161203 0x41ce9228
I/TaskTracer(  943): 2 4050154161196 1397108030222285 3580000 380000
I/TaskTracer(  943): 2 4088808866190 1397108030222315 3580000 380000
I/TaskTracer(  943): 0 4088808866191 1397108030225031 3453153705985 0 4050154160168
I/TaskTracer(  943): 4 4088808866191 0x41ce9288
I/TaskTracer(  943): 1 4088808866191 1397108030225306 3590000 380000 943 "Communications" 943 "main"
I/TaskTracer(  943): 1 4050154161202 1397108030225367 3590000 380000 943 "Communications" 943 "main"
I/TaskTracer(  943): 0 4050154161204 1397108030225459 3453153709127 1 4050154161202
I/TaskTracer(  943): 4 4050154161204 0x41ce9228
I/TaskTracer(  943): 2 4050154161202 1397108030226038 3590000 380000
I/TaskTracer(  943): 2 4088808866191 1397108030226099 3590000 380000
I/TaskTracer(  804): 2 3487513445649 1397108030227991 18740000 1250000
I/TaskTracer(  804): 2 3487513445650 1397108030228083 18740000 1250000
I/TaskTracer(  927): 3 3985729650817 1397108030230647 "[nsFrameMessageManager::SendAsyncMessage] type:Keyboard:GetText"
I/TaskTracer(  804): 0 3642132267152 1397108030234126 3453153705985 0 3453153706416
I/TaskTracer(  927): 0 3981434683626 1397108030234827 3453153709231 1 3985729650817
I/TaskTracer(  927): 4 3981434683626 0x41cfb1b0
I/TaskTracer(  927): 1 3981434683626 1397108030235621 0 30000 927 "" 928 "Chrome_ChildThread"
I/TaskTracer(  927): 2 3981434683626 1397108030235712 0 30000
I/TaskTracer(  804): 0 3487513445651 1397108030235926 3453153709231 1 3981434683626
I/TaskTracer(  804): 4 3487513445651 0x421c8150
I/TaskTracer(  804): 0 3487513445652 1397108030236048 3453153709231 1 3981434683626
I/TaskTracer(  804): 4 3487513445652 0x421c82f0
I/TaskTracer(  804): 1 3487513445652 1397108030236994 18740000 1250000 804 "b2g" 804 "main"
I/TaskTracer(  804): 1 3487513445651 1397108030237116 18740000 1250000 804 "b2g" 804 "main"
I/TaskTracer(  804): 3 3487513445651 1397108030240351 "[nsFrameMessageManager::SendAsyncMessage] type:Forms:GetText"
I/TaskTracer(  804): 3 3487513445651 1397108030240961 "[nsFrameLoader::DoSendAsyncMessage] msg: Forms:GetText send to tabParent"
I/TaskTracer(  804): 0 3453153709259 1397108030241846 3453153709231 1 3487513445651
I/TaskTracer(  943): 0 4088808866192 1397108030242396 3453153705985 0 4050154160168
I/TaskTracer(  943): 4 4088808866192 0x41ce9288
I/TaskTracer(  943): 1 4088808866192 1397108030242701 3590000 380000 943 "Communications" 943 "main"
I/TaskTracer(  943): 1 4050154161204 1397108030242762 3590000 380000 943 "Communications" 943 "main"
I/TaskTracer(  943): 0 4050154161205 1397108030242854 3453153709127 1 4050154161204
I/TaskTracer(  943): 4 4050154161205 0x41ce9228
I/TaskTracer(  943): 2 4050154161204 1397108030243433 3590000 380000
I/TaskTracer(  943): 2 4088808866192 1397108030243494 3590000 380000
I/TaskTracer(  804): 4 3453153709259 0x421c81b0
I/TaskTracer(  804): 1 3453153709259 1397108030245509 300000 120000 804 "" 812 "Gecko_IOThread"
I/TaskTracer(  804): 2 3453153709259 1397108030245631 300000 120000
I/TaskTracer(  943): 0 4054449127590 1397108030245783 3453153709231 1 3453153709259
I/TaskTracer(  943): 4 4054449127590 0x41cfb150
I/TaskTracer(  943): 0 4054449127591 1397108030245905 3453153709231 1 3453153709259
I/TaskTracer(  943): 4 4054449127591 0x41cfb2f0
I/TaskTracer(  943): 1 4054449127591 1397108030246241 3590000 380000 943 "Communications" 943 "main"
I/TaskTracer(  943): 1 4054449127590 1397108030246363 3590000 380000 943 "Communications" 943 "main"
I/TaskTracer(  943): 3 4054449127590 1397108030247095 "[nsFrameMessageManager::SendAsyncMessage] type:Forms:GetText:Result:OK"
I/TaskTracer(  943): 0 4050154161206 1397108030247248 3453153709231 1 4054449127590
I/TaskTracer(  943): 4 4050154161206 0x41cfb1b0
I/TaskTracer(  943): 1 4050154161206 1397108030247462 30000 70000 943 "" 944 "Chrome_ChildThread"
I/TaskTracer(  943): 2 4050154161206 1397108030247584 30000 70000
I/TaskTracer(  943): 2 4054449127590 1397108030248621 3590000 380000
I/TaskTracer(  943): 2 4054449127591 1397108030248713 3590000 380000
I/TaskTracer(  804): 0 3487513445653 1397108030250178 3453153709231 1 4050154161206
I/TaskTracer(  804): 4 3487513445653 0x421c8150
I/TaskTracer(  804): 0 3487513445654 1397108030250300 3453153709231 1 4050154161206
I/TaskTracer(  804): 4 3487513445654 0x421c82f0
I/TaskTracer(  804): 2 3487513445651 1397108030250605 18740000 1250000
I/TaskTracer(  804): 2 3487513445652 1397108030250666 18740000 1250000
I/TaskTracer(  804): 1 3487513445654 1397108030250788 18740000 1250000 804 "b2g" 804 "main"
I/TaskTracer(  804): 1 3487513445653 1397108030250910 18740000 1250000 804 "b2g" 804 "main"
I/TaskTracer(  804): 3 3487513445653 1397108030251673 "[nsFrameMessageManager::SendAsyncMessage] type:Keyboard:GetText:Result:OK"
I/TaskTracer(  804): 0 3453153709260 1397108030251826 3453153709231 1 3487513445653
I/TaskTracer(  804): 4 3453153709260 0x421c81b0
I/TaskTracer(  804): 1 3453153709260 1397108030252039 300000 120000 804 "" 812 "Gecko_IOThread"
I/TaskTracer(  804): 2 3453153709260 1397108030252161 300000 120000
I/TaskTracer(  927): 0 3985729650819 1397108030252314 3453153709231 1 3453153709260
I/TaskTracer(  927): 4 3985729650819 0x41cfb150
I/TaskTracer(  927): 0 3985729650820 1397108030252406 3453153709231 1 3453153709260
I/TaskTracer(  927): 4 3985729650820 0x41cfb2f0
I/TaskTracer(  927): 2 3985729650817 1397108030253565 1090000 140000
I/TaskTracer(  927): 2 3985729650818 1397108030253992 1090000 140000
I/TaskTracer(  927): 1 4020089389100 1397108030254939 1090000 140000 927 "Built-in Keyboard" 927 "main"
I/TaskTracer(  927): 1 3981434683615 1397108030255000 1090000 140000 927 "Built-in Keyboard" 927 "main"
I/TaskTracer(  804): 4 3642132267152 0x422543f0
I/TaskTracer(  927): 2 3981434683615 1397108030255946 1090000 140000
I/TaskTracer(  927): 2 4020089389100 1397108030256007 1090000 140000
I/TaskTracer(  927): 1 3981434683616 1397108030256678 1090000 140000 927 "Built-in Keyboard" 927 "main"
I/TaskTracer(  927): 2 3981434683616 1397108030256739 1090000 140000
I/TaskTracer(  927): 1 4020089389101 1397108030257899 1090000 140000 927 "Built-in Keyboard" 927 "main"
I/TaskTracer(  927): 1 3981434683614 1397108030257960 1090000 140000 927 "Built-in Keyboard" 927 "main"
I/TaskTracer(  804): 2 3487513445653 1397108030258234 18740000 1250000
I/TaskTracer(  804): 2 3487513445654 1397108030258326 18740000 1250000
I/TaskTracer(  804): 1 3642132267152 1397108030258418 18740000 1250000 804 "b2g" 804 "main"
I/TaskTracer(  804): 0 3453153709261 1397108030258540 3453153705985 0 3642132267152
I/TaskTracer(  804): 4 3453153709261 0x421c81b0
I/TaskTracer(  804): 1 3453153709261 1397108030258723 300000 120000 804 "" 812 "Gecko_IOThread"
I/TaskTracer(  804): 2 3453153709261 1397108030258845 300000 120000
I/TaskTracer(  943): 0 4088808866193 1397108030259028 3453153705985 0 4050154160168
I/TaskTracer(  943): 4 4088808866193 0x41ce9288
I/TaskTracer(  943): 1 4088808866193 1397108030259241 3590000 380000 943 "Communications" 943 "main"
I/TaskTracer(  943): 1 4050154161205 1397108030259333 3590000 380000 943 "Communications" 943 "main"
I/TaskTracer(  943): 0 4050154161207 1397108030259394 3453153709127 1 4050154161205
I/TaskTracer(  943): 4 4050154161207 0x41ce9228
I/TaskTracer(  943): 2 4050154161205 1397108030260065 3590000 380000
I/TaskTracer(  943): 2 4088808866193 1397108030260157 3590000 380000
I/TaskTracer(  927): 0 3985729650821 1397108030260767 3453153705985 0 3453153709261
I/TaskTracer(  927): 4 3985729650821 0x41cfb150
I/TaskTracer(  927): 0 3985729650822 1397108030260920 3453153705985 0 3453153709261
I/TaskTracer(  927): 4 3985729650822 0x41cfb2f0
I/TaskTracer(  927): 0 3981434683627 1397108030261530 3453153709231 1 3981434683614
I/TaskTracer(  927): 4 3981434683627 0x41ce9228
I/TaskTracer(  927): 0 4020089389102 1397108030262019 3453153705985 0 3981434683429
I/TaskTracer(  927): 4 4020089389102 0x41ce9288
I/TaskTracer(  804): 2 3642132267152 1397108030263361 18740000 1250000
I/TaskTracer(  943): 0 4088808866194 1397108030275721 3453153705985 0 4050154160168
I/TaskTracer(  943): 4 4088808866194 0x41ce9288
I/TaskTracer(  943): 1 4088808866194 1397108030275996 3590000 380000 943 "Communications" 943 "main"
I/TaskTracer(  943): 1 4050154161207 1397108030276087 3590000 380000 943 "Communications" 943 "main"
I/TaskTracer(  943): 0 4050154161208 1397108030276179 3453153709127 1 4050154161207
I/TaskTracer(  943): 4 4050154161208 0x41ce9228
I/TaskTracer(  943): 2 4050154161207 1397108030276667 3590000 380000
I/TaskTracer(  943): 2 4088808866194 1397108030276728 3590000 380000
I/TaskTracer(  927): 2 3981434683614 1397108030280085 1090000 140000
I/TaskTracer(  927): 2 4020089389101 1397108030280421 1090000 140000
I/TaskTracer(  927): 1 3981434683617 1397108030280604 1090000 140000 927 "Built-in Keyboard" 927 "main"
I/TaskTracer(  927): 2 3981434683617 1397108030281886 1090000 140000
I/TaskTracer(  927): 1 3981434683624 1397108030282618 1090000 140000 927 "Built-in Keyboard" 927 "main"
I/TaskTracer(  927): 2 3981434683624 1397108030283381 1090000 140000
I/TaskTracer(  927): 1 3985729650820 1397108030283717 1090000 140000 927 "Built-in Keyboard" 927 "main"
I/TaskTracer(  927): 1 3985729650819 1397108030284174 1090000 150000 927 "Built-in Keyboard" 927 "main"
I/TaskTracer(  927): 0 3981434683628 1397108030285395 3453153709231 1 3985729650819
I/TaskTracer(  927): 4 3981434683628 0x41d8ce18
I/TaskTracer(  927): 2 3985729650819 1397108030285609 1090000 150000
I/TaskTracer(  927): 2 3985729650820 1397108030285670 1090000 150000
