I/TaskTracer( 2556): 1 11136850198596 1392875654087489 2556 "b2g" 2593 "WebWorker 'resource://gre/modules/osfile/osfile_async_worker.js'"
I/TaskTracer( 2556): 0 11063835755182 1392875654087611 11063835755182 5 11063835755182
I/TaskTracer( 2556): 1 11063835755182 1392875654087702 2556 "b2g" 2576 "Timer"
I/TaskTracer( 2556): 0 11063835755183 1392875654087763 11063835755182 5 11063835755182
I/TaskTracer( 2556): 4 11063835755183 0x4222a520
I/TaskTracer( 2556): 2 11063835755182 1392875654087885
I/TaskTracer( 2556): 3 11136850198596 1392875654089167 "[nsEventDispatcher::Dispatch] Event name: (null)"
I/TaskTracer( 2556): 2 11081015623726 1392875654089991
I/TaskTracer( 2556): 1 11081015623728 1392875654090144 2556 "b2g" 2580 "Compositor"
I/TaskTracer( 2556): 0 11081015623729 1392875654090296 11063835755109 5 11081015623728
I/TaskTracer( 2556): 4 11081015623729 0x42253d60
I/TaskTracer( 2633): 0 11347303596053 1392875654091425 11347303596053 5 11347303596053
I/TaskTracer( 2633): 1 11347303596053 1392875654091517 2633 "(Preallocated app)" 2642 "Timer"
I/TaskTracer( 2633): 0 11347303596054 1392875654091578 11347303596053 5 11347303596053
I/TaskTracer( 2633): 4 11347303596054 0x41ba4520
I/TaskTracer( 2633): 2 11347303596053 1392875654091700
I/TaskTracer( 2556): 0 11136850198599 1392875654093256 11063835755172 5 11136850198596
I/TaskTracer( 2556): 4 11136850198599 0x4228eec0
I/TaskTracer( 2556): 2 11136850198596 1392875654093409
I/TaskTracer( 2556): 1 11063835755181 1392875654099146 2556 "b2g" 2556 "main"
I/TaskTracer( 2556): 2 11063835755181 1392875654099818
I/TaskTracer( 2556): 0 11063835755184 1392875654100428 11063835755184 5 11063835755184
I/TaskTracer( 2556): 1 11063835755184 1392875654100520 2556 "b2g" 2576 "Timer"
I/TaskTracer( 2556): 0 11063835755185 1392875654100581 11063835755184 5 11063835755184
I/TaskTracer( 2556): 4 11063835755185 0x4222a520
I/TaskTracer( 2556): 2 11063835755184 1392875654100733
I/TaskTracer( 2556): 1 11136850198597 1392875654101679 2556 "b2g" 2556 "main"
I/TaskTracer( 2556): 2 11136850198597 1392875654102381
I/TaskTracer( 2556): 1 11136850198598 1392875654102900 2556 "b2g" 2556 "main"
I/TaskTracer( 2556): 2 11136850198598 1392875654103205
I/TaskTracer( 2556): 1 11063835755183 1392875654103327 2556 "b2g" 2556 "main"
I/TaskTracer( 2556): 2 11063835755183 1392875654104304
I/TaskTracer( 2556): 1 11136850198599 1392875654104395 2556 "b2g" 2556 "main"
I/TaskTracer( 2556): 2 11136850198599 1392875654104487
I/TaskTracer( 2556): 1 11063835755185 1392875654105250 2556 "b2g" 2556 "main"
I/TaskTracer( 2556): 2 11063835755185 1392875654105830
I/TaskTracer( 2556): 2 11081015623728 1392875654107417
I/TaskTracer( 2556): 1 11081015623729 1392875654107539 2556 "b2g" 2580 "Compositor"
I/TaskTracer( 2556): 0 11081015623730 1392875654107661 11063835755109 5 11081015623729
I/TaskTracer( 2556): 4 11081015623730 0x42253d60
I/TaskTracer( 2633): 3 11312943857739 1392875654113032 "[nsEventDispatcher::Dispatch] Event name: beforeunload"
I/TaskTracer( 2556): 0 11063835755186 1392875654116541 11063835755186 5 11063835755186
I/TaskTracer( 2556): 1 11063835755186 1392875654116663 2556 "b2g" 2576 "Timer"
I/TaskTracer( 2556): 0 11063835755187 1392875654116724 11063835755186 5 11063835755186
I/TaskTracer( 2556): 4 11063835755187 0x4222a520
I/TaskTracer( 2556): 2 11063835755186 1392875654116877
I/TaskTracer( 2556): 1 11063835755187 1392875654117457 2556 "b2g" 2556 "main"
I/TaskTracer( 2556): 2 11063835755187 1392875654117640
I/TaskTracer( 2633): 3 11312943857739 1392875654123103 "[nsFrameMessageManager::SendAsyncMessage] type:browser-element-api:call"
I/TaskTracer( 2556): 2 11081015623729 1392875654125452
I/TaskTracer( 2556): 1 11081015623730 1392875654125605 2556 "b2g" 2580 "Compositor"
I/TaskTracer( 2556): 0 11081015623731 1392875654125758 11063835755109 5 11081015623730
I/TaskTracer( 2556): 4 11081015623731 0x42253d60
I/TaskTracer( 2556): 3 11008001179840 1392875654129542 "[nsEventDispatcher::Dispatch] Event name: (null)"
I/TaskTracer( 2633): 1 11312943857742 1392875654131953 2633 "Homescreen" 2633 "main"
I/TaskTracer( 2633): 1 11312943857741 1392875654132563 2633 "Homescreen" 2633 "main"
I/TaskTracer( 2633): 0 11308648890429 1392875654132838 11063835755005 5 11312943857741
I/TaskTracer( 2556): 0 11063835755188 1392875654133448 11063835755188 5 11063835755188
I/TaskTracer( 2556): 1 11063835755188 1392875654133570 2556 "b2g" 2576 "Timer"
I/TaskTracer( 2556): 0 11063835755189 1392875654133631 11063835755188 5 11063835755188
I/TaskTracer( 2556): 4 11063835755189 0x4222a520
I/TaskTracer( 2556): 2 11063835755188 1392875654133753
I/TaskTracer( 2556): 1 11063835755189 1392875654134516 2556 "b2g" 2556 "main"
I/TaskTracer( 2556): 2 11063835755189 1392875654134699
I/TaskTracer( 2633): 4 11308648890429 0x41be7418
I/TaskTracer( 2633): 0 11308648890430 1392875654135767 11063835755005 5 11312943857741
I/TaskTracer( 2633): 4 11308648890430 0x41bb5f40
I/TaskTracer( 2633): 1 11308648890430 1392875654136408 2633 "Homescreen" 2634 "Chrome_ChildThread"
I/TaskTracer( 2633): 2 11308648890430 1392875654136500
I/TaskTracer( 2556): 0 11008001179844 1392875654136713 11063835755005 5 11308648890430
I/TaskTracer( 2556): 4 11008001179844 0x4223bee0
I/TaskTracer( 2556): 0 11008001179845 1392875654136805 11063835755005 5 11308648890430
I/TaskTracer( 2556): 4 11008001179845 0x4223c080
I/TaskTracer( 2556): 1 11008001179845 1392875654138331 2556 "b2g" 2556 "main"
I/TaskTracer( 2556): 1 11008001179844 1392875654138483 2556 "b2g" 2556 "main"
I/TaskTracer( 2556): 0 10977936410203 1392875654139124 11063835755005 5 11008001179844
I/TaskTracer( 2556): 4 10977936410203 0x4223bf40
I/TaskTracer( 2556): 1 10977936410203 1392875654139613 2556 "b2g" 2563 "Gecko_IOThread"
I/TaskTracer( 2556): 2 10977936410203 1392875654139735
I/TaskTracer( 2556): 2 11008001179844 1392875654140681
I/TaskTracer( 2556): 2 11008001179845 1392875654140772
I/TaskTracer( 2633): 0 11308648890431 1392875654141840 11063835755005 5 11312943857741
I/TaskTracer( 2633): 4 11308648890431 0x41bb5f40
I/TaskTracer( 2633): 1 11308648890431 1392875654142786 2633 "Homescreen" 2634 "Chrome_ChildThread"
I/TaskTracer( 2633): 2 11308648890431 1392875654142939
I/TaskTracer( 2556): 0 11008001179846 1392875654143122 11063835755005 5 11308648890431
I/TaskTracer( 2556): 4 11008001179846 0x4223bee0
I/TaskTracer( 2556): 0 11008001179847 1392875654143244 11063835755005 5 11308648890431
I/TaskTracer( 2556): 4 11008001179847 0x4223c080
I/TaskTracer( 2556): 2 11081015623730 1392875654143824
I/TaskTracer( 2556): 1 11081015623731 1392875654143916 2556 "b2g" 2580 "Compositor"
I/TaskTracer( 2556): 0 11081015623732 1392875654144068 11063835755109 5 11081015623731
I/TaskTracer( 2556): 4 11081015623732 0x42253d60
I/TaskTracer( 2556): 1 11008001179847 1392875654145380 2556 "b2g" 2556 "main"
I/TaskTracer( 2556): 1 11008001179846 1392875654145502 2556 "b2g" 2556 "main"
I/TaskTracer( 2556): 0 10977936410204 1392875654145594 11063835755005 5 11008001179846
I/TaskTracer( 2556): 4 10977936410204 0x4223bf40
I/TaskTracer( 2556): 2 11008001179846 1392875654145716
I/TaskTracer( 2556): 2 11008001179847 1392875654145777
I/TaskTracer( 2556): 1 10977936410204 1392875654145930 2556 "b2g" 2563 "Gecko_IOThread"
I/TaskTracer( 2556): 2 10977936410204 1392875654146052
I/TaskTracer( 2633): 0 11308648890432 1392875654149073 11063835755005 5 11312943857741
I/TaskTracer( 2633): 4 11308648890432 0x41c71b88
I/TaskTracer( 2556): 0 11063835755190 1392875654149409 11063835755190 5 11063835755190
I/TaskTracer( 2556): 1 11063835755190 1392875654149470 2556 "b2g" 2576 "Timer"
I/TaskTracer( 2556): 0 11063835755191 1392875654149531 11063835755190 5 11063835755190
I/TaskTracer( 2556): 4 11063835755191 0x4222a520
I/TaskTracer( 2556): 2 11063835755190 1392875654149683
I/TaskTracer( 2556): 1 11063835755191 1392875654149928 2556 "b2g" 2556 "main"
I/TaskTracer( 2556): 2 11063835755191 1392875654150111
I/TaskTracer( 2633): 0 11308648890433 1392875654160944 11063835755005 5 11312943857741
I/TaskTracer( 2556): 2 11081015623731 1392875654161677
I/TaskTracer( 2556): 1 11081015623732 1392875654161799 2556 "b2g" 2580 "Compositor"
I/TaskTracer( 2556): 0 11081015623733 1392875654161951 11063835755109 5 11081015623732
I/TaskTracer( 2556): 4 11081015623733 0x42253d60
I/TaskTracer( 2633): 4 11308648890433 0x41c6efa0
I/TaskTracer( 2633): 2 11312943857741 1392875654164637
I/TaskTracer( 2633): 2 11312943857742 1392875654165125
I/TaskTracer( 2556): 0 11063835755192 1392875654167170 11063835755192 5 11063835755192
I/TaskTracer( 2556): 1 11063835755192 1392875654167292 2556 "b2g" 2576 "Timer"
I/TaskTracer( 2556): 0 11063835755193 1392875654167384 11063835755192 5 11063835755192
I/TaskTracer( 2556): 4 11063835755193 0x4222a520
I/TaskTracer( 2556): 2 11063835755192 1392875654167536
I/TaskTracer( 2556): 1 11063835755193 1392875654168085 2556 "b2g" 2556 "main"
I/TaskTracer( 2556): 2 11063835755193 1392875654168269
I/TaskTracer( 2556): 2 11081015623732 1392875654179682
I/TaskTracer( 2556): 1 11081015623733 1392875654179835 2556 "b2g" 2580 "Compositor"
I/TaskTracer( 2556): 0 11081015623734 1392875654179987 11063835755109 5 11081015623733
I/TaskTracer( 2556): 4 11081015623734 0x42253d60
I/TaskTracer( 2556): 0 11063835755194 1392875654183039 11063835755194 5 11063835755194
I/TaskTracer( 2556): 1 11063835755194 1392875654183161 2556 "b2g" 2576 "Timer"
I/TaskTracer( 2556): 0 11063835755195 1392875654183222 11063835755194 5 11063835755194
I/TaskTracer( 2556): 4 11063835755195 0x4222a520
I/TaskTracer( 2556): 2 11063835755194 1392875654183405
I/TaskTracer( 2556): 1 11063835755195 1392875654183955 2556 "b2g" 2556 "main"
I/TaskTracer( 2556): 2 11063835755195 1392875654184107
I/TaskTracer( 2556): 2 11081015623733 1392875654197749
I/TaskTracer( 2556): 1 11081015623734 1392875654197901 2556 "b2g" 2580 "Compositor"
I/TaskTracer( 2556): 0 11081015623735 1392875654198054 11063835755109 5 11081015623734
I/TaskTracer( 2556): 4 11081015623735 0x42253d60
I/TaskTracer( 2556): 0 11063835755196 1392875654199885 11063835755196 5 11063835755196
I/TaskTracer( 2556): 1 11063835755196 1392875654200007 2556 "b2g" 2576 "Timer"
I/TaskTracer( 2556): 0 11063835755197 1392875654200068 11063835755196 5 11063835755196
I/TaskTracer( 2556): 4 11063835755197 0x4222a520
I/TaskTracer( 2556): 2 11063835755196 1392875654200251
I/TaskTracer( 2556): 1 11063835755197 1392875654200800 2556 "b2g" 2556 "main"
I/TaskTracer( 2556): 2 11063835755197 1392875654200953
I/TaskTracer( 2556): 0 11063835755198 1392875654203455 11063835755198 5 11063835755198
I/TaskTracer( 2556): 1 11063835755198 1392875654203577 2556 "b2g" 2576 "Timer"
I/TaskTracer( 2556): 0 11063835755199 1392875654203669 11063835755198 5 11063835755198
I/TaskTracer( 2556): 4 11063835755199 0x4222a520
I/TaskTracer( 2556): 2 11063835755198 1392875654203822
I/TaskTracer( 2556): 1 11063835755199 1392875654204371 2556 "b2g" 2556 "main"
I/TaskTracer( 2556): 2 11063835755199 1392875654204462
I/TaskTracer( 2556): 2 11081015623734 1392875654216456
I/TaskTracer( 2556): 1 11081015623735 1392875654216639 2556 "b2g" 2580 "Compositor"
I/TaskTracer( 2556): 0 11081015623736 1392875654216792 11063835755109 5 11081015623735
I/TaskTracer( 2556): 4 11081015623736 0x42253d60
I/TaskTracer( 2556): 0 11063835755200 1392875654218378 11063835755200 5 11063835755200
I/TaskTracer( 2556): 1 11063835755200 1392875654218470 2556 "b2g" 2576 "Timer"
I/TaskTracer( 2556): 0 11063835755201 1392875654218531 11063835755200 5 11063835755200
I/TaskTracer( 2556): 4 11063835755201 0x4222a520
I/TaskTracer( 2556): 2 11063835755200 1392875654218684
I/TaskTracer( 2556): 1 11063835755201 1392875654218867 2556 "b2g" 2556 "main"
I/TaskTracer( 2556): 2 11063835755201 1392875654219050
I/TaskTracer( 2633): 0 11347303596055 1392875654223078 11347303596055 5 11347303596055
I/TaskTracer( 2633): 1 11347303596055 1392875654223200 2633 "(Preallocated app)" 2642 "Timer"
I/TaskTracer( 2633): 0 11347303596056 1392875654223292 11347303596055 5 11347303596055
I/TaskTracer( 2633): 4 11347303596056 0x41ba4520
I/TaskTracer( 2633): 2 11347303596055 1392875654223444
I/TaskTracer( 2556): 0 11063835755202 1392875654233485 11063835755202 5 11063835755202
I/TaskTracer( 2556): 1 11063835755202 1392875654233607 2556 "b2g" 2576 "Timer"
I/TaskTracer( 2556): 0 11063835755203 1392875654233668 11063835755202 5 11063835755202
I/TaskTracer( 2556): 4 11063835755203 0x4222a520
I/TaskTracer( 2556): 2 11063835755202 1392875654233851
I/TaskTracer( 2556): 1 11063835755203 1392875654234614 2556 "b2g" 2556 "main"
I/TaskTracer( 2556): 2 11063835755203 1392875654234797
I/TaskTracer( 2556): 2 11081015623735 1392875654235438
I/TaskTracer( 2556): 1 11081015623736 1392875654235560 2556 "b2g" 2580 "Compositor"
I/TaskTracer( 2556): 0 11081015623737 1392875654235712 11063835755109 5 11081015623736
I/TaskTracer( 2556): 4 11081015623737 0x42253d60
I/TaskTracer( 2556): 0 11063835755204 1392875654249842 11063835755204 5 11063835755204
I/TaskTracer( 2556): 1 11063835755204 1392875654250086 2556 "b2g" 2576 "Timer"
I/TaskTracer( 2556): 0 11063835755205 1392875654250178 11063835755204 5 11063835755204
I/TaskTracer( 2556): 4 11063835755205 0x4222a520
I/TaskTracer( 2556): 2 11063835755204 1392875654250361
I/TaskTracer( 2556): 1 11063835755205 1392875654250941 2556 "b2g" 2556 "main"
I/TaskTracer( 2556): 2 11063835755205 1392875654251124
I/TaskTracer( 2556): 2 11081015623736 1392875654252131
I/TaskTracer( 2556): 1 11081015623737 1392875654252955 2556 "b2g" 2580 "Compositor"
I/TaskTracer( 2556): 0 11081015623738 1392875654253138 11063835755109 5 11081015623737
I/TaskTracer( 2556): 4 11081015623738 0x42253d60
I/TaskTracer( 2556): 0 11063835755206 1392875654267786 11063835755206 5 11063835755206
I/TaskTracer( 2556): 1 11063835755206 1392875654268000 2556 "b2g" 2576 "Timer"
I/TaskTracer( 2556): 0 11063835755207 1392875654268092 11063835755206 5 11063835755206
I/TaskTracer( 2556): 4 11063835755207 0x4222a520
I/TaskTracer( 2556): 2 11063835755206 1392875654268305
I/TaskTracer( 2556): 1 11063835755207 1392875654268885 2556 "b2g" 2556 "main"
I/TaskTracer( 2556): 2 11063835755207 1392875654269099
I/TaskTracer( 2556): 2 11081015623737 1392875654270167
I/TaskTracer( 2556): 1 11081015623738 1392875654270289 2556 "b2g" 2580 "Compositor"
I/TaskTracer( 2556): 0 11081015623739 1392875654270441 11063835755109 5 11081015623738
I/TaskTracer( 2556): 4 11081015623739 0x42253d60
I/TaskTracer( 2556): 0 11063835755208 1392875654283533 11063835755208 5 11063835755208
I/TaskTracer( 2556): 1 11063835755208 1392875654283686 2556 "b2g" 2576 "Timer"
I/TaskTracer( 2556): 0 11063835755209 1392875654283778 11063835755208 5 11063835755208
I/TaskTracer( 2556): 4 11063835755209 0x4222a520
I/TaskTracer( 2556): 2 11063835755208 1392875654284022
I/TaskTracer( 2556): 1 11063835755209 1392875654284602 2556 "b2g" 2556 "main"
I/TaskTracer( 2556): 2 11063835755209 1392875654284815
I/TaskTracer( 2556): 2 11081015623738 1392875654287989
I/TaskTracer( 2556): 1 11081015623739 1392875654288142 2556 "b2g" 2580 "Compositor"
I/TaskTracer( 2556): 0 11081015623740 1392875654288264 11063835755109 5 11081015623739
I/TaskTracer( 2556): 4 11081015623740 0x42253d60
I/TaskTracer( 2633): 1 11347303596034 1392875654292780 2633 "Homescreen" 2633 "main"
I/TaskTracer( 2633): 2 11347303596034 1392875654293360
I/TaskTracer( 2633): 1 11347303596036 1392875654294459 2633 "Homescreen" 2633 "main"
I/TaskTracer( 2633): 2 11347303596036 1392875654294855
I/TaskTracer( 2633): 1 11347303596038 1392875654295435 2633 "Homescreen" 2633 "main"
I/TaskTracer( 2633): 2 11347303596038 1392875654295802
I/TaskTracer( 2633): 1 11347303596040 1392875654296015 2633 "Homescreen" 2633 "main"
I/TaskTracer( 2633): 2 11347303596040 1392875654296351
I/TaskTracer( 2633): 1 11347303596042 1392875654296564 2633 "Homescreen" 2633 "main"
I/TaskTracer( 2633): 2 11347303596042 1392875654296900
I/TaskTracer( 2633): 1 11347303596044 1392875654297236 2633 "Homescreen" 2633 "main"
I/TaskTracer( 2633): 2 11347303596044 1392875654297572
I/TaskTracer( 2633): 1 11347303596046 1392875654297755 2633 "Homescreen" 2633 "main"
I/TaskTracer( 2633): 2 11347303596046 1392875654298090
I/TaskTracer( 2633): 1 11347303596048 1392875654298426 2633 "Homescreen" 2633 "main"
I/TaskTracer( 2633): 2 11347303596048 1392875654298579
I/TaskTracer( 2633): 1 11347303596050 1392875654298914 2633 "Homescreen" 2633 "main"
I/TaskTracer( 2633): 2 11347303596050 1392875654299097
I/TaskTracer( 2633): 1 11347303596052 1392875654299433 2633 "Homescreen" 2633 "main"
I/TaskTracer( 2556): 0 11063835755210 1392875654299769 11063835755210 5 11063835755210
I/TaskTracer( 2556): 1 11063835755210 1392875654299860 2556 "b2g" 2576 "Timer"
I/TaskTracer( 2556): 0 11063835755211 1392875654299921 11063835755210 5 11063835755210
I/TaskTracer( 2556): 4 11063835755211 0x4222a520
I/TaskTracer( 2556): 2 11063835755210 1392875654300074
I/TaskTracer( 2556): 1 11063835755211 1392875654300562 2556 "b2g" 2556 "main"
I/TaskTracer( 2556): 2 11063835755211 1392875654300776
I/TaskTracer( 2633): 2 11347303596052 1392875654301997
I/TaskTracer( 2633): 3 11308648890421 1392875654302943 "[nsEventDispatcher::Dispatch] Event name: (null)"
I/TaskTracer( 2556): 0 11063835755212 1392875654304255 11063835755212 5 11063835755212
I/TaskTracer( 2556): 1 11063835755212 1392875654304346 2556 "b2g" 2576 "Timer"
I/TaskTracer( 2556): 0 11063835755213 1392875654304438 11063835755212 5 11063835755212
I/TaskTracer( 2556): 4 11063835755213 0x4222a520
I/TaskTracer( 2556): 2 11063835755212 1392875654304621
I/TaskTracer( 2556): 1 11063835755213 1392875654305262 2556 "b2g" 2556 "main"
I/TaskTracer( 2556): 2 11063835755213 1392875654305354
I/TaskTracer( 2556): 2 11081015623739 1392875654306605
I/TaskTracer( 2556): 1 11081015623740 1392875654306757 2556 "b2g" 2580 "Compositor"
I/TaskTracer( 2556): 0 11081015623741 1392875654306879 11063835755109 5 11081015623740
I/TaskTracer( 2556): 4 11081015623741 0x42253d60
I/TaskTracer( 2633): 3 11308648890421 1392875654310480 "[nsEventDispatcher::Dispatch] Event name: (null)"
I/TaskTracer( 2633): 1 11347303596054 1392875654311121 2633 "Homescreen" 2633 "main"
I/TaskTracer( 2633): 2 11347303596054 1392875654312769
I/TaskTracer( 2633): 3 11360188497921 1392875654313868 "[nsEventDispatcher::Dispatch] Event name: (null)"
I/TaskTracer( 2556): 0 11063835755214 1392875654316828 11063835755214 5 11063835755214
I/TaskTracer( 2556): 1 11063835755214 1392875654316950 2556 "b2g" 2576 "Timer"
I/TaskTracer( 2556): 0 11063835755215 1392875654317011 11063835755214 5 11063835755214
I/TaskTracer( 2556): 4 11063835755215 0x4222a520
I/TaskTracer( 2556): 2 11063835755214 1392875654317194
I/TaskTracer( 2556): 1 11063835755215 1392875654317774 2556 "b2g" 2556 "main"
I/TaskTracer( 2556): 2 11063835755215 1392875654317957
I/TaskTracer( 2633): 0 11347303596057 1392875654323786 11347303596057 5 11347303596057
I/TaskTracer( 2633): 1 11347303596057 1392875654323939 2633 "(Preallocated app)" 2642 "Timer"
I/TaskTracer( 2633): 0 11347303596058 1392875654324000 11347303596057 5 11347303596057
I/TaskTracer( 2633): 4 11347303596058 0x41ba4520
I/TaskTracer( 2633): 2 11347303596057 1392875654324183
I/TaskTracer( 2556): 2 11081015623740 1392875654325434
I/TaskTracer( 2556): 1 11081015623741 1392875654325587 2556 "b2g" 2580 "Compositor"
I/TaskTracer( 2556): 0 11081015623742 1392875654325739 11063835755109 5 11081015623741
I/TaskTracer( 2556): 4 11081015623742 0x42253d60
I/TaskTracer( 2556): 0 11063835755216 1392875654333247 11063835755216 5 11063835755216
I/TaskTracer( 2556): 1 11063835755216 1392875654333369 2556 "b2g" 2576 "Timer"
I/TaskTracer( 2556): 0 11063835755217 1392875654333430 11063835755216 5 11063835755216
I/TaskTracer( 2556): 4 11063835755217 0x4222a520
I/TaskTracer( 2556): 2 11063835755216 1392875654333613
I/TaskTracer( 2556): 1 11063835755217 1392875654333826 2556 "b2g" 2556 "main"
I/TaskTracer( 2556): 2 11063835755217 1392875654334010
I/TaskTracer( 2556): 2 11081015623741 1392875654342188
I/TaskTracer( 2556): 1 11081015623742 1392875654342463 2556 "b2g" 2580 "Compositor"
I/TaskTracer( 2556): 0 11081015623743 1392875654342616 11063835755109 5 11081015623742
I/TaskTracer( 2556): 4 11081015623743 0x42253d60
I/TaskTracer( 2633): 3 11360188497921 1392875654345789 "[nsEventDispatcher::Dispatch] Event name: pagehide"
I/TaskTracer( 2633): 3 11360188497921 1392875654347376 "[nsEventDispatcher::Dispatch] Event name: (null)"
I/TaskTracer( 2556): 0 11063835755218 1392875654350062 11063835755218 5 11063835755218
I/TaskTracer( 2556): 1 11063835755218 1392875654350153 2556 "b2g" 2576 "Timer"
I/TaskTracer( 2556): 0 11063835755219 1392875654350245 11063835755218 5 11063835755218
I/TaskTracer( 2556): 4 11063835755219 0x4222a520
I/TaskTracer( 2556): 2 11063835755218 1392875654350397
I/TaskTracer( 2556): 1 11063835755219 1392875654350947 2556 "b2g" 2556 "main"
I/TaskTracer( 2556): 2 11063835755219 1392875654351130
I/TaskTracer( 2633): 3 11360188497921 1392875654354792 "[nsEventDispatcher::Dispatch] Event name: (null)"
I/TaskTracer( 2633): 3 11360188497921 1392875654355555 "[nsEventDispatcher::Dispatch] Event name: unload"
I/TaskTracer( 2556): 2 11081015623742 1392875654360255
I/TaskTracer( 2556): 1 11081015623743 1392875654360407 2556 "b2g" 2580 "Compositor"
I/TaskTracer( 2556): 0 11081015623744 1392875654360560 11063835755109 5 11081015623743
I/TaskTracer( 2556): 4 11081015623744 0x42253d60
I/TaskTracer( 2556): 0 11063835755220 1392875654366938 11063835755220 5 11063835755220
I/TaskTracer( 2556): 1 11063835755220 1392875654367060 2556 "b2g" 2576 "Timer"
I/TaskTracer( 2556): 0 11063835755221 1392875654367152 11063835755220 5 11063835755220
I/TaskTracer( 2556): 4 11063835755221 0x4222a520
I/TaskTracer( 2556): 2 11063835755220 1392875654367304
I/TaskTracer( 2556): 1 11063835755221 1392875654367884 2556 "b2g" 2556 "main"
I/TaskTracer( 2556): 2 11063835755221 1392875654368067
I/TaskTracer( 2556): 2 11081015623743 1392875654378352
I/TaskTracer( 2556): 1 11081015623744 1392875654378504 2556 "b2g" 2580 "Compositor"
I/TaskTracer( 2556): 0 11081015623745 1392875654378657 11063835755109 5 11081015623744
I/TaskTracer( 2556): 4 11081015623745 0x42253d60
I/TaskTracer( 2556): 0 11063835755222 1392875654382838 11063835755222 5 11063835755222
I/TaskTracer( 2556): 1 11063835755222 1392875654382960 2556 "b2g" 2576 "Timer"
I/TaskTracer( 2556): 0 11063835755223 1392875654383021 11063835755222 5 11063835755222
I/TaskTracer( 2556): 4 11063835755223 0x4222a520
I/TaskTracer( 2556): 2 11063835755222 1392875654383173
I/TaskTracer( 2556): 1 11063835755223 1392875654383936 2556 "b2g" 2556 "main"
I/TaskTracer( 2556): 2 11063835755223 1392875654384119
I/TaskTracer( 2633): 3 11360188497921 1392875654384791 "[nsEventDispatcher::Dispatch] Event name: (null)"
I/TaskTracer( 2633): 3 11360188497921 1392875654391413 "[nsEventDispatcher::Dispatch] Event name: (null)"
I/TaskTracer( 2633): 3 11360188497921 1392875654391627 "[nsEventDispatcher::Dispatch] Event name: (null)"
I/TaskTracer( 2556): 0 11063835755224 1392875654392786 11063835755224 5 11063835755224
I/TaskTracer( 2556): 1 11063835755224 1392875654392878 2556 "b2g" 2576 "Timer"
I/TaskTracer( 2556): 0 11063835755225 1392875654392970 11063835755224 5 11063835755224
I/TaskTracer( 2556): 4 11063835755225 0x4222a520
I/TaskTracer( 2556): 2 11063835755224 1392875654393122
I/TaskTracer( 2556): 1 11063835755225 1392875654393641 2556 "b2g" 2556 "main"
I/TaskTracer( 2556): 2 11063835755225 1392875654393732
I/TaskTracer( 2633): 3 11360188497921 1392875654395686 "[nsFrameMessageManager::SendAsyncMessage] type:browser-element-api:call"
I/TaskTracer( 2556): 2 11081015623744 1392875654396632
I/TaskTracer( 2556): 1 11081015623745 1392875654396784 2556 "b2g" 2580 "Compositor"
I/TaskTracer( 2556): 0 11081015623746 1392875654396906 11063835755109 5 11081015623745
I/TaskTracer( 2556): 4 11081015623746 0x42253d60
I/TaskTracer( 2556): 3 11008001179850 1392875654400355 "[nsEventDispatcher::Dispatch] Event name: (null)"
I/TaskTracer( 2556): 0 11063835755226 1392875654400813 11063835755226 5 11063835755226
I/TaskTracer( 2556): 1 11063835755226 1392875654400904 2556 "b2g" 2576 "Timer"
I/TaskTracer( 2556): 0 11063835755227 1392875654400965 11063835755226 5 11063835755226
I/TaskTracer( 2556): 4 11063835755227 0x4222a520
I/TaskTracer( 2556): 2 11063835755226 1392875654401118
I/TaskTracer( 2556): 1 11063835755227 1392875654402064 2556 "b2g" 2556 "main"
I/TaskTracer( 2556): 2 11063835755227 1392875654402735
I/TaskTracer( 2556): 0 11063835755228 1392875654405299 11063835755228 5 11063835755228
I/TaskTracer( 2556): 1 11063835755228 1392875654405421 2556 "b2g" 2576 "Timer"
I/TaskTracer( 2556): 0 11063835755229 1392875654405482 11063835755228 5 11063835755228
I/TaskTracer( 2556): 4 11063835755229 0x4222a520
I/TaskTracer( 2556): 2 11063835755228 1392875654405634
I/TaskTracer( 2556): 1 11063835755229 1392875654406367 2556 "b2g" 2556 "main"
I/TaskTracer( 2556): 2 11063835755229 1392875654406489
I/TaskTracer( 2633): 1 11308648890429 1392875654409937 2633 "Homescreen" 2633 "main"
I/TaskTracer( 2633): 0 11308648890448 1392875654411219 11063835755005 5 11308648890429
I/TaskTracer( 2633): 4 11308648890448 0x41bb5f40
I/TaskTracer( 2633): 1 11308648890448 1392875654411921 2633 "Homescreen" 2634 "Chrome_ChildThread"
I/TaskTracer( 2633): 2 11308648890448 1392875654412074
I/TaskTracer( 2556): 0 11008001179852 1392875654412684 11063835755005 5 11308648890448
I/TaskTracer( 2556): 4 11008001179852 0x4223bee0
I/TaskTracer( 2633): 0 11308648890449 1392875654413691 11063835755005 5 11308648890429
I/TaskTracer( 2556): 2 11081015623745 1392875654414668
I/TaskTracer( 2556): 1 11008001179852 1392875654414790 2556 "b2g" 2580 "Compositor"
I/TaskTracer( 2556): 2 11008001179852 1392875654414912
I/TaskTracer( 2556): 1 11081015623746 1392875654414973 2556 "b2g" 2580 "Compositor"
I/TaskTracer( 2556): 0 11081015623747 1392875654415095 11063835755109 5 11081015623746
I/TaskTracer( 2556): 4 11081015623747 0x42253d60
I/TaskTracer( 2556): 0 11063835755230 1392875654416956 11063835755230 5 11063835755230
I/TaskTracer( 2556): 1 11063835755230 1392875654417048 2556 "b2g" 2576 "Timer"
I/TaskTracer( 2556): 0 11063835755231 1392875654417109 11063835755230 5 11063835755230
I/TaskTracer( 2556): 4 11063835755231 0x4222a520
I/TaskTracer( 2556): 2 11063835755230 1392875654417262
I/TaskTracer( 2556): 1 11063835755231 1392875654417414 2556 "b2g" 2556 "main"
I/TaskTracer( 2556): 2 11063835755231 1392875654417597
I/TaskTracer( 2633): 4 11308648890449 0x41bb5f40
I/TaskTracer( 2633): 1 11308648890449 1392875654419642 2633 "Homescreen" 2634 "Chrome_ChildThread"
I/TaskTracer( 2633): 2 11308648890449 1392875654419764
I/TaskTracer( 2556): 0 11008001179853 1392875654419917 11063835755005 5 11308648890449
I/TaskTracer( 2556): 4 11008001179853 0x4223bee0
I/TaskTracer( 2633): 0 11308648890450 1392875654421259 11063835755005 5 11308648890429
I/TaskTracer( 2633): 4 11308648890450 0x41bb5f40
I/TaskTracer( 2633): 1 11308648890450 1392875654421900 2633 "Homescreen" 2634 "Chrome_ChildThread"
I/TaskTracer( 2633): 2 11308648890450 1392875654422022
I/TaskTracer( 2556): 0 11008001179854 1392875654422175 11063835755005 5 11308648890450
I/TaskTracer( 2556): 4 11008001179854 0x4223bee0
I/TaskTracer( 2556): 0 11008001179855 1392875654422388 11063835755005 5 11308648890450
I/TaskTracer( 2556): 4 11008001179855 0x4223c080
I/TaskTracer( 2556): 1 11008001179855 1392875654422633 2556 "b2g" 2556 "main"
I/TaskTracer( 2556): 1 11008001179854 1392875654422724 2556 "b2g" 2556 "main"
I/TaskTracer( 2556): 2 11008001179854 1392875654422877
I/TaskTracer( 2556): 2 11008001179855 1392875654422938
I/TaskTracer( 2633): 2 11308648890429 1392875654424982
I/TaskTracer( 2633): 1 11308648890432 1392875654425410 2633 "Homescreen" 2633 "main"
I/TaskTracer( 2633): 2 11308648890432 1392875654425837
I/TaskTracer( 2633): 1 11308648890433 1392875654426997 2633 "Homescreen" 2633 "main"
I/TaskTracer( 2633): 3 11308648890433 1392875654427637 "[nsEventDispatcher::Dispatch] Event name: resize"
I/TaskTracer( 2633): 2 11308648890433 1392875654428950
I/TaskTracer( 2633): 1 11347303596056 1392875654429469 2633 "Homescreen" 2633 "main"
I/TaskTracer( 2633): 2 11347303596056 1392875654429865
I/TaskTracer( 2556): 2 11081015623746 1392875654432856
I/TaskTracer( 2556): 1 11008001179853 1392875654432978 2556 "b2g" 2580 "Compositor"
I/TaskTracer( 2556): 2 11008001179853 1392875654433253
I/TaskTracer( 2556): 1 11081015623747 1392875654433314 2556 "b2g" 2580 "Compositor"
I/TaskTracer( 2556): 0 11081015623748 1392875654433466 11063835755109 5 11081015623747
I/TaskTracer( 2556): 4 11081015623748 0x42253d60
I/TaskTracer( 2556): 0 11063835755232 1392875654434016 11063835755232 5 11063835755232
I/TaskTracer( 2556): 1 11063835755232 1392875654434107 2556 "b2g" 2576 "Timer"
I/TaskTracer( 2556): 0 11063835755233 1392875654434168 11063835755232 5 11063835755232
I/TaskTracer( 2556): 4 11063835755233 0x4222a520
I/TaskTracer( 2556): 2 11063835755232 1392875654434321
I/TaskTracer( 2556): 1 11063835755233 1392875654435206 2556 "b2g" 2556 "main"
I/TaskTracer( 2556): 0 10977936410205 1392875654441096 11063835755232 5 11063835755233
I/TaskTracer( 2556): 4 10977936410205 0x4223bee0
I/TaskTracer( 2556): 2 11063835755233 1392875654441462
I/TaskTracer( 2556): 0 11063835755234 1392875654450282 11063835755234 5 11063835755234
I/TaskTracer( 2556): 1 11063835755234 1392875654450404 2556 "b2g" 2576 "Timer"
I/TaskTracer( 2556): 0 11063835755235 1392875654450495 11063835755234 5 11063835755234
I/TaskTracer( 2556): 4 11063835755235 0x4222a520
I/TaskTracer( 2556): 2 11063835755234 1392875654450648
I/TaskTracer( 2556): 2 11081015623747 1392875654451746
I/TaskTracer( 2556): 1 10977936410205 1392875654451868 2556 "b2g" 2580 "Compositor"
I/TaskTracer( 2556): 1 11063835755235 1392875654452906 2556 "b2g" 2556 "main"
I/TaskTracer( 2556): 2 11063835755235 1392875654453120
I/TaskTracer( 2556): 2 10977936410205 1392875654452204
I/TaskTracer( 2556): 1 11081015623748 1392875654453913 2556 "b2g" 2580 "Compositor"
I/TaskTracer( 2556): 0 11081015623749 1392875654454035 11063835755109 5 11081015623748
I/TaskTracer( 2556): 4 11081015623749 0x42253d60
I/TaskTracer( 2556): 0 11063835755236 1392875654467066 11063835755236 5 11063835755236
I/TaskTracer( 2556): 1 11063835755236 1392875654467219 2556 "b2g" 2576 "Timer"
I/TaskTracer( 2556): 0 11063835755237 1392875654467280 11063835755236 5 11063835755236
I/TaskTracer( 2556): 4 11063835755237 0x4222a520
I/TaskTracer( 2556): 2 11063835755236 1392875654467463
I/TaskTracer( 2556): 1 11063835755237 1392875654468043 2556 "b2g" 2556 "main"
I/TaskTracer( 2556): 2 11063835755237 1392875654468378
I/TaskTracer( 2556): 2 11081015623748 1392875654469202
I/TaskTracer( 2556): 1 11081015623749 1392875654470667 2556 "b2g" 2580 "Compositor"
I/TaskTracer( 2556): 0 11081015623750 1392875654470850 11063835755109 5 11081015623749
I/TaskTracer( 2556): 4 11081015623750 0x42253d60
I/TaskTracer( 2556): 0 11063835755238 1392875654483179 11063835755238 5 11063835755238
I/TaskTracer( 2556): 1 11063835755238 1392875654483332 2556 "b2g" 2576 "Timer"
I/TaskTracer( 2556): 0 11063835755239 1392875654483393 11063835755238 5 11063835755238
I/TaskTracer( 2556): 4 11063835755239 0x4222a520
I/TaskTracer( 2556): 2 11063835755238 1392875654483576
I/TaskTracer( 2556): 1 11063835755239 1392875654484156 2556 "b2g" 2556 "main"
I/TaskTracer( 2556): 2 11063835755239 1392875654484370
I/TaskTracer( 2556): 2 11081015623749 1392875654486720
I/TaskTracer( 2556): 1 11081015623750 1392875654487360 2556 "b2g" 2580 "Compositor"
I/TaskTracer( 2556): 0 11081015623751 1392875654487543 11063835755109 5 11081015623750
I/TaskTracer( 2556): 4 11081015623751 0x42253d60
I/TaskTracer( 2633): 1 11347303596058 1392875654497553 2633 "Homescreen" 2633 "main"
I/TaskTracer( 2633): 2 11347303596058 1392875654497950
I/TaskTracer( 2556): 0 11063835755240 1392875654500483 11063835755240 5 11063835755240
I/TaskTracer( 2556): 1 11063835755240 1392875654500636 2556 "b2g" 2576 "Timer"
I/TaskTracer( 2556): 0 11063835755241 1392875654500727 11063835755240 5 11063835755240
I/TaskTracer( 2556): 4 11063835755241 0x4222a520
I/TaskTracer( 2556): 2 11063835755240 1392875654500880
I/TaskTracer( 2556): 1 11063835755241 1392875654501429 2556 "b2g" 2556 "main"
I/TaskTracer( 2556): 2 11063835755241 1392875654501582
I/TaskTracer( 2556): 2 11081015623750 1392875654504847
I/TaskTracer( 2556): 1 11081015623751 1392875654505000 2556 "b2g" 2580 "Compositor"
I/TaskTracer( 2556): 0 11081015623752 1392875654505152 11063835755109 5 11081015623751
I/TaskTracer( 2556): 4 11081015623752 0x42253d60
I/TaskTracer( 2633): 0 11347303596059 1392875654506983 11347303596059 5 11347303596059
I/TaskTracer( 2633): 1 11347303596059 1392875654507075 2633 "(Preallocated app)" 2642 "Timer"
I/TaskTracer( 2633): 0 11347303596060 1392875654507166 11347303596059 5 11347303596059
I/TaskTracer( 2633): 4 11347303596060 0x41ba4520
I/TaskTracer( 2633): 2 11347303596059 1392875654507288
I/TaskTracer( 2556): 0 11063835755242 1392875654507471 11063835755242 5 11063835755242
I/TaskTracer( 2556): 1 11063835755242 1392875654507563 2556 "b2g" 2576 "Timer"
I/TaskTracer( 2556): 0 11063835755243 1392875654507624 11063835755242 5 11063835755242
I/TaskTracer( 2556): 4 11063835755243 0x4222a520
I/TaskTracer( 2556): 2 11063835755242 1392875654507746
I/TaskTracer( 2556): 1 11063835755243 1392875654507899 2556 "b2g" 2556 "main"
I/TaskTracer( 2556): 2 11063835755243 1392875654507960
I/TaskTracer( 2556): 0 11063835755244 1392875654518519 11063835755244 5 11063835755244
I/TaskTracer( 2556): 1 11063835755244 1392875654518732 2556 "b2g" 2576 "Timer"
I/TaskTracer( 2556): 0 11063835755245 1392875654518855 11063835755244 5 11063835755244
I/TaskTracer( 2556): 4 11063835755245 0x4222a520
I/TaskTracer( 2556): 2 11063835755244 1392875654519007
I/TaskTracer( 2556): 1 11063835755245 1392875654519556 2556 "b2g" 2556 "main"
I/TaskTracer( 2556): 2 11063835755245 1392875654519740
I/TaskTracer( 2556): 2 11081015623751 1392875654522822
I/TaskTracer( 2556): 1 11081015623752 1392875654522974 2556 "b2g" 2580 "Compositor"
I/TaskTracer( 2556): 0 11081015623753 1392875654523096 11063835755109 5 11081015623752
I/TaskTracer( 2556): 4 11081015623753 0x42253d60
I/TaskTracer( 2556): 0 11063835755246 1392875654533930 11063835755246 5 11063835755246
I/TaskTracer( 2556): 1 11063835755246 1392875654534052 2556 "b2g" 2576 "Timer"
I/TaskTracer( 2556): 0 11063835755247 1392875654534113 11063835755246 5 11063835755246
I/TaskTracer( 2556): 4 11063835755247 0x4222a520
I/TaskTracer( 2556): 2 11063835755246 1392875654534266
I/TaskTracer( 2556): 1 11063835755247 1392875654534785 2556 "b2g" 2556 "main"
I/TaskTracer( 2556): 2 11063835755247 1392875654534937
I/TaskTracer( 2556): 2 11081015623752 1392875654542017
I/TaskTracer( 2556): 1 11081015623753 1392875654542200 2556 "b2g" 2580 "Compositor"
I/TaskTracer( 2556): 0 11081015623754 1392875654542628 11063835755109 5 11081015623753
I/TaskTracer( 2556): 4 11081015623754 0x42253d60
I/TaskTracer( 2556): 0 11063835755248 1392875654550257 11063835755248 5 11063835755248
I/TaskTracer( 2556): 1 11063835755248 1392875654550349 2556 "b2g" 2576 "Timer"
I/TaskTracer( 2556): 0 11063835755249 1392875654550410 11063835755248 5 11063835755248
I/TaskTracer( 2556): 4 11063835755249 0x4222a520
I/TaskTracer( 2556): 2 11063835755248 1392875654550562
I/TaskTracer( 2556): 1 11063835755249 1392875654550745 2556 "b2g" 2556 "main"
I/TaskTracer( 2556): 2 11063835755249 1392875654550928
I/TaskTracer( 2556): 2 11081015623753 1392875654559016
I/TaskTracer( 2556): 1 11081015623754 1392875654559168 2556 "b2g" 2580 "Compositor"
I/TaskTracer( 2556): 0 11081015623755 1392875654559290 11063835755109 5 11081015623754
I/TaskTracer( 2556): 4 11081015623755 0x42253d60
I/TaskTracer( 2556): 0 11063835755250 1392875654567194 11063835755250 5 11063835755250
I/TaskTracer( 2556): 1 11063835755250 1392875654567316 2556 "b2g" 2576 "Timer"
I/TaskTracer( 2556): 0 11063835755251 1392875654567408 11063835755250 5 11063835755250
I/TaskTracer( 2556): 4 11063835755251 0x4222a520
I/TaskTracer( 2556): 2 11063835755250 1392875654567561
I/TaskTracer( 2556): 1 11063835755251 1392875654568049 2556 "b2g" 2556 "main"
I/TaskTracer( 2556): 2 11063835755251 1392875654568232
I/TaskTracer( 2556): 2 11081015623754 1392875654576991
I/TaskTracer( 2556): 1 11081015623755 1392875654577174 2556 "b2g" 2580 "Compositor"
I/TaskTracer( 2556): 0 11081015623756 1392875654577296 11063835755109 5 11081015623755
I/TaskTracer( 2556): 4 11081015623756 0x42253d60
I/TaskTracer( 2556): 0 11063835755252 1392875654583002 11063835755252 5 11063835755252
I/TaskTracer( 2556): 1 11063835755252 1392875654583125 2556 "b2g" 2576 "Timer"
I/TaskTracer( 2556): 0 11063835755253 1392875654583216 11063835755252 5 11063835755252
I/TaskTracer( 2556): 4 11063835755253 0x4222a520
I/TaskTracer( 2556): 2 11063835755252 1392875654583369
I/TaskTracer( 2556): 1 11063835755253 1392875654583949 2556 "b2g" 2556 "main"
I/TaskTracer( 2556): 2 11063835755253 1392875654584132
I/TaskTracer( 2556): 2 11081015623755 1392875654595087
I/TaskTracer( 2556): 1 11081015623756 1392875654595240 2556 "b2g" 2580 "Compositor"
I/TaskTracer( 2556): 0 11081015623757 1392875654595393 11063835755109 5 11081015623756
I/TaskTracer( 2556): 4 11081015623757 0x42253d60
I/TaskTracer( 2556): 0 11063835755254 1392875654600001 11063835755254 5 11063835755254
I/TaskTracer( 2556): 1 11063835755254 1392875654600123 2556 "b2g" 2576 "Timer"
I/TaskTracer( 2556): 0 11063835755255 1392875654600214 11063835755254 5 11063835755254
I/TaskTracer( 2556): 4 11063835755255 0x4222a520
I/TaskTracer( 2556): 2 11063835755254 1392875654600367
I/TaskTracer( 2556): 1 11063835755255 1392875654600947 2556 "b2g" 2556 "main"
I/TaskTracer( 2556): 3 11063835755255 1392875654601160 "[nsEventDispatcher::Dispatch] Event name: transitionend"
I/TaskTracer( 2556): 0 11063835755256 1392875654608607 11063835755256 5 11063835755256
I/TaskTracer( 2556): 1 11063835755256 1392875654608729 2556 "b2g" 2576 "Timer"
I/TaskTracer( 2556): 0 11063835755257 1392875654608851 11063835755256 5 11063835755256
I/TaskTracer( 2556): 4 11063835755257 0x4222a520
I/TaskTracer( 2556): 2 11063835755256 1392875654609064
I/TaskTracer( 2556): 2 11081015623756 1392875654613123
I/TaskTracer( 2556): 1 11081015623757 1392875654613276 2556 "b2g" 2580 "Compositor"
I/TaskTracer( 2556): 0 11081015623758 1392875654613398 11063835755109 5 11081015623757
I/TaskTracer( 2556): 4 11081015623758 0x42253d60
I/TaskTracer( 2556): 0 11063835755258 1392875654617274 11063835755258 5 11063835755258
I/TaskTracer( 2556): 1 11063835755258 1392875654617365 2556 "b2g" 2576 "Timer"
I/TaskTracer( 2556): 0 11063835755259 1392875654617457 11063835755258 5 11063835755258
I/TaskTracer( 2556): 4 11063835755259 0x4222a520
I/TaskTracer( 2556): 2 11063835755258 1392875654617579
I/TaskTracer( 2556): 2 11063835755255 1392875654626093
I/TaskTracer( 2556): 1 11063835755257 1392875654626460 2556 "b2g" 2556 "main"
I/TaskTracer( 2556): 2 11063835755257 1392875654627314
I/TaskTracer( 2556): 1 11063835755259 1392875654627924 2556 "b2g" 2556 "main"
I/TaskTracer( 2556): 2 11081015623757 1392875654631190
I/TaskTracer( 2556): 1 11081015623758 1392875654631342 2556 "b2g" 2580 "Compositor"
I/TaskTracer( 2556): 0 11081015623759 1392875654631464 11063835755109 5 11081015623758
I/TaskTracer( 2556): 4 11081015623759 0x42253d60
I/TaskTracer( 2556): 0 11063835755260 1392875654633448 11063835755260 5 11063835755260
I/TaskTracer( 2556): 1 11063835755260 1392875654633570 2556 "b2g" 2576 "Timer"
I/TaskTracer( 2556): 0 11063835755261 1392875654633631 11063835755260 5 11063835755260
I/TaskTracer( 2556): 4 11063835755261 0x4222a520
I/TaskTracer( 2556): 2 11063835755260 1392875654633784
I/TaskTracer( 2633): 1 11347303596060 1392875654635249 2633 "Homescreen" 2633 "main"
I/TaskTracer( 2633): 2 11347303596060 1392875654635859
I/TaskTracer( 2633): 3 0 1392875654639918 "[nsEventDispatcher::Dispatch] Event name: load"
I/TaskTracer( 2556): 2 11081015623758 1392875654649256
I/TaskTracer( 2556): 1 11081015623759 1392875654649409 2556 "b2g" 2580 "Compositor"
I/TaskTracer( 2556): 0 11081015623760 1392875654649561 11063835755109 5 11081015623759
I/TaskTracer( 2556): 4 11081015623760 0x42253d60
I/TaskTracer( 2556): 0 10977936410206 1392875654651270 11063835755258 5 11063835755259
I/TaskTracer( 2556): 4 10977936410206 0x4223bee0
I/TaskTracer( 2556): 0 10977936410207 1392875654652644 11063835755258 5 11063835755259
I/TaskTracer( 2556): 4 10977936410207 0x4223bee0
I/TaskTracer( 2556): 0 10977936410208 1392875654653437 11063835755258 5 11063835755259
I/TaskTracer( 2556): 4 10977936410208 0x4223bee0
I/TaskTracer( 2556): 0 10977936410209 1392875654654230 11063835755258 5 11063835755259
I/TaskTracer( 2556): 4 10977936410209 0x4223bee0
I/TaskTracer( 2556): 0 10977936410210 1392875654654780 11063835755258 5 11063835755259
I/TaskTracer( 2556): 4 10977936410210 0x4223bee0
I/TaskTracer( 2556): 0 10977936410211 1392875654655329 11063835755258 5 11063835755259
I/TaskTracer( 2556): 4 10977936410211 0x4223bee0
I/TaskTracer( 2556): 3 11063835755259 1392875654656275 "[nsEventDispatcher::Dispatch] Event name: MozAfterPaint"
I/TaskTracer( 2556): 3 11063835755259 1392875654656763 "[nsEventDispatcher::Dispatch] Event name: MozAfterPaint"
I/TaskTracer( 2556): 2 11063835755259 1392875654657191
I/TaskTracer( 2556): 1 11063835755261 1392875654657679 2556 "b2g" 2556 "main"
I/TaskTracer( 2556): 2 11063835755261 1392875654658198
I/TaskTracer( 2633): 3 0 1392875654661616 "[nsEventDispatcher::Dispatch] Event name: load"
I/TaskTracer( 2633): 3 0 1392875654665095 "[nsEventDispatcher::Dispatch] Event name: load"
I/TaskTracer( 2556): 2 11081015623759 1392875654667292
I/TaskTracer( 2556): 1 10977936410206 1392875654667445 2556 "b2g" 2580 "Compositor"
I/TaskTracer( 2556): 2 10977936410206 1392875654667628
I/TaskTracer( 2556): 1 11081015623760 1392875654667689 2556 "b2g" 2580 "Compositor"
I/TaskTracer( 2633): 3 0 1392875654671809 "[nsEventDispatcher::Dispatch] Event name: load"
I/TaskTracer( 2633): 3 11308648890461 1392875654673640 "[nsEventDispatcher::Dispatch] Event name: beforescriptexecute"
I/TaskTracer( 2556): 2 11081015623760 1392875654684229
I/TaskTracer( 2556): 1 10977936410207 1392875654684351 2556 "b2g" 2580 "Compositor"
I/TaskTracer( 2556): 2 10977936410207 1392875654684473
I/TaskTracer( 2556): 1 10977936410208 1392875654684534 2556 "b2g" 2580 "Compositor"
I/TaskTracer( 2556): 0 11081015623761 1392875654684687 11063835755258 5 10977936410208
I/TaskTracer( 2556): 4 11081015623761 0x4223bee0
I/TaskTracer( 2556): 0 11081015623762 1392875654684779 11063835755258 5 10977936410208
I/TaskTracer( 2556): 4 11081015623762 0x4223c080
I/TaskTracer( 2556): 2 10977936410208 1392875654685236
I/TaskTracer( 2556): 1 10977936410209 1392875654685297 2556 "b2g" 2580 "Compositor"
I/TaskTracer( 2556): 2 10977936410209 1392875654685755
I/TaskTracer( 2556): 1 10977936410210 1392875654685816 2556 "b2g" 2580 "Compositor"
I/TaskTracer( 2556): 2 10977936410210 1392875654685938
I/TaskTracer( 2556): 1 10977936410211 1392875654685969 2556 "b2g" 2580 "Compositor"
I/TaskTracer( 2556): 2 10977936410211 1392875654686091
I/TaskTracer( 2556): 1 11081015623762 1392875654687189 2556 "b2g" 2556 "main"
I/TaskTracer( 2556): 1 11081015623761 1392875654687281 2556 "b2g" 2556 "main"
I/TaskTracer( 2556): 2 11081015623761 1392875654687373
I/TaskTracer( 2556): 2 11081015623762 1392875654687434
I/TaskTracer( 2633): 3 11308648890461 1392875654731593 "[nsFrameMessageManager::SendAsyncMessage] type:Settings:RegisterForMessages"
I/TaskTracer( 2633): 3 11308648890461 1392875654734583 "[nsFrameMessageManager::SendAsyncMessage] type:Settings:RegisterForMessages"
I/TaskTracer( 2633): 3 11308648890461 1392875654737666 "[nsEventDispatcher::Dispatch] Event name: afterscriptexecute"
I/TaskTracer( 2633): 3 11308648890461 1392875654738337 "[nsEventDispatcher::Dispatch] Event name: load"
I/TaskTracer( 2633): 3 11308648890479 1392875654748011 "[nsEventDispatcher::Dispatch] Event name: (null)"
I/TaskTracer( 2633): 3 11308648890480 1392875654749445 "[nsEventDispatcher::Dispatch] Event name: (null)"
I/TaskTracer( 2633): 3 11308648890486 1392875654775019 "[nsEventDispatcher::Dispatch] Event name: (null)"
I/TaskTracer( 2633): 3 11308648890486 1392875654775294 "[nsEventDispatcher::Dispatch] Event name: beforescriptexecute"
I/TaskTracer( 2633): 3 11308648890486 1392875654778864 "[nsEventDispatcher::Dispatch] Event name: afterscriptexecute"
I/TaskTracer( 2633): 3 11308648890486 1392875654779536 "[nsEventDispatcher::Dispatch] Event name: load"
I/TaskTracer( 2633): 3 11308648890486 1392875654780085 "[nsEventDispatcher::Dispatch] Event name: beforescriptexecute"
I/TaskTracer( 2556): 0 11063835755262 1392875654780390 11063835755262 5 11063835755262
I/TaskTracer( 2556): 1 11063835755262 1392875654780482 2556 "b2g" 2576 "Timer"
I/TaskTracer( 2556): 0 11063835755263 1392875654780543 11063835755262 5 11063835755262
I/TaskTracer( 2556): 4 11063835755263 0x4222a520
I/TaskTracer( 2556): 2 11063835755262 1392875654780695
I/TaskTracer( 2556): 1 11063835755263 1392875654780970 2556 "b2g" 2556 "main"
I/TaskTracer( 2556): 0 10977936410212 1392875654781062 11063835755262 5 11063835755263
I/TaskTracer( 2556): 4 10977936410212 0x42295120
I/TaskTracer( 2556): 0 10977936410213 1392875654781214 11063835755262 5 11063835755263
I/TaskTracer( 2556): 4 10977936410213 0x42295120
I/TaskTracer( 2556): 2 11063835755263 1392875654781336
I/TaskTracer( 2556): 1 10977936410212 1392875654781458 2556 "b2g" 2556 "main"
I/TaskTracer( 2556): 2 10977936410212 1392875654781519
I/TaskTracer( 2556): 1 10977936410213 1392875654781580 2556 "b2g" 2556 "main"
I/TaskTracer( 2556): 2 10977936410213 1392875654781641
I/TaskTracer( 2633): 3 11308648890486 1392875654784693 "[nsEventDispatcher::Dispatch] Event name: afterscriptexecute"
I/TaskTracer( 2633): 3 11308648890486 1392875654785242 "[nsEventDispatcher::Dispatch] Event name: load"
I/TaskTracer( 2633): 3 11308648890486 1392875654785761 "[nsEventDispatcher::Dispatch] Event name: beforescriptexecute"
I/TaskTracer( 2633): 0 11347303596061 1392875654786677 11347303596061 5 11347303596061
I/TaskTracer( 2633): 1 11347303596061 1392875654786768 2633 "(Preallocated app)" 2642 "Timer"
I/TaskTracer( 2633): 0 11347303596062 1392875654786829 11347303596061 5 11347303596061
I/TaskTracer( 2633): 4 11347303596062 0x41ba4520
I/TaskTracer( 2633): 2 11347303596061 1392875654786951
I/TaskTracer( 2633): 3 11308648890486 1392875654789729 "[nsEventDispatcher::Dispatch] Event name: afterscriptexecute"
I/TaskTracer( 2633): 3 11308648890486 1392875654790308 "[nsEventDispatcher::Dispatch] Event name: load"
I/TaskTracer( 2633): 3 11308648890486 1392875654790827 "[nsEventDispatcher::Dispatch] Event name: beforescriptexecute"
I/TaskTracer( 2556): 0 11063835755264 1392875654793879 11063835755264 5 11063835755264
I/TaskTracer( 2556): 1 11063835755264 1392875654794001 2556 "b2g" 2576 "Timer"
I/TaskTracer( 2556): 0 11063835755265 1392875654794093 11063835755264 5 11063835755264
I/TaskTracer( 2556): 4 11063835755265 0x4222a520
I/TaskTracer( 2556): 2 11063835755264 1392875654794245
I/TaskTracer( 2556): 1 11063835755265 1392875654794825 2556 "b2g" 2556 "main"
I/TaskTracer( 2556): 0 10977936410214 1392875654796015 11063835755264 5 11063835755265
I/TaskTracer( 2556): 4 10977936410214 0x422737f0
I/TaskTracer( 2556): 2 11063835755265 1392875654796626
I/TaskTracer( 2556): 1 10977936410214 1392875654796748 2556 "b2g" 2556 "main"
I/TaskTracer( 2556): 2 10977936410214 1392875654796992
I/TaskTracer( 2556): 0 11063835755266 1392875654853449 11063835755266 5 11063835755266
I/TaskTracer( 2556): 1 11063835755266 1392875654853571 2556 "b2g" 2576 "Timer"
I/TaskTracer( 2556): 0 11063835755267 1392875654853663 11063835755266 5 11063835755266
I/TaskTracer( 2556): 4 11063835755267 0x4222a520
I/TaskTracer( 2556): 2 11063835755266 1392875654853815
I/TaskTracer( 2556): 1 11063835755267 1392875654854426 2556 "b2g" 2556 "main"
I/TaskTracer( 2556): 2 11063835755267 1392875654854548
I/TaskTracer( 2633): 3 11308648890486 1392875654941553 "[nsFrameMessageManager::SendAsyncMessage] type:RIL:RegisterIccMsg"
I/TaskTracer( 2633): 3 11308648890486 1392875654951716 "[nsEventDispatcher::Dispatch] Event name: afterscriptexecute"
I/TaskTracer( 2633): 3 11308648890486 1392875654951991 "[nsEventDispatcher::Dispatch] Event name: load"
I/TaskTracer( 2633): 3 11308648890486 1392875654952662 "[nsEventDispatcher::Dispatch] Event name: beforescriptexecute"
I/TaskTracer( 2633): 3 11308648890486 1392875654956171 "[nsEventDispatcher::Dispatch] Event name: afterscriptexecute"
I/TaskTracer( 2633): 3 11308648890486 1392875654956843 "[nsEventDispatcher::Dispatch] Event name: load"
I/TaskTracer( 2633): 3 11308648890486 1392875654957392 "[nsEventDispatcher::Dispatch] Event name: beforescriptexecute"
I/TaskTracer( 2633): 3 11308648890486 1392875654959620 "[nsEventDispatcher::Dispatch] Event name: afterscriptexecute"
I/TaskTracer( 2633): 3 11308648890486 1392875654960200 "[nsEventDispatcher::Dispatch] Event name: load"
I/TaskTracer( 2633): 3 11308648890486 1392875654960688 "[nsEventDispatcher::Dispatch] Event name: beforescriptexecute"
I/TaskTracer( 2633): 3 11308648890486 1392875654962061 "[nsEventDispatcher::Dispatch] Event name: afterscriptexecute"
I/TaskTracer( 2633): 3 11308648890486 1392875654962672 "[nsEventDispatcher::Dispatch] Event name: load"
I/TaskTracer( 2633): 3 11308648890486 1392875654963190 "[nsEventDispatcher::Dispatch] Event name: beforescriptexecute"
I/TaskTracer( 2633): 3 11308648890486 1392875654967310 "[nsEventDispatcher::Dispatch] Event name: afterscriptexecute"
I/TaskTracer( 2633): 3 11308648890486 1392875654967951 "[nsEventDispatcher::Dispatch] Event name: load"
I/TaskTracer( 2633): 3 11308648890486 1392875654968501 "[nsEventDispatcher::Dispatch] Event name: beforescriptexecute"
I/TaskTracer( 2633): 3 11308648890486 1392875654971095 "[nsEventDispatcher::Dispatch] Event name: afterscriptexecute"
I/TaskTracer( 2633): 3 11308648890486 1392875654971705 "[nsEventDispatcher::Dispatch] Event name: load"
