I/TaskTracer( 4029): 0 17390322582886 1392792333969386 17390322582886 5 17390322582886
I/TaskTracer( 4029): 1 17390322582886 1392792333969508 4029 "b2g" 4049 "Timer"
I/TaskTracer( 4029): 0 17390322582887 1392792333969599 17390322582886 5 17390322582886
I/TaskTracer( 4029): 4 17390322582887 0x421abe20
I/TaskTracer( 4029): 2 17390322582886 1392792333969752
I/TaskTracer( 4029): 1 17390322582887 1392792333970545 4029 "b2g" 4029 "main"
I/TaskTracer( 4029): 2 17411797418563 1392792333972529
I/TaskTracer( 4029): 0 17304423238122 1392792333979792 17390322582886 5 17390322582887
I/TaskTracer( 4029): 4 17304423238122 0x421bd7e0
I/TaskTracer( 4029): 1 17304423238122 1392792333980494 4029 "b2g" 4054 "Compositor"
I/TaskTracer( 4029): 0 17411797418566 1392792333981379 17390322582886 5 17304423238122
I/TaskTracer( 4029): 4 17411797418566 0x421d5660
I/TaskTracer( 4029): 2 17304423238122 1392792333981501
I/TaskTracer( 4029): 1 17411797418566 1392792333981593 4029 "b2g" 4054 "Compositor"
I/TaskTracer( 4029): 0 17411797418567 1392792333981684 17390322582886 5 17411797418566
I/TaskTracer( 4029): 4 17411797418567 0x421d53d0
I/TaskTracer( 4029): 0 17411797418568 1392792333981837 17390322582886 5 17411797418566
I/TaskTracer( 4029): 4 17411797418568 0x421d53d0
I/TaskTracer( 4029): 2 17390322582887 1392792333985133
I/TaskTracer( 4029): 0 17390322582888 1392792333986048 17390322582888 5 17390322582888
I/TaskTracer( 4029): 1 17390322582888 1392792333986170 4029 "b2g" 4049 "Timer"
I/TaskTracer( 4029): 0 17390322582889 1392792333986231 17390322582888 5 17390322582888
I/TaskTracer( 4029): 4 17390322582889 0x421abe20
I/TaskTracer( 4029): 2 17390322582888 1392792333986414
I/TaskTracer( 4029): 1 17390322582889 1392792333987696 4029 "b2g" 4029 "main"
I/TaskTracer( 4029): 2 17411797418566 1392792333991633
I/TaskTracer( 4029): 1 17411797418526 1392792333992152 4029 "b2g" 4054 "Compositor"
I/TaskTracer( 4029): 2 17411797418526 1392792333992640
I/TaskTracer( 4029): 1 17411797418527 1392792333993159 4029 "b2g" 4054 "Compositor"
I/TaskTracer( 4029): 2 17411797418527 1392792333993616
I/TaskTracer( 4029): 0 17304423238123 1392792333998896 17390322582888 5 17390322582889
I/TaskTracer( 4029): 1 17411797418530 1392792334000544 4029 "b2g" 4054 "Compositor"
I/TaskTracer( 4029): 2 17411797418530 1392792334000636
I/TaskTracer( 4029): 4 17304423238123 0x421bd7e0
I/TaskTracer( 4029): 1 17411797418531 1392792334001917 4029 "b2g" 4054 "Compositor"
I/TaskTracer( 4029): 2 17411797418531 1392792334001978
I/TaskTracer( 4029): 0 17390322582890 1392792334002406 17390322582890 5 17390322582890
I/TaskTracer( 4029): 1 17390322582890 1392792334002497 4029 "b2g" 4049 "Timer"
I/TaskTracer( 4029): 0 17390322582891 1392792334002558 17390322582890 5 17390322582890
I/TaskTracer( 4029): 4 17390322582891 0x421abe20
I/TaskTracer( 4029): 2 17390322582890 1392792334002680
I/TaskTracer( 4029): 0 17390322582892 1392792334003809 17390322582892 5 17390322582892
I/TaskTracer( 4029): 1 17390322582892 1392792334003901 4029 "b2g" 4049 "Timer"
I/TaskTracer( 4029): 0 17390322582893 1392792334003992 17390322582892 5 17390322582892
I/TaskTracer( 4029): 4 17390322582893 0x421abe20
I/TaskTracer( 4029): 2 17390322582892 1392792334004115
I/TaskTracer( 4029): 1 17304423238123 1392792334005366 4029 "b2g" 4054 "Compositor"
I/TaskTracer( 4029): 0 17411797418569 1392792334006129 17390322582888 5 17304423238123
I/TaskTracer( 4029): 4 17411797418569 0x421d5660
I/TaskTracer( 4029): 2 17304423238123 1392792334006251
I/TaskTracer( 4029): 1 17411797418569 1392792334006342 4029 "b2g" 4054 "Compositor"
I/TaskTracer( 4029): 0 17411797418570 1392792334006434 17390322582888 5 17411797418569
I/TaskTracer( 4029): 4 17411797418570 0x421d53d0
I/TaskTracer( 4029): 0 17411797418571 1392792334006586 17390322582888 5 17411797418569
I/TaskTracer( 4029): 4 17411797418571 0x421d53d0
I/TaskTracer( 4029): 2 17390322582889 1392792334011805
I/TaskTracer( 4029): 1 17390322582891 1392792334012019 4029 "b2g" 4029 "main"
I/TaskTracer( 4029): 2 17411797418569 1392792334014857
I/TaskTracer( 4029): 1 17411797418533 1392792334018580 4029 "b2g" 4054 "Compositor"
I/TaskTracer( 4029): 2 17411797418533 1392792334018671
I/TaskTracer( 4029): 0 17390322582894 1392792334019587 17390322582894 5 17390322582894
I/TaskTracer( 4029): 1 17390322582894 1392792334019678 4029 "b2g" 4049 "Timer"
I/TaskTracer( 4029): 0 17390322582895 1392792334019770 17390322582894 5 17390322582894
I/TaskTracer( 4029): 4 17390322582895 0x421abe20
I/TaskTracer( 4029): 2 17390322582894 1392792334019923
I/TaskTracer( 4029): 1 17411797418534 1392792334020808 4029 "b2g" 4054 "Compositor"
I/TaskTracer( 4029): 2 17411797418534 1392792334021204
I/TaskTracer( 4029): 0 17304423238124 1392792334030238 17390322582890 5 17390322582891
I/TaskTracer( 4029): 4 17304423238124 0x421bd7e0
I/TaskTracer( 4029): 1 17304423238124 1392792334031031 4029 "b2g" 4054 "Compositor"
I/TaskTracer( 4029): 0 17411797418572 1392792334031886 17390322582890 5 17304423238124
I/TaskTracer( 4029): 4 17411797418572 0x421d5660
I/TaskTracer( 4029): 2 17304423238124 1392792334032038
I/TaskTracer( 4029): 1 17411797418572 1392792334032099 4029 "b2g" 4054 "Compositor"
I/TaskTracer( 4029): 0 17411797418573 1392792334032221 17390322582890 5 17411797418572
I/TaskTracer( 4029): 4 17411797418573 0x421d53d0
I/TaskTracer( 4029): 0 17411797418574 1392792334032374 17390322582890 5 17411797418572
I/TaskTracer( 4029): 4 17411797418574 0x421d53d0
I/TaskTracer( 4029): 2 17390322582891 1392792334035456
I/TaskTracer( 4029): 1 17390322582893 1392792334036341 4029 "b2g" 4029 "main"
I/TaskTracer( 4029): 2 17390322582893 1392792334037012
I/TaskTracer( 4029): 1 17390322582895 1392792334037470 4029 "b2g" 4029 "main"
I/TaskTracer( 4029): 2 17411797418572 1392792334042048
I/TaskTracer( 4134): 0 17794049508051 1392792334042414 17794049508051 5 17794049508051
I/TaskTracer( 4134): 1 17794049508051 1392792334042506 4134 "(Preallocated app)" 4143 "Timer"
I/TaskTracer( 4134): 0 17794049508052 1392792334042567 17794049508051 5 17794049508051
I/TaskTracer( 4134): 4 17794049508052 0x41ba3e20
I/TaskTracer( 4134): 2 17794049508051 1392792334042689
I/TaskTracer( 4029): 1 17411797418536 1392792334043757 4029 "b2g" 4054 "Compositor"
I/TaskTracer( 4029): 2 17411797418536 1392792334043848
I/TaskTracer( 4029): 1 17411797418537 1392792334044306 4029 "b2g" 4054 "Compositor"
I/TaskTracer( 4029): 2 17411797418537 1392792334044367
I/TaskTracer( 4212): 0 18129056956527 1392792334045374 18129056956527 5 18129056956527
I/TaskTracer( 4212): 1 18129056956527 1392792334045466 4212 "(Preallocated app)" 4221 "Timer"
I/TaskTracer( 4212): 0 18129056956528 1392792334045527 18129056956527 5 18129056956527
I/TaskTracer( 4212): 4 18129056956528 0x41ba3e20
I/TaskTracer( 4212): 2 18129056956527 1392792334045679
I/TaskTracer( 4212): 1 18129056956528 1392792334045832 4212 "Built-in Keyboard" 4212 "main"
I/TaskTracer( 4212): 2 18129056956528 1392792334045893
I/TaskTracer( 4029): 1 17411797418539 1392792334051356 4029 "b2g" 4054 "Compositor"
I/TaskTracer( 4029): 2 17411797418539 1392792334051478
I/TaskTracer( 4029): 1 17411797418540 1392792334051539 4029 "b2g" 4054 "Compositor"
I/TaskTracer( 4029): 2 17411797418540 1392792334051600
I/TaskTracer( 4029): 0 17390322582896 1392792334052210 17390322582896 5 17390322582896
I/TaskTracer( 4029): 1 17390322582896 1392792334052271 4029 "b2g" 4049 "Timer"
I/TaskTracer( 4029): 0 17390322582897 1392792334052363 17390322582896 5 17390322582896
I/TaskTracer( 4029): 4 17390322582897 0x421abe20
I/TaskTracer( 4029): 2 17390322582896 1392792334052485
I/TaskTracer( 4029): 0 17304423238125 1392792334055323 17390322582894 5 17390322582895
I/TaskTracer( 4029): 4 17304423238125 0x421bd7e0
I/TaskTracer( 4029): 1 17304423238125 1392792334056361 4029 "b2g" 4054 "Compositor"
I/TaskTracer( 4029): 0 17411797418575 1392792334057185 17390322582894 5 17304423238125
I/TaskTracer( 4029): 4 17411797418575 0x421d5660
I/TaskTracer( 4029): 2 17304423238125 1392792334057307
I/TaskTracer( 4029): 1 17411797418575 1392792334057398 4029 "b2g" 4054 "Compositor"
I/TaskTracer( 4029): 0 17411797418576 1392792334057490 17390322582894 5 17411797418575
I/TaskTracer( 4029): 4 17411797418576 0x421d53d0
I/TaskTracer( 4029): 0 17411797418577 1392792334057642 17390322582894 5 17411797418575
I/TaskTracer( 4029): 4 17411797418577 0x421d53d0
I/TaskTracer( 4029): 2 17390322582895 1392792334060542
I/TaskTracer( 4029): 1 17390322582897 1392792334061304 4029 "b2g" 4029 "main"
I/TaskTracer( 4029): 2 17411797418575 1392792334065974
I/TaskTracer( 4029): 0 17390322582898 1392792334068964 17390322582898 5 17390322582898
I/TaskTracer( 4029): 1 17390322582898 1392792334069086 4029 "b2g" 4049 "Timer"
I/TaskTracer( 4029): 0 17390322582899 1392792334069147 17390322582898 5 17390322582898
I/TaskTracer( 4029): 4 17390322582899 0x421abe20
I/TaskTracer( 4029): 2 17390322582898 1392792334069300
I/TaskTracer( 4029): 0 17304423238126 1392792334071803 17390322582896 5 17390322582897
I/TaskTracer( 4134): 0 17755394802597 1392792334073847 17390322582868 5 17759689769539
I/TaskTracer( 4029): 4 17304423238126 0x421bd7e0
I/TaskTracer( 4029): 1 17304423238126 1392792334074885 4029 "b2g" 4054 "Compositor"
I/TaskTracer( 4029): 0 17411797418578 1392792334075709 17390322582896 5 17304423238126
I/TaskTracer( 4029): 4 17411797418578 0x421d5660
I/TaskTracer( 4029): 2 17304423238126 1392792334075861
I/TaskTracer( 4029): 1 17411797418543 1392792334075922 4029 "b2g" 4054 "Compositor"
I/TaskTracer( 4029): 2 17411797418543 1392792334075983
I/TaskTracer( 4029): 1 17411797418578 1392792334076044 4029 "b2g" 4054 "Compositor"
I/TaskTracer( 4029): 0 17411797418579 1392792334076136 17390322582896 5 17411797418578
I/TaskTracer( 4029): 4 17411797418579 0x421d53d0
I/TaskTracer( 4029): 0 17411797418580 1392792334076289 17390322582896 5 17411797418578
I/TaskTracer( 4029): 4 17411797418580 0x421d53d0
I/TaskTracer( 4029): 2 17390322582897 1392792334079157
I/TaskTracer( 4134): 4 17755394802597 0x41c71438
I/TaskTracer( 4029): 1 17390322582899 1392792334079859 4029 "b2g" 4029 "main"
I/TaskTracer( 4029): 2 17411797418578 1392792334084620
I/TaskTracer( 4029): 1 17411797418544 1392792334085261 4029 "b2g" 4054 "Compositor"
I/TaskTracer( 4029): 2 17411797418544 1392792334085474
I/TaskTracer( 4029): 0 17390322582900 1392792334086237 17390322582900 5 17390322582900
I/TaskTracer( 4029): 1 17390322582900 1392792334086329 4029 "b2g" 4049 "Timer"
I/TaskTracer( 4029): 0 17390322582901 1392792334086390 17390322582900 5 17390322582900
I/TaskTracer( 4029): 4 17390322582901 0x421abe20
I/TaskTracer( 4029): 2 17390322582900 1392792334086512
I/TaskTracer( 4029): 0 17304423238127 1392792334095148 17390322582898 5 17390322582899
I/TaskTracer( 4029): 4 17304423238127 0x421bd7e0
I/TaskTracer( 4029): 1 17304423238127 1392792334095942 4029 "b2g" 4054 "Compositor"
I/TaskTracer( 4029): 0 17411797418581 1392792334096827 17390322582898 5 17304423238127
I/TaskTracer( 4029): 4 17411797418581 0x421d5660
I/TaskTracer( 4029): 2 17304423238127 1392792334096980
I/TaskTracer( 4029): 1 17411797418546 1392792334097041 4029 "b2g" 4054 "Compositor"
I/TaskTracer( 4029): 2 17411797418546 1392792334097102
I/TaskTracer( 4029): 1 17411797418581 1392792334097163 4029 "b2g" 4054 "Compositor"
I/TaskTracer( 4029): 0 17411797418582 1392792334097254 17390322582898 5 17411797418581
I/TaskTracer( 4029): 4 17411797418582 0x421d53d0
I/TaskTracer( 4029): 0 17411797418583 1392792334097437 17390322582898 5 17411797418581
I/TaskTracer( 4029): 4 17411797418583 0x421d53d0
I/TaskTracer( 4029): 2 17390322582899 1392792334100459
I/TaskTracer( 4029): 1 17390322582901 1392792334101282 4029 "b2g" 4029 "main"
I/TaskTracer( 4029): 0 17390322582902 1392792334102900 17390322582902 5 17390322582902
I/TaskTracer( 4029): 1 17390322582902 1392792334103022 4029 "b2g" 4049 "Timer"
I/TaskTracer( 4029): 0 17390322582903 1392792334103083 17390322582902 5 17390322582902
I/TaskTracer( 4029): 4 17390322582903 0x421abe20
I/TaskTracer( 4029): 2 17390322582902 1392792334103999
I/TaskTracer( 4029): 2 17411797418581 1392792334105708
I/TaskTracer( 4029): 1 17411797418547 1392792334106196 4029 "b2g" 4054 "Compositor"
I/TaskTracer( 4029): 2 17411797418547 1392792334106623
I/TaskTracer( 4029): 0 17304423238128 1392792334110987 17390322582900 5 17390322582901
I/TaskTracer( 4029): 1 17411797418549 1392792334116389 4029 "b2g" 4054 "Compositor"
I/TaskTracer( 4029): 2 17411797418549 1392792334116480
I/TaskTracer( 4029): 1 17411797418550 1392792334116541 4029 "b2g" 4054 "Compositor"
I/TaskTracer( 4029): 2 17411797418550 1392792334116602
I/TaskTracer( 4029): 4 17304423238128 0x421bd7e0
I/TaskTracer( 4029): 1 17304423238128 1392792334117884 4029 "b2g" 4054 "Compositor"
I/TaskTracer( 4029): 0 17411797418584 1392792334118708 17390322582900 5 17304423238128
I/TaskTracer( 4029): 4 17411797418584 0x421d5660
I/TaskTracer( 4029): 2 17304423238128 1392792334118830
I/TaskTracer( 4029): 1 17411797418584 1392792334118922 4029 "b2g" 4054 "Compositor"
I/TaskTracer( 4029): 0 17411797418585 1392792334119013 17390322582900 5 17411797418584
I/TaskTracer( 4029): 4 17411797418585 0x421d53d0
I/TaskTracer( 4029): 0 17411797418586 1392792334119166 17390322582900 5 17411797418584
I/TaskTracer( 4029): 4 17411797418586 0x421d53d0
I/TaskTracer( 4029): 2 17390322582901 1392792334122248
I/TaskTracer( 4029): 1 17390322582903 1392792334123255 4029 "b2g" 4029 "main"
I/TaskTracer( 4029): 2 17411797418584 1392792334127589
I/TaskTracer( 4029): 1 17411797418552 1392792334133692 4029 "b2g" 4054 "Compositor"
I/TaskTracer( 4029): 2 17411797418552 1392792334133814
I/TaskTracer( 4029): 1 17411797418553 1392792334133875 4029 "b2g" 4054 "Compositor"
I/TaskTracer( 4029): 2 17411797418553 1392792334133936
I/TaskTracer( 4029): 0 17390322582904 1392792334135828 17390322582904 5 17390322582904
I/TaskTracer( 4029): 1 17390322582904 1392792334135950 4029 "b2g" 4049 "Timer"
I/TaskTracer( 4029): 0 17390322582905 1392792334136012 17390322582904 5 17390322582904
I/TaskTracer( 4029): 4 17390322582905 0x421abe20
I/TaskTracer( 4029): 2 17390322582904 1392792334136164
I/TaskTracer( 4029): 0 17390322582906 1392792334137324 17390322582906 5 17390322582906
I/TaskTracer( 4029): 1 17390322582906 1392792334137415 4029 "b2g" 4049 "Timer"
I/TaskTracer( 4029): 0 17390322582907 1392792334137476 17390322582906 5 17390322582906
I/TaskTracer( 4029): 4 17390322582907 0x421abe20
I/TaskTracer( 4029): 2 17390322582906 1392792334137598
I/TaskTracer( 4134): 0 17794049508053 1392792334138911 17794049508053 5 17794049508053
I/TaskTracer( 4134): 1 17794049508053 1392792334139002 4134 "(Preallocated app)" 4143 "Timer"
I/TaskTracer( 4134): 0 17794049508054 1392792334139094 17794049508053 5 17794049508053
I/TaskTracer( 4134): 4 17794049508054 0x41ba3e20
I/TaskTracer( 4134): 2 17794049508053 1392792334139216
I/TaskTracer( 4029): 0 17304423238129 1392792334138789 17390322582902 5 17390322582903
I/TaskTracer( 4029): 4 17304423238129 0x421bd7e0
I/TaskTracer( 4029): 1 17304423238129 1392792334140528 4029 "b2g" 4054 "Compositor"
I/TaskTracer( 4029): 0 17411797418587 1392792334141261 17390322582902 5 17304423238129
I/TaskTracer( 4029): 4 17411797418587 0x421d5660
I/TaskTracer( 4029): 2 17304423238129 1392792334141413
I/TaskTracer( 4029): 1 17411797418587 1392792334141474 4029 "b2g" 4054 "Compositor"
I/TaskTracer( 4029): 0 17411797418588 1392792334141566 17390322582902 5 17411797418587
I/TaskTracer( 4029): 4 17411797418588 0x421d53d0
I/TaskTracer( 4029): 0 17411797418589 1392792334141718 17390322582902 5 17411797418587
I/TaskTracer( 4029): 4 17411797418589 0x421d53d0
I/TaskTracer( 4029): 2 17390322582903 1392792334144831
I/TaskTracer( 4029): 1 17390322582905 1392792334145441 4029 "b2g" 4029 "main"
I/TaskTracer( 4134): 0 17794049508055 1392792334149439 17794049508055 5 17794049508055
I/TaskTracer( 4134): 1 17794049508055 1392792334149592 4134 "(Preallocated app)" 4143 "Timer"
I/TaskTracer( 4134): 0 17794049508056 1392792334149653 17794049508055 5 17794049508055
I/TaskTracer( 4134): 4 17794049508056 0x41ba3e20
I/TaskTracer( 4134): 2 17794049508055 1392792334149805
I/TaskTracer( 4029): 2 17411797418587 1392792334151392
I/TaskTracer( 4029): 1 17411797418555 1392792334151484 4029 "b2g" 4054 "Compositor"
I/TaskTracer( 4029): 2 17411797418555 1392792334151545
I/TaskTracer( 4029): 1 17411797418556 1392792334151637 4029 "b2g" 4054 "Compositor"
I/TaskTracer( 4029): 2 17411797418556 1392792334151698
I/TaskTracer( 4029): 0 17390322582908 1392792334152216 17390322582908 5 17390322582908
I/TaskTracer( 4029): 1 17390322582908 1392792334152308 4029 "b2g" 4049 "Timer"
I/TaskTracer( 4029): 0 17390322582909 1392792334152369 17390322582908 5 17390322582908
I/TaskTracer( 4029): 4 17390322582909 0x421abe20
I/TaskTracer( 4029): 2 17390322582908 1392792334152522
I/TaskTracer( 4134): 3 17759689769539 1392792334154505 "[nsEventDispatcher::Dispatch] Event name: MozScrolledAreaChanged"
I/TaskTracer( 4134): 0 17794049508057 1392792334156001 17794049508057 5 17794049508057
I/TaskTracer( 4134): 1 17794049508057 1392792334156092 4134 "(Preallocated app)" 4143 "Timer"
I/TaskTracer( 4134): 0 17794049508058 1392792334156153 17794049508057 5 17794049508057
I/TaskTracer( 4134): 4 17794049508058 0x41ba3e20
I/TaskTracer( 4134): 2 17794049508057 1392792334156275
I/TaskTracer( 4134): 0 17794049508059 1392792334157893 17794049508059 5 17794049508059
I/TaskTracer( 4134): 1 17794049508059 1392792334157984 4134 "(Preallocated app)" 4143 "Timer"
I/TaskTracer( 4134): 0 17794049508060 1392792334158076 17794049508059 5 17794049508059
I/TaskTracer( 4134): 4 17794049508060 0x41ba3e20
I/TaskTracer( 4134): 2 17794049508059 1392792334158167
I/TaskTracer( 4029): 0 17304423238130 1392792334160639 17390322582904 5 17390322582905
I/TaskTracer( 4029): 4 17304423238130 0x421bd7e0
I/TaskTracer( 4029): 1 17304423238130 1392792334163691 4029 "b2g" 4054 "Compositor"
I/TaskTracer( 4029): 0 17411797418590 1392792334164576 17390322582904 5 17304423238130
I/TaskTracer( 4029): 4 17411797418590 0x421d5660
I/TaskTracer( 4029): 2 17304423238130 1392792334164729
I/TaskTracer( 4029): 1 17411797418590 1392792334164790 4029 "b2g" 4054 "Compositor"
I/TaskTracer( 4029): 0 17411797418591 1392792334164881 17390322582904 5 17411797418590
I/TaskTracer( 4029): 4 17411797418591 0x421d53d0
I/TaskTracer( 4029): 0 17411797418592 1392792334165034 17390322582904 5 17411797418590
I/TaskTracer( 4029): 4 17411797418592 0x421d53d0
I/TaskTracer( 4029): 2 17390322582905 1392792334167994
I/TaskTracer( 4029): 1 17390322582907 1392792334169215 4029 "b2g" 4029 "main"
I/TaskTracer( 4029): 2 17390322582907 1392792334170069
I/TaskTracer( 4029): 1 17390322582909 1392792334170496 4029 "b2g" 4029 "main"
I/TaskTracer( 4029): 2 17411797418590 1392792334173457
I/TaskTracer( 4029): 1 17411797418558 1392792334174036 4029 "b2g" 4054 "Compositor"
I/TaskTracer( 4029): 2 17411797418558 1392792334174494
I/TaskTracer( 4029): 1 17411797418559 1392792334174921 4029 "b2g" 4054 "Compositor"
I/TaskTracer( 4029): 2 17411797418559 1392792334175379
I/TaskTracer( 4134): 0 17755394802598 1392792334177821 17390322582868 5 17759689769539
I/TaskTracer( 4029): 0 17304423238131 1392792334181544 17390322582908 5 17390322582909
I/TaskTracer( 4134): 4 17755394802598 0x41c6e8a0
I/TaskTracer( 4134): 3 17759689769539 1392792334182734 "[nsEventDispatcher::Dispatch] Event name: resize"
I/TaskTracer( 4029): 0 17390322582910 1392792334185572 17390322582910 5 17390322582910
I/TaskTracer( 4029): 1 17390322582910 1392792334185694 4029 "b2g" 4049 "Timer"
I/TaskTracer( 4029): 0 17390322582911 1392792334185755 17390322582910 5 17390322582910
I/TaskTracer( 4029): 4 17390322582911 0x421abe20
I/TaskTracer( 4029): 2 17390322582910 1392792334185908
I/TaskTracer( 4029): 4 17304423238131 0x421bd7e0
I/TaskTracer( 4029): 1 17304423238131 1392792334187220 4029 "b2g" 4054 "Compositor"
I/TaskTracer( 4029): 0 17411797418593 1392792334188074 17390322582908 5 17304423238131
I/TaskTracer( 4029): 4 17411797418593 0x421d5660
I/TaskTracer( 4029): 2 17304423238131 1392792334188197
I/TaskTracer( 4029): 1 17411797418593 1392792334188288 4029 "b2g" 4054 "Compositor"
I/TaskTracer( 4029): 0 17411797418594 1392792334188380 17390322582908 5 17411797418593
I/TaskTracer( 4029): 4 17411797418594 0x421d53d0
I/TaskTracer( 4029): 0 17411797418595 1392792334188532 17390322582908 5 17411797418593
I/TaskTracer( 4029): 4 17411797418595 0x421d53d0
I/TaskTracer( 4029): 2 17390322582909 1392792334191492
I/TaskTracer( 4029): 1 17390322582911 1392792334192072 4029 "b2g" 4029 "main"
I/TaskTracer( 4029): 2 17411797418593 1392792334196894
I/TaskTracer( 4029): 1 17411797418561 1392792334197504 4029 "b2g" 4054 "Compositor"
I/TaskTracer( 4029): 2 17411797418561 1392792334197962
I/TaskTracer( 4029): 1 17411797418562 1392792334198359 4029 "b2g" 4054 "Compositor"
I/TaskTracer( 4029): 2 17411797418562 1392792334198725
I/TaskTracer( 4029): 0 17390322582912 1392792334202296 17390322582912 5 17390322582912
I/TaskTracer( 4029): 1 17390322582912 1392792334202418 4029 "b2g" 4049 "Timer"
I/TaskTracer( 4029): 0 17390322582913 1392792334202479 17390322582912 5 17390322582912
I/TaskTracer( 4029): 4 17390322582913 0x421abe20
I/TaskTracer( 4029): 2 17390322582912 1392792334202631
I/TaskTracer( 4134): 0 17794049508061 1392792334204462 17794049508061 5 17794049508061
I/TaskTracer( 4134): 1 17794049508061 1392792334204585 4134 "(Preallocated app)" 4143 "Timer"
I/TaskTracer( 4134): 0 17794049508062 1392792334204646 17794049508061 5 17794049508061
I/TaskTracer( 4134): 4 17794049508062 0x41ba3e20
I/TaskTracer( 4134): 2 17794049508061 1392792334204768
I/TaskTracer( 4029): 0 17304423238132 1392792334206904 17390322582910 5 17390322582911
I/TaskTracer( 4029): 4 17304423238132 0x421bd7e0
I/TaskTracer( 4029): 1 17304423238132 1392792334212031 4029 "b2g" 4054 "Compositor"
I/TaskTracer( 4029): 0 17411797418596 1392792334212916 17390322582910 5 17304423238132
I/TaskTracer( 4029): 4 17411797418596 0x421d5660
I/TaskTracer( 4029): 2 17304423238132 1392792334213038
I/TaskTracer( 4029): 1 17411797418596 1392792334213709 4029 "b2g" 4054 "Compositor"
I/TaskTracer( 4029): 0 17411797418597 1392792334213862 17390322582910 5 17411797418596
I/TaskTracer( 4029): 4 17411797418597 0x421d53d0
I/TaskTracer( 4029): 0 17411797418598 1392792334214014 17390322582910 5 17411797418596
I/TaskTracer( 4029): 4 17411797418598 0x421d53d0
I/TaskTracer( 4029): 2 17390322582911 1392792334216853
I/TaskTracer( 4029): 1 17390322582913 1392792334217432 4029 "b2g" 4029 "main"
I/TaskTracer( 4029): 0 17390322582914 1392792334219263 17390322582914 5 17390322582914
I/TaskTracer( 4029): 1 17390322582914 1392792334219355 4029 "b2g" 4049 "Timer"
I/TaskTracer( 4029): 0 17390322582915 1392792334219965 17390322582914 5 17390322582914
I/TaskTracer( 4029): 4 17390322582915 0x421abe20
I/TaskTracer( 4029): 2 17390322582914 1392792334220209
I/TaskTracer( 4029): 2 17411797418596 1392792334222315
I/TaskTracer( 4212): 0 18129056956529 1392792334223872 18129056956529 5 18129056956529
I/TaskTracer( 4212): 1 18129056956529 1392792334223994 4212 "(Preallocated app)" 4221 "Timer"
I/TaskTracer( 4212): 0 18129056956530 1392792334224055 18129056956529 5 18129056956529
I/TaskTracer( 4212): 4 18129056956530 0x41ba3e20
I/TaskTracer( 4212): 2 18129056956529 1392792334224207
I/TaskTracer( 4212): 1 18129056956530 1392792334224726 4212 "Built-in Keyboard" 4212 "main"
I/TaskTracer( 4212): 2 18129056956530 1392792334224848
I/TaskTracer( 4029): 0 17304423238133 1392792334232661 17390322582912 5 17390322582913
I/TaskTracer( 4029): 4 17304423238133 0x421bd7e0
I/TaskTracer( 4029): 1 17304423238133 1392792334233454 4029 "b2g" 4054 "Compositor"
I/TaskTracer( 4029): 0 17411797418599 1392792334234339 17390322582912 5 17304423238133
I/TaskTracer( 4029): 4 17411797418599 0x421d5660
I/TaskTracer( 4029): 2 17304423238133 1392792334234492
I/TaskTracer( 4029): 1 17411797418599 1392792334234553 4029 "b2g" 4054 "Compositor"
I/TaskTracer( 4029): 0 17411797418600 1392792334234644 17390322582912 5 17411797418599
I/TaskTracer( 4029): 4 17411797418600 0x421d53d0
I/TaskTracer( 4029): 0 17411797418601 1392792334234827 17390322582912 5 17411797418599
I/TaskTracer( 4029): 4 17411797418601 0x421d53d0
I/TaskTracer( 4029): 2 17390322582913 1392792334237727
I/TaskTracer( 4029): 1 17390322582915 1392792334238306 4029 "b2g" 4029 "main"
I/TaskTracer( 4029): 2 17411797418599 1392792334243281
I/TaskTracer( 4029): 0 17304423238134 1392792334249903 17390322582914 5 17390322582915
I/TaskTracer( 4029): 0 17390322582916 1392792334252161 17390322582916 5 17390322582916
I/TaskTracer( 4029): 1 17390322582916 1392792334252253 4029 "b2g" 4049 "Timer"
I/TaskTracer( 4029): 0 17390322582917 1392792334252345 17390322582916 5 17390322582916
I/TaskTracer( 4029): 4 17390322582917 0x421abe20
I/TaskTracer( 4029): 2 17390322582916 1392792334252497
I/TaskTracer( 4029): 4 17304423238134 0x421bd7e0
I/TaskTracer( 4029): 1 17304423238134 1392792334253779 4029 "b2g" 4054 "Compositor"
I/TaskTracer( 4029): 0 17411797418602 1392792334254603 17390322582914 5 17304423238134
I/TaskTracer( 4029): 4 17411797418602 0x421d5660
I/TaskTracer( 4029): 2 17304423238134 1392792334254755
I/TaskTracer( 4029): 1 17411797418602 1392792334254816 4029 "b2g" 4054 "Compositor"
I/TaskTracer( 4029): 0 17411797418603 1392792334254908 17390322582914 5 17411797418602
I/TaskTracer( 4029): 4 17411797418603 0x421d53d0
I/TaskTracer( 4029): 0 17411797418604 1392792334255091 17390322582914 5 17411797418602
I/TaskTracer( 4029): 4 17411797418604 0x421d53d0
I/TaskTracer( 4029): 2 17390322582915 1392792334258051
I/TaskTracer( 4029): 1 17390322582917 1392792334258540 4029 "b2g" 4029 "main"
I/TaskTracer( 4029): 2 17411797418602 1392792334263483
I/TaskTracer( 4029): 1 17411797418564 1392792334264094 4029 "b2g" 4054 "Compositor"
I/TaskTracer( 4029): 2 17411797418564 1392792334264185
I/TaskTracer( 4029): 1 17411797418565 1392792334264735 4029 "b2g" 4054 "Compositor"
I/TaskTracer( 4029): 2 17411797418565 1392792334265131
I/TaskTracer( 4134): 2 17759689769539 1392792334268580
I/TaskTracer( 4029): 0 17390322582918 1392792334269312 17390322582918 5 17390322582918
I/TaskTracer( 4029): 1 17390322582918 1392792334269434 4029 "b2g" 4049 "Timer"
I/TaskTracer( 4029): 0 17390322582919 1392792334269495 17390322582918 5 17390322582918
I/TaskTracer( 4029): 4 17390322582919 0x421abe20
I/TaskTracer( 4029): 2 17390322582918 1392792334269617
I/TaskTracer( 4029): 0 17390322582920 1392792334270777 17390322582920 5 17390322582920
I/TaskTracer( 4029): 1 17390322582920 1392792334270869 4029 "b2g" 4049 "Timer"
I/TaskTracer( 4029): 0 17390322582921 1392792334270930 17390322582920 5 17390322582920
I/TaskTracer( 4029): 4 17390322582921 0x421abe20
I/TaskTracer( 4029): 2 17390322582920 1392792334271052
I/TaskTracer( 4029): 0 17304423238135 1392792334272883 17390322582916 5 17390322582917
I/TaskTracer( 4134): 2 17759689769540 1392792334273493
I/TaskTracer( 4134): 1 17755394802595 1392792334274043 4134 "Homescreen" 4134 "main"
I/TaskTracer( 4134): 2 17755394802595 1392792334274439
I/TaskTracer( 4134): 1 17794049508046 1392792334274866 4134 "Homescreen" 4134 "main"
I/TaskTracer( 4029): 4 17304423238135 0x421bd7e0
I/TaskTracer( 4029): 1 17304423238135 1392792334275843 4029 "b2g" 4054 "Compositor"
I/TaskTracer( 4029): 0 17411797418605 1392792334276545 17390322582916 5 17304423238135
I/TaskTracer( 4029): 4 17411797418605 0x421d5660
I/TaskTracer( 4029): 2 17304423238135 1392792334276698
I/TaskTracer( 4029): 1 17411797418605 1392792334276759 4029 "b2g" 4054 "Compositor"
I/TaskTracer( 4029): 0 17411797418606 1392792334276850 17390322582916 5 17411797418605
I/TaskTracer( 4029): 4 17411797418606 0x421d53d0
I/TaskTracer( 4029): 0 17411797418607 1392792334277033 17390322582916 5 17411797418605
I/TaskTracer( 4029): 4 17411797418607 0x421d53d0
I/TaskTracer( 4029): 2 17390322582917 1392792334280146
I/TaskTracer( 4134): 3 17794049508046 1392792334279688 "[nsEventDispatcher::Dispatch] Event name: underflow"
I/TaskTracer( 4029): 1 17390322582919 1392792334281580 4029 "b2g" 4029 "main"
I/TaskTracer( 4029): 2 17411797418605 1392792334285365
I/TaskTracer( 4029): 1 17411797418567 1392792334285487 4029 "b2g" 4054 "Compositor"
I/TaskTracer( 4029): 2 17411797418567 1392792334285548
I/TaskTracer( 4029): 1 17411797418568 1392792334285639 4029 "b2g" 4054 "Compositor"
I/TaskTracer( 4029): 2 17411797418568 1392792334285700
I/TaskTracer( 4029): 0 17390322582922 1392792334285822 17390322582922 5 17390322582922
I/TaskTracer( 4029): 1 17390322582922 1392792334285914 4029 "b2g" 4049 "Timer"
I/TaskTracer( 4029): 0 17390322582923 1392792334285975 17390322582922 5 17390322582922
I/TaskTracer( 4029): 4 17390322582923 0x421abe20
I/TaskTracer( 4029): 2 17390322582922 1392792334286127
I/TaskTracer( 4134): 0 17794049508063 1392792334290797 17794049508063 5 17794049508063
I/TaskTracer( 4134): 1 17794049508063 1392792334290919 4134 "(Preallocated app)" 4143 "Timer"
I/TaskTracer( 4134): 0 17794049508064 1392792334291010 17794049508063 5 17794049508063
I/TaskTracer( 4134): 4 17794049508064 0x41ba3e20
I/TaskTracer( 4134): 2 17794049508063 1392792334291132
I/TaskTracer( 4029): 0 17304423238136 1392792334298121 17390322582918 5 17390322582919
I/TaskTracer( 4029): 4 17304423238136 0x421bd7e0
I/TaskTracer( 4029): 1 17304423238136 1392792334298823 4029 "b2g" 4054 "Compositor"
I/TaskTracer( 4029): 0 17411797418608 1392792334299647 17390322582918 5 17304423238136
I/TaskTracer( 4029): 4 17411797418608 0x421d5660
I/TaskTracer( 4029): 2 17304423238136 1392792334299799
I/TaskTracer( 4029): 1 17411797418608 1392792334299860 4029 "b2g" 4054 "Compositor"
I/TaskTracer( 4029): 0 17411797418609 1392792334299952 17390322582918 5 17411797418608
I/TaskTracer( 4029): 4 17411797418609 0x421d53d0
I/TaskTracer( 4029): 0 17411797418610 1392792334300135 17390322582918 5 17411797418608
I/TaskTracer( 4029): 4 17411797418610 0x421d53d0
I/TaskTracer( 4029): 2 17390322582919 1392792334303858
I/TaskTracer( 4029): 1 17390322582921 1392792334304469 4029 "b2g" 4029 "main"
I/TaskTracer( 4029): 2 17390322582921 1392792334305018
I/TaskTracer( 4029): 1 17390322582923 1392792334305537 4029 "b2g" 4029 "main"
I/TaskTracer( 4029): 2 17411797418608 1392792334310206
I/TaskTracer( 4029): 1 17411797418570 1392792334310328 4029 "b2g" 4054 "Compositor"
I/TaskTracer( 4029): 2 17411797418570 1392792334310389
I/TaskTracer( 4029): 1 17411797418571 1392792334310480 4029 "b2g" 4054 "Compositor"
I/TaskTracer( 4029): 2 17411797418571 1392792334310542
I/TaskTracer( 4134): 0 17755394802599 1392792334312952 17794049508045 5 17794049508046
I/TaskTracer( 4134): 4 17755394802599 0x41bb5840
I/TaskTracer( 4134): 1 17755394802599 1392792334313960 4134 "Homescreen" 4135 "Chrome_ChildThread"
I/TaskTracer( 4134): 2 17755394802599 1392792334314051
I/TaskTracer( 4029): 0 17334488008119 1392792334314265 17794049508045 5 17755394802599
I/TaskTracer( 4029): 4 17334488008119 0x421bd7e0
I/TaskTracer( 4029): 1 17334488008119 1392792334314509 4029 "b2g" 4054 "Compositor"
I/TaskTracer( 4029): 0 17411797418611 1392792334315333 17794049508045 5 17334488008119
I/TaskTracer( 4029): 4 17411797418611 0x421d5660
I/TaskTracer( 4029): 0 17411797418612 1392792334315485 17794049508045 5 17334488008119
I/TaskTracer( 4029): 4 17411797418612 0x421bd840
I/TaskTracer( 4029): 2 17334488008119 1392792334315638
I/TaskTracer( 4029): 1 17411797418612 1392792334317011 4029 "b2g" 4036 "Gecko_IOThread"
I/TaskTracer( 4029): 2 17411797418612 1392792334317133
I/TaskTracer( 4029): 1 17411797418611 1392792334317774 4029 "b2g" 4054 "Compositor"
I/TaskTracer( 4029): 0 17411797418613 1392792334318262 17794049508045 5 17411797418611
I/TaskTracer( 4029): 4 17411797418613 0x421d53d0
I/TaskTracer( 4029): 0 17390322582924 1392792334319147 17390322582924 5 17390322582924
I/TaskTracer( 4029): 1 17390322582924 1392792334319270 4029 "b2g" 4049 "Timer"
I/TaskTracer( 4029): 0 17390322582925 1392792334319331 17390322582924 5 17390322582924
I/TaskTracer( 4029): 4 17390322582925 0x421abe20
I/TaskTracer( 4029): 2 17390322582924 1392792334319453
I/TaskTracer( 4029): 0 17411797418614 1392792334318659 17794049508045 5 17411797418611
I/TaskTracer( 4029): 4 17411797418614 0x421d53d0
I/TaskTracer( 4029): 0 17390322582926 1392792334322779 17390322582926 5 17390322582926
I/TaskTracer( 4029): 1 17390322582926 1392792334322871 4029 "b2g" 4049 "Timer"
I/TaskTracer( 4029): 0 17390322582927 1392792334322932 17390322582926 5 17390322582926
I/TaskTracer( 4029): 4 17390322582927 0x421abe20
I/TaskTracer( 4029): 2 17390322582926 1392792334323054
I/TaskTracer( 4134): 3 17794049508046 1392792334328028 "[nsEventDispatcher::Dispatch] Event name: MozAfterPaint"
I/TaskTracer( 4134): 2 17794049508046 1392792334329249
I/TaskTracer( 4134): 1 17794049508048 1392792334330378 4134 "Homescreen" 4134 "main"
I/TaskTracer( 4134): 2 17794049508048 1392792334331446
I/TaskTracer( 4029): 2 17411797418611 1392792334332667
I/TaskTracer( 4029): 1 17411797418573 1392792334332789 4029 "b2g" 4054 "Compositor"
I/TaskTracer( 4029): 2 17411797418573 1392792334332850
I/TaskTracer( 4029): 1 17411797418574 1392792334332911 4029 "b2g" 4054 "Compositor"
I/TaskTracer( 4029): 2 17411797418574 1392792334332972
I/TaskTracer( 4029): 0 17304423238137 1392792334335017 17390322582922 5 17390322582923
I/TaskTracer( 4134): 1 17794049508050 1392792334335505 4134 "Homescreen" 4134 "main"
I/TaskTracer( 4134): 2 17794049508050 1392792334336146
I/TaskTracer( 4029): 4 17304423238137 0x421bd7e0
I/TaskTracer( 4029): 1 17304423238137 1392792334337946 4029 "b2g" 4054 "Compositor"
I/TaskTracer( 4029): 0 17411797418615 1392792334338953 17390322582922 5 17304423238137
I/TaskTracer( 4029): 4 17411797418615 0x4228f6c8
I/TaskTracer( 4029): 0 17411797418616 1392792334339075 17390322582922 5 17304423238137
I/TaskTracer( 4029): 4 17411797418616 0x421bd980
I/TaskTracer( 4029): 0 17411797418617 1392792334339198 17390322582922 5 17304423238137
I/TaskTracer( 4029): 4 17411797418617 0x4228f710
I/TaskTracer( 4029): 0 17411797418618 1392792334339289 17390322582922 5 17304423238137
I/TaskTracer( 4029): 4 17411797418618 0x421bd980
I/TaskTracer( 4029): 0 17411797418619 1392792334339472 17390322582922 5 17304423238137
I/TaskTracer( 4029): 4 17411797418619 0x421d5660
I/TaskTracer( 4029): 2 17304423238137 1392792334339594
I/TaskTracer( 4029): 1 17411797418619 1392792334339655 4029 "b2g" 4054 "Compositor"
I/TaskTracer( 4029): 0 17411797418620 1392792334339747 17390322582922 5 17411797418619
I/TaskTracer( 4029): 4 17411797418620 0x421d53d0
I/TaskTracer( 4029): 0 17411797418621 1392792334339899 17390322582922 5 17411797418619
I/TaskTracer( 4029): 4 17411797418621 0x421d53d0
I/TaskTracer( 4134): 1 17755394802596 1392792334337641 4134 "Homescreen" 4134 "main"
I/TaskTracer( 4134): 2 17755394802596 1392792334345698
I/TaskTracer( 4134): 1 17794049508052 1392792334346857 4134 "Homescreen" 4134 "main"
I/TaskTracer( 4134): 2 17794049508052 1392792334348170
I/TaskTracer( 4134): 1 17755394802597 1392792334348261 4134 "Homescreen" 4134 "main"
I/TaskTracer( 4134): 2 17755394802597 1392792334348322
I/TaskTracer( 4134): 1 17794049508054 1392792334348383 4134 "Homescreen" 4134 "main"
I/TaskTracer( 4134): 3 17794049508054 1392792334348505 "[nsCaret::DrawAtPositionWithHint] SchedulePaint to caret frame."
I/TaskTracer( 4134): 2 17794049508054 1392792334348566
I/TaskTracer( 4134): 1 17794049508056 1392792334348627 4134 "Homescreen" 4134 "main"
I/TaskTracer( 4029): 3 17390322582923 1392792334348872 "[nsEventDispatcher::Dispatch] Event name: MozAfterPaint"
I/TaskTracer( 4029): 3 17390322582923 1392792334348994 "[nsEventDispatcher::Dispatch] Event name: MozAfterPaint"
I/TaskTracer( 4029): 2 17390322582923 1392792334349116
I/TaskTracer( 4029): 1 17390322582925 1392792334349268 4029 "b2g" 4029 "main"
I/TaskTracer( 4134): 2 17794049508056 1392792334351466
I/TaskTracer( 4029): 0 17390322582928 1392792334352503 17390322582928 5 17390322582928
I/TaskTracer( 4029): 1 17390322582928 1392792334352595 4029 "b2g" 4049 "Timer"
I/TaskTracer( 4029): 0 17390322582929 1392792334352656 17390322582928 5 17390322582928
I/TaskTracer( 4029): 4 17390322582929 0x421abe20
I/TaskTracer( 4029): 2 17390322582928 1392792334352808
I/TaskTracer( 4134): 1 17794049508058 1392792334353297 4134 "Homescreen" 4134 "main"
I/TaskTracer( 4134): 2 17794049508058 1392792334354029
I/TaskTracer( 4134): 1 17794049508060 1392792334354884 4134 "Homescreen" 4134 "main"
I/TaskTracer( 4029): 2 17411797418619 1392792334355860
I/TaskTracer( 4134): 2 17794049508060 1392792334356257
I/TaskTracer( 4134): 1 17755394802598 1392792334356348 4134 "Homescreen" 4134 "main"
I/TaskTracer( 4134): 2 17755394802598 1392792334356409
I/TaskTracer( 4134): 1 17794049508062 1392792334356470 4134 "Homescreen" 4134 "main"
I/TaskTracer( 4134): 2 17794049508062 1392792334358515
I/TaskTracer( 4134): 1 17794049508064 1392792334358912 4134 "Homescreen" 4134 "main"
I/TaskTracer( 4029): 1 17411797418576 1392792334363215 4029 "b2g" 4054 "Compositor"
I/TaskTracer( 4029): 2 17411797418576 1392792334363306
I/TaskTracer( 4029): 1 17411797418577 1392792334363367 4029 "b2g" 4054 "Compositor"
I/TaskTracer( 4029): 2 17411797418577 1392792334363428
I/TaskTracer( 4029): 2 17390322582925 1392792334373194
I/TaskTracer( 4134): 0 17794049508065 1392792334374201 17794049508065 5 17794049508065
I/TaskTracer( 4134): 1 17794049508065 1392792334374293 4134 "(Preallocated app)" 4143 "Timer"
I/TaskTracer( 4134): 0 17794049508066 1392792334374384 17794049508065 5 17794049508065
I/TaskTracer( 4134): 4 17794049508066 0x41ba3e20
I/TaskTracer( 4134): 2 17794049508065 1392792334374506
I/TaskTracer( 4029): 1 17411797418579 1392792334376368 4029 "b2g" 4054 "Compositor"
I/TaskTracer( 4029): 2 17411797418579 1392792334376459
I/TaskTracer( 4029): 1 17411797418580 1392792334376521 4029 "b2g" 4054 "Compositor"
I/TaskTracer( 4029): 2 17411797418580 1392792334376582
I/TaskTracer( 4029): 1 17390322582927 1392792334377955 4029 "b2g" 4029 "main"
I/TaskTracer( 4029): 2 17390322582927 1392792334378168
I/TaskTracer( 4029): 1 17411797418616 1392792334378260 4029 "b2g" 4029 "main"
I/TaskTracer( 4029): 1 17411797418615 1392792334378352 4029 "b2g" 4029 "main"
I/TaskTracer( 4029): 0 17304423238138 1392792334378413 17390322582922 5 17411797418615
I/TaskTracer( 4029): 4 17304423238138 0x42201360
I/TaskTracer( 4029): 2 17411797418615 1392792334378565
I/TaskTracer( 4029): 2 17411797418616 1392792334378596
I/TaskTracer( 4029): 1 17411797418618 1392792334378687 4029 "b2g" 4029 "main"
I/TaskTracer( 4029): 1 17411797418617 1392792334378748 4029 "b2g" 4029 "main"
I/TaskTracer( 4029): 0 17304423238139 1392792334378840 17390322582922 5 17411797418617
I/TaskTracer( 4029): 4 17304423238139 0x421bd840
I/TaskTracer( 4029): 1 17304423238139 1392792334379023 4029 "b2g" 4036 "Gecko_IOThread"
I/TaskTracer( 4029): 2 17304423238139 1392792334379115
I/TaskTracer( 4134): 0 17759689769541 1392792334379267 17390322582922 5 17304423238139
I/TaskTracer( 4134): 4 17759689769541 0x41bb57e0
I/TaskTracer( 4134): 0 17759689769542 1392792334379389 17390322582922 5 17304423238139
I/TaskTracer( 4134): 4 17759689769542 0x41bb5980
I/TaskTracer( 4029): 2 17411797418617 1392792334384669
I/TaskTracer( 4029): 2 17411797418618 1392792334384852
I/TaskTracer( 4029): 1 17390322582929 1392792334384943 4029 "b2g" 4029 "main"
I/TaskTracer( 4029): 0 17390322582930 1392792334386195 17390322582930 5 17390322582930
I/TaskTracer( 4029): 1 17390322582930 1392792334386286 4029 "b2g" 4049 "Timer"
I/TaskTracer( 4029): 0 17390322582931 1392792334386347 17390322582930 5 17390322582930
I/TaskTracer( 4029): 4 17390322582931 0x421abe20
I/TaskTracer( 4029): 2 17390322582930 1392792334386469
I/TaskTracer( 4029): 2 17390322582929 1392792334392054
I/TaskTracer( 4029): 1 17411797418582 1392792334397761 4029 "b2g" 4054 "Compositor"
I/TaskTracer( 4029): 2 17411797418582 1392792334397822
I/TaskTracer( 4029): 1 17411797418583 1392792334397913 4029 "b2g" 4054 "Compositor"
I/TaskTracer( 4029): 2 17411797418583 1392792334397944
I/TaskTracer( 4029): 1 17304423238138 1392792334398920 4029 "b2g" 4029 "main"
I/TaskTracer( 4029): 3 17304423238138 1392792334399683 "[nsEventDispatcher::Dispatch] Event name: (null)"
I/TaskTracer( 4029): 2 17304423238138 1392792334400141
I/TaskTracer( 4029): 1 17390322582931 1392792334400629 4029 "b2g" 4029 "main"
I/TaskTracer( 4029): 0 17390322582932 1392792334402186 17390322582932 5 17390322582932
I/TaskTracer( 4029): 1 17390322582932 1392792334402277 4029 "b2g" 4049 "Timer"
I/TaskTracer( 4029): 0 17390322582933 1392792334402338 17390322582932 5 17390322582932
I/TaskTracer( 4029): 4 17390322582933 0x421abe20
I/TaskTracer( 4029): 2 17390322582932 1392792334402491
I/TaskTracer( 4029): 0 17390322582934 1392792334405817 17390322582934 5 17390322582934
I/TaskTracer( 4029): 1 17390322582934 1392792334405909 4029 "b2g" 4049 "Timer"
I/TaskTracer( 4029): 0 17390322582935 1392792334406001 17390322582934 5 17390322582934
I/TaskTracer( 4029): 4 17390322582935 0x421abe20
I/TaskTracer( 4029): 2 17390322582934 1392792334406123
I/TaskTracer( 4029): 2 17390322582931 1392792334409327
I/TaskTracer( 4134): 0 17755394802601 1392792334410334 17794049508063 5 17794049508064
I/TaskTracer( 4134): 4 17755394802601 0x41bb5840
I/TaskTracer( 4134): 1 17755394802601 1392792334411585 4134 "Homescreen" 4135 "Chrome_ChildThread"
I/TaskTracer( 4134): 2 17755394802601 1392792334411738
I/TaskTracer( 4029): 0 17334488008120 1392792334411890 17794049508063 5 17755394802601
I/TaskTracer( 4029): 4 17334488008120 0x421bd7e0
I/TaskTracer( 4029): 1 17334488008120 1392792334412165 4029 "b2g" 4054 "Compositor"
I/TaskTracer( 4029): 0 17411797418622 1392792334414759 17794049508063 5 17334488008120
I/TaskTracer( 4029): 4 17411797418622 0x421d5660
I/TaskTracer( 4029): 0 17411797418623 1392792334414942 17794049508063 5 17334488008120
I/TaskTracer( 4029): 4 17411797418623 0x421bd840
I/TaskTracer( 4029): 1 17411797418623 1392792334415125 4029 "b2g" 4036 "Gecko_IOThread"
I/TaskTracer( 4029): 2 17411797418623 1392792334415247
I/TaskTracer( 4029): 2 17334488008120 1392792334416041
I/TaskTracer( 4029): 1 17411797418622 1392792334416163 4029 "b2g" 4054 "Compositor"
I/TaskTracer( 4029): 0 17411797418624 1392792334416682 17794049508063 5 17411797418622
I/TaskTracer( 4029): 4 17411797418624 0x421d53d0
I/TaskTracer( 4029): 0 17411797418625 1392792334417872 17794049508063 5 17411797418622
I/TaskTracer( 4029): 4 17411797418625 0x421d53d0
I/TaskTracer( 4029): 1 17390322582933 1392792334421290 4029 "b2g" 4029 "main"
I/TaskTracer( 4134): 3 17794049508064 1392792334422877 "[nsEventDispatcher::Dispatch] Event name: MozAfterPaint"
I/TaskTracer( 4134): 2 17794049508064 1392792334424158
I/TaskTracer( 4029): 2 17411797418622 1392792334427271
I/TaskTracer( 4029): 1 17411797418585 1392792334427851 4029 "b2g" 4054 "Compositor"
I/TaskTracer( 4029): 2 17411797418585 1392792334428431
I/TaskTracer( 4029): 1 17411797418586 1392792334428858 4029 "b2g" 4054 "Compositor"
I/TaskTracer( 4029): 2 17411797418586 1392792334429255
I/TaskTracer( 4134): 1 17794049508066 1392792334430293 4134 "Homescreen" 4134 "main"
I/TaskTracer( 4134): 2 17794049508066 1392792334431055
I/TaskTracer( 4134): 1 17759689769542 1392792334431544 4134 "Homescreen" 4134 "main"
I/TaskTracer( 4134): 1 17759689769541 1392792334432185 4134 "Homescreen" 4134 "main"
I/TaskTracer( 4134): 2 17759689769541 1392792334434290
I/TaskTracer( 4029): 0 17390322582936 1392792334436152 17390322582936 5 17390322582936
I/TaskTracer( 4029): 1 17390322582936 1392792334436274 4029 "b2g" 4049 "Timer"
I/TaskTracer( 4029): 0 17390322582937 1392792334436854 17390322582936 5 17390322582936
I/TaskTracer( 4029): 4 17390322582937 0x421abe20
I/TaskTracer( 4029): 2 17390322582936 1392792334437037
I/TaskTracer( 4134): 2 17759689769542 1392792334437647
I/TaskTracer( 4029): 2 17390322582933 1392792334439967
I/TaskTracer( 4029): 1 17390322582935 1392792334440546 4029 "b2g" 4029 "main"
I/TaskTracer( 4029): 2 17390322582935 1392792334441004
I/TaskTracer( 4029): 1 17390322582937 1392792334441431 4029 "b2g" 4029 "main"
I/TaskTracer( 4029): 1 17411797418588 1392792334441859 4029 "b2g" 4054 "Compositor"
I/TaskTracer( 4029): 2 17411797418588 1392792334441920
I/TaskTracer( 4029): 1 17411797418589 1392792334441981 4029 "b2g" 4054 "Compositor"
I/TaskTracer( 4029): 2 17411797418589 1392792334442042
I/TaskTracer( 4029): 2 17390322582937 1392792334446894
I/TaskTracer( 4134): 0 17794049508067 1392792334449152 17794049508067 5 17794049508067
I/TaskTracer( 4134): 1 17794049508067 1392792334449274 4134 "(Preallocated app)" 4143 "Timer"
I/TaskTracer( 4134): 0 17794049508068 1392792334449335 17794049508067 5 17794049508067
I/TaskTracer( 4134): 4 17794049508068 0x41ba3e20
I/TaskTracer( 4134): 2 17794049508067 1392792334449488
I/TaskTracer( 4134): 0 17794049508069 1392792334449549 17794049508069 5 17794049508069
I/TaskTracer( 4134): 1 17794049508069 1392792334449610 4134 "(Preallocated app)" 4143 "Timer"
I/TaskTracer( 4134): 0 17794049508070 1392792334449671 17794049508069 5 17794049508069
I/TaskTracer( 4134): 4 17794049508070 0x41ba3e20
I/TaskTracer( 4134): 2 17794049508069 1392792334449793
I/TaskTracer( 4134): 1 17794049508068 1392792334449915 4134 "Homescreen" 4134 "main"
I/TaskTracer( 4134): 2 17794049508068 1392792334450007
I/TaskTracer( 4134): 1 17794049508070 1392792334450098 4134 "Homescreen" 4134 "main"
I/TaskTracer( 4029): 0 17390322582938 1392792334452876 17390322582938 5 17390322582938
I/TaskTracer( 4029): 1 17390322582938 1392792334452998 4029 "b2g" 4049 "Timer"
I/TaskTracer( 4029): 0 17390322582939 1392792334453059 17390322582938 5 17390322582938
I/TaskTracer( 4029): 4 17390322582939 0x421abe20
I/TaskTracer( 4029): 2 17390322582938 1392792334454646
I/TaskTracer( 4029): 1 17390322582939 1392792334455561 4029 "b2g" 4029 "main"
I/TaskTracer( 4029): 2 17390322582939 1392792334460413
I/TaskTracer( 4134): 0 17755394802602 1392792334464167 17794049508069 5 17794049508070
I/TaskTracer( 4029): 1 17411797418591 1392792334465144 4029 "b2g" 4054 "Compositor"
I/TaskTracer( 4029): 2 17411797418591 1392792334465235
I/TaskTracer( 4029): 1 17411797418592 1392792334465266 4029 "b2g" 4054 "Compositor"
I/TaskTracer( 4029): 2 17411797418592 1392792334465327
I/TaskTracer( 4134): 4 17755394802602 0x41bb5840
I/TaskTracer( 4134): 1 17755394802602 1392792334466364 4134 "Homescreen" 4135 "Chrome_ChildThread"
I/TaskTracer( 4134): 2 17755394802602 1392792334466486
I/TaskTracer( 4029): 0 17334488008121 1392792334466639 17794049508069 5 17755394802602
I/TaskTracer( 4029): 4 17334488008121 0x421bd7e0
I/TaskTracer( 4134): 0 17794049508071 1392792334467219 17794049508071 5 17794049508071
I/TaskTracer( 4134): 1 17794049508071 1392792334467310 4134 "(Preallocated app)" 4143 "Timer"
I/TaskTracer( 4134): 0 17794049508072 1392792334467371 17794049508071 5 17794049508071
I/TaskTracer( 4134): 4 17794049508072 0x41ba3e20
I/TaskTracer( 4134): 2 17794049508071 1392792334467524
I/TaskTracer( 4029): 1 17334488008121 1392792334467799 4029 "b2g" 4054 "Compositor"
I/TaskTracer( 4029): 0 17411797418626 1392792334468562 17794049508069 5 17334488008121
I/TaskTracer( 4029): 4 17411797418626 0x421d5660
I/TaskTracer( 4029): 0 17411797418627 1392792334468714 17794049508069 5 17334488008121
I/TaskTracer( 4029): 4 17411797418627 0x421bd840
I/TaskTracer( 4029): 1 17411797418627 1392792334468897 4029 "b2g" 4036 "Gecko_IOThread"
I/TaskTracer( 4029): 2 17411797418627 1392792334468989
I/TaskTracer( 4029): 0 17390322582940 1392792334469172 17390322582940 5 17390322582940
I/TaskTracer( 4029): 1 17390322582940 1392792334469233 4029 "b2g" 4049 "Timer"
I/TaskTracer( 4029): 0 17390322582941 1392792334469294 17390322582940 5 17390322582940
I/TaskTracer( 4029): 4 17390322582941 0x421abe20
I/TaskTracer( 4029): 2 17390322582940 1392792334469447
I/TaskTracer( 4029): 2 17334488008121 1392792334471003
I/TaskTracer( 4029): 1 17411797418626 1392792334471125 4029 "b2g" 4054 "Compositor"
I/TaskTracer( 4029): 0 17411797418628 1392792334471613 17794049508069 5 17411797418626
I/TaskTracer( 4029): 4 17411797418628 0x421d53d0
I/TaskTracer( 4029): 0 17411797418629 1392792334472437 17794049508069 5 17411797418626
I/TaskTracer( 4029): 4 17411797418629 0x421d53d0
I/TaskTracer( 4029): 1 17390322582941 1392792334475794 4029 "b2g" 4029 "main"
I/TaskTracer( 4134): 2 17794049508070 1392792334477473
I/TaskTracer( 4029): 2 17411797418626 1392792334481470
I/TaskTracer( 4134): 1 17794049508072 1392792334482630 4134 "Homescreen" 4134 "main"
I/TaskTracer( 4134): 2 17794049508072 1392792334483759
I/TaskTracer( 4029): 0 17390322582942 1392792334486262 17390322582942 5 17390322582942
I/TaskTracer( 4029): 1 17390322582942 1392792334486384 4029 "b2g" 4049 "Timer"
I/TaskTracer( 4029): 0 17390322582943 1392792334486445 17390322582942 5 17390322582942
I/TaskTracer( 4029): 4 17390322582943 0x421abe20
I/TaskTracer( 4029): 2 17390322582942 1392792334486597
I/TaskTracer( 4029): 1 17411797418594 1392792334488673 4029 "b2g" 4054 "Compositor"
I/TaskTracer( 4029): 2 17411797418594 1392792334488764
I/TaskTracer( 4029): 1 17411797418595 1392792334488825 4029 "b2g" 4054 "Compositor"
I/TaskTracer( 4029): 2 17411797418595 1392792334488856
I/TaskTracer( 4029): 2 17390322582941 1392792334489863
I/TaskTracer( 4029): 1 17390322582943 1392792334490321 4029 "b2g" 4029 "main"
I/TaskTracer( 4029): 2 17390322582943 1392792334495081
I/TaskTracer( 4029): 0 17390322582944 1392792334501978 17390322582944 5 17390322582944
I/TaskTracer( 4029): 1 17390322582944 1392792334502070 4029 "b2g" 4049 "Timer"
I/TaskTracer( 4029): 0 17390322582945 1392792334502131 17390322582944 5 17390322582944
I/TaskTracer( 4029): 4 17390322582945 0x421abe20
I/TaskTracer( 4029): 2 17390322582944 1392792334502283
I/TaskTracer( 4029): 1 17390322582945 1392792334502924 4029 "b2g" 4029 "main"
I/TaskTracer( 4029): 2 17390322582945 1392792334507563
I/TaskTracer( 4029): 1 17411797418597 1392792334514094 4029 "b2g" 4054 "Compositor"
I/TaskTracer( 4029): 2 17411797418597 1392792334514185
I/TaskTracer( 4029): 1 17411797418598 1392792334514246 4029 "b2g" 4054 "Compositor"
I/TaskTracer( 4029): 2 17411797418598 1392792334514307
