I/TaskTracer(13997): 3 60155311947783 1391658188581202
I/TaskTracer(13789): 4 59257663784600 1391658188596339 "[nsFrameMessageManager::SendAsyncMessage] type:Settings:Change:Return:OK"
I/TaskTracer(13789): 4 59257663784600 1391658188596766 "[nsFrameMessageManager::SendAsyncMessage] type:Settings:Change:Return:OK"
I/TaskTracer(13789): 4 59257663784600 1391658188598231 "[nsFrameMessageManager::SendAsyncMessage] type:Settings:Change:Return:OK"
I/TaskTracer(13789): 4 59257663784600 1391658188599512 "[nsFrameMessageManager::SendAsyncMessage] type:Settings:Change:Return:OK"
I/TaskTracer(13789): 4 59257663784600 1391658188600611 "[nsFrameMessageManager::SendAsyncMessage] type:Settings:Change:Return:OK"
I/TaskTracer(13789): 2 59292023521410 1391658188623652 13789 13789
I/TaskTracer(13789): 1 59223304047164 1391658188624171 59292023521409 8 59292023521410
I/TaskTracer(13789): 5 59223304047164 0x4218ef28
I/TaskTracer(13789): 2 59223304047164 1391658188625788 13789 13805
I/TaskTracer(13789): 1 59292023521411 1391658188625941 59292023521411 8 59292023521411
I/TaskTracer(13789): 2 59292023521411 1391658188626063 13789 13805
I/TaskTracer(13789): 4 59292023521411 1391658188626124 "wlan0 CTRL-EVENT-STATE-CHANGE id=0 state=0 BSSID=00:00:00:00:00:00"
I/TaskTracer(13789): 1 59292023521412 1391658188626215 59292023521411 8 59292023521411
I/TaskTracer(13789): 5 59292023521412 0x4218ef48
I/TaskTracer(13789): 3 59292023521411 1391658188626368
I/TaskTracer(13789): 3 59223304047164 1391658188626398
I/TaskTracer(13789): 3 59292023521410 1391658188628138
I/TaskTracer(13789): 2 59292023521412 1391658188677119 13789 13789
I/TaskTracer(13789): 4 59292023521412 1391658188678126 "[nsFrameMessageManager::SendAsyncMessage] type:WifiManager:ondisconnect"
I/TaskTracer(13789): 1 59223304047168 1391658188678919 59292023521411 8 59292023521412
I/TaskTracer(13789): 5 59223304047168 0x421be8c0
I/TaskTracer(13789): 4 59292023521412 1391658188681269 "[nsFrameMessageManager::SendAsyncMessage] type:WifiManager:ondisconnect"
I/TaskTracer(13789): 1 59223304047169 1391658188681910 59292023521411 8 59292023521412
I/TaskTracer(13789): 5 59223304047169 0x421664e8
I/TaskTracer(13789): 2 59223304047169 1391658188683894 13789 13797
I/TaskTracer(13789): 3 59223304047169 1391658188684138
I/TaskTracer(13974): 1 60030757896528 1391658188684290 59292023521411 8 59223304047169
I/TaskTracer(13974): 5 60030757896528 0x41bb4488
I/TaskTracer(13974): 1 60030757896529 1391658188685175 59292023521411 8 59223304047169
I/TaskTracer(13974): 5 60030757896529 0x41bb4628
I/TaskTracer(13789): 1 59223304047170 1391658188686945 59292023521411 8 59292023521412
I/TaskTracer(13789): 5 59223304047170 0x4218ef68
I/TaskTracer(13789): 2 59223304047170 1391658188690150 13789 13806
I/TaskTracer(13789): 1 59296318488692 1391658188690913 59292023521411 8 59223304047170
I/TaskTracer(13789): 5 59296318488692 0x4218ef88
I/TaskTracer(13789): 3 59223304047170 1391658188691065
I/TaskTracer(13789): 1 59223304047171 1391658188695429 59292023521411 8 59292023521412
I/TaskTracer(13789): 5 59223304047171 0x4218ef68
I/TaskTracer(13789): 2 59223304047171 1391658188696406 13789 13806
I/TaskTracer(13789): 1 59223304047172 1391658188703120 59292023521411 8 59292023521412
I/TaskTracer(13789): 5 59223304047172 0x421664e8
I/TaskTracer(13789): 2 59223304047172 1391658188704829 13789 13797
I/TaskTracer(13789): 3 59223304047172 1391658188704981
I/TaskTracer(13789): 1 59223304047173 1391658188705103 59292023521411 8 59292023521412
I/TaskTracer(13789): 5 59223304047173 0x421664e8
I/TaskTracer(13789): 2 59223304047173 1391658188705256 13789 13797
I/TaskTracer(13789): 3 59223304047173 1391658188705347
I/TaskTracer(13789): 1 59223304047174 1391658188705439 59292023521411 8 59292023521412
I/TaskTracer(13789): 5 59223304047174 0x421664e8
I/TaskTracer(13789): 2 59223304047174 1391658188705561 13789 13797
I/TaskTracer(13789): 3 59223304047174 1391658188705653
I/TaskTracer(13789): 1 59223304047175 1391658188705744 59292023521411 8 59292023521412
I/TaskTracer(13789): 5 59223304047175 0x421664e8
I/TaskTracer(13789): 2 59223304047175 1391658188705866 13789 13797
I/TaskTracer(13789): 3 59223304047175 1391658188705958
I/TaskTracer(13789): 1 59223304047176 1391658188706049 59292023521411 8 59292023521412
I/TaskTracer(13789): 5 59223304047176 0x421664e8
I/TaskTracer(13789): 2 59223304047176 1391658188706171 13789 13797
I/TaskTracer(13789): 3 59223304047176 1391658188706263
I/TaskTracer(13789): 1 59223304047177 1391658188708949 59292023521411 8 59292023521412
I/TaskTracer(13789): 5 59223304047177 0x421b30c8
I/TaskTracer(13789): 2 59223304047177 1391658188709223 13789 13807
I/TaskTracer(13789): 3 59223304047177 1391658188709345
I/TaskTracer(13789): 1 59223304047178 1391658188709498 59292023521411 8 59292023521412
I/TaskTracer(13789): 5 59223304047178 0x421b30c8
I/TaskTracer(13789): 2 59223304047178 1391658188709650 13789 13810
I/TaskTracer(13789): 3 59223304047178 1391658188709742
I/TaskTracer(13789): 1 59223304047179 1391658188710596 59292023521411 8 59292023521412
I/TaskTracer(13789): 5 59223304047179 0x4218ef28
I/TaskTracer(13789): 2 59223304047179 1391658188710780 13789 13805
I/TaskTracer(13789): 1 59292023521413 1391658188710902 59292023521413 8 59292023521413
I/TaskTracer(13789): 2 59292023521413 1391658188710993 13789 13805
I/TaskTracer(13789): 4 59292023521413 1391658188711054 "wlan0 CTRL-EVENT-BSS-REMOVED 0 3c:94:d5:7b:87:44"
I/TaskTracer(13789): 1 59292023521414 1391658188711115 59292023521413 8 59292023521413
I/TaskTracer(13789): 5 59292023521414 0x4218ef48
I/TaskTracer(13789): 3 59292023521413 1391658188711237
I/TaskTracer(13789): 3 59223304047179 1391658188711268
I/TaskTracer(13789): 3 59292023521412 1391658188711359
I/TaskTracer(13997): 1 60129542144020 1391658188714564 59292023521411 8 59223304047172
I/TaskTracer(13997): 5 60129542144020 0x41bb4488
I/TaskTracer(13997): 1 60129542144021 1391658188714686 59292023521411 8 59223304047172
I/TaskTracer(13997): 5 60129542144021 0x41bb4628
I/TaskTracer(13974): 1 60030757896530 1391658188714991 59292023521411 8 59223304047173
I/TaskTracer(13974): 5 60030757896530 0x41bb4488
I/TaskTracer(13974): 1 60030757896531 1391658188715144 59292023521411 8 59223304047173
I/TaskTracer(13974): 5 60030757896531 0x41bb4628
I/TaskTracer(13885): 1 59884729008208 1391658188715357 59292023521411 8 59223304047174
I/TaskTracer(13885): 5 59884729008208 0x41bb4488
I/TaskTracer(13885): 1 59884729008209 1391658188715479 59292023521411 8 59223304047174
I/TaskTracer(13885): 5 59884729008209 0x41bb4628
I/TaskTracer(13879): 1 59622736003430 1391658188715693 59292023521411 8 59223304047175
I/TaskTracer(13879): 5 59622736003430 0x41bb4488
I/TaskTracer(13879): 1 59622736003431 1391658188715815 59292023521411 8 59223304047175
I/TaskTracer(13879): 5 59622736003431 0x41bb4628
I/TaskTracer(13832): 1 59476707115108 1391658188716059 59292023521411 8 59223304047176
I/TaskTracer(13832): 5 59476707115108 0x41bb4488
I/TaskTracer(13832): 1 59476707115109 1391658188716181 59292023521411 8 59223304047176
I/TaskTracer(13832): 5 59476707115109 0x41bb4628
I/TaskTracer(13789): 1 59296318488693 1391658188728205 59292023521411 8 59223304047171
I/TaskTracer(13789): 5 59296318488693 0x4218ef88
I/TaskTracer(13789): 3 59223304047171 1391658188734980
I/TaskTracer(13997): 2 60129542144021 1391658188758418 13997 13997
I/TaskTracer(13789): 2 59223304047168 1391658188786372 13789 13789
I/TaskTracer(13789): 3 59223304047168 1391658188795741
I/TaskTracer(13789): 2 59296318488692 1391658188801478 13789 13789
I/TaskTracer(13789): 3 59296318488692 1391658188805659
I/TaskTracer(13789): 2 59292023521414 1391658188809595 13789 13789
I/TaskTracer(13789): 1 59223304047189 1391658188812434 59292023521413 8 59292023521414
I/TaskTracer(13789): 5 59223304047189 0x4218ef28
I/TaskTracer(13789): 2 59223304047189 1391658188813898 13789 13805
I/TaskTracer(13789): 1 59292023521415 1391658188814051 59292023521415 8 59292023521415
I/TaskTracer(13789): 2 59292023521415 1391658188814143 13789 13805
I/TaskTracer(13789): 4 59292023521415 1391658188814204 "wlan0 CTRL-EVENT-TERMINATING  - connection closed"
I/TaskTracer(13789): 1 59292023521416 1391658188814265 59292023521415 8 59292023521415
I/TaskTracer(13789): 5 59292023521416 0x4218ef48
I/TaskTracer(13789): 3 59292023521415 1391658188815424
I/TaskTracer(13789): 3 59223304047189 1391658188815485
I/TaskTracer(13789): 3 59292023521414 1391658188816645
I/TaskTracer(13997): 2 60129542144020 1391658188792811 13997 13997
I/TaskTracer(13997): 3 60129542144020 1391658188825343
I/TaskTracer(13997): 3 60129542144021 1391658188825617
I/TaskTracer(13789): 2 59296318488693 1391658188844202 13789 13789
I/TaskTracer(13789): 3 59296318488693 1391658188846125
I/TaskTracer(13789): 2 59292023521416 1391658188852930 13789 13789
I/TaskTracer(13789): 3 59292023521416 1391658188853449
I/TaskTracer(13789): 4 59296318488695 1391658188855189 "[nsFrameMessageManager::SendAsyncMessage] type:WifiManager:wifiDown"
I/TaskTracer(13789): 4 59296318488695 1391658188856593 "[nsFrameMessageManager::SendAsyncMessage] type:WifiManager:wifiDown"
I/TaskTracer(13974): 2 60030757896529 1391658188858332 13974 13974
I/TaskTracer(13974): 2 60030757896528 1391658188859583 13974 13974
I/TaskTracer(13885): 2 59884729008209 1391658188868952 13885 13885
I/TaskTracer(13974): 4 60030757896528 1391658188871455 "[nsFrameMessageManager::SendAsyncMessage] type:WifiManager:getNetworks"
I/TaskTracer(13974): 1 60017872995000 1391658188872462 59292023521411 8 60030757896528
I/TaskTracer(13974): 5 60017872995000 0x41bb44e8
I/TaskTracer(13974): 2 60017872995000 1391658188873988 13974 13977
I/TaskTracer(13974): 3 60017872995000 1391658188874140
I/TaskTracer(13789): 1 59257663784621 1391658188874262 59292023521411 8 60017872995000
I/TaskTracer(13789): 5 59257663784621 0x42166488
I/TaskTracer(13789): 1 59257663784622 1391658188874964 59292023521411 8 60017872995000
I/TaskTracer(13789): 5 59257663784622 0x42166628
I/TaskTracer(13789): 2 59257663784622 1391658188875239 13789 13789
I/TaskTracer(13789): 2 59257663784621 1391658188875300 13789 13789
I/TaskTracer(13789): 4 59257663784621 1391658188876429 "[nsFrameMessageManager::SendAsyncMessage] type:WifiManager:getNetworks:Return:NO"
I/TaskTracer(13789): 1 59223304047194 1391658188876612 59292023521411 8 59257663784621
I/TaskTracer(13789): 5 59223304047194 0x421664e8
I/TaskTracer(13789): 2 59223304047194 1391658188876826 13789 13797
I/TaskTracer(13789): 3 59223304047194 1391658188876948
I/TaskTracer(13789): 3 59257663784621 1391658188878352
I/TaskTracer(13789): 3 59257663784622 1391658188878443
I/TaskTracer(13974): 1 60030757896540 1391658188880122 59292023521411 8 59223304047194
I/TaskTracer(13974): 5 60030757896540 0x41bb4488
I/TaskTracer(13974): 1 60030757896541 1391658188880274 59292023521411 8 59223304047194
I/TaskTracer(13974): 5 60030757896541 0x41bb4628
I/TaskTracer(13974): 3 60030757896528 1391658188882502
I/TaskTracer(13974): 3 60030757896529 1391658188883265
I/TaskTracer(13974): 2 60030757896531 1391658188883997 13974 13974
I/TaskTracer(13974): 2 60030757896530 1391658188885004 13974 13974
I/TaskTracer(13974): 3 60030757896530 1391658188886622
I/TaskTracer(13974): 3 60030757896531 1391658188887232
I/TaskTracer(13974): 2 60030757896541 1391658188927119 13974 13974
I/TaskTracer(13974): 2 60030757896540 1391658188928950 13974 13974
I/TaskTracer(13974): 3 60030757896540 1391658188931940
I/TaskTracer(13974): 3 60030757896541 1391658188932673
I/TaskTracer(13974): 4 60030757896544 1391658188966120 "[nsFrameMessageManager::SendAsyncMessage] type:Settings:Changed"
I/TaskTracer(13789): 4 59257663784632 1391658188967921 "[nsFrameMessageManager::SendAsyncMessage] type:Settings:Change:Return:OK"
I/TaskTracer(13789): 4 59257663784632 1391658188969263 "[nsFrameMessageManager::SendAsyncMessage] type:Settings:Change:Return:OK"
I/TaskTracer(13789): 4 59257663784632 1391658188970972 "[nsFrameMessageManager::SendAsyncMessage] type:Settings:Change:Return:OK"
I/TaskTracer(13789): 4 59257663784632 1391658188972071 "[nsFrameMessageManager::SendAsyncMessage] type:Settings:Change:Return:OK"
I/TaskTracer(13789): 4 59257663784632 1391658188973383 "[nsFrameMessageManager::SendAsyncMessage] type:Settings:Change:Return:OK"
I/TaskTracer(13832): 2 59476707115109 1391658189000361 13832 13832
I/TaskTracer(13885): 2 59884729008208 1391658189000605 13885 13885
I/TaskTracer(13832): 2 59476707115108 1391658189001948 13832 13832
I/TaskTracer(13832): 3 59476707115108 1391658189003870
I/TaskTracer(13885): 3 59884729008208 1391658189004694
I/TaskTracer(13879): 2 59622736003431 1391658189006770 13879 13879
I/TaskTracer(13885): 3 59884729008209 1391658189007380
I/TaskTracer(13832): 3 59476707115109 1391658189008692
I/TaskTracer(13879): 2 59622736003430 1391658189011744 13879 13879
I/TaskTracer(13879): 3 59622736003430 1391658189014094
I/TaskTracer(13879): 3 59622736003431 1391658189016718
I/TaskTracer(13789): 2 59223304047136 1391658189030360 13789 13789
I/TaskTracer(13789): 3 59223304047136 1391658189030451
I/TaskTracer(13789): 1 59223304047224 1391658189857447 59223304047224 1 59223304047224
I/TaskTracer(13789): 2 59223304047224 1391658189857996 13789 13789
I/TaskTracer(13789): 4 59223304047224 1391658189860529 "Touch at (302, 102)"
I/TaskTracer(13789): 1 59223304047225 1391658189863490 59223304047224 1 59223304047224
I/TaskTracer(13789): 5 59223304047225 0x421664e8
I/TaskTracer(13789): 2 59223304047225 1391658189866969 13789 13797
I/TaskTracer(13789): 3 59223304047225 1391658189867274
I/TaskTracer(13974): 1 60030757896552 1391658189867609 59223304047224 1 59223304047225
I/TaskTracer(13974): 5 60030757896552 0x41bb4488
I/TaskTracer(13974): 1 60030757896553 1391658189867976 59223304047224 1 59223304047225
I/TaskTracer(13974): 5 60030757896553 0x41bb4628
I/TaskTracer(13974): 2 60030757896553 1391658189868586 13974 13974
I/TaskTracer(13974): 2 60030757896552 1391658189868800 13974 13974
I/TaskTracer(13974): 1 60017872995016 1391658189869105 59223304047224 1 60030757896552
I/TaskTracer(13974): 5 60017872995016 0x41beb160
I/TaskTracer(13974): 3 60030757896552 1391658189869532
I/TaskTracer(13974): 3 60030757896553 1391658189869685
I/TaskTracer(13974): 2 60017872995016 1391658189869898 13974 13974
I/TaskTracer(13974): 3 60017872995016 1391658189870417
I/TaskTracer(13789): 1 59223304047226 1391658189879603 59223304047224 1 59223304047224
I/TaskTracer(13789): 5 59223304047226 0x4219d160
I/TaskTracer(13789): 1 59223304047227 1391658189894709 59223304047224 1 59223304047224
I/TaskTracer(13789): 5 59223304047227 0x4217e520
I/TaskTracer(13789): 1 59223304047228 1391658189895808 59223304047224 1 59223304047224
I/TaskTracer(13789): 5 59223304047228 0x42166628
I/TaskTracer(13789): 1 59223304047229 1391658189897150 59223304047224 1 59223304047224
I/TaskTracer(13789): 5 59223304047229 0x421664e8
I/TaskTracer(13789): 2 59223304047229 1391658189898676 13789 13797
I/TaskTracer(13789): 3 59223304047229 1391658189898798
I/TaskTracer(13974): 1 60030757896554 1391658189898951 59223304047224 1 59223304047229
I/TaskTracer(13974): 5 60030757896554 0x41bb4488
I/TaskTracer(13974): 1 60030757896555 1391658189899073 59223304047224 1 59223304047229
I/TaskTracer(13974): 5 60030757896555 0x41bb4628
I/TaskTracer(13974): 2 60030757896555 1391658189899287 13974 13974
I/TaskTracer(13974): 2 60030757896554 1391658189899378 13974 13974
I/TaskTracer(13789): 3 59223304047224 1391658189906001
I/TaskTracer(13789): 1 59223304047230 1391658189906855 59223304047230 2 59223304047230
I/TaskTracer(13789): 2 59223304047230 1391658189907435 13789 13789
I/TaskTracer(13789): 4 59223304047230 1391658189908045 "Mousedown at (302, 102)"
I/TaskTracer(13789): 3 59223304047230 1391658189911921
I/TaskTracer(13789): 2 59223304047226 1391658189912745 13789 13789
I/TaskTracer(13789): 3 59223304047226 1391658189913905
I/TaskTracer(13789): 2 59223304047228 1391658189915095 13789 13789
I/TaskTracer(13789): 3 59223304047228 1391658189915888
I/TaskTracer(13974): 1 60017872995017 1391658189923396 59223304047224 1 60030757896554
I/TaskTracer(13974): 5 60017872995017 0x41bb44e8
I/TaskTracer(13974): 2 60017872995017 1391658189924586 13974 13977
I/TaskTracer(13974): 3 60017872995017 1391658189924708
I/TaskTracer(13789): 1 59257663784636 1391658189924860 59223304047224 1 60017872995017
I/TaskTracer(13789): 5 59257663784636 0x42166488
I/TaskTracer(13789): 1 59257663784637 1391658189924982 59223304047224 1 60017872995017
I/TaskTracer(13789): 5 59257663784637 0x42166628
I/TaskTracer(13974): 3 60030757896554 1391658189926295
I/TaskTracer(13974): 3 60030757896555 1391658189926997
I/TaskTracer(13789): 2 59257663784637 1391658189928797 13789 13789
I/TaskTracer(13789): 2 59257663784636 1391658189929743 13789 13789
I/TaskTracer(13789): 3 59257663784636 1391658189930537
I/TaskTracer(13789): 3 59257663784637 1391658189931178
I/TaskTracer(13789): 1 59223304047231 1391658189931849 59223304047231 1 59223304047231
I/TaskTracer(13789): 2 59223304047231 1391658189932581 13789 13789
I/TaskTracer(13789): 4 59223304047231 1391658189933283 "Touch at (302, 102)"
I/TaskTracer(13789): 1 59223304047232 1391658189937983 59223304047231 1 59223304047231
I/TaskTracer(13789): 5 59223304047232 0x421664e8
I/TaskTracer(13789): 2 59223304047232 1391658189939448 13789 13797
I/TaskTracer(13789): 3 59223304047232 1391658189939600
I/TaskTracer(13974): 1 60030757896556 1391658189939722 59223304047231 1 59223304047232
I/TaskTracer(13974): 5 60030757896556 0x41bb4488
I/TaskTracer(13974): 1 60030757896557 1391658189939875 59223304047231 1 59223304047232
I/TaskTracer(13974): 5 60030757896557 0x41bb4628
I/TaskTracer(13974): 2 60030757896557 1391658189940089 13974 13974
I/TaskTracer(13974): 2 60030757896556 1391658189940180 13974 13974
I/TaskTracer(13789): 1 59223304047233 1391658189946711 59223304047231 1 59223304047231
I/TaskTracer(13789): 5 59223304047233 0x421a3c88
I/TaskTracer(13789): 1 59223304047234 1391658189948359 59223304047231 1 59223304047231
I/TaskTracer(13789): 5 59223304047234 0x421664e8
I/TaskTracer(13789): 2 59223304047234 1391658189949610 13789 13797
I/TaskTracer(13789): 3 59223304047234 1391658189949732
I/TaskTracer(13974): 1 60030757896558 1391658189949885 59223304047231 1 59223304047234
I/TaskTracer(13974): 5 60030757896558 0x41bb4488
I/TaskTracer(13974): 1 60030757896559 1391658189950007 59223304047231 1 59223304047234
I/TaskTracer(13974): 5 60030757896559 0x41bb4628
I/TaskTracer(13789): 3 59223304047231 1391658189951624
I/TaskTracer(13789): 1 59223304047235 1391658189952265 59223304047235 2 59223304047235
I/TaskTracer(13789): 2 59223304047235 1391658189953028 13789 13789
I/TaskTracer(13789): 4 59223304047235 1391658189953608 "Mouseup at (302, 102)"
I/TaskTracer(13789): 3 59223304047235 1391658189957209
I/TaskTracer(13789): 2 59223304047233 1391658189963862 13789 13789
I/TaskTracer(13789): 3 59223304047233 1391658189964503
I/TaskTracer(13974): 1 60017872995018 1391658189974726 59223304047231 1 60030757896556
I/TaskTracer(13974): 5 60017872995018 0x41bb44e8
I/TaskTracer(13974): 2 60017872995018 1391658189975977 13974 13977
I/TaskTracer(13974): 3 60017872995018 1391658189976130
I/TaskTracer(13789): 1 59257663784638 1391658189976313 59223304047231 1 60017872995018
I/TaskTracer(13789): 5 59257663784638 0x42166488
I/TaskTracer(13789): 1 59257663784639 1391658189976466 59223304047231 1 60017872995018
I/TaskTracer(13789): 5 59257663784639 0x42166628
I/TaskTracer(13789): 2 59257663784639 1391658189976710 13789 13789
I/TaskTracer(13789): 2 59257663784638 1391658189976801 13789 13789
I/TaskTracer(13789): 1 59223304047236 1391658189979456 59223304047231 1 59257663784638
I/TaskTracer(13789): 5 59223304047236 0x421515c8
I/TaskTracer(13789): 3 59257663784638 1391658189980677
I/TaskTracer(13789): 3 59257663784639 1391658189981318
I/TaskTracer(13789): 2 59223304047236 1391658189981593 13789 13789
I/TaskTracer(13789): 3 59223304047236 1391658189982142
I/TaskTracer(13974): 1 60017872995019 1391658189983454 59223304047231 1 60030757896556
I/TaskTracer(13974): 5 60017872995019 0x41bb44e8
I/TaskTracer(13974): 2 60017872995019 1391658189984461 13974 13977
I/TaskTracer(13974): 3 60017872995019 1391658189984583
I/TaskTracer(13789): 1 59257663784640 1391658189984736 59223304047231 1 60017872995019
I/TaskTracer(13789): 5 59257663784640 0x42166488
I/TaskTracer(13789): 1 59257663784641 1391658189984858 59223304047231 1 60017872995019
I/TaskTracer(13789): 5 59257663784641 0x42166628
I/TaskTracer(13789): 2 59257663784641 1391658189986231 13789 13789
I/TaskTracer(13789): 2 59257663784640 1391658189986353 13789 13789
I/TaskTracer(13789): 3 59257663784640 1391658189988184
I/TaskTracer(13789): 3 59257663784641 1391658189988398
I/TaskTracer(13974): 1 60017872995020 1391658189989924 59223304047231 1 60030757896556
I/TaskTracer(13974): 5 60017872995020 0x41ba3228
I/TaskTracer(13974): 1 60017872995021 1391658189993525 59223304047231 1 60030757896556
I/TaskTracer(13974): 5 60017872995021 0x41bb44e8
I/TaskTracer(13974): 2 60017872995021 1391658189995112 13974 13977
I/TaskTracer(13974): 3 60017872995021 1391658189995234
I/TaskTracer(13789): 1 59257663784642 1391658189995417 59223304047231 1 60017872995021
I/TaskTracer(13789): 5 59257663784642 0x42166488
I/TaskTracer(13789): 1 59257663784643 1391658189995539 59223304047231 1 60017872995021
I/TaskTracer(13789): 5 59257663784643 0x42166628
I/TaskTracer(13789): 2 59257663784643 1391658189995783 13789 13789
I/TaskTracer(13789): 2 59257663784642 1391658189995875 13789 13789
I/TaskTracer(13789): 3 59257663784642 1391658189996058
I/TaskTracer(13789): 3 59257663784643 1391658189996119
I/TaskTracer(13974): 1 60017872995022 1391658190003992 59223304047231 1 60030757896556
I/TaskTracer(13974): 5 60017872995022 0x41bb44e8
I/TaskTracer(13974): 2 60017872995022 1391658190005122 13974 13977
I/TaskTracer(13974): 3 60017872995022 1391658190005213
I/TaskTracer(13789): 1 59257663784644 1391658190005427 59223304047231 1 60017872995022
I/TaskTracer(13789): 5 59257663784644 0x42166488
I/TaskTracer(13789): 1 59257663784645 1391658190005549 59223304047231 1 60017872995022
I/TaskTracer(13789): 5 59257663784645 0x42166628
I/TaskTracer(13789): 2 59257663784645 1391658190005824 13789 13789
I/TaskTracer(13789): 2 59257663784644 1391658190005885 13789 13789
I/TaskTracer(13789): 3 59257663784644 1391658190006068
I/TaskTracer(13789): 3 59257663784645 1391658190006098
I/TaskTracer(13974): 3 60030757896556 1391658190009547
I/TaskTracer(13974): 3 60030757896557 1391658190013087
I/TaskTracer(13974): 2 60030757896559 1391658190028315 13974 13974
I/TaskTracer(13974): 2 60030757896558 1391658190028590 13974 13974
I/TaskTracer(13974): 1 60017872995024 1391658190031886 59223304047231 1 60030757896558
I/TaskTracer(13974): 5 60017872995024 0x41bb44e8
I/TaskTracer(13974): 2 60017872995024 1391658190034571 13974 13977
I/TaskTracer(13974): 3 60017872995024 1391658190034724
I/TaskTracer(13789): 1 59257663784647 1391658190034846 59223304047231 1 60017872995024
I/TaskTracer(13789): 5 59257663784647 0x42166488
I/TaskTracer(13789): 1 59257663784648 1391658190034968 59223304047231 1 60017872995024
I/TaskTracer(13789): 5 59257663784648 0x42166628
I/TaskTracer(13789): 2 59257663784648 1391658190035242 13789 13789
I/TaskTracer(13789): 2 59257663784647 1391658190035334 13789 13789
I/TaskTracer(13789): 3 59257663784647 1391658190035426
I/TaskTracer(13789): 3 59257663784648 1391658190035487
I/TaskTracer(13974): 3 60030757896558 1391658190037196
I/TaskTracer(13974): 3 60030757896559 1391658190037897
I/TaskTracer(13974): 2 60017872995020 1391658190038691 13974 13974
I/TaskTracer(13974): 3 60017872995020 1391658190039423
I/TaskTracer(13974): 4 60030757896564 1391658190060419 "[nsFrameMessageManager::SendAsyncMessage] type:Settings:Changed"
I/TaskTracer(13789): 4 59257663784654 1391658190062586 "[nsFrameMessageManager::SendAsyncMessage] type:Settings:Change:Return:OK"
I/TaskTracer(13789): 4 59257663784654 1391658190064112 "[nsFrameMessageManager::SendAsyncMessage] type:Settings:Change:Return:OK"
I/TaskTracer(13789): 4 59257663784654 1391658190068324 "[nsFrameMessageManager::SendAsyncMessage] type:Settings:Change:Return:OK"
I/TaskTracer(13789): 4 59257663784654 1391658190071436 "[nsFrameMessageManager::SendAsyncMessage] type:Settings:Change:Return:OK"
I/TaskTracer(13789): 4 59257663784654 1391658190074152 "[nsFrameMessageManager::SendAsyncMessage] type:Settings:Change:Return:OK"
I/TaskTracer(13974): 4 60030757896566 1391658190078761 "[nsFrameMessageManager::SendAsyncMessage] type:Settings:Changed"
I/TaskTracer(13789): 4 59257663784656 1391658190115321 "[nsFrameMessageManager::SendAsyncMessage] type:Settings:Change:Return:OK"
I/TaskTracer(13789): 4 59257663784656 1391658190115931 "[nsFrameMessageManager::SendAsyncMessage] type:Settings:Change:Return:OK"
I/TaskTracer(13789): 4 59257663784656 1391658190117304 "[nsFrameMessageManager::SendAsyncMessage] type:Settings:Change:Return:OK"
I/TaskTracer(13789): 4 59257663784656 1391658190118189 "[nsFrameMessageManager::SendAsyncMessage] type:Settings:Change:Return:OK"
I/TaskTracer(13789): 4 59257663784656 1391658190119471 "[nsFrameMessageManager::SendAsyncMessage] type:Settings:Change:Return:OK"
I/TaskTracer(13789): 4 59304908423843 1391658190127924 "[nsFrameMessageManager::SendAsyncMessage] type:WifiManager:getNetworks"
I/TaskTracer(13789): 4 59223304047257 1391658190135859 "[nsFrameMessageManager::SendAsyncMessage] type:WifiManager:getNetworks:Return:NO"
I/TaskTracer(13997): 1 60155311947784 1391658190580592 59223304046655 1 60116657242135
I/TaskTracer(13997): 5 60155311947784 0x41ba30e0
I/TaskTracer(13997): 2 60155311947784 1391658190588282 13997 13997
I/TaskTracer(13997): 3 60155311947784 1391658190590632
I/TaskTracer(13789): 2 59223304047227 1391658190646143 13789 13789
I/TaskTracer(13789): 3 59223304047227 1391658190646418
I/TaskTracer(13997): 1 60155311947785 1391658191931116 59223304046655 1 60116657242135
I/TaskTracer(13997): 5 60155311947785 0x41ba30e0
I/TaskTracer(13997): 2 60155311947785 1391658191934992 13997 13997
I/TaskTracer(13997): 3 60155311947785 1391658191936549
I/TaskTracer(13997): 1 60155311947786 1391658192403315 59223304046655 1 60116657242135
I/TaskTracer(13997): 5 60155311947786 0x41ba30e0
I/TaskTracer(13997): 2 60155311947786 1391658192418116 13997 13997
I/TaskTracer(13997): 3 60155311947786 1391658192425745
I/TaskTracer(13789): 4 59296318488702 1391658192475428 "[nsFrameMessageManager::SendAsyncMessage] type:WifiManager:wifiUp"
I/TaskTracer(13789): 4 59296318488702 1391658192476099 "[nsFrameMessageManager::SendAsyncMessage] type:WifiManager:wifiUp"
I/TaskTracer(13789): 1 59292023521417 1391658192496088 59292023521417 8 59292023521417
I/TaskTracer(13789): 2 59292023521417 1391658192496241 13789 13805
I/TaskTracer(13789): 4 59292023521417 1391658192496302 "wlan0 CTRL-EVENT-STATE-CHANGE id=-1 state=3 BSSID=00:00:00:00:00:00"
I/TaskTracer(13789): 1 59292023521418 1391658192496394 59292023521417 8 59292023521417
I/TaskTracer(13789): 5 59292023521418 0x4218ef48
I/TaskTracer(13789): 3 59292023521417 1391658192496516
I/TaskTracer(13789): 2 59292023521418 1391658192524683 13789 13789
I/TaskTracer(13789): 1 59223304047305 1391658192525660 59292023521417 8 59292023521418
I/TaskTracer(13789): 5 59223304047305 0x4218ef28
I/TaskTracer(13789): 2 59223304047305 1391658192527399 13789 13805
I/TaskTracer(13789): 3 59292023521418 1391658192528590
I/TaskTracer(13974): 4 60030757896578 1391658192546931 "[nsFrameMessageManager::SendAsyncMessage] type:WifiManager:getNetworks"
I/TaskTracer(13789): 4 59296318488728 1391658192560145 "[nsFrameMessageManager::SendAsyncMessage] type:WifiManager:getNetworks:Return:NO"
I/TaskTracer(13974): 4 60030757896584 1391658192597773 "[nsFrameMessageManager::SendAsyncMessage] type:Settings:Changed"
I/TaskTracer(13789): 4 59257663784702 1391658192600703 "[nsFrameMessageManager::SendAsyncMessage] type:Settings:Change:Return:OK"
I/TaskTracer(13789): 4 59257663784702 1391658192602137 "[nsFrameMessageManager::SendAsyncMessage] type:Settings:Change:Return:OK"
I/TaskTracer(13789): 4 59257663784702 1391658192605067 "[nsFrameMessageManager::SendAsyncMessage] type:Settings:Change:Return:OK"
I/TaskTracer(13789): 4 59257663784702 1391658192609034 "[nsFrameMessageManager::SendAsyncMessage] type:Settings:Change:Return:OK"
I/TaskTracer(13789): 4 59257663784702 1391658192610499 "[nsFrameMessageManager::SendAsyncMessage] type:Settings:Change:Return:OK"
I/TaskTracer(13789): 4 59304908423870 1391658192638148 "[nsFrameMessageManager::SendAsyncMessage] type:WifiManager:getNetworks"
I/TaskTracer(13789): 4 59296318488731 1391658192650538 "[nsFrameMessageManager::SendAsyncMessage] type:WifiManager:getNetworks:Return:NO"
I/TaskTracer(13789): 1 59292023521419 1391658193167353 59292023521419 8 59292023521419
I/TaskTracer(13789): 2 59292023521419 1391658193167475 13789 13805
I/TaskTracer(13789): 4 59292023521419 1391658193167536 "wlan0 CTRL-EVENT-BSS-ADDED 0 3c:94:d5:7b:87:42"
I/TaskTracer(13789): 1 59292023521420 1391658193167628 59292023521419 8 59292023521419
I/TaskTracer(13789): 5 59292023521420 0x4218ef48
I/TaskTracer(13789): 3 59292023521419 1391658193167780
I/TaskTracer(13789): 3 59223304047305 1391658193167811
I/TaskTracer(13789): 2 59292023521420 1391658193169123 13789 13789
I/TaskTracer(13789): 1 59223304047323 1391658193169459 59292023521419 8 59292023521420
I/TaskTracer(13789): 5 59223304047323 0x4218ef28
I/TaskTracer(13789): 3 59292023521420 1391658193169611
I/TaskTracer(13789): 2 59223304047323 1391658193173426 13789 13805
I/TaskTracer(13789): 1 59292023521421 1391658193178278 59292023521421 8 59292023521421
I/TaskTracer(13789): 2 59292023521421 1391658193178584 13789 13805
I/TaskTracer(13789): 4 59292023521421 1391658193178797 "wlan0 CTRL-EVENT-BSS-ADDED 1 3c:94:d5:7b:87:40"
I/TaskTracer(13789): 1 59292023521422 1391658193179011 59292023521421 8 59292023521421
I/TaskTracer(13789): 5 59292023521422 0x4218ef48
I/TaskTracer(13789): 3 59292023521421 1391658193179407
I/TaskTracer(13789): 3 59223304047323 1391658193179560
I/TaskTracer(13789): 2 59292023521422 1391658193185145 13789 13789
I/TaskTracer(13789): 1 59223304047324 1391658193185786 59292023521421 8 59292023521422
I/TaskTracer(13789): 5 59223304047324 0x4218ef28
I/TaskTracer(13789): 2 59223304047324 1391658193186213 13789 13805
I/TaskTracer(13789): 1 59292023521423 1391658193186549 59292023521423 8 59292023521423
I/TaskTracer(13789): 2 59292023521423 1391658193186823 13789 13805
I/TaskTracer(13789): 4 59292023521423 1391658193187006 "wlan0 CTRL-EVENT-BSS-ADDED 2 3c:94:d5:7b:87:46"
I/TaskTracer(13789): 1 59292023521424 1391658193187189 59292023521423 8 59292023521423
I/TaskTracer(13789): 5 59292023521424 0x4218ef48
I/TaskTracer(13789): 3 59292023521423 1391658193187617
I/TaskTracer(13789): 3 59223304047324 1391658193187769
I/TaskTracer(13789): 3 59292023521422 1391658193201929
I/TaskTracer(13789): 2 59292023521424 1391658193202296 13789 13789
I/TaskTracer(13789): 1 59223304047325 1391658193202906 59292023521423 8 59292023521424
I/TaskTracer(13789): 5 59223304047325 0x4218ef28
I/TaskTracer(13789): 3 59292023521424 1391658193203364
I/TaskTracer(13789): 2 59223304047325 1391658193205988 13789 13805
I/TaskTracer(13789): 1 59292023521425 1391658193206110 59292023521425 8 59292023521425
I/TaskTracer(13789): 2 59292023521425 1391658193206202 13789 13805
I/TaskTracer(13789): 4 59292023521425 1391658193206263 "wlan0 CTRL-EVENT-BSS-ADDED 3 3c:94:d5:7b:87:44"
I/TaskTracer(13789): 1 59292023521426 1391658193206324 59292023521425 8 59292023521425
I/TaskTracer(13789): 5 59292023521426 0x4218ef48
I/TaskTracer(13789): 3 59292023521425 1391658193206477
I/TaskTracer(13789): 3 59223304047325 1391658193206507
I/TaskTracer(13789): 2 59292023521426 1391658193215296 13789 13789
I/TaskTracer(13789): 1 59223304047326 1391658193215632 59292023521425 8 59292023521426
I/TaskTracer(13789): 5 59223304047326 0x4218ef28
I/TaskTracer(13789): 2 59223304047326 1391658193215784 13789 13805
I/TaskTracer(13789): 1 59292023521427 1391658193215907 59292023521427 8 59292023521427
I/TaskTracer(13789): 2 59292023521427 1391658193215968 13789 13805
I/TaskTracer(13789): 4 59292023521427 1391658193216029 "wlan0 CTRL-EVENT-BSS-ADDED 4 3c:94:d5:7b:87:48"
I/TaskTracer(13789): 1 59292023521428 1391658193216120 59292023521427 8 59292023521427
I/TaskTracer(13789): 5 59292023521428 0x4218ef48
I/TaskTracer(13789): 3 59292023521427 1391658193216242
I/TaskTracer(13789): 3 59223304047326 1391658193216273
I/TaskTracer(13789): 3 59292023521426 1391658193219904
I/TaskTracer(13789): 2 59292023521428 1391658193220728 13789 13789
I/TaskTracer(13789): 1 59223304047327 1391658193220972 59292023521427 8 59292023521428
I/TaskTracer(13789): 5 59223304047327 0x4218ef28
I/TaskTracer(13789): 2 59223304047327 1391658193221125 13789 13805
I/TaskTracer(13789): 1 59292023521429 1391658193221247 59292023521429 8 59292023521429
I/TaskTracer(13789): 2 59292023521429 1391658193221308 13789 13805
I/TaskTracer(13789): 4 59292023521429 1391658193221369 "wlan0 CTRL-EVENT-BSS-ADDED 5 bc:ae:c5:c4:22:44"
I/TaskTracer(13789): 1 59292023521430 1391658193221430 59292023521429 8 59292023521429
I/TaskTracer(13789): 5 59292023521430 0x4218ef48
I/TaskTracer(13789): 3 59292023521429 1391658193221583
I/TaskTracer(13789): 3 59223304047327 1391658193221613
I/TaskTracer(13789): 3 59292023521428 1391658193226466
I/TaskTracer(13789): 2 59292023521430 1391658193226618 13789 13789
I/TaskTracer(13789): 1 59223304047328 1391658193230738 59292023521429 8 59292023521430
I/TaskTracer(13789): 5 59223304047328 0x4218ef28
I/TaskTracer(13789): 2 59223304047328 1391658193231867 13789 13805
I/TaskTracer(13789): 1 59292023521431 1391658193231989 59292023521431 8 59292023521431
I/TaskTracer(13789): 2 59292023521431 1391658193232081 13789 13805
I/TaskTracer(13789): 4 59292023521431 1391658193232142 "wlan0 CTRL-EVENT-BSS-ADDED 6 00:24:01:a1:8e:e5"
I/TaskTracer(13789): 1 59292023521432 1391658193232203 59292023521431 8 59292023521431
I/TaskTracer(13789): 5 59292023521432 0x4218ef48
I/TaskTracer(13789): 3 59292023521431 1391658193232325
I/TaskTracer(13789): 3 59223304047328 1391658193232386
I/TaskTracer(13789): 3 59292023521430 1391658193233485
I/TaskTracer(13789): 2 59292023521432 1391658193238276 13789 13789
I/TaskTracer(13789): 1 59223304047329 1391658193239924 59292023521431 8 59292023521432
I/TaskTracer(13789): 5 59223304047329 0x4218ef28
I/TaskTracer(13789): 2 59223304047329 1391658193240076 13789 13805
I/TaskTracer(13789): 1 59292023521433 1391658193240199 59292023521433 8 59292023521433
I/TaskTracer(13789): 2 59292023521433 1391658193240290 13789 13805
I/TaskTracer(13789): 4 59292023521433 1391658193240351 "wlan0 CTRL-EVENT-BSS-ADDED 7 3c:94:d5:7c:11:88"
I/TaskTracer(13789): 1 59292023521434 1391658193240412 59292023521433 8 59292023521433
I/TaskTracer(13789): 5 59292023521434 0x4218ef48
I/TaskTracer(13789): 3 59292023521433 1391658193240534
I/TaskTracer(13789): 3 59223304047329 1391658193240595
I/TaskTracer(13789): 3 59292023521432 1391658193245112
I/TaskTracer(13789): 2 59292023521434 1391658193245722 13789 13789
I/TaskTracer(13789): 1 59223304047330 1391658193248377 59292023521433 8 59292023521434
I/TaskTracer(13789): 5 59223304047330 0x4218ef28
I/TaskTracer(13789): 2 59223304047330 1391658193248560 13789 13805
I/TaskTracer(13789): 1 59292023521435 1391658193248682 59292023521435 8 59292023521435
I/TaskTracer(13789): 2 59292023521435 1391658193248743 13789 13805
I/TaskTracer(13789): 4 59292023521435 1391658193248804 "wlan0 CTRL-EVENT-BSS-ADDED 8 3c:94:d5:7c:11:82"
I/TaskTracer(13789): 1 59292023521436 1391658193248866 59292023521435 8 59292023521435
I/TaskTracer(13789): 5 59292023521436 0x4218ef48
I/TaskTracer(13789): 3 59292023521435 1391658193249018
I/TaskTracer(13789): 3 59223304047330 1391658193249049
I/TaskTracer(13789): 3 59292023521434 1391658193254664
I/TaskTracer(13789): 2 59292023521436 1391658193254816 13789 13789
I/TaskTracer(13789): 1 59223304047331 1391658193255091 59292023521435 8 59292023521436
I/TaskTracer(13789): 5 59223304047331 0x4218ef28
I/TaskTracer(13789): 2 59223304047331 1391658193255274 13789 13805
I/TaskTracer(13789): 1 59292023521437 1391658193255366 59292023521437 8 59292023521437
I/TaskTracer(13789): 2 59292023521437 1391658193255457 13789 13805
I/TaskTracer(13789): 4 59292023521437 1391658193255518 "wlan0 CTRL-EVENT-BSS-ADDED 9 3c:94:d5:7c:11:80"
I/TaskTracer(13789): 1 59292023521438 1391658193255579 59292023521437 8 59292023521437
I/TaskTracer(13789): 5 59292023521438 0x4218ef48
I/TaskTracer(13789): 3 59292023521437 1391658193255701
I/TaskTracer(13789): 3 59223304047331 1391658193255762
I/TaskTracer(13789): 3 59292023521436 1391658193263087
I/TaskTracer(13789): 2 59292023521438 1391658193266016 13789 13789
I/TaskTracer(13789): 1 59223304047332 1391658193267786 59292023521437 8 59292023521438
I/TaskTracer(13789): 5 59223304047332 0x4218ef28
I/TaskTracer(13789): 2 59223304047332 1391658193267970 13789 13805
I/TaskTracer(13789): 1 59292023521439 1391658193268092 59292023521439 8 59292023521439
I/TaskTracer(13789): 2 59292023521439 1391658193268153 13789 13805
I/TaskTracer(13789): 4 59292023521439 1391658193268244 "wlan0 CTRL-EVENT-BSS-ADDED 10 08:81:f4:58:ca:86"
I/TaskTracer(13789): 1 59292023521440 1391658193268305 59292023521439 8 59292023521439
I/TaskTracer(13789): 5 59292023521440 0x4218ef48
I/TaskTracer(13789): 3 59292023521439 1391658193268458
I/TaskTracer(13789): 3 59223304047332 1391658193268488
I/TaskTracer(13789): 3 59292023521438 1391658193270686
I/TaskTracer(13789): 2 59292023521440 1391658193270838 13789 13789
I/TaskTracer(13789): 1 59223304047333 1391658193271082 59292023521439 8 59292023521440
I/TaskTracer(13789): 5 59223304047333 0x4218ef28
I/TaskTracer(13789): 2 59223304047333 1391658193271235 13789 13805
I/TaskTracer(13789): 1 59292023521441 1391658193271357 59292023521441 8 59292023521441
I/TaskTracer(13789): 2 59292023521441 1391658193271449 13789 13805
I/TaskTracer(13789): 4 59292023521441 1391658193271510 "wlan0 CTRL-EVENT-BSS-ADDED 11 08:81:f4:58:ca:80"
I/TaskTracer(13789): 1 59292023521442 1391658193271571 59292023521441 8 59292023521441
I/TaskTracer(13789): 5 59292023521442 0x4218ef48
I/TaskTracer(13789): 3 59292023521441 1391658193271693
I/TaskTracer(13789): 3 59223304047333 1391658193271723
I/TaskTracer(13789): 3 59292023521440 1391658193275782
I/TaskTracer(13789): 2 59292023521442 1391658193276820 13789 13789
I/TaskTracer(13789): 1 59223304047334 1391658193277155 59292023521441 8 59292023521442
I/TaskTracer(13789): 5 59223304047334 0x4218ef28
I/TaskTracer(13789): 2 59223304047334 1391658193277338 13789 13805
I/TaskTracer(13789): 1 59292023521443 1391658193277552 59292023521443 8 59292023521443
I/TaskTracer(13789): 2 59292023521443 1391658193277644 13789 13805
I/TaskTracer(13789): 4 59292023521443 1391658193277705 "wlan0 CTRL-EVENT-BSS-ADDED 12 3c:94:d5:7b:b8:00"
I/TaskTracer(13789): 1 59292023521444 1391658193277796 59292023521443 8 59292023521443
I/TaskTracer(13789): 5 59292023521444 0x4218ef48
I/TaskTracer(13789): 3 59292023521443 1391658193277918
I/TaskTracer(13789): 3 59223304047334 1391658193277949
I/TaskTracer(13789): 3 59292023521442 1391658193283259
I/TaskTracer(13789): 2 59292023521444 1391658193294703 13789 13789
I/TaskTracer(13789): 1 59223304047335 1391658193295039 59292023521443 8 59292023521444
I/TaskTracer(13789): 5 59223304047335 0x4218ef28
I/TaskTracer(13789): 2 59223304047335 1391658193295191 13789 13805
I/TaskTracer(13789): 1 59292023521445 1391658193295313 59292023521445 8 59292023521445
I/TaskTracer(13789): 2 59292023521445 1391658193295405 13789 13805
I/TaskTracer(13789): 4 59292023521445 1391658193295466 "wlan0 CTRL-EVENT-BSS-ADDED 13 3c:94:d5:76:17:44"
I/TaskTracer(13789): 1 59292023521446 1391658193295527 59292023521445 8 59292023521445
I/TaskTracer(13789): 5 59292023521446 0x4218ef48
I/TaskTracer(13789): 3 59292023521445 1391658193295679
I/TaskTracer(13789): 3 59223304047335 1391658193295710
I/TaskTracer(13789): 3 59292023521444 1391658193295832
I/TaskTracer(13789): 2 59292023521446 1391658193321772 13789 13789
I/TaskTracer(13789): 1 59223304047336 1391658193322047 59292023521445 8 59292023521446
I/TaskTracer(13789): 5 59223304047336 0x4218ef28
I/TaskTracer(13789): 2 59223304047336 1391658193322199 13789 13805
I/TaskTracer(13789): 1 59292023521447 1391658193322321 59292023521447 8 59292023521447
I/TaskTracer(13789): 2 59292023521447 1391658193322413 13789 13805
I/TaskTracer(13789): 4 59292023521447 1391658193322474 "wlan0 CTRL-EVENT-BSS-ADDED 14 3c:94:d5:76:17:42"
I/TaskTracer(13789): 1 59292023521448 1391658193322535 59292023521447 8 59292023521447
I/TaskTracer(13789): 5 59292023521448 0x4218ef48
I/TaskTracer(13789): 3 59292023521447 1391658193322657
I/TaskTracer(13789): 3 59223304047336 1391658193322718
I/TaskTracer(13789): 3 59292023521446 1391658193338465
I/TaskTracer(13789): 2 59292023521448 1391658193352991 13789 13789
I/TaskTracer(13789): 1 59223304047337 1391658193353266 59292023521447 8 59292023521448
I/TaskTracer(13789): 5 59223304047337 0x4218ef28
I/TaskTracer(13789): 2 59223304047337 1391658193353419 13789 13805
I/TaskTracer(13789): 1 59292023521449 1391658193353541 59292023521449 8 59292023521449
I/TaskTracer(13789): 2 59292023521449 1391658193353632 13789 13805
I/TaskTracer(13789): 4 59292023521449 1391658193353693 "wlan0 CTRL-EVENT-BSS-ADDED 15 08:81:f4:58:ca:82"
I/TaskTracer(13789): 1 59292023521450 1391658193353754 59292023521449 8 59292023521449
I/TaskTracer(13789): 5 59292023521450 0x4218ef48
I/TaskTracer(13789): 3 59292023521449 1391658193353907
I/TaskTracer(13789): 3 59223304047337 1391658193353938
I/TaskTracer(13789): 3 59292023521448 1391658193360590
I/TaskTracer(13789): 2 59292023521450 1391658193364191 13789 13789
I/TaskTracer(13789): 1 59223304047338 1391658193370600 59292023521449 8 59292023521450
I/TaskTracer(13789): 5 59223304047338 0x4218ef28
I/TaskTracer(13789): 2 59223304047338 1391658193376704 13789 13805
I/TaskTracer(13789): 1 59292023521451 1391658193376856 59292023521451 8 59292023521451
I/TaskTracer(13789): 2 59292023521451 1391658193376917 13789 13805
I/TaskTracer(13789): 4 59292023521451 1391658193376978 "wlan0 CTRL-EVENT-BSS-ADDED 16 3c:94:d5:7b:b8:08"
I/TaskTracer(13789): 1 59292023521452 1391658193377070 59292023521451 8 59292023521451
I/TaskTracer(13789): 5 59292023521452 0x4218ef48
I/TaskTracer(13789): 3 59292023521451 1391658193377192
I/TaskTracer(13789): 3 59223304047338 1391658193377253
I/TaskTracer(13789): 3 59292023521450 1391658193379298
I/TaskTracer(13789): 2 59292023521452 1391658193379542 13789 13789
I/TaskTracer(13789): 1 59223304047339 1391658193379877 59292023521451 8 59292023521452
I/TaskTracer(13789): 5 59223304047339 0x4218ef28
I/TaskTracer(13789): 2 59223304047339 1391658193380030 13789 13805
I/TaskTracer(13789): 1 59292023521453 1391658193380152 59292023521453 8 59292023521453
I/TaskTracer(13789): 2 59292023521453 1391658193380213 13789 13805
I/TaskTracer(13789): 4 59292023521453 1391658193380274 "wlan0 CTRL-EVENT-BSS-ADDED 17 3c:94:d5:76:17:46"
I/TaskTracer(13789): 1 59292023521454 1391658193380335 59292023521453 8 59292023521453
I/TaskTracer(13789): 5 59292023521454 0x4218ef48
I/TaskTracer(13789): 3 59292023521453 1391658193380457
I/TaskTracer(13789): 3 59223304047339 1391658193380518
I/TaskTracer(13789): 3 59292023521452 1391658193388056
I/TaskTracer(13789): 2 59292023521454 1391658193389521 13789 13789
I/TaskTracer(13789): 1 59223304047340 1391658193390620 59292023521453 8 59292023521454
I/TaskTracer(13789): 5 59223304047340 0x4218ef28
I/TaskTracer(13789): 2 59223304047340 1391658193393610 13789 13805
I/TaskTracer(13789): 1 59292023521455 1391658193393732 59292023521455 8 59292023521455
I/TaskTracer(13789): 2 59292023521455 1391658193393824 13789 13805
I/TaskTracer(13789): 4 59292023521455 1391658193393885 "wlan0 CTRL-EVENT-BSS-ADDED 18 08:81:f4:58:ca:88"
I/TaskTracer(13789): 1 59292023521456 1391658193393946 59292023521455 8 59292023521455
I/TaskTracer(13789): 5 59292023521456 0x4218ef48
I/TaskTracer(13789): 3 59292023521455 1391658193394068
I/TaskTracer(13789): 3 59223304047340 1391658193394099
I/TaskTracer(13789): 3 59292023521454 1391658193398859
I/TaskTracer(13789): 2 59292023521456 1391658193403162 13789 13789
I/TaskTracer(13789): 1 59223304047341 1391658193404719 59292023521455 8 59292023521456
I/TaskTracer(13789): 5 59223304047341 0x4218ef28
I/TaskTracer(13789): 2 59223304047341 1391658193406458 13789 13805
I/TaskTracer(13789): 1 59292023521457 1391658193406580 59292023521457 8 59292023521457
I/TaskTracer(13789): 2 59292023521457 1391658193406702 13789 13805
I/TaskTracer(13789): 4 59292023521457 1391658193406763 "wlan0 CTRL-EVENT-BSS-ADDED 19 3c:94:d5:7b:b8:02"
I/TaskTracer(13789): 1 59292023521458 1391658193408472 59292023521457 8 59292023521457
I/TaskTracer(13789): 5 59292023521458 0x4218ef48
I/TaskTracer(13789): 3 59292023521457 1391658193408656
I/TaskTracer(13789): 3 59223304047341 1391658193408686
I/TaskTracer(13789): 3 59292023521456 1391658193410029
I/TaskTracer(13789): 2 59292023521458 1391658193410853 13789 13789
I/TaskTracer(13789): 1 59223304047342 1391658193411860 59292023521457 8 59292023521458
I/TaskTracer(13789): 5 59223304047342 0x4218ef28
I/TaskTracer(13789): 2 59223304047342 1391658193412409 13789 13805
I/TaskTracer(13789): 1 59292023521459 1391658193412501 59292023521459 8 59292023521459
I/TaskTracer(13789): 2 59292023521459 1391658193412592 13789 13805
I/TaskTracer(13789): 4 59292023521459 1391658193412653 "wlan0 CTRL-EVENT-BSS-ADDED 20 3c:94:d5:7b:40:86"
I/TaskTracer(13789): 1 59292023521460 1391658193412745 59292023521459 8 59292023521459
I/TaskTracer(13789): 5 59292023521460 0x4218ef48
I/TaskTracer(13789): 3 59292023521459 1391658193412867
I/TaskTracer(13789): 3 59223304047342 1391658193412928
I/TaskTracer(13789): 3 59292023521458 1391658193416621
I/TaskTracer(13789): 2 59292023521460 1391658193417963 13789 13789
I/TaskTracer(13789): 1 59223304047343 1391658193418269 59292023521459 8 59292023521460
I/TaskTracer(13789): 5 59223304047343 0x4218ef28
I/TaskTracer(13789): 2 59223304047343 1391658193418421 13789 13805
I/TaskTracer(13789): 1 59292023521461 1391658193418543 59292023521461 8 59292023521461
I/TaskTracer(13789): 2 59292023521461 1391658193418604 13789 13805
I/TaskTracer(13789): 4 59292023521461 1391658193418665 "wlan0 CTRL-EVENT-BSS-ADDED 21 3c:94:d5:7b:40:80"
I/TaskTracer(13789): 1 59292023521462 1391658193418726 59292023521461 8 59292023521461
I/TaskTracer(13789): 5 59292023521462 0x4218ef48
I/TaskTracer(13789): 3 59292023521461 1391658193418848
I/TaskTracer(13789): 3 59223304047343 1391658193418909
I/TaskTracer(13789): 3 59292023521460 1391658193422144
I/TaskTracer(13789): 2 59292023521462 1391658193422449 13789 13789
I/TaskTracer(13789): 1 59223304047344 1391658193422755 59292023521461 8 59292023521462
I/TaskTracer(13789): 5 59223304047344 0x4218ef28
I/TaskTracer(13789): 2 59223304047344 1391658193422907 13789 13805
I/TaskTracer(13789): 1 59292023521463 1391658193423029 59292023521463 8 59292023521463
I/TaskTracer(13789): 2 59292023521463 1391658193423090 13789 13805
I/TaskTracer(13789): 4 59292023521463 1391658193423151 "wlan0 CTRL-EVENT-BSS-ADDED 22 3c:94:d5:76:17:48"
I/TaskTracer(13789): 1 59292023521464 1391658193423212 59292023521463 8 59292023521463
I/TaskTracer(13789): 5 59292023521464 0x4218ef48
I/TaskTracer(13789): 3 59292023521463 1391658193423334
I/TaskTracer(13789): 3 59223304047344 1391658193423396
I/TaskTracer(13789): 3 59292023521462 1391658193428584
I/TaskTracer(13789): 2 59292023521464 1391658193429804 13789 13789
I/TaskTracer(13789): 1 59223304047345 1391658193430079 59292023521463 8 59292023521464
I/TaskTracer(13789): 5 59223304047345 0x4218ef28
I/TaskTracer(13789): 2 59223304047345 1391658193430231 13789 13805
I/TaskTracer(13789): 1 59292023521465 1391658193430354 59292023521465 8 59292023521465
I/TaskTracer(13789): 2 59292023521465 1391658193430445 13789 13805
I/TaskTracer(13789): 4 59292023521465 1391658193430506 "wlan0 CTRL-EVENT-BSS-ADDED 23 3c:94:d5:76:17:40"
I/TaskTracer(13789): 1 59292023521466 1391658193430567 59292023521465 8 59292023521465
I/TaskTracer(13789): 5 59292023521466 0x4218ef48
I/TaskTracer(13789): 3 59292023521465 1391658193430689
I/TaskTracer(13789): 3 59223304047345 1391658193430750
I/TaskTracer(13789): 3 59292023521464 1391658193434809
I/TaskTracer(13789): 2 59292023521466 1391658193434962 13789 13789
I/TaskTracer(13789): 1 59223304047346 1391658193435267 59292023521465 8 59292023521466
I/TaskTracer(13789): 5 59223304047346 0x4218ef28
I/TaskTracer(13789): 2 59223304047346 1391658193435419 13789 13805
I/TaskTracer(13789): 1 59292023521467 1391658193435542 59292023521467 8 59292023521467
I/TaskTracer(13789): 2 59292023521467 1391658193435633 13789 13805
I/TaskTracer(13789): 4 59292023521467 1391658193435694 "wlan0 CTRL-EVENT-BSS-ADDED 24 3c:94:d5:78:77:00"
I/TaskTracer(13789): 1 59292023521468 1391658193435755 59292023521467 8 59292023521467
I/TaskTracer(13789): 5 59292023521468 0x4218ef48
I/TaskTracer(13789): 3 59292023521467 1391658193435877
I/TaskTracer(13789): 3 59223304047346 1391658193435938
I/TaskTracer(13789): 3 59292023521466 1391658193438868
I/TaskTracer(13789): 2 59292023521468 1391658193438990 13789 13789
I/TaskTracer(13789): 1 59223304047347 1391658193439204 59292023521467 8 59292023521468
I/TaskTracer(13789): 5 59223304047347 0x4218ef28
I/TaskTracer(13789): 2 59223304047347 1391658193439356 13789 13805
I/TaskTracer(13789): 1 59292023521469 1391658193439448 59292023521469 8 59292023521469
I/TaskTracer(13789): 2 59292023521469 1391658193439539 13789 13805
I/TaskTracer(13789): 4 59292023521469 1391658193439600 "wlan0 CTRL-EVENT-BSS-ADDED 25 3c:94:d5:78:77:02"
I/TaskTracer(13789): 1 59292023521470 1391658193439661 59292023521469 8 59292023521469
I/TaskTracer(13789): 5 59292023521470 0x4218ef48
I/TaskTracer(13789): 3 59292023521469 1391658193439783
I/TaskTracer(13789): 3 59223304047347 1391658193439814
I/TaskTracer(13789): 3 59292023521468 1391658193442866
I/TaskTracer(13789): 2 59292023521470 1391658193442988 13789 13789
