I/TaskTracer(  804): 1 3487513445721 1397108032995356 19040000 1290000 804 "b2g" 804 "main"
I/TaskTracer(  804): 1 3487513445720 1397108032995844 19040000 1290000 804 "b2g" 804 "main"
I/TaskTracer(  804): 0 3543348019806 1397108032996577 3543348019614 0 3543348019614
I/TaskTracer(  804): 4 3543348019806 0x421b6288
I/TaskTracer(  943): 0 4050154161372 1397108032997004 3453153709127 1 4050154161338
I/TaskTracer(  943): 4 4050154161372 0x41cfb1b0
I/TaskTracer(  804): 2 3487513445720 1397108032996333 19040000 1290000
I/TaskTracer(  804): 2 3487513445721 1397108032997645 19040000 1290000
I/TaskTracer(  804): 1 3453153709311 1397108032998164 19040000 1290000 804 "b2g" 804 "main"
I/TaskTracer(  943): 1 4050154161372 1397108032999079 30000 80000 943 "" 944 "Chrome_ChildThread"
I/TaskTracer(  943): 2 4050154161372 1397108032999201 30000 80000
I/TaskTracer(  804): 0 3487513445726 1397108032999354 3453153709127 1 4050154161372
I/TaskTracer(  804): 4 3487513445726 0x421c8150
I/TaskTracer(  804): 1 3487513445726 1397108032999689 1150000 400000 804 "" 829 "Compositor"
I/TaskTracer(  804): 2 3487513445726 1397108032999812 1150000 400000
I/TaskTracer(  804): 2 3453153709311 1397108032998713 19040000 1290000
I/TaskTracer(  804): 1 3543348019805 1397108033001704 19040000 1290000 804 "b2g" 804 "main"
I/TaskTracer(  804): 1 3453153709312 1397108033001795 19040000 1290000 804 "b2g" 804 "main"
I/TaskTracer(  804): 0 3453153709321 1397108033001887 3453153709231 1 3453153709312
I/TaskTracer(  804): 4 3453153709321 0x421b6228
I/TaskTracer(  804): 0 3543348019807 1397108033009913 3543348019614 0 3543348019614
I/TaskTracer(  804): 4 3543348019807 0x421b6288
I/TaskTracer(  804): 0 3543348019808 1397108033016291 3543348019614 0 3543348019614
I/TaskTracer(  804): 4 3543348019808 0x421b6288
I/TaskTracer(  804): 2 3453153709312 1397108033017847 19040000 1290000
I/TaskTracer(  804): 2 3543348019805 1397108033017939 19040000 1290000
I/TaskTracer(  804): 1 3487513445723 1397108033018122 19040000 1290000 804 "b2g" 804 "main"
I/TaskTracer(  804): 1 3487513445722 1397108033018214 19040000 1290000 804 "b2g" 804 "main"
I/TaskTracer(  804): 2 3487513445722 1397108033018336 19040000 1290000
I/TaskTracer(  804): 2 3487513445723 1397108033018397 19040000 1290000
I/TaskTracer(  804): 1 3453153709318 1397108033018488 19040000 1290000 804 "b2g" 804 "main"
I/TaskTracer(  804): 3 3453153709318 1397108033018824 "[nsEventDispatcher::Dispatch] Event name: (null)"
I/TaskTracer(  804): 2 3453153709318 1397108033019007 19040000 1290000
I/TaskTracer(  804): 1 3543348019806 1397108033019129 19040000 1290000 804 "b2g" 804 "main"
I/TaskTracer(  804): 1 3453153709308 1397108033019190 19040000 1290000 804 "b2g" 804 "main"
I/TaskTracer(  927): 0 3985729650839 1397108033020564 3453153709231 1 3453153709317
I/TaskTracer(  927): 4 3985729650839 0x41cfb150
I/TaskTracer(  927): 0 3985729650840 1397108033020716 3453153709231 1 3453153709317
I/TaskTracer(  927): 4 3985729650840 0x41cfb2f0
I/TaskTracer(  943): 0 4050154161373 1397108033025904 3453153709127 1 4050154161338
I/TaskTracer(  943): 4 4050154161373 0x41cfb1b0
I/TaskTracer(  943): 1 4050154161373 1397108033026179 30000 80000 943 "" 944 "Chrome_ChildThread"
I/TaskTracer(  943): 2 4050154161373 1397108033026301 30000 80000
I/TaskTracer(  804): 0 3487513445727 1397108033026484 3453153709127 1 4050154161373
I/TaskTracer(  804): 4 3487513445727 0x421c8150
I/TaskTracer(  804): 1 3487513445727 1397108033026728 1150000 400000 804 "" 829 "Compositor"
I/TaskTracer(  804): 2 3487513445727 1397108033026850 1150000 400000
I/TaskTracer(  927): 0 3981434683674 1397108033027216 3453153709231 1 3981434683662
I/TaskTracer(  927): 4 3981434683674 0x41ce9228
I/TaskTracer(  927): 0 3981434683675 1397108033028437 3453153709231 1 3981434683662
I/TaskTracer(  927): 4 3981434683675 0x41cfb1b0
I/TaskTracer(  927): 1 3981434683675 1397108033028651 10000 30000 927 "" 928 "Chrome_ChildThread"
I/TaskTracer(  927): 2 3981434683675 1397108033028742 10000 30000
I/TaskTracer(  804): 0 3487513445728 1397108033028864 3453153709231 1 3981434683675
I/TaskTracer(  804): 4 3487513445728 0x421c8150
I/TaskTracer(  804): 0 3487513445729 1397108033028986 3453153709231 1 3981434683675
I/TaskTracer(  804): 4 3487513445729 0x421c82f0
I/TaskTracer(  804): 1 3560527889320 1397108033031672 1150000 400000 804 "" 829 "Compositor"
I/TaskTracer(  804): 2 3560527889320 1397108033031763 1150000 400000
I/TaskTracer(  804): 1 3560527889321 1397108033032526 1150000 400000 804 "" 829 "Compositor"
I/TaskTracer(  804): 2 3560527889321 1397108033032587 1150000 400000
I/TaskTracer(  804): 1 3560527889322 1397108033032648 1150000 400000 804 "" 829 "Compositor"
I/TaskTracer(  804): 2 3560527889322 1397108033032710 1150000 400000
I/TaskTracer(  927): 0 4020089389116 1397108033035578 3453153705985 0 3981434683429
I/TaskTracer(  927): 4 4020089389116 0x41ce9288
I/TaskTracer(  927): 3 3981434683662 1397108033037348 "[nsEventDispatcher::Dispatch] Event name: MozAfterPaint"
I/TaskTracer(  927): 2 3981434683662 1397108033038172 1580000 190000
I/TaskTracer(  927): 2 4020089389110 1397108033038233 1580000 190000
I/TaskTracer(  927): 1 4020089389111 1397108033039210 1580000 190000 927 "Built-in Keyboard" 927 "main"
I/TaskTracer(  927): 1 3981434683634 1397108033039271 1580000 190000 927 "Built-in Keyboard" 927 "main"
I/TaskTracer(  927): 0 3981434683676 1397108033041438 3453153709231 1 3981434683634
I/TaskTracer(  927): 4 3981434683676 0x41ce9228
I/TaskTracer(  927): 2 3981434683634 1397108033041560 1580000 190000
I/TaskTracer(  927): 2 4020089389111 1397108033041621 1580000 190000
I/TaskTracer(  804): 1 3560527889324 1397108033048335 1150000 400000 804 "" 829 "Compositor"
I/TaskTracer(  804): 2 3560527889324 1397108033048426 1150000 400000
I/TaskTracer(  804): 1 3560527889325 1397108033048518 1150000 400000 804 "" 829 "Compositor"
I/TaskTracer(  804): 2 3560527889325 1397108033048579 1150000 400000
I/TaskTracer(  804): 1 3560527889326 1397108033048640 1150000 400000 804 "" 829 "Compositor"
I/TaskTracer(  804): 2 3560527889326 1397108033048701 1150000 400000
I/TaskTracer(  927): 1 4020089389112 1397108033050440 1580000 190000 927 "Built-in Keyboard" 927 "main"
I/TaskTracer(  927): 1 3981434683516 1397108033050562 1580000 190000 927 "Built-in Keyboard" 927 "main"
I/TaskTracer(  927): 2 3981434683516 1397108033050684 1580000 190000
I/TaskTracer(  927): 2 4020089389112 1397108033050745 1580000 190000
I/TaskTracer(  927): 1 4020089389113 1397108033052454 1580000 190000 927 "Built-in Keyboard" 927 "main"
I/TaskTracer(  927): 1 3981434683667 1397108033052943 1580000 190000 927 "Built-in Keyboard" 927 "main"
I/TaskTracer(  927): 0 3981434683677 1397108033053858 3453153709231 1 3981434683667
I/TaskTracer(  927): 4 3981434683677 0x41ce9228
I/TaskTracer(  927): 2 3981434683667 1397108033054438 1580000 190000
I/TaskTracer(  927): 2 4020089389113 1397108033054774 1580000 190000
I/TaskTracer(  927): 1 4020089389114 1397108033054896 1580000 190000 927 "Built-in Keyboard" 927 "main"
I/TaskTracer(  927): 1 3981434683607 1397108033054957 1580000 190000 927 "Built-in Keyboard" 927 "main"
I/TaskTracer(  927): 0 3981434683678 1397108033056300 3453153705985 0 3981434683607
I/TaskTracer(  927): 4 3981434683678 0x41ce9228
I/TaskTracer(  927): 2 3981434683607 1397108033056422 1580000 190000
I/TaskTracer(  927): 2 4020089389114 1397108033056452 1580000 190000
I/TaskTracer(  927): 1 3981434683670 1397108033057398 1580000 190000 927 "Built-in Keyboard" 927 "main"
I/TaskTracer(  927): 2 3981434683670 1397108033058466 1580000 190000
I/TaskTracer(  927): 1 3985729650832 1397108033058894 1580000 190000 927 "Built-in Keyboard" 927 "main"
I/TaskTracer(  927): 1 3985729650831 1397108033060267 1580000 190000 927 "Built-in Keyboard" 927 "main"
I/TaskTracer(  927): 2 3985729650831 1397108033060389 1580000 190000
I/TaskTracer(  927): 2 3985729650832 1397108033060450 1580000 190000
I/TaskTracer(  927): 1 4020089389115 1397108033061884 1580000 190000 927 "Built-in Keyboard" 927 "main"
I/TaskTracer(  943): 0 4050154161374 1397108033062861 3453153709127 1 4050154161338
I/TaskTracer(  943): 4 4050154161374 0x41cfb1b0
I/TaskTracer(  927): 1 3981434683672 1397108033061945 1580000 190000 927 "Built-in Keyboard" 927 "main"
I/TaskTracer(  927): 0 3981434683679 1397108033063441 3453153709231 1 3981434683672
I/TaskTracer(  927): 4 3981434683679 0x41ce9228
I/TaskTracer(  943): 1 4050154161374 1397108033064509 30000 80000 943 "" 944 "Chrome_ChildThread"
I/TaskTracer(  943): 2 4050154161374 1397108033064631 30000 80000
I/TaskTracer(  804): 0 3487513445730 1397108033064845 3453153709127 1 4050154161374
I/TaskTracer(  804): 4 3487513445730 0x421c8150
I/TaskTracer(  804): 1 3487513445730 1397108033065089 1160000 400000 804 "" 829 "Compositor"
I/TaskTracer(  804): 0 3560527889346 1397108033065546 3453153709127 1 3487513445730
I/TaskTracer(  804): 4 3560527889346 0x421c81b0
I/TaskTracer(  804): 2 3487513445730 1397108033065668 1160000 400000
I/TaskTracer(  804): 1 3560527889346 1397108033066096 340000 120000 804 "" 812 "Gecko_IOThread"
I/TaskTracer(  804): 2 3560527889346 1397108033066248 340000 120000
I/TaskTracer(  927): 0 4170413244424 1397108033067835 3453153709231 1 3981434683671
I/TaskTracer(  927): 4 4170413244424 0x41d8aa20
I/TaskTracer(  927): 2 3981434683672 1397108033066950 1580000 190000
I/TaskTracer(  927): 2 4020089389115 1397108033068140 1580000 190000
I/TaskTracer(  927): 1 3985729650834 1397108033068232 1580000 190000 927 "Built-in Keyboard" 927 "main"
I/TaskTracer(  927): 1 3985729650833 1397108033068293 1580000 190000 927 "Built-in Keyboard" 927 "main"
I/TaskTracer(  927): 2 3985729650833 1397108033068415 1580000 190000
I/TaskTracer(  927): 2 3985729650834 1397108033068476 1580000 190000
I/TaskTracer(  927): 1 3985729650836 1397108033068568 1580000 190000 927 "Built-in Keyboard" 927 "main"
I/TaskTracer(  927): 1 3985729650835 1397108033068629 1580000 190000 927 "Built-in Keyboard" 927 "main"
I/TaskTracer(  927): 2 3985729650835 1397108033068720 1580000 190000
I/TaskTracer(  927): 2 3985729650836 1397108033068751 1580000 190000
I/TaskTracer(  927): 1 3985729650838 1397108033068842 1580000 190000 927 "Built-in Keyboard" 927 "main"
I/TaskTracer(  927): 1 3985729650837 1397108033068903 1580000 190000 927 "Built-in Keyboard" 927 "main"
I/TaskTracer(  927): 2 3985729650837 1397108033068995 1580000 190000
I/TaskTracer(  927): 2 3985729650838 1397108033069056 1580000 190000
I/TaskTracer(  927): 1 3985729650840 1397108033069117 1580000 190000 927 "Built-in Keyboard" 927 "main"
I/TaskTracer(  927): 1 3985729650839 1397108033069178 1580000 190000 927 "Built-in Keyboard" 927 "main"
I/TaskTracer(  927): 2 3985729650839 1397108033069270 1580000 190000
I/TaskTracer(  927): 2 3985729650840 1397108033069331 1580000 190000
I/TaskTracer(  927): 0 4170413244425 1397108033071284 3453153709231 1 3981434683671
I/TaskTracer(  927): 4 4170413244425 0x41ce9228
I/TaskTracer(  943): 0 4050154161375 1397108033072321 3453153709127 1 4050154161338
I/TaskTracer(  943): 4 4050154161375 0x41cfb1b0
I/TaskTracer(  943): 1 4050154161375 1397108033072504 30000 80000 943 "" 944 "Chrome_ChildThread"
I/TaskTracer(  943): 2 4050154161375 1397108033072626 30000 80000
I/TaskTracer(  804): 0 3487513445731 1397108033072810 3453153709127 1 4050154161375
I/TaskTracer(  804): 4 3487513445731 0x421c8150
I/TaskTracer(  804): 1 3487513445731 1397108033073054 1160000 400000 804 "" 829 "Compositor"
I/TaskTracer(  804): 2 3487513445731 1397108033073206 1160000 400000
I/TaskTracer(  943): 0 4050154161376 1397108033074244 3453153709127 1 4050154161338
I/TaskTracer(  943): 4 4050154161376 0x41cfb1b0
I/TaskTracer(  943): 1 4050154161376 1397108033074427 30000 80000 943 "" 944 "Chrome_ChildThread"
I/TaskTracer(  943): 2 4050154161376 1397108033074549 30000 80000
I/TaskTracer(  804): 0 3487513445732 1397108033074702 3453153709127 1 4050154161376
I/TaskTracer(  804): 4 3487513445732 0x421c8150
I/TaskTracer(  804): 1 3487513445732 1397108033075098 1160000 400000 804 "" 829 "Compositor"
I/TaskTracer(  804): 0 3560527889347 1397108033075495 3453153709127 1 3487513445732
I/TaskTracer(  804): 4 3560527889347 0x421c81b0
I/TaskTracer(  804): 2 3487513445732 1397108033075648 1160000 400000
I/TaskTracer(  804): 1 3560527889347 1397108033075953 340000 120000 804 "" 812 "Gecko_IOThread"
I/TaskTracer(  804): 2 3560527889347 1397108033076075 340000 120000
I/TaskTracer(  927): 1 4020089389116 1397108033069392 1580000 190000 927 "Built-in Keyboard" 927 "main"
I/TaskTracer(  927): 1 3981434683668 1397108033078577 1580000 190000 927 "Built-in Keyboard" 927 "main"
I/TaskTracer(  927): 0 3981434683680 1397108033078669 3981434683645 0 3981434683668
I/TaskTracer(  927): 4 3981434683680 0x41ce9228
I/TaskTracer(  943): 0 4050154161377 1397108033079127 3453153709127 1 4050154161338
I/TaskTracer(  943): 4 4050154161377 0x41cfb1b0
I/TaskTracer(  943): 1 4050154161377 1397108033079340 30000 80000 943 "" 944 "Chrome_ChildThread"
I/TaskTracer(  943): 2 4050154161377 1397108033079615 30000 80000
I/TaskTracer(  804): 0 3487513445733 1397108033079768 3453153709127 1 4050154161377
I/TaskTracer(  804): 4 3487513445733 0x421c8150
I/TaskTracer(  804): 1 3487513445733 1397108033079981 1160000 400000 804 "" 829 "Compositor"
I/TaskTracer(  804): 2 3487513445733 1397108033080103 1160000 400000
I/TaskTracer(  927): 2 3981434683668 1397108033081080 1580000 190000
I/TaskTracer(  927): 2 4020089389116 1397108033081171 1580000 190000
I/TaskTracer(  927): 1 4170413244424 1397108033082728 1580000 190000 927 "Built-in Keyboard" 927 "main"
I/TaskTracer(  804): 0 3453153709322 1397108033086359 3453153708910 0 3453153709308
I/TaskTracer(  804): 4 3453153709322 0x421b6228
I/TaskTracer(  804): 0 3453153709323 1397108033088160 3453153708910 0 3453153709308
I/TaskTracer(  804): 4 3453153709323 0x4223c608
I/TaskTracer(  804): 2 3453153709308 1397108033088343 19050000 1290000
I/TaskTracer(  804): 2 3543348019806 1397108033089014 19050000 1290000
I/TaskTracer(  943): 0 4050154161378 1397108033090510 3453153709127 1 4050154161338
I/TaskTracer(  943): 4 4050154161378 0x41cfb1b0
I/TaskTracer(  943): 1 4050154161378 1397108033090754 30000 80000 943 "" 944 "Chrome_ChildThread"
I/TaskTracer(  943): 2 4050154161378 1397108033090876 30000 80000
I/TaskTracer(  804): 0 3487513445734 1397108033091059 3453153709127 1 4050154161378
I/TaskTracer(  804): 4 3487513445734 0x421c8150
I/TaskTracer(  804): 1 3487513445734 1397108033091303 1160000 400000 804 "" 829 "Compositor"
I/TaskTracer(  804): 0 3560527889348 1397108033092371 3453153709127 1 3487513445734
I/TaskTracer(  804): 4 3560527889348 0x421e25d8
I/TaskTracer(  804): 0 3560527889349 1397108033092554 3453153709127 1 3487513445734
I/TaskTracer(  804): 4 3560527889349 0x421c81b0
I/TaskTracer(  804): 1 3560527889349 1397108033092768 340000 120000 804 "" 812 "Gecko_IOThread"
I/TaskTracer(  804): 2 3560527889349 1397108033092860 340000 120000
I/TaskTracer(  804): 2 3487513445734 1397108033093073 1160000 400000
I/TaskTracer(  804): 1 3560527889348 1397108033093165 1160000 400000 804 "" 829 "Compositor"
I/TaskTracer(  804): 0 3560527889350 1397108033093317 3453153709127 1 3560527889348
I/TaskTracer(  804): 4 3560527889350 0x421e2368
I/TaskTracer(  804): 0 3560527889351 1397108033093439 3453153709127 1 3560527889348
I/TaskTracer(  804): 4 3560527889351 0x421e2368
I/TaskTracer(  804): 0 3560527889352 1397108033093562 3453153709127 1 3560527889348
I/TaskTracer(  804): 4 3560527889352 0x421e2368
I/TaskTracer(  804): 0 3560527889353 1397108033093653 3453153709127 1 3560527889348
I/TaskTracer(  804): 4 3560527889353 0x421e25d8
I/TaskTracer(  804): 1 3543348019807 1397108033096033 19050000 1290000 804 "b2g" 804 "main"
I/TaskTracer(  804): 1 3453153709310 1397108033097132 19050000 1290000 804 "b2g" 804 "main"
I/TaskTracer(  804): 0 3453153709324 1397108033097224 3453153709231 1 3453153709310
I/TaskTracer(  804): 4 3453153709324 0x421b6228
I/TaskTracer(  927): 0 3981434683681 1397108033101130 3453153709231 1 4170413244424
I/TaskTracer(  927): 4 3981434683681 0x41ce8490
I/TaskTracer(  927): 2 4170413244424 1397108033101466 1590000 190000
I/TaskTracer(  927): 1 3981434683681 1397108033101588 1590000 190000 927 "Built-in Keyboard" 927 "main"
I/TaskTracer(  927): 0 3981434683682 1397108033102869 3453153709231 1 3981434683681
I/TaskTracer(  927): 4 3981434683682 0x41d8aa98
I/TaskTracer(  927): 0 4170413244426 1397108033103144 3453153709231 1 3981434683671
I/TaskTracer(  927): 4 4170413244426 0x41ce9228
I/TaskTracer(  927): 1 3981434683682 1397108033103266 130000 0 927 "" 971 "WebWorker 'js/imes/latin/worker.js'"
I/TaskTracer(  804): 2 3453153709310 1397108033097346 19050000 1290000
I/TaskTracer(  804): 2 3543348019807 1397108033110194 19050000 1290000
I/TaskTracer(  804): 1 3543348019808 1397108033111353 19050000 1290000 804 "b2g" 804 "main"
I/TaskTracer(  804): 2 3560527889348 1397108033112269 1160000 400000
I/TaskTracer(  804): 1 3560527889338 1397108033112360 1160000 400000 804 "" 829 "Compositor"
I/TaskTracer(  804): 1 3453153709321 1397108033111414 19050000 1290000 804 "b2g" 804 "main"
I/TaskTracer(  804): 0 3453153709325 1397108033113154 3453153709231 1 3453153709321
I/TaskTracer(  804): 4 3453153709325 0x421b6228
I/TaskTracer(  943): 0 4050154161379 1397108033113734 3453153709127 1 4050154161338
I/TaskTracer(  943): 4 4050154161379 0x41ce9228
I/TaskTracer(  943): 0 4050154161380 1397108033113917 3453153709127 1 4050154161338
I/TaskTracer(  943): 4 4050154161380 0x41cfb1b0
I/TaskTracer(  943): 1 4050154161380 1397108033114130 30000 80000 943 "" 944 "Chrome_ChildThread"
I/TaskTracer(  943): 2 4050154161380 1397108033114222 30000 80000
I/TaskTracer(  804): 0 3487513445735 1397108033114375 3453153709127 1 4050154161380
I/TaskTracer(  804): 4 3487513445735 0x421c8150
I/TaskTracer(  804): 2 3560527889338 1397108033112421 1160000 400000
I/TaskTracer(  804): 1 3487513445735 1397108033115015 1160000 400000 804 "" 829 "Compositor"
I/TaskTracer(  804): 0 3543348019809 1397108033115443 3543348019614 0 3543348019614
I/TaskTracer(  804): 4 3543348019809 0x421b6288
I/TaskTracer(  804): 0 3560527889354 1397108033117121 3453153709127 1 3487513445735
I/TaskTracer(  804): 4 3560527889354 0x421c81b0
I/TaskTracer(  804): 1 3560527889354 1397108033117335 340000 120000 804 "" 812 "Gecko_IOThread"
I/TaskTracer(  804): 2 3560527889354 1397108033117457 340000 120000
I/TaskTracer(  804): 2 3487513445735 1397108033118311 1160000 400000
I/TaskTracer(  804): 1 3560527889339 1397108033118403 1160000 400000 804 "" 829 "Compositor"
I/TaskTracer(  804): 2 3560527889339 1397108033118494 1160000 400000
I/TaskTracer(  804): 1 3560527889340 1397108033118555 1160000 400000 804 "" 829 "Compositor"
I/TaskTracer(  943): 0 4054449127614 1397108033120020 3453153709127 1 3560527889354
I/TaskTracer(  943): 4 4054449127614 0x41cfb150
I/TaskTracer(  943): 0 4054449127615 1397108033120173 3453153709127 1 3560527889354
I/TaskTracer(  943): 4 4054449127615 0x41cfb2f0
I/TaskTracer(  943): 0 4050154161381 1397108033120600 3453153709127 1 4050154161338
I/TaskTracer(  943): 4 4050154161381 0x41cfb1b0
I/TaskTracer(  943): 1 4050154161381 1397108033120783 30000 80000 943 "" 944 "Chrome_ChildThread"
I/TaskTracer(  943): 2 4050154161381 1397108033120905 30000 80000
I/TaskTracer(  804): 0 3487513445736 1397108033121027 3453153709127 1 4050154161381
I/TaskTracer(  804): 4 3487513445736 0x421c8150
I/TaskTracer(  804): 2 3560527889340 1397108033118616 1160000 400000
I/TaskTracer(  804): 1 3487513445736 1397108033121394 1160000 400000 804 "" 829 "Compositor"
I/TaskTracer(  804): 0 3560527889355 1397108033121485 3453153709127 1 3487513445736
I/TaskTracer(  804): 4 3560527889355 0x421c81b0
I/TaskTracer(  804): 1 3560527889355 1397108033121668 340000 120000 804 "" 812 "Gecko_IOThread"
I/TaskTracer(  804): 2 3560527889355 1397108033121760 340000 120000
I/TaskTracer(  804): 2 3453153709321 1397108033122157 19050000 1290000
I/TaskTracer(  804): 2 3543348019808 1397108033122248 19050000 1290000
I/TaskTracer(  804): 1 3487513445729 1397108033122370 19050000 1290000 804 "b2g" 804 "main"
I/TaskTracer(  804): 1 3487513445728 1397108033122462 19050000 1290000 804 "b2g" 804 "main"
I/TaskTracer(  804): 2 3487513445728 1397108033122553 19050000 1290000
I/TaskTracer(  804): 2 3487513445729 1397108033122614 19050000 1290000
I/TaskTracer(  804): 1 3453153709323 1397108033122706 19050000 1290000 804 "b2g" 804 "main"
I/TaskTracer(  804): 0 3453153709326 1397108033122980 3453153708910 0 3453153709323
I/TaskTracer(  804): 4 3453153709326 0x4223c608
I/TaskTracer(  804): 2 3453153709323 1397108033123103 19050000 1290000
I/TaskTracer(  804): 1 3543348019809 1397108033123194 19050000 1290000 804 "b2g" 804 "main"
I/TaskTracer(  804): 1 3453153709325 1397108033123255 19050000 1290000 804 "b2g" 804 "main"
I/TaskTracer(  804): 0 3453153709327 1397108033123347 3453153709231 1 3453153709325
I/TaskTracer(  804): 4 3453153709327 0x421b6228
I/TaskTracer(  943): 0 4054449127616 1397108033124110 3453153709127 1 3560527889355
I/TaskTracer(  943): 4 4054449127616 0x41cfb150
I/TaskTracer(  943): 0 4054449127617 1397108033124232 3453153709127 1 3560527889355
I/TaskTracer(  943): 4 4054449127617 0x41cfb2f0
I/TaskTracer(  943): 0 4050154161382 1397108033124659 3453153709127 1 4050154161338
I/TaskTracer(  943): 4 4050154161382 0x41cfb1b0
I/TaskTracer(  943): 1 4050154161382 1397108033124873 30000 80000 943 "" 944 "Chrome_ChildThread"
I/TaskTracer(  943): 2 4050154161382 1397108033124964 30000 80000
I/TaskTracer(  804): 0 3487513445737 1397108033125636 3453153709127 1 4050154161382
I/TaskTracer(  804): 4 3487513445737 0x421c8150
I/TaskTracer(  804): 0 3560527889356 1397108033126185 3453153709127 1 3487513445736
I/TaskTracer(  804): 4 3560527889356 0x421c81b0
I/TaskTracer(  804): 1 3560527889356 1397108033126398 340000 120000 804 "" 812 "Gecko_IOThread"
I/TaskTracer(  804): 2 3560527889356 1397108033126490 340000 120000
I/TaskTracer(  943): 0 4054449127618 1397108033126978 3453153709127 1 3560527889356
I/TaskTracer(  943): 4 4054449127618 0x41cfb150
I/TaskTracer(  943): 0 4054449127619 1397108033127100 3453153709127 1 3560527889356
I/TaskTracer(  943): 4 4054449127619 0x41cfb2f0
I/TaskTracer(  943): 0 4088808866313 1397108033127467 3453153705985 0 4050154160168
I/TaskTracer(  943): 4 4088808866313 0x41ce9288
I/TaskTracer(  943): 0 4050154161383 1397108033127741 3453153709127 1 4050154161338
I/TaskTracer(  943): 4 4050154161383 0x41cfb1b0
I/TaskTracer(  943): 1 4050154161383 1397108033127924 30000 80000 943 "" 944 "Chrome_ChildThread"
I/TaskTracer(  943): 2 4050154161383 1397108033128138 30000 80000
I/TaskTracer(  804): 0 3487513445738 1397108033128474 3453153709127 1 4050154161383
I/TaskTracer(  804): 4 3487513445738 0x421c8150
I/TaskTracer(  804): 2 3487513445736 1397108033129816 1160000 400000
I/TaskTracer(  804): 1 3560527889353 1397108033129908 1160000 400000 804 "" 829 "Compositor"
I/TaskTracer(  804): 0 3560527889357 1397108033131434 3453153709127 1 3560527889353
I/TaskTracer(  804): 4 3560527889357 0x421e2368
I/TaskTracer(  943): 3 4050154161338 1397108033132868 "[nsEventDispatcher::Dispatch] Event name: MozAfterPaint"
I/TaskTracer(  943): 3 4050154161338 1397108033133021 "[nsEventDispatcher::Dispatch] Event name: MozAfterPaint"
I/TaskTracer(  804): 0 3543348019810 1397108033133509 3543348019614 0 3543348019614
I/TaskTracer(  804): 4 3543348019810 0x421b6288
I/TaskTracer(  804): 0 3560527889358 1397108033133906 3453153709127 1 3560527889353
I/TaskTracer(  804): 4 3560527889358 0x421e2368
I/TaskTracer(  804): 0 3560527889359 1397108033134058 3453153709127 1 3560527889353
I/TaskTracer(  804): 4 3560527889359 0x421e2368
I/TaskTracer(  927): 2 3981434683681 1397108033134394 1590000 190000
I/TaskTracer(  943): 3 4050154161338 1397108033135065 "[nsEventDispatcher::Dispatch] Event name: MozAfterPaint"
I/TaskTracer(  943): 2 4050154161338 1397108033135432 3880000 410000
I/TaskTracer(  943): 2 4088808866307 1397108033135493 3880000 410000
I/TaskTracer(  804): 0 3560527889360 1397108033134211 3453153709127 1 3560527889353
I/TaskTracer(  804): 4 3560527889360 0x421e25d8
I/TaskTracer(  943): 1 4088808866308 1397108033140040 3880000 410000 943 "Communications" 943 "main"
I/TaskTracer(  943): 2 4088808866308 1397108033140986 3880000 410000
I/TaskTracer(  943): 1 4088808866309 1397108033141169 3880000 410000 943 "Communications" 943 "main"
I/TaskTracer(  943): 1 4050154161340 1397108033142664 3880000 410000 943 "Communications" 943 "main"
I/TaskTracer(  927): 0 4020089389117 1397108033153712 3453153705985 0 3981434683429
I/TaskTracer(  927): 4 4020089389117 0x41ce9288
I/TaskTracer(  927): 1 4020089389117 1397108033154047 1590000 190000 927 "Built-in Keyboard" 927 "main"
I/TaskTracer(  927): 1 3981434683677 1397108033154139 1590000 190000 927 "Built-in Keyboard" 927 "main"
I/TaskTracer(  927): 0 3981434683683 1397108033154230 3453153709231 1 3981434683677
I/TaskTracer(  927): 4 3981434683683 0x41ce9228
I/TaskTracer(  927): 2 3981434683677 1397108033154322 1590000 190000
I/TaskTracer(  927): 2 4020089389117 1397108033154383 1590000 190000
I/TaskTracer(  943): 2 4050154161340 1397108033157008 3880000 410000
I/TaskTracer(  943): 2 4088808866309 1397108033157099 3880000 410000
I/TaskTracer(  804): 0 3453153709328 1397108033164912 3453153709231 1 3453153709325
I/TaskTracer(  804): 4 3453153709328 0x421c8150
I/TaskTracer(  804): 2 3453153709325 1397108033165369 19060000 1290000
I/TaskTracer(  804): 2 3543348019809 1397108033165430 19060000 1290000
I/TaskTracer(  804): 1 3453153709326 1397108033165614 19060000 1290000 804 "b2g" 804 "main"
I/TaskTracer(  804): 2 3453153709326 1397108033165858 19060000 1290000
I/TaskTracer(  804): 1 3543348019810 1397108033165980 19060000 1290000 804 "b2g" 804 "main"
I/TaskTracer(  804): 1 3453153709327 1397108033166041 19060000 1290000 804 "b2g" 804 "main"
I/TaskTracer(  804): 0 3453153709329 1397108033166132 3453153709231 1 3453153709327
I/TaskTracer(  804): 4 3453153709329 0x421b6228
I/TaskTracer(  804): 2 3560527889353 1397108033167231 1170000 400000
I/TaskTracer(  804): 1 3487513445737 1397108033167353 1170000 400000 804 "" 829 "Compositor"
I/TaskTracer(  804): 2 3487513445737 1397108033167536 1170000 400000
I/TaskTracer(  804): 1 3487513445738 1397108033167628 1170000 400000 804 "" 829 "Compositor"
I/TaskTracer(  804): 0 3560527889361 1397108033167719 3453153709127 1 3487513445738
I/TaskTracer(  804): 4 3560527889361 0x421c81b0
I/TaskTracer(  804): 1 3560527889361 1397108033167933 340000 120000 804 "" 812 "Gecko_IOThread"
I/TaskTracer(  804): 2 3560527889361 1397108033168024 340000 120000
I/TaskTracer(  943): 0 4054449127620 1397108033168208 3453153709127 1 3560527889361
I/TaskTracer(  943): 4 4054449127620 0x41cfb150
I/TaskTracer(  943): 0 4054449127621 1397108033168299 3453153709127 1 3560527889361
I/TaskTracer(  943): 4 4054449127621 0x41cfb2f0
I/TaskTracer(  804): 2 3487513445738 1397108033171900 1170000 400000
I/TaskTracer(  804): 1 3453153709328 1397108033172999 1170000 400000 804 "" 829 "Compositor"
I/TaskTracer(  804): 2 3453153709328 1397108033175440 1170000 400000
I/TaskTracer(  943): 1 4054449127597 1397108033175990 3880000 410000 943 "Communications" 943 "main"
I/TaskTracer(  804): 1 3560527889360 1397108033175562 1170000 400000 804 "" 829 "Compositor"
I/TaskTracer(  804): 0 3560527889362 1397108033176997 3453153709127 1 3560527889360
I/TaskTracer(  943): 1 4054449127596 1397108033177454 3880000 410000 943 "Communications" 943 "main"
I/TaskTracer(  804): 4 3560527889362 0x421e2368
I/TaskTracer(  943): 2 4054449127596 1397108033178339 3880000 410000
I/TaskTracer(  943): 2 4054449127597 1397108033178400 3880000 410000
I/TaskTracer(  943): 1 4054449127599 1397108033178584 3880000 410000 943 "Communications" 943 "main"
I/TaskTracer(  804): 0 3560527889363 1397108033178889 3453153709127 1 3560527889360
I/TaskTracer(  804): 4 3560527889363 0x421e2368
I/TaskTracer(  804): 0 3560527889364 1397108033179041 3453153709127 1 3560527889360
I/TaskTracer(  804): 4 3560527889364 0x421e2368
I/TaskTracer(  943): 1 4054449127598 1397108033181574 3880000 410000 943 "Communications" 943 "main"
I/TaskTracer(  804): 0 3560527889365 1397108033180628 3453153709127 1 3560527889360
I/TaskTracer(  804): 4 3560527889365 0x421e25d8
I/TaskTracer(  804): 0 3543348019811 1397108033182398 3543348019614 0 3543348019614
I/TaskTracer(  804): 4 3543348019811 0x421b6288
I/TaskTracer(  943): 2 4054449127598 1397108033184779 3880000 410000
I/TaskTracer(  804): 0 3543348019812 1397108033185694 3543348019614 0 3543348019614
I/TaskTracer(  804): 4 3543348019812 0x421b6288
I/TaskTracer(  943): 2 4054449127599 1397108033184870 3880000 410000
I/TaskTracer(  943): 1 4088808866310 1397108033187800 3880000 410000 943 "Communications" 943 "main"
I/TaskTracer(  943): 1 4050154160319 1397108033187891 3880000 410000 943 "Communications" 943 "main"
I/TaskTracer(  943): 0 4050154161384 1397108033189234 3453153708924 1 4050154160319
I/TaskTracer(  943): 4 4050154161384 0x41ce9228
I/TaskTracer(  943): 2 4050154160319 1397108033190882 3880000 410000
I/TaskTracer(  943): 2 4088808866310 1397108033190943 3880000 410000
I/TaskTracer(  943): 1 4054449127601 1397108033193110 3880000 410000 943 "Communications" 943 "main"
I/TaskTracer(  943): 1 4054449127600 1397108033194453 3880000 410000 943 "Communications" 943 "main"
I/TaskTracer(  943): 2 4054449127600 1397108033194575 3880000 410000
I/TaskTracer(  943): 2 4054449127601 1397108033194636 3880000 410000
I/TaskTracer(  804): 0 3543348019813 1397108033197016 3543348019614 0 3543348019614
I/TaskTracer(  804): 4 3543348019813 0x421b6288
I/TaskTracer(  943): 1 4054449127603 1397108033196650 3880000 410000 943 "Communications" 943 "main"
I/TaskTracer(  943): 1 4054449127602 1397108033197932 3880000 410000 943 "Communications" 943 "main"
I/TaskTracer(  943): 2 4054449127602 1397108033198084 3880000 410000
I/TaskTracer(  943): 2 4054449127603 1397108033198145 3880000 410000
I/TaskTracer(  943): 1 4054449127605 1397108033201319 3880000 410000 943 "Communications" 943 "main"
I/TaskTracer(  943): 1 4054449127604 1397108033201380 3880000 410000 943 "Communications" 943 "main"
I/TaskTracer(  804): 2 3560527889360 1397108033209986 1170000 400000
I/TaskTracer(  804): 1 3560527889365 1397108033210139 1170000 400000 804 "" 829 "Compositor"
I/TaskTracer(  804): 0 3560527889366 1397108033210291 3453153709127 1 3560527889365
I/TaskTracer(  804): 4 3560527889366 0x421e2368
I/TaskTracer(  804): 0 3560527889367 1397108033210413 3453153709127 1 3560527889365
I/TaskTracer(  804): 4 3560527889367 0x421e2368
I/TaskTracer(  804): 0 3560527889368 1397108033210566 3453153709127 1 3560527889365
I/TaskTracer(  804): 4 3560527889368 0x421e2368
I/TaskTracer(  804): 0 3560527889369 1397108033210688 3453153709127 1 3560527889365
I/TaskTracer(  804): 4 3560527889369 0x421e25d8
I/TaskTracer(  943): 2 4054449127604 1397108033217249 3880000 410000
I/TaskTracer(  943): 2 4054449127605 1397108033217341 3880000 410000
I/TaskTracer(  943): 1 4054449127607 1397108033217463 3880000 410000 943 "Communications" 943 "main"
I/TaskTracer(  943): 1 4054449127606 1397108033217554 3880000 410000 943 "Communications" 943 "main"
I/TaskTracer(  943): 2 4054449127606 1397108033217677 3880000 410000
I/TaskTracer(  943): 2 4054449127607 1397108033217738 3880000 410000
I/TaskTracer(  943): 1 4054449127609 1397108033217799 3880000 410000 943 "Communications" 943 "main"
I/TaskTracer(  943): 1 4054449127608 1397108033217860 3880000 410000 943 "Communications" 943 "main"
I/TaskTracer(  943): 2 4054449127608 1397108033218226 3880000 410000
I/TaskTracer(  943): 2 4054449127609 1397108033218287 3880000 410000
I/TaskTracer(  943): 1 4054449127611 1397108033218378 3880000 410000 943 "Communications" 943 "main"
I/TaskTracer(  943): 1 4054449127610 1397108033218439 3880000 410000 943 "Communications" 943 "main"
I/TaskTracer(  943): 2 4054449127610 1397108033218836 3880000 410000
I/TaskTracer(  943): 2 4054449127611 1397108033218897 3880000 410000
I/TaskTracer(  943): 1 4088808866311 1397108033218989 3880000 410000 943 "Communications" 943 "main"
I/TaskTracer(  943): 1 4050154161368 1397108033219050 3880000 410000 943 "Communications" 943 "main"
I/TaskTracer(  943): 0 4050154161385 1397108033219141 3453153709127 1 4050154161368
I/TaskTracer(  943): 4 4050154161385 0x41ce9228
I/TaskTracer(  804): 2 3560527889365 1397108033225031 1170000 400000
I/TaskTracer(  943): 0 4088808866314 1397108033225672 3453153705985 0 4050154160168
I/TaskTracer(  943): 4 4088808866314 0x41ce9288
I/TaskTracer(  943): 0 4088808866315 1397108033225855 3453153705985 0 4050154160168
I/TaskTracer(  943): 4 4088808866315 0x41ce9288
I/TaskTracer(  804): 1 3560527889369 1397108033226832 1170000 400000 804 "" 829 "Compositor"
I/TaskTracer(  804): 0 3560527889370 1397108033227442 3453153709127 1 3560527889369
I/TaskTracer(  804): 4 3560527889370 0x421e2368
I/TaskTracer(  804): 0 3560527889371 1397108033228144 3453153709127 1 3560527889369
I/TaskTracer(  804): 4 3560527889371 0x421e2368
I/TaskTracer(  943): 3 4050154161368 1397108033219355 "[nsEventDispatcher::Dispatch] Event name: animationiteration"
I/TaskTracer(  804): 0 3560527889372 1397108033229365 3453153709127 1 3560527889369
I/TaskTracer(  804): 4 3560527889372 0x421e2368
I/TaskTracer(  804): 0 3560527889373 1397108033230982 3453153709127 1 3560527889369
I/TaskTracer(  804): 4 3560527889373 0x421e25d8
I/TaskTracer(  943): 2 4050154161368 1397108033232996 3890000 410000
I/TaskTracer(  943): 2 4088808866311 1397108033234003 3890000 410000
I/TaskTracer(  943): 1 4088808866312 1397108033235987 3890000 410000 943 "Communications" 943 "main"
I/TaskTracer(  943): 1 4050154161365 1397108033236994 3890000 410000 943 "Communications" 943 "main"
I/TaskTracer(  943): 0 4050154161386 1397108033238184 3453153709127 1 4050154161365
I/TaskTracer(  943): 4 4050154161386 0x41ce9228
I/TaskTracer(  943): 2 4050154161365 1397108033240107 3890000 410000
I/TaskTracer(  943): 2 4088808866312 1397108033240199 3890000 410000
I/TaskTracer(  804): 0 3453153709330 1397108033241175 3453153709231 1 3453153709327
I/TaskTracer(  804): 4 3453153709330 0x421c8150
I/TaskTracer(  804): 2 3453153709327 1397108033242365 19060000 1300000
I/TaskTracer(  804): 2 3543348019810 1397108033242426 19060000 1300000
I/TaskTracer(  943): 1 4054449127613 1397108033241938 3890000 410000 943 "Communications" 943 "main"
I/TaskTracer(  943): 1 4054449127612 1397108033243555 3890000 410000 943 "Communications" 943 "main"
I/TaskTracer(  943): 2 4054449127612 1397108033246546 3890000 410000
I/TaskTracer(  943): 2 4054449127613 1397108033246638 3890000 410000
I/TaskTracer(  804): 1 3543348019811 1397108033246851 19060000 1300000 804 "b2g" 804 "main"
I/TaskTracer(  804): 1 3453153709329 1397108033246912 19060000 1300000 804 "b2g" 804 "main"
I/TaskTracer(  804): 0 3453153709331 1397108033247034 3453153709231 1 3453153709329
I/TaskTracer(  804): 4 3453153709331 0x421b6228
I/TaskTracer(  927): 2 3981434683682 1397108033216730 140000 0
I/TaskTracer(  804): 0 3543348019814 1397108033249293 3543348019614 0 3543348019614
I/TaskTracer(  804): 4 3543348019814 0x421b6288
I/TaskTracer(  943): 1 4054449127615 1397108033248652 3890000 410000 943 "Communications" 943 "main"
I/TaskTracer(  943): 1 4054449127614 1397108033250971 3890000 410000 943 "Communications" 943 "main"
I/TaskTracer(  943): 2 4054449127614 1397108033251215 3890000 410000
I/TaskTracer(  943): 2 4054449127615 1397108033251276 3890000 410000
I/TaskTracer(  943): 1 4054449127617 1397108033251398 3890000 410000 943 "Communications" 943 "main"
I/TaskTracer(  943): 1 4054449127616 1397108033251490 3890000 410000 943 "Communications" 943 "main"
I/TaskTracer(  943): 2 4054449127616 1397108033251582 3890000 410000
I/TaskTracer(  943): 2 4054449127617 1397108033251612 3890000 410000
I/TaskTracer(  943): 1 4054449127619 1397108033251704 3890000 410000 943 "Communications" 943 "main"
I/TaskTracer(  943): 1 4054449127618 1397108033251765 3890000 410000 943 "Communications" 943 "main"
I/TaskTracer(  943): 2 4054449127618 1397108033252345 3890000 410000
I/TaskTracer(  943): 2 4054449127619 1397108033252406 3890000 410000
I/TaskTracer(  943): 1 4088808866313 1397108033252497 3890000 410000 943 "Communications" 943 "main"
I/TaskTracer(  943): 1 4050154161366 1397108033252558 3890000 410000 943 "Communications" 943 "main"
I/TaskTracer(  943): 0 4050154161387 1397108033254359 3453153705985 0 4050154161366
I/TaskTracer(  943): 4 4050154161387 0x41d6f608
I/TaskTracer(  927): 0 4020089389118 1397108033254725 3453153705985 0 3981434683429
I/TaskTracer(  927): 4 4020089389118 0x41ce9288
I/TaskTracer(  927): 1 4020089389118 1397108033255152 1590000 190000 927 "Built-in Keyboard" 927 "main"
I/TaskTracer(  927): 1 3981434683683 1397108033255213 1590000 190000 927 "Built-in Keyboard" 927 "main"
I/TaskTracer(  927): 0 3981434683684 1397108033255335 3453153709231 1 3981434683683
I/TaskTracer(  927): 4 3981434683684 0x41ce9228
I/TaskTracer(  927): 0 3981434683685 1397108033255457 3453153709231 1 3981434683683
I/TaskTracer(  927): 4 3981434683685 0x41ce9228
I/TaskTracer(  927): 2 3981434683683 1397108033255549 1590000 190000
I/TaskTracer(  927): 2 4020089389118 1397108033255610 1590000 190000
I/TaskTracer(  927): 0 4170413244427 1397108033258601 4170413244427 0 4170413244427
I/TaskTracer(  927): 4 4170413244427 0x41d8afb0
I/TaskTracer(  927): 1 4170413244427 1397108033258875 1590000 190000 927 "Built-in Keyboard" 927 "main"
I/TaskTracer(  927): 2 4170413244427 1397108033258967 1590000 190000
I/TaskTracer(  804): 2 3560527889369 1397108033260065 1180000 400000
I/TaskTracer(  804): 1 3453153709330 1397108033260218 1180000 400000 804 "" 829 "Compositor"
I/TaskTracer(  927): 2 3981434683671 1397108033261744 140000 0
I/TaskTracer(  927): 0 4170413244428 1397108033261927 4170413244428 0 4170413244428
I/TaskTracer(  927): 4 4170413244428 0x41d8afb0
I/TaskTracer(  927): 1 4170413244428 1397108033262110 1590000 190000 927 "Built-in Keyboard" 927 "main"
I/TaskTracer(  927): 2 4170413244428 1397108033262202 1590000 190000
I/TaskTracer(  804): 2 3453153709330 1397108033263972 1180000 400000
I/TaskTracer(  927): 2 4170413244417 1397108033265253 140000 0
I/TaskTracer(  927): 1 4170413244418 1397108033265376 140000 0 927 "" 971 "WebWorker 'js/imes/latin/worker.js'"
I/TaskTracer(  927): 3 4170413244418 1397108033265620 "[nsEventDispatcher::Dispatch] Event name: (null)"
I/TaskTracer(  927): 0 4170413244429 1397108033266932 3453153709231 1 4170413244418