I/TaskTracer( 4029): 0 17411797418477 1392792333388148 18129056956513 5 17334488008110
I/TaskTracer( 4029): 4 17411797418477 0x421d5660
I/TaskTracer( 4029): 0 17411797418478 1392792333388331 18129056956513 5 17334488008110
I/TaskTracer( 4029): 4 17411797418478 0x421bd840
I/TaskTracer( 4029): 2 17334488008110 1392792333388453
I/TaskTracer( 4029): 1 17411797418477 1392792333388544 4029 "b2g" 4054 "Compositor"
I/TaskTracer( 4029): 0 17411797418479 1392792333388636 18129056956513 5 17411797418477
I/TaskTracer( 4029): 4 17411797418479 0x421d53d0
I/TaskTracer( 4029): 1 17411797418478 1392792333391016 4029 "b2g" 4036 "Gecko_IOThread"
I/TaskTracer( 4029): 2 17411797418478 1392792333391169
I/TaskTracer( 4212): 0 18090402251013 1392792333394251 18129056956513 5 18129056956514
I/TaskTracer( 4029): 4 17304423238110 0x421bd7e0
I/TaskTracer( 4029): 2 17411797418477 1392792333396174
I/TaskTracer( 4029): 1 17304423238110 1392792333396937 4029 "b2g" 4054 "Compositor"
I/TaskTracer( 4029): 2 17304423238110 1392792333397486
I/TaskTracer( 4029): 0 17304423238111 1392792333398554 17390322582826 5 17390322582827
I/TaskTracer( 4029): 4 17304423238111 0x421bd7e0
I/TaskTracer( 4029): 1 17304423238111 1392792333399653 4029 "b2g" 4054 "Compositor"
I/TaskTracer( 4029): 2 17304423238111 1392792333401423
I/TaskTracer( 4029): 0 17304423238112 1392792333401698 17390322582826 5 17390322582827
I/TaskTracer( 4029): 4 17304423238112 0x421bd7e0
I/TaskTracer( 4029): 1 17304423238112 1392792333402766 4029 "b2g" 4054 "Compositor"
I/TaskTracer( 4029): 2 17304423238112 1392792333404597
I/TaskTracer( 4029): 0 17390322582834 1392792333407069 17390322582834 5 17390322582834
I/TaskTracer( 4029): 1 17390322582834 1392792333407191 4029 "b2g" 4049 "Timer"
I/TaskTracer( 4029): 0 17390322582835 1392792333407252 17390322582834 5 17390322582834
I/TaskTracer( 4029): 4 17390322582835 0x421abe20
I/TaskTracer( 4029): 2 17390322582834 1392792333407374
I/TaskTracer( 4212): 4 18090402251013 0x41bb5840
I/TaskTracer( 4212): 1 18090402251013 1392792333410181 4212 "Built-in Keyboard" 4213 "Chrome_ChildThread"
I/TaskTracer( 4212): 2 18090402251013 1392792333410273
I/TaskTracer( 4029): 0 17334488008111 1392792333410487 18129056956513 5 18090402251013
I/TaskTracer( 4029): 4 17334488008111 0x421bd7e0
I/TaskTracer( 4029): 0 17334488008112 1392792333410578 18129056956513 5 18090402251013
I/TaskTracer( 4029): 4 17334488008112 0x421bd980
I/TaskTracer( 4212): 3 18129056956514 1392792333412928 "[nsEventDispatcher::Dispatch] Event name: MozAfterPaint"
I/TaskTracer( 4212): 2 18129056956514 1392792333413538
I/TaskTracer( 4212): 1 18129056956516 1392792333413691 4212 "Built-in Keyboard" 4212 "main"
I/TaskTracer( 4212): 0 18129056956521 1392792333419428 18129056956521 5 18129056956521
I/TaskTracer( 4212): 1 18129056956521 1392792333419550 4212 "(Preallocated app)" 4221 "Timer"
I/TaskTracer( 4212): 0 18129056956522 1392792333419642 18129056956521 5 18129056956521
I/TaskTracer( 4212): 4 18129056956522 0x41ba3e20
I/TaskTracer( 4212): 2 18129056956521 1392792333419764
I/TaskTracer( 4029): 0 17304423238113 1392792333422511 17390322582826 5 17390322582827
I/TaskTracer( 4029): 4 17304423238113 0x421bd7e0
I/TaskTracer( 4029): 1 17304423238113 1392792333423487 4029 "b2g" 4054 "Compositor"
I/TaskTracer( 4029): 0 17411797418480 1392792333425013 17390322582826 5 17304423238113
I/TaskTracer( 4029): 4 17411797418480 0x421d5660
I/TaskTracer( 4029): 2 17304423238113 1392792333425227
I/TaskTracer( 4029): 1 17411797418480 1392792333425318 4029 "b2g" 4054 "Compositor"
I/TaskTracer( 4029): 0 17411797418481 1392792333425501 17390322582826 5 17411797418480
I/TaskTracer( 4029): 4 17411797418481 0x421d53d0
I/TaskTracer( 4029): 0 17411797418482 1392792333425654 17390322582826 5 17411797418480
I/TaskTracer( 4029): 4 17411797418482 0x421d53d0
I/TaskTracer( 4029): 0 17411797418483 1392792333425776 17390322582826 5 17411797418480
I/TaskTracer( 4029): 4 17411797418483 0x421d5660
I/TaskTracer( 4029): 3 17390322582827 1392792333430689 "[nsEventDispatcher::Dispatch] Event name: MozAfterPaint"
I/TaskTracer( 4029): 3 17390322582827 1392792333431727 "[nsEventDispatcher::Dispatch] Event name: MozAfterPaint"
I/TaskTracer( 4029): 2 17390322582827 1392792333432337
I/TaskTracer( 4029): 1 17390322582829 1392792333432948 4029 "b2g" 4029 "main"
I/TaskTracer( 4029): 2 17411797418480 1392792333434107
I/TaskTracer( 4029): 0 17390322582836 1392792333435023 17390322582836 5 17390322582836
I/TaskTracer( 4029): 1 17390322582836 1392792333435114 4029 "b2g" 4049 "Timer"
I/TaskTracer( 4029): 0 17390322582837 1392792333435175 17390322582836 5 17390322582836
I/TaskTracer( 4029): 4 17390322582837 0x421abe20
I/TaskTracer( 4029): 2 17390322582836 1392792333435297
I/TaskTracer( 4029): 2 17390322582829 1392792333436579
I/TaskTracer( 4029): 1 17390322582831 1392792333437220 4029 "b2g" 4029 "main"
I/TaskTracer( 4029): 2 17390322582831 1392792333438044
I/TaskTracer( 4029): 1 18378165059585 1392792333438166 4029 "b2g" 4029 "main"
I/TaskTracer( 4029): 2 18378165059585 1392792333438929
I/TaskTracer( 4029): 1 17390322582833 1392792333439356 4029 "b2g" 4029 "main"
I/TaskTracer( 4029): 2 17390322582833 1392792333439448
I/TaskTracer( 4029): 1 17390322582835 1392792333439875 4029 "b2g" 4029 "main"
I/TaskTracer( 4029): 0 17304423238114 1392792333441706 17390322582834 5 17390322582835
I/TaskTracer( 4029): 1 17411797418483 1392792333442042 4029 "b2g" 4054 "Compositor"
I/TaskTracer( 4029): 0 17411797418484 1392792333442255 17390322582826 5 17411797418483
I/TaskTracer( 4029): 4 17411797418484 0x421d53d0
I/TaskTracer( 4029): 0 17411797418485 1392792333442439 17390322582826 5 17411797418483
I/TaskTracer( 4029): 4 17411797418485 0x421d53d0
I/TaskTracer( 4029): 0 17411797418486 1392792333442561 17390322582826 5 17411797418483
I/TaskTracer( 4029): 4 17411797418486 0x421d5660
I/TaskTracer( 4029): 4 17304423238114 0x421f50f0
I/TaskTracer( 4029): 2 17390322582835 1392792333447840
I/TaskTracer( 4029): 1 17334488008112 1392792333448298 4029 "b2g" 4029 "main"
I/TaskTracer( 4029): 1 17334488008111 1392792333449122 4029 "b2g" 4029 "main"
I/TaskTracer( 4029): 2 17334488008111 1392792333449580
I/TaskTracer( 4029): 2 17334488008112 1392792333450007
I/TaskTracer( 4029): 1 17390322582837 1392792333450434 4029 "b2g" 4029 "main"
I/TaskTracer( 4029): 0 17304423238115 1392792333451105 17390322582836 5 17390322582837
I/TaskTracer( 4029): 4 17304423238115 0x421fa630
I/TaskTracer( 4029): 2 17390322582837 1392792333451960
I/TaskTracer( 4029): 0 17390322582838 1392792333452509 17390322582838 5 17390322582838
I/TaskTracer( 4029): 1 17390322582838 1392792333452601 4029 "b2g" 4049 "Timer"
I/TaskTracer( 4029): 0 17390322582839 1392792333452692 17390322582838 5 17390322582838
I/TaskTracer( 4029): 4 17390322582839 0x421abe20
I/TaskTracer( 4029): 2 17390322582838 1392792333452845
I/TaskTracer( 4029): 2 17411797418483 1392792333453669
I/TaskTracer( 4029): 1 17304423238114 1392792333455927 4029 "b2g" 4029 "main"
I/TaskTracer( 4029): 2 17304423238114 1392792333456141
I/TaskTracer( 4029): 1 17304423238115 1392792333456232 4029 "b2g" 4029 "main"
I/TaskTracer( 4029): 2 17304423238115 1392792333456599
I/TaskTracer( 4029): 1 17390322582839 1392792333456690 4029 "b2g" 4029 "main"
I/TaskTracer( 4212): 2 18129056956516 1392792333458613
I/TaskTracer( 4029): 1 17411797418486 1392792333458857 4029 "b2g" 4054 "Compositor"
I/TaskTracer( 4029): 0 17411797418487 1392792333459101 17390322582826 5 17411797418486
I/TaskTracer( 4029): 4 17411797418487 0x421d53d0
I/TaskTracer( 4029): 0 17411797418488 1392792333459284 17390322582826 5 17411797418486
I/TaskTracer( 4029): 4 17411797418488 0x421d53d0
I/TaskTracer( 4029): 0 17411797418489 1392792333459406 17390322582826 5 17411797418486
I/TaskTracer( 4029): 4 17411797418489 0x421d5660
I/TaskTracer( 4029): 2 17390322582839 1392792333463984
I/TaskTracer( 4212): 1 18090402251006 1392792333464686 4212 "Built-in Keyboard" 4212 "main"
I/TaskTracer( 4029): 2 17411797418486 1392792333468195
I/TaskTracer( 4029): 0 17390322582840 1392792333468928 17390322582840 5 17390322582840
I/TaskTracer( 4029): 1 17390322582840 1392792333469019 4029 "b2g" 4049 "Timer"
I/TaskTracer( 4029): 0 17390322582841 1392792333469080 17390322582840 5 17390322582840
I/TaskTracer( 4029): 4 17390322582841 0x421abe20
I/TaskTracer( 4029): 2 17390322582840 1392792333469233
I/TaskTracer( 4029): 1 17390322582841 1392792333469752 4029 "b2g" 4029 "main"
I/TaskTracer( 4029): 3 17390322582841 1392792333469965 "[nsEventDispatcher::Dispatch] Event name: transitionend"
I/TaskTracer( 4029): 2 17390322582841 1392792333471583
I/TaskTracer( 4029): 1 17411797418472 1392792333471766 4029 "b2g" 4054 "Compositor"
I/TaskTracer( 4029): 2 17411797418472 1392792333471827
I/TaskTracer( 4212): 2 18090402251006 1392792333474909
I/TaskTracer( 4029): 1 17411797418489 1392792333475642 4029 "b2g" 4054 "Compositor"
I/TaskTracer( 4029): 0 17411797418490 1392792333475886 17390322582826 5 17411797418489
I/TaskTracer( 4029): 4 17411797418490 0x421d53d0
I/TaskTracer( 4029): 0 17411797418491 1392792333476069 17390322582826 5 17411797418489
I/TaskTracer( 4029): 4 17411797418491 0x421d53d0
I/TaskTracer( 4029): 0 17411797418492 1392792333476191 17390322582826 5 17411797418489
I/TaskTracer( 4029): 4 17411797418492 0x421d5660
I/TaskTracer( 4212): 1 18129056956518 1392792333479456 4212 "Built-in Keyboard" 4212 "main"
I/TaskTracer( 4029): 2 17411797418489 1392792333485285
I/TaskTracer( 4029): 0 17390322582842 1392792333486018 17390322582842 5 17390322582842
I/TaskTracer( 4029): 1 17390322582842 1392792333486109 4029 "b2g" 4049 "Timer"
I/TaskTracer( 4029): 0 17390322582843 1392792333486170 17390322582842 5 17390322582842
I/TaskTracer( 4029): 4 17390322582843 0x421abe20
I/TaskTracer( 4029): 2 17390322582842 1392792333486323
I/TaskTracer( 4029): 1 17390322582843 1392792333486842 4029 "b2g" 4029 "main"
I/TaskTracer( 4029): 1 17411797418492 1392792333492487 4029 "b2g" 4054 "Compositor"
I/TaskTracer( 4029): 0 17411797418493 1392792333492731 17390322582826 5 17411797418492
I/TaskTracer( 4029): 4 17411797418493 0x421d53d0
I/TaskTracer( 4029): 0 17411797418494 1392792333492915 17390322582826 5 17411797418492
I/TaskTracer( 4029): 4 17411797418494 0x421d53d0
I/TaskTracer( 4212): 0 18129056956523 1392792333493128 18129056956523 5 18129056956523
I/TaskTracer( 4212): 1 18129056956523 1392792333493220 4212 "(Preallocated app)" 4221 "Timer"
I/TaskTracer( 4212): 0 18129056956524 1392792333493311 18129056956523 5 18129056956523
I/TaskTracer( 4212): 4 18129056956524 0x41ba3e20
I/TaskTracer( 4212): 2 18129056956523 1392792333493433
I/TaskTracer( 4029): 0 17411797418495 1392792333494563 17390322582826 5 17411797418492
I/TaskTracer( 4029): 4 17411797418495 0x421d5660
I/TaskTracer( 4029): 0 17304423238116 1392792333501460 17390322582842 5 17390322582843
I/TaskTracer( 4029): 4 17304423238116 0x421bd7e0
I/TaskTracer( 4029): 0 17390322582844 1392792333502680 17390322582844 5 17390322582844
I/TaskTracer( 4029): 1 17390322582844 1392792333502772 4029 "b2g" 4049 "Timer"
I/TaskTracer( 4029): 0 17390322582845 1392792333502833 17390322582844 5 17390322582844
I/TaskTracer( 4029): 4 17390322582845 0x421abe20
I/TaskTracer( 4029): 2 17390322582844 1392792333502985
I/TaskTracer( 4029): 2 17411797418492 1392792333504572
I/TaskTracer( 4029): 1 17304423238116 1392792333504694 4029 "b2g" 4054 "Compositor"
I/TaskTracer( 4029): 2 17304423238116 1392792333505152
I/TaskTracer( 4029): 1 17411797418474 1392792333505244 4029 "b2g" 4054 "Compositor"
I/TaskTracer( 4029): 2 17411797418474 1392792333505274
I/TaskTracer( 4029): 0 17304423238117 1392792333506495 17390322582842 5 17390322582843
I/TaskTracer( 4029): 4 17304423238117 0x421bd7e0
I/TaskTracer( 4029): 1 17304423238117 1392792333507655 4029 "b2g" 4054 "Compositor"
I/TaskTracer( 4029): 2 17304423238117 1392792333508082
I/TaskTracer( 4029): 1 17411797418495 1392792333508875 4029 "b2g" 4054 "Compositor"
I/TaskTracer( 4029): 0 17411797418496 1392792333509364 17390322582826 5 17411797418495
I/TaskTracer( 4029): 4 17411797418496 0x421d53d0
I/TaskTracer( 4029): 0 17411797418497 1392792333510249 17390322582826 5 17411797418495
I/TaskTracer( 4029): 4 17411797418497 0x421d53d0
I/TaskTracer( 4029): 0 17411797418498 1392792333511073 17390322582826 5 17411797418495
I/TaskTracer( 4029): 4 17411797418498 0x421d5660
I/TaskTracer( 4029): 3 17390322582843 1392792333513209 "[nsEventDispatcher::Dispatch] Event name: MozAfterPaint"
I/TaskTracer( 4029): 3 17390322582843 1392792333514002 "[nsEventDispatcher::Dispatch] Event name: MozAfterPaint"
I/TaskTracer( 4029): 2 17390322582843 1392792333514521
I/TaskTracer( 4029): 1 17390322582845 1392792333515253 4029 "b2g" 4029 "main"
I/TaskTracer( 4029): 2 17390322582845 1392792333516352
I/TaskTracer( 4029): 0 17390322582846 1392792333519251 17390322582846 5 17390322582846
I/TaskTracer( 4029): 1 17390322582846 1392792333519404 4029 "b2g" 4049 "Timer"
I/TaskTracer( 4029): 0 17390322582847 1392792333519495 17390322582846 5 17390322582846
I/TaskTracer( 4029): 4 17390322582847 0x421abe20
I/TaskTracer( 4029): 2 17390322582846 1392792333519709
I/TaskTracer( 4029): 1 17390322582847 1392792333520564 4029 "b2g" 4029 "main"
I/TaskTracer( 4029): 2 17390322582847 1392792333520777
I/TaskTracer( 4029): 2 17411797418495 1392792333524134
I/TaskTracer( 4029): 1 17411797418498 1392792333525965 4029 "b2g" 4054 "Compositor"
I/TaskTracer( 4029): 0 17411797418499 1392792333526209 17390322582826 5 17411797418498
I/TaskTracer( 4029): 4 17411797418499 0x421d53d0
I/TaskTracer( 4029): 0 17411797418500 1392792333526392 17390322582826 5 17411797418498
I/TaskTracer( 4029): 4 17411797418500 0x421d53d0
I/TaskTracer( 4029): 0 17411797418501 1392792333526514 17390322582826 5 17411797418498
I/TaskTracer( 4029): 4 17411797418501 0x421d5660
I/TaskTracer( 4029): 2 17411797418498 1392792333534937
I/TaskTracer( 4029): 0 17390322582848 1392792333535609 17390322582848 5 17390322582848
I/TaskTracer( 4029): 1 17390322582848 1392792333535700 4029 "b2g" 4049 "Timer"
I/TaskTracer( 4029): 0 17390322582849 1392792333535761 17390322582848 5 17390322582848
I/TaskTracer( 4029): 4 17390322582849 0x421abe20
I/TaskTracer( 4029): 2 17390322582848 1392792333535914
I/TaskTracer( 4029): 1 17390322582849 1392792333536463 4029 "b2g" 4029 "main"
I/TaskTracer( 4029): 2 17390322582849 1392792333536616
I/TaskTracer( 4029): 0 17390322582850 1392792333540217 17390322582850 5 17390322582850
I/TaskTracer( 4029): 1 17390322582850 1392792333540308 4029 "b2g" 4049 "Timer"
I/TaskTracer( 4029): 0 17390322582851 1392792333540400 17390322582850 5 17390322582850
I/TaskTracer( 4029): 4 17390322582851 0x421abe20
I/TaskTracer( 4029): 2 17390322582850 1392792333540522
I/TaskTracer( 4029): 1 17390322582851 1392792333541071 4029 "b2g" 4029 "main"
I/TaskTracer( 4029): 2 17390322582851 1392792333541132
I/TaskTracer( 4079): 1 17523466567843 1392792333542445 4079 "Usage" 4079 "main"
I/TaskTracer( 4029): 1 17411797418501 1392792333542750 4029 "b2g" 4054 "Compositor"
I/TaskTracer( 4029): 0 17411797418502 1392792333542994 17390322582826 5 17411797418501
I/TaskTracer( 4029): 4 17411797418502 0x421d53d0
I/TaskTracer( 4029): 0 17411797418503 1392792333543757 17390322582826 5 17411797418501
I/TaskTracer( 4029): 4 17411797418503 0x421d53d0
I/TaskTracer( 4029): 0 17411797418504 1392792333543879 17390322582826 5 17411797418501
I/TaskTracer( 4029): 4 17411797418504 0x421d5660
I/TaskTracer( 4029): 2 17411797418501 1392792333552515
I/TaskTracer( 4029): 0 17390322582852 1392792333552821 17390322582852 5 17390322582852
I/TaskTracer( 4029): 1 17390322582852 1392792333552912 4029 "b2g" 4049 "Timer"
I/TaskTracer( 4029): 0 17390322582853 1392792333553004 17390322582852 5 17390322582852
I/TaskTracer( 4029): 4 17390322582853 0x421abe20
I/TaskTracer( 4029): 2 17390322582852 1392792333553736
I/TaskTracer( 4029): 1 17390322582853 1392792333553919 4029 "b2g" 4029 "main"
I/TaskTracer( 4029): 2 17390322582853 1392792333554102
I/TaskTracer( 4029): 1 17411797418504 1392792333559168 4029 "b2g" 4054 "Compositor"
I/TaskTracer( 4029): 0 17411797418505 1392792333559412 17390322582826 5 17411797418504
I/TaskTracer( 4029): 4 17411797418505 0x421d53d0
I/TaskTracer( 4029): 0 17411797418506 1392792333559595 17390322582826 5 17411797418504
I/TaskTracer( 4029): 4 17411797418506 0x421d53d0
I/TaskTracer( 4029): 0 17411797418507 1392792333559748 17390322582826 5 17411797418504
I/TaskTracer( 4029): 4 17411797418507 0x421d5660
I/TaskTracer( 4029): 0 17390322582854 1392792333569147 17390322582854 5 17390322582854
I/TaskTracer( 4029): 1 17390322582854 1392792333569239 4029 "b2g" 4049 "Timer"
I/TaskTracer( 4029): 0 17390322582855 1392792333569331 17390322582854 5 17390322582854
I/TaskTracer( 4029): 4 17390322582855 0x421abe20
I/TaskTracer( 4029): 2 17390322582854 1392792333569483
I/TaskTracer( 4029): 1 17390322582855 1392792333570246 4029 "b2g" 4029 "main"
I/TaskTracer( 4029): 2 17390322582855 1392792333570429
I/TaskTracer( 4029): 2 17411797418504 1392792333571070
I/TaskTracer( 4029): 1 17411797418507 1392792333576044 4029 "b2g" 4054 "Compositor"
I/TaskTracer( 4029): 0 17411797418508 1392792333576289 17390322582826 5 17411797418507
I/TaskTracer( 4029): 4 17411797418508 0x421d53d0
I/TaskTracer( 4029): 0 17411797418509 1392792333576472 17390322582826 5 17411797418507
I/TaskTracer( 4029): 4 17411797418509 0x421d53d0
I/TaskTracer( 4029): 0 17411797418510 1392792333576624 17390322582826 5 17411797418507
I/TaskTracer( 4029): 4 17411797418510 0x421d5660
I/TaskTracer( 4079): 1 17523466567842 1392792333567225 4079 "Usage" 4079 "main"
I/TaskTracer( 4079): 2 17523466567842 1392792333583338
I/TaskTracer( 4029): 0 17390322582856 1392792333586024 17390322582856 5 17390322582856
I/TaskTracer( 4029): 1 17390322582856 1392792333586176 4029 "b2g" 4049 "Timer"
I/TaskTracer( 4029): 0 17390322582857 1392792333586268 17390322582856 5 17390322582856
I/TaskTracer( 4029): 4 17390322582857 0x421abe20
I/TaskTracer( 4029): 2 17390322582856 1392792333586481
I/TaskTracer( 4029): 1 17390322582857 1392792333587275 4029 "b2g" 4029 "main"
I/TaskTracer( 4029): 2 17390322582857 1392792333587489
I/TaskTracer( 4029): 2 17411797418507 1392792333588129
I/TaskTracer( 4029): 1 17411797418510 1392792333592890 4029 "b2g" 4054 "Compositor"
I/TaskTracer( 4029): 0 17411797418511 1392792333593165 17390322582826 5 17411797418510
I/TaskTracer( 4029): 4 17411797418511 0x421d53d0
I/TaskTracer( 4029): 0 17411797418512 1392792333593958 17390322582826 5 17411797418510
I/TaskTracer( 4029): 4 17411797418512 0x421d53d0
I/TaskTracer( 4029): 0 17411797418513 1392792333594080 17390322582826 5 17411797418510
I/TaskTracer( 4029): 4 17411797418513 0x421d5660
I/TaskTracer( 4079): 2 17523466567843 1392792333601557
I/TaskTracer( 4029): 0 17390322582858 1392792333603510 17390322582858 5 17390322582858
I/TaskTracer( 4029): 1 17390322582858 1392792333603632 4029 "b2g" 4049 "Timer"
I/TaskTracer( 4029): 0 17390322582859 1392792333603693 17390322582858 5 17390322582858
I/TaskTracer( 4029): 4 17390322582859 0x421abe20
I/TaskTracer( 4029): 2 17390322582858 1392792333603876
I/TaskTracer( 4029): 1 17390322582859 1392792333604548 4029 "b2g" 4029 "main"
I/TaskTracer( 4029): 2 17390322582859 1392792333604731
I/TaskTracer( 4029): 2 17411797418510 1392792333605311
I/TaskTracer( 4029): 1 17411797418513 1392792333609339 4029 "b2g" 4054 "Compositor"
I/TaskTracer( 4029): 0 17411797418514 1392792333609614 17390322582826 5 17411797418513
I/TaskTracer( 4029): 4 17411797418514 0x421d53d0
I/TaskTracer( 4029): 0 17411797418515 1392792333609797 17390322582826 5 17411797418513
I/TaskTracer( 4029): 4 17411797418515 0x421d53d0
I/TaskTracer( 4029): 0 17411797418516 1392792333609919 17390322582826 5 17411797418513
I/TaskTracer( 4029): 4 17411797418516 0x421d5660
I/TaskTracer( 4029): 0 17390322582860 1392792333618952 17390322582860 5 17390322582860
I/TaskTracer( 4029): 1 17390322582860 1392792333619074 4029 "b2g" 4049 "Timer"
I/TaskTracer( 4029): 0 17390322582861 1392792333619166 17390322582860 5 17390322582860
I/TaskTracer( 4029): 4 17390322582861 0x421abe20
I/TaskTracer( 4029): 2 17390322582860 1392792333619318
I/TaskTracer( 4029): 1 17390322582861 1392792333619898 4029 "b2g" 4029 "main"
I/TaskTracer( 4029): 2 17390322582861 1392792333620112
I/TaskTracer( 4029): 2 17411797418513 1392792333622858
I/TaskTracer( 4029): 1 17411797418516 1392792333626185 4029 "b2g" 4054 "Compositor"
I/TaskTracer( 4029): 0 17411797418517 1392792333626429 17390322582826 5 17411797418516
I/TaskTracer( 4029): 4 17411797418517 0x421d53d0
I/TaskTracer( 4029): 0 17411797418518 1392792333626612 17390322582826 5 17411797418516
I/TaskTracer( 4029): 4 17411797418518 0x421d53d0
I/TaskTracer( 4029): 0 17411797418519 1392792333626734 17390322582826 5 17411797418516
I/TaskTracer( 4029): 4 17411797418519 0x421d5660
I/TaskTracer( 4029): 0 17390322582862 1392792333636378 17390322582862 5 17390322582862
I/TaskTracer( 4029): 1 17390322582862 1392792333636500 4029 "b2g" 4049 "Timer"
I/TaskTracer( 4029): 0 17390322582863 1392792333636591 17390322582862 5 17390322582862
I/TaskTracer( 4029): 4 17390322582863 0x421abe20
I/TaskTracer( 4029): 2 17390322582862 1392792333636744
I/TaskTracer( 4029): 1 17390322582863 1392792333637293 4029 "b2g" 4029 "main"
I/TaskTracer( 4029): 2 17390322582863 1392792333637476
I/TaskTracer( 4134): 0 17794049508037 1392792333637965 17794049508037 5 17794049508037
I/TaskTracer( 4134): 1 17794049508037 1392792333638087 4134 "(Preallocated app)" 4143 "Timer"
I/TaskTracer( 4134): 0 17794049508038 1392792333638178 17794049508037 5 17794049508037
I/TaskTracer( 4134): 4 17794049508038 0x41ba3e20
I/TaskTracer( 4134): 2 17794049508037 1392792333638331
I/TaskTracer( 4134): 1 17794049508038 1392792333638514 4134 "Homescreen" 4134 "main"
I/TaskTracer( 4134): 3 17794049508038 1392792333638850 "[nsCaret::DrawAtPositionWithHint] SchedulePaint to caret frame."
I/TaskTracer( 4134): 2 17794049508038 1392792333639002
I/TaskTracer( 4029): 0 17390322582864 1392792333640986 17390322582864 5 17390322582864
I/TaskTracer( 4029): 1 17390322582864 1392792333641108 4029 "b2g" 4049 "Timer"
I/TaskTracer( 4029): 0 17390322582865 1392792333641169 17390322582864 5 17390322582864
I/TaskTracer( 4029): 4 17390322582865 0x421abe20
I/TaskTracer( 4029): 2 17390322582864 1392792333641322
I/TaskTracer( 4029): 1 17390322582865 1392792333641474 4029 "b2g" 4029 "main"
I/TaskTracer( 4029): 2 17390322582865 1392792333641566
I/TaskTracer( 4134): 0 17794049508039 1392792333641718 17794049508039 5 17794049508039
I/TaskTracer( 4134): 1 17794049508039 1392792333641810 4134 "(Preallocated app)" 4143 "Timer"
I/TaskTracer( 4134): 0 17794049508040 1392792333641871 17794049508039 5 17794049508039
I/TaskTracer( 4134): 4 17794049508040 0x41ba3e20
I/TaskTracer( 4134): 2 17794049508039 1392792333641993
I/TaskTracer( 4029): 2 17411797418516 1392792333642115
I/TaskTracer( 4134): 1 17794049508040 1392792333642359 4134 "Homescreen" 4134 "main"
I/TaskTracer( 4134): 2 17794049508040 1392792333642451
I/TaskTracer( 4029): 1 17411797418519 1392792333643671 4029 "b2g" 4054 "Compositor"
I/TaskTracer( 4029): 0 17411797418520 1392792333643916 17390322582826 5 17411797418519
I/TaskTracer( 4029): 4 17411797418520 0x421d53d0
I/TaskTracer( 4029): 0 17411797418521 1392792333644099 17390322582826 5 17411797418519
I/TaskTracer( 4029): 4 17411797418521 0x421d53d0
I/TaskTracer( 4029): 0 17411797418522 1392792333644221 17390322582826 5 17411797418519
I/TaskTracer( 4029): 4 17411797418522 0x421d5660
I/TaskTracer( 4212): 0 18129056956525 1392792333650629 18129056956525 5 18129056956525
I/TaskTracer( 4212): 1 18129056956525 1392792333650721 4212 "(Preallocated app)" 4221 "Timer"
I/TaskTracer( 4212): 0 18129056956526 1392792333650813 18129056956525 5 18129056956525
I/TaskTracer( 4212): 4 18129056956526 0x41ba3e20
I/TaskTracer( 4212): 2 18129056956525 1392792333650935
I/TaskTracer( 4029): 0 17390322582866 1392792333652491 17390322582866 5 17390322582866
I/TaskTracer( 4029): 1 17390322582866 1392792333652613 4029 "b2g" 4049 "Timer"
I/TaskTracer( 4029): 0 17390322582867 1392792333652674 17390322582866 5 17390322582866
I/TaskTracer( 4029): 4 17390322582867 0x421abe20
I/TaskTracer( 4029): 2 17390322582866 1392792333652827
I/TaskTracer( 4029): 1 17390322582867 1392792333653010 4029 "b2g" 4029 "main"
I/TaskTracer( 4029): 2 17390322582867 1392792333654017
I/TaskTracer( 4134): 0 17794049508041 1392792333655177 17794049508041 5 17794049508041
I/TaskTracer( 4134): 1 17794049508041 1392792333655268 4134 "(Preallocated app)" 4143 "Timer"
I/TaskTracer( 4134): 0 17794049508042 1392792333655329 17794049508041 5 17794049508041
I/TaskTracer( 4134): 4 17794049508042 0x41ba3e20
I/TaskTracer( 4134): 2 17794049508041 1392792333655482
I/TaskTracer( 4134): 1 17794049508042 1392792333655634 4134 "Homescreen" 4134 "main"
I/TaskTracer( 4029): 2 17411797418519 1392792333659205
I/TaskTracer( 4029): 1 17411797418522 1392792333660456 4029 "b2g" 4054 "Compositor"
I/TaskTracer( 4029): 0 17411797418523 1392792333660700 17390322582826 5 17411797418522
I/TaskTracer( 4029): 4 17411797418523 0x421d53d0
I/TaskTracer( 4029): 0 17411797418524 1392792333660883 17390322582826 5 17411797418522
I/TaskTracer( 4029): 4 17411797418524 0x421d53d0
I/TaskTracer( 4029): 0 17411797418525 1392792333661005 17390322582826 5 17411797418522
I/TaskTracer( 4029): 4 17411797418525 0x421d5660
I/TaskTracer( 4029): 0 17390322582868 1392792333668970 17390322582868 5 17390322582868
I/TaskTracer( 4029): 1 17390322582868 1392792333669093 4029 "b2g" 4049 "Timer"
I/TaskTracer( 4029): 0 17390322582869 1392792333669154 17390322582868 5 17390322582868
I/TaskTracer( 4029): 4 17390322582869 0x421abe20
I/TaskTracer( 4029): 2 17390322582868 1392792333669306
I/TaskTracer( 4029): 1 17390322582869 1392792333669489 4029 "b2g" 4029 "main"
I/TaskTracer( 4029): 3 17390322582869 1392792333669703 "[nsEventDispatcher::Dispatch] Event name: transitionend"
I/TaskTracer( 4029): 3 17390322582869 1392792333670802 "[nsEventDispatcher::Dispatch] Event name: (null)"
I/TaskTracer( 4134): 0 17794049508043 1392792333672572 17794049508043 5 17794049508043
I/TaskTracer( 4134): 1 17794049508043 1392792333672663 4134 "(Preallocated app)" 4143 "Timer"
I/TaskTracer( 4134): 0 17794049508044 1392792333672755 17794049508043 5 17794049508043
I/TaskTracer( 4134): 4 17794049508044 0x41ba3e20
I/TaskTracer( 4134): 2 17794049508043 1392792333672907
I/TaskTracer( 4029): 2 17411797418522 1392792333681452
I/TaskTracer( 4029): 1 17411797418525 1392792333681605 4029 "b2g" 4054 "Compositor"
I/TaskTracer( 4029): 0 17411797418526 1392792333681818 17390322582826 5 17411797418525
I/TaskTracer( 4029): 4 17411797418526 0x421d53d0
I/TaskTracer( 4029): 0 17411797418527 1392792333682001 17390322582826 5 17411797418525
I/TaskTracer( 4029): 4 17411797418527 0x421d53d0
I/TaskTracer( 4029): 0 17411797418528 1392792333682124 17390322582826 5 17411797418525
I/TaskTracer( 4029): 4 17411797418528 0x421d5660
I/TaskTracer( 4029): 0 17390322582870 1392792333685603 17390322582870 5 17390322582870
I/TaskTracer( 4029): 1 17390322582870 1392792333685725 4029 "b2g" 4049 "Timer"
I/TaskTracer( 4029): 0 17390322582871 1392792333685786 17390322582870 5 17390322582870
I/TaskTracer( 4029): 4 17390322582871 0x421abe20
I/TaskTracer( 4029): 2 17390322582870 1392792333685938
I/TaskTracer( 4134): 0 17755394802593 1392792333691065 17794049508041 5 17794049508042
I/TaskTracer( 4134): 4 17755394802593 0x41bb5840
I/TaskTracer( 4134): 1 17755394802593 1392792333693232 4134 "Homescreen" 4135 "Chrome_ChildThread"
I/TaskTracer( 4134): 2 17755394802593 1392792333693446
I/TaskTracer( 4029): 0 17334488008113 1392792333693659 17794049508041 5 17755394802593
I/TaskTracer( 4029): 4 17334488008113 0x421bd7e0
I/TaskTracer( 4029): 2 17411797418525 1392792333695795
I/TaskTracer( 4029): 1 17334488008113 1392792333695948 4029 "b2g" 4054 "Compositor"
I/TaskTracer( 4029): 0 17411797418529 1392792333696650 17794049508041 5 17334488008113
I/TaskTracer( 4029): 4 17411797418529 0x421bd840
I/TaskTracer( 4029): 1 17411797418529 1392792333696864 4029 "b2g" 4036 "Gecko_IOThread"
I/TaskTracer( 4029): 2 17411797418529 1392792333696986
I/TaskTracer( 4029): 2 17334488008113 1392792333697901
I/TaskTracer( 4029): 1 17411797418479 1392792333697993 4029 "b2g" 4054 "Compositor"
I/TaskTracer( 4029): 2 17411797418479 1392792333698908
I/TaskTracer( 4029): 1 17411797418528 1392792333698969 4029 "b2g" 4054 "Compositor"
I/TaskTracer( 4029): 0 17411797418530 1392792333699824 17390322582826 5 17411797418528
I/TaskTracer( 4029): 4 17411797418530 0x421d53d0
I/TaskTracer( 4029): 0 17411797418531 1392792333700617 17390322582826 5 17411797418528
I/TaskTracer( 4029): 4 17411797418531 0x421d53d0
I/TaskTracer( 4029): 0 17411797418532 1392792333701685 17390322582826 5 17411797418528
I/TaskTracer( 4029): 4 17411797418532 0x421d5660
I/TaskTracer( 4134): 3 17794049508042 1392792333705103 "[nsEventDispatcher::Dispatch] Event name: MozAfterPaint"
I/TaskTracer( 4134): 2 17794049508042 1392792333706385
I/TaskTracer( 4134): 1 17794049508044 1392792333706904 4134 "Homescreen" 4134 "main"
I/TaskTracer( 4134): 2 17794049508044 1392792333708704
I/TaskTracer( 4029): 2 17411797418528 1392792333715937
I/TaskTracer( 4029): 1 17411797418532 1392792333716700 4029 "b2g" 4054 "Compositor"
I/TaskTracer( 4029): 0 17411797418533 1392792333717554 17390322582826 5 17411797418532
I/TaskTracer( 4029): 4 17411797418533 0x421d53d0
I/TaskTracer( 4029): 0 17411797418534 1392792333718409 17390322582826 5 17411797418532
I/TaskTracer( 4029): 4 17411797418534 0x421d53d0
I/TaskTracer( 4029): 0 17411797418535 1392792333719202 17390322582826 5 17411797418532
I/TaskTracer( 4029): 4 17411797418535 0x421d5660
I/TaskTracer( 4029): 3 17390322582869 1392792333722529 "[nsEventDispatcher::Dispatch] Event name: (null)"
I/TaskTracer( 4029): 3 17390322582869 1392792333726099 "[nsEventDispatcher::Dispatch] Event name: (null)"
I/TaskTracer( 4029): 2 17411797418532 1392792333731348
I/TaskTracer( 4029): 1 17411797418481 1392792333731470 4029 "b2g" 4054 "Compositor"
I/TaskTracer( 4029): 2 17411797418481 1392792333731532
I/TaskTracer( 4029): 1 17411797418482 1392792333731593 4029 "b2g" 4054 "Compositor"
I/TaskTracer( 4029): 2 17411797418482 1392792333731684
I/TaskTracer( 4029): 1 17411797418535 1392792333733881 4029 "b2g" 4054 "Compositor"
I/TaskTracer( 4029): 0 17411797418536 1392792333734126 17390322582826 5 17411797418535
I/TaskTracer( 4029): 4 17411797418536 0x421d53d0
I/TaskTracer( 4029): 0 17411797418537 1392792333734309 17390322582826 5 17411797418535
I/TaskTracer( 4029): 4 17411797418537 0x421d53d0
I/TaskTracer( 4029): 0 17411797418538 1392792333734431 17390322582826 5 17411797418535
I/TaskTracer( 4029): 4 17411797418538 0x421d5660
I/TaskTracer( 4029): 3 17390322582869 1392792333738276 "[nsEventDispatcher::Dispatch] Event name: (null)"
I/TaskTracer( 4212): 0 18090402251015 1392792333741206 18129056956517 5 18129056956518
I/TaskTracer( 4029): 0 17390322582872 1392792333742335 17390322582872 5 17390322582872
I/TaskTracer( 4029): 1 17390322582872 1392792333742426 4029 "b2g" 4049 "Timer"
I/TaskTracer( 4029): 0 17390322582873 1392792333742487 17390322582872 5 17390322582872
I/TaskTracer( 4029): 4 17390322582873 0x421abe20
I/TaskTracer( 4029): 2 17390322582872 1392792333742609
I/TaskTracer( 4029): 3 17390322582869 1392792333745631 "[nsEventDispatcher::Dispatch] Event name: (null)"
I/TaskTracer( 4029): 2 17411797418535 1392792333749567
I/TaskTracer( 4029): 1 17411797418484 1392792333749720 4029 "b2g" 4054 "Compositor"
I/TaskTracer( 4029): 2 17411797418484 1392792333749781
I/TaskTracer( 4029): 1 17411797418485 1392792333749842 4029 "b2g" 4054 "Compositor"
I/TaskTracer( 4029): 2 17411797418485 1392792333749903
I/TaskTracer( 4029): 1 17411797418538 1392792333750788 4029 "b2g" 4054 "Compositor"
I/TaskTracer( 4029): 0 17411797418539 1392792333751032 17390322582826 5 17411797418538
I/TaskTracer( 4029): 4 17411797418539 0x421d53d0
I/TaskTracer( 4029): 0 17411797418540 1392792333751215 17390322582826 5 17411797418538
I/TaskTracer( 4029): 4 17411797418540 0x421d53d0
I/TaskTracer( 4029): 0 17411797418541 1392792333751368 17390322582826 5 17411797418538
I/TaskTracer( 4029): 4 17411797418541 0x421d5660
I/TaskTracer( 4212): 4 18090402251015 0x41bb5840
I/TaskTracer( 4212): 1 18090402251015 1392792333754328 4212 "Built-in Keyboard" 4213 "Chrome_ChildThread"
I/TaskTracer( 4212): 2 18090402251015 1392792333754481
I/TaskTracer( 4029): 0 17334488008114 1392792333754603 18129056956517 5 18090402251015
I/TaskTracer( 4029): 4 17334488008114 0x421bd7e0
I/TaskTracer( 4029): 2 17411797418538 1392792333767359
I/TaskTracer( 4029): 1 17334488008114 1392792333767481 4029 "b2g" 4054 "Compositor"
I/TaskTracer( 4029): 0 17411797418542 1392792333768092 18129056956517 5 17334488008114
I/TaskTracer( 4029): 4 17411797418542 0x421bd840
I/TaskTracer( 4029): 1 17411797418542 1392792333768305 4029 "b2g" 4036 "Gecko_IOThread"
I/TaskTracer( 4029): 2 17411797418542 1392792333768427
I/TaskTracer( 4029): 2 17334488008114 1392792333770869
I/TaskTracer( 4029): 1 17411797418487 1392792333770960 4029 "b2g" 4054 "Compositor"
I/TaskTracer( 4029): 2 17411797418487 1392792333771693
I/TaskTracer( 4029): 1 17411797418488 1392792333771784 4029 "b2g" 4054 "Compositor"
I/TaskTracer( 4029): 2 17411797418488 1392792333772272
I/TaskTracer( 4029): 1 17411797418541 1392792333772334 4029 "b2g" 4054 "Compositor"
I/TaskTracer( 4212): 0 18090402251016 1392792333770289 18129056956517 5 18129056956518
I/TaskTracer( 4212): 4 18090402251016 0x41bb5840
I/TaskTracer( 4212): 1 18090402251016 1392792333773005 4212 "Built-in Keyboard" 4213 "Chrome_ChildThread"
I/TaskTracer( 4212): 2 18090402251016 1392792333773249
I/TaskTracer( 4029): 0 17334488008115 1392792333773371 18129056956517 5 18090402251016
I/TaskTracer( 4029): 4 17334488008115 0x421bd7e0
I/TaskTracer( 4029): 0 17334488008116 1392792333773493 18129056956517 5 18090402251016
I/TaskTracer( 4029): 4 17334488008116 0x421bd980
I/TaskTracer( 4212): 3 18129056956518 1392792333774622 "[nsEventDispatcher::Dispatch] Event name: MozAfterPaint"
I/TaskTracer( 4029): 0 17411797418543 1392792333775538 17390322582826 5 17411797418541
I/TaskTracer( 4029): 4 17411797418543 0x421d53d0
I/TaskTracer( 4212): 2 18129056956518 1392792333776362
I/TaskTracer( 4029): 0 17411797418544 1392792333777033 17390322582826 5 17411797418541
I/TaskTracer( 4029): 4 17411797418544 0x421d53d0
I/TaskTracer( 4212): 1 18129056956520 1392792333776545 4212 "Built-in Keyboard" 4212 "main"
I/TaskTracer( 4212): 2 18129056956520 1392792333778468
I/TaskTracer( 4029): 0 17411797418545 1392792333777399 17390322582826 5 17411797418541
I/TaskTracer( 4029): 4 17411797418545 0x421d5660
I/TaskTracer( 4212): 1 18129056956522 1392792333778559 4212 "Built-in Keyboard" 4212 "main"
I/TaskTracer( 4029): 2 17411797418541 1392792333792078
I/TaskTracer( 4029): 1 17411797418490 1392792333792323 4029 "b2g" 4054 "Compositor"
I/TaskTracer( 4029): 2 17411797418490 1392792333792811
I/TaskTracer( 4029): 1 17411797418491 1392792333793391 4029 "b2g" 4054 "Compositor"
I/TaskTracer( 4029): 2 17411797418491 1392792333793787
I/TaskTracer( 4029): 1 17411797418545 1392792333794184 4029 "b2g" 4054 "Compositor"
I/TaskTracer( 4029): 0 17411797418546 1392792333794947 17390322582826 5 17411797418545
I/TaskTracer( 4029): 4 17411797418546 0x421d53d0
I/TaskTracer( 4029): 0 17411797418547 1392792333797114 17390322582826 5 17411797418545
I/TaskTracer( 4029): 4 17411797418547 0x421d53d0
I/TaskTracer( 4212): 2 18129056956522 1392792333801844
I/TaskTracer( 4029): 0 17411797418548 1392792333798548 17390322582826 5 17411797418545
I/TaskTracer( 4029): 4 17411797418548 0x421d5660
I/TaskTracer( 4212): 1 18129056956524 1392792333809840 4212 "Built-in Keyboard" 4212 "main"
I/TaskTracer( 4212): 2 18129056956524 1392792333810267
I/TaskTracer( 4212): 1 18129056956526 1392792333810816 4212 "Built-in Keyboard" 4212 "main"
I/TaskTracer( 4029): 2 17411797418545 1392792333812464
I/TaskTracer( 4029): 1 17411797418493 1392792333812586 4029 "b2g" 4054 "Compositor"
I/TaskTracer( 4029): 2 17411797418493 1392792333812647
I/TaskTracer( 4029): 1 17411797418494 1392792333812708 4029 "b2g" 4054 "Compositor"
I/TaskTracer( 4029): 2 17411797418494 1392792333812769
I/TaskTracer( 4029): 1 17411797418496 1392792333812830 4029 "b2g" 4054 "Compositor"
I/TaskTracer( 4029): 2 17411797418496 1392792333812861
I/TaskTracer( 4029): 1 17411797418497 1392792333812922 4029 "b2g" 4054 "Compositor"
I/TaskTracer( 4029): 2 17411797418497 1392792333812983
I/TaskTracer( 4212): 0 18090402251017 1392792333814600 18129056956525 5 18129056956526
I/TaskTracer( 4212): 4 18090402251017 0x41bed0f0
I/TaskTracer( 4029): 1 17411797418548 1392792333815791 4029 "b2g" 4054 "Compositor"
I/TaskTracer( 4029): 0 17411797418549 1392792333816035 17390322582826 5 17411797418548
I/TaskTracer( 4029): 4 17411797418549 0x421d53d0
I/TaskTracer( 4029): 0 17411797418550 1392792333816218 17390322582826 5 17411797418548
I/TaskTracer( 4029): 4 17411797418550 0x421d53d0
I/TaskTracer( 4029): 0 17411797418551 1392792333816340 17390322582826 5 17411797418548
I/TaskTracer( 4029): 4 17411797418551 0x421d5660
I/TaskTracer( 4212): 2 18129056956526 1392792333823298
I/TaskTracer( 4212): 1 18090402251017 1392792333824000 4212 "Built-in Keyboard" 4212 "main"
I/TaskTracer( 4029): 2 17411797418548 1392792333825129
I/TaskTracer( 4212): 2 18090402251017 1392792333825983
I/TaskTracer( 4029): 1 17411797418499 1392792333826746 4029 "b2g" 4054 "Compositor"
I/TaskTracer( 4029): 2 17411797418499 1392792333827082
I/TaskTracer( 4029): 1 17411797418500 1392792333827296 4029 "b2g" 4054 "Compositor"
I/TaskTracer( 4029): 2 17411797418500 1392792333827662
I/TaskTracer( 4029): 0 17390322582874 1392792333831782 17390322582874 5 17390322582874
I/TaskTracer( 4029): 1 17390322582874 1392792333831904 4029 "b2g" 4049 "Timer"
I/TaskTracer( 4029): 0 17390322582875 1392792333831995 17390322582874 5 17390322582874
I/TaskTracer( 4029): 4 17390322582875 0x421abe20
I/TaskTracer( 4029): 2 17390322582874 1392792333832117
I/TaskTracer( 4029): 1 17411797418551 1392792333832789 4029 "b2g" 4054 "Compositor"
I/TaskTracer( 4029): 0 17411797418552 1392792333833369 17390322582826 5 17411797418551
I/TaskTracer( 4029): 4 17411797418552 0x421d53d0
I/TaskTracer( 4029): 0 17411797418553 1392792333833613 17390322582826 5 17411797418551
I/TaskTracer( 4029): 4 17411797418553 0x421d53d0
I/TaskTracer( 4029): 0 17411797418554 1392792333833735 17390322582826 5 17411797418551
I/TaskTracer( 4029): 4 17411797418554 0x421d5660
I/TaskTracer( 4029): 0 17390322582876 1392792333836756 17390322582876 5 17390322582876
I/TaskTracer( 4029): 1 17390322582876 1392792333836848 4029 "b2g" 4049 "Timer"
I/TaskTracer( 4029): 0 17390322582877 1392792333836909 17390322582876 5 17390322582876
I/TaskTracer( 4029): 4 17390322582877 0x421abe20
I/TaskTracer( 4029): 2 17390322582876 1392792333837031
I/TaskTracer( 4029): 0 17304423238118 1392792333838526 17390322582868 5 17390322582869
I/TaskTracer( 4029): 4 17304423238118 0x421bd840
I/TaskTracer( 4029): 1 17304423238118 1392792333839259 4029 "b2g" 4036 "Gecko_IOThread"
I/TaskTracer( 4029): 2 17304423238118 1392792333839350
I/TaskTracer( 4134): 0 17759689769539 1392792333839564 17390322582868 5 17304423238118
I/TaskTracer( 4134): 4 17759689769539 0x41bb57e0
I/TaskTracer( 4134): 0 17759689769540 1392792333839686 17390322582868 5 17304423238118
I/TaskTracer( 4134): 4 17759689769540 0x41bb5980
I/TaskTracer( 4134): 1 17759689769540 1392792333840083 4134 "Homescreen" 4134 "main"
I/TaskTracer( 4134): 1 17759689769539 1392792333840205 4134 "Homescreen" 4134 "main"
I/TaskTracer( 4134): 0 17755394802594 1392792333840601 17390322582868 5 17759689769539
I/TaskTracer( 4134): 4 17755394802594 0x41bb5840
I/TaskTracer( 4134): 0 17755394802595 1392792333840754 17390322582868 5 17759689769539
I/TaskTracer( 4134): 4 17755394802595 0x41c71488
I/TaskTracer( 4134): 1 17755394802594 1392792333843470 4134 "Homescreen" 4135 "Chrome_ChildThread"
I/TaskTracer( 4134): 2 17755394802594 1392792333843592
I/TaskTracer( 4029): 2 17411797418551 1392792333844233
I/TaskTracer( 4029): 1 17411797418502 1392792333844355 4029 "b2g" 4054 "Compositor"
I/TaskTracer( 4029): 2 17411797418502 1392792333844416
I/TaskTracer( 4029): 1 17411797418503 1392792333844477 4029 "b2g" 4054 "Compositor"
I/TaskTracer( 4029): 2 17411797418503 1392792333844538
I/TaskTracer( 4134): 3 17759689769539 1392792333847376 "[nsEventDispatcher::Dispatch] Event name: MozScrolledAreaChanged"
I/TaskTracer( 4029): 0 17334488008117 1392792333847895 17390322582868 5 17755394802594
I/TaskTracer( 4029): 4 17334488008117 0x421bd7e0
I/TaskTracer( 4029): 0 17334488008118 1392792333848017 17390322582868 5 17755394802594
I/TaskTracer( 4029): 4 17334488008118 0x421bd980
I/TaskTracer( 4029): 0 17390322582878 1392792333848261 17390322582878 5 17390322582878
I/TaskTracer( 4029): 1 17390322582878 1392792333848353 4029 "b2g" 4049 "Timer"
I/TaskTracer( 4029): 0 17390322582879 1392792333848414 17390322582878 5 17390322582878
I/TaskTracer( 4029): 4 17390322582879 0x421abe20
I/TaskTracer( 4029): 2 17390322582878 1392792333848536
I/TaskTracer( 4029): 1 17411797418554 1392792333849238 4029 "b2g" 4054 "Compositor"
I/TaskTracer( 4029): 0 17411797418555 1392792333849574 17390322582826 5 17411797418554
I/TaskTracer( 4029): 4 17411797418555 0x421d53d0
I/TaskTracer( 4029): 0 17411797418556 1392792333849787 17390322582826 5 17411797418554
I/TaskTracer( 4029): 4 17411797418556 0x421d53d0
I/TaskTracer( 4029): 0 17411797418557 1392792333850916 17390322582826 5 17411797418554
I/TaskTracer( 4029): 4 17411797418557 0x421d5660
I/TaskTracer( 4029): 2 17390322582869 1392792333855738
I/TaskTracer( 4029): 1 17390322582871 1392792333855952 4029 "b2g" 4029 "main"
I/TaskTracer( 4134): 0 17794049508045 1392792333857386 17794049508045 5 17794049508045
I/TaskTracer( 4134): 1 17794049508045 1392792333857508 4134 "(Preallocated app)" 4143 "Timer"
I/TaskTracer( 4134): 0 17794049508046 1392792333857569 17794049508045 5 17794049508045
I/TaskTracer( 4134): 4 17794049508046 0x41ba3e20
I/TaskTracer( 4134): 2 17794049508045 1392792333857691
I/TaskTracer( 4134): 0 17794049508047 1392792333864314 17794049508047 5 17794049508047
I/TaskTracer( 4134): 1 17794049508047 1392792333864405 4134 "(Preallocated app)" 4143 "Timer"
I/TaskTracer( 4134): 0 17794049508048 1392792333864497 17794049508047 5 17794049508047
I/TaskTracer( 4134): 4 17794049508048 0x41ba3e20
I/TaskTracer( 4134): 2 17794049508047 1392792333864619
I/TaskTracer( 4029): 0 17390322582880 1392792333869227 17390322582880 5 17390322582880
I/TaskTracer( 4029): 1 17390322582880 1392792333869349 4029 "b2g" 4049 "Timer"
I/TaskTracer( 4029): 0 17390322582881 1392792333869440 17390322582880 5 17390322582880
I/TaskTracer( 4029): 4 17390322582881 0x421abe20
I/TaskTracer( 4029): 2 17390322582880 1392792333869563
I/TaskTracer( 4134): 0 17794049508049 1392792333871668 17794049508049 5 17794049508049
I/TaskTracer( 4134): 1 17794049508049 1392792333871760 4134 "(Preallocated app)" 4143 "Timer"
I/TaskTracer( 4134): 0 17794049508050 1392792333871821 17794049508049 5 17794049508049
I/TaskTracer( 4134): 4 17794049508050 0x41ba3e20
I/TaskTracer( 4134): 2 17794049508049 1392792333871943
I/TaskTracer( 4029): 2 17411797418554 1392792333872858
I/TaskTracer( 4029): 1 17411797418505 1392792333872950 4029 "b2g" 4054 "Compositor"
I/TaskTracer( 4029): 2 17411797418505 1392792333873011
I/TaskTracer( 4029): 1 17411797418506 1392792333873164 4029 "b2g" 4054 "Compositor"
I/TaskTracer( 4029): 2 17411797418506 1392792333873225
I/TaskTracer( 4029): 1 17411797418557 1392792333873255 4029 "b2g" 4054 "Compositor"
I/TaskTracer( 4029): 0 17411797418558 1392792333873438 17390322582826 5 17411797418557
I/TaskTracer( 4029): 4 17411797418558 0x421d53d0
I/TaskTracer( 4029): 0 17411797418559 1392792333873621 17390322582826 5 17411797418557
I/TaskTracer( 4029): 4 17411797418559 0x421d53d0
I/TaskTracer( 4029): 0 17411797418560 1392792333873774 17390322582826 5 17411797418557
I/TaskTracer( 4029): 4 17411797418560 0x421d5660
I/TaskTracer( 4134): 0 17755394802596 1392792333878870 17390322582868 5 17759689769539
I/TaskTracer( 4134): 4 17755394802596 0x41c71488
I/TaskTracer( 4029): 0 17304423238119 1392792333891230 17390322582870 5 17390322582871
I/TaskTracer( 4029): 4 17304423238119 0x421bd7e0
I/TaskTracer( 4029): 2 17411797418557 1392792333891993
I/TaskTracer( 4029): 1 17304423238119 1392792333892115 4029 "b2g" 4054 "Compositor"
I/TaskTracer( 4029): 2 17304423238119 1392792333892481
I/TaskTracer( 4029): 1 17411797418508 1392792333892573 4029 "b2g" 4054 "Compositor"
I/TaskTracer( 4029): 2 17411797418508 1392792333892634
I/TaskTracer( 4029): 1 17411797418509 1392792333892664 4029 "b2g" 4054 "Compositor"
I/TaskTracer( 4029): 2 17411797418509 1392792333892725
I/TaskTracer( 4029): 1 17411797418560 1392792333892786 4029 "b2g" 4054 "Compositor"
I/TaskTracer( 4029): 0 17411797418561 1392792333892878 17390322582826 5 17411797418560
I/TaskTracer( 4029): 4 17411797418561 0x421d53d0
I/TaskTracer( 4029): 0 17411797418562 1392792333893031 17390322582826 5 17411797418560
I/TaskTracer( 4029): 4 17411797418562 0x421d53d0
I/TaskTracer( 4029): 3 17390322582871 1392792333900568 "[nsEventDispatcher::Dispatch] Event name: MozAfterPaint"
I/TaskTracer( 4029): 3 17390322582871 1392792333901484 "[nsEventDispatcher::Dispatch] Event name: MozAfterPaint"
I/TaskTracer( 4029): 2 17390322582871 1392792333902247
I/TaskTracer( 4029): 1 17390322582873 1392792333902949 4029 "b2g" 4029 "main"
I/TaskTracer( 4029): 2 17390322582873 1392792333903895
I/TaskTracer( 4029): 2 17411797418560 1392792333905329
I/TaskTracer( 4029): 1 17411797418511 1392792333905451 4029 "b2g" 4054 "Compositor"
I/TaskTracer( 4029): 2 17411797418511 1392792333905512
I/TaskTracer( 4029): 1 17411797418512 1392792333905543 4029 "b2g" 4054 "Compositor"
I/TaskTracer( 4029): 2 17411797418512 1392792333905604
I/TaskTracer( 4029): 1 17334488008116 1392792333904719 4029 "b2g" 4029 "main"
I/TaskTracer( 4029): 1 17334488008115 1392792333907374 4029 "b2g" 4029 "main"
I/TaskTracer( 4029): 2 17334488008115 1392792333908045
I/TaskTracer( 4029): 2 17334488008116 1392792333908472
I/TaskTracer( 4029): 1 17390322582875 1392792333908900 4029 "b2g" 4029 "main"
I/TaskTracer( 4029): 2 17390322582875 1392792333909327
I/TaskTracer( 4029): 1 17411797418514 1392792333909876 4029 "b2g" 4054 "Compositor"
I/TaskTracer( 4029): 2 17411797418514 1392792333909937
I/TaskTracer( 4029): 1 17411797418515 1392792333909998 4029 "b2g" 4054 "Compositor"
I/TaskTracer( 4029): 2 17411797418515 1392792333910059
I/TaskTracer( 4029): 1 17390322582877 1392792333909754 4029 "b2g" 4029 "main"
I/TaskTracer( 4029): 2 17390322582877 1392792333911127
I/TaskTracer( 4029): 1 17334488008118 1392792333911677 4029 "b2g" 4029 "main"
I/TaskTracer( 4029): 1 17334488008117 1392792333911982 4029 "b2g" 4029 "main"
I/TaskTracer( 4029): 2 17334488008117 1392792333913172
I/TaskTracer( 4029): 2 17334488008118 1392792333913721
I/TaskTracer( 4029): 1 17390322582879 1392792333914088 4029 "b2g" 4029 "main"
I/TaskTracer( 4029): 0 17304423238120 1392792333920741 17390322582878 5 17390322582879
I/TaskTracer( 4029): 4 17304423238120 0x421f50f0
I/TaskTracer( 4029): 2 17390322582879 1392792333922022
I/TaskTracer( 4029): 1 17390322582881 1392792333922480 4029 "b2g" 4029 "main"
I/TaskTracer( 4029): 2 17390322582881 1392792333925684
I/TaskTracer( 4029): 1 17304423238120 1392792333926356 4029 "b2g" 4029 "main"
I/TaskTracer( 4029): 1 17411797418517 1392792333926783 4029 "b2g" 4054 "Compositor"
I/TaskTracer( 4029): 2 17411797418517 1392792333926844
I/TaskTracer( 4029): 1 17411797418518 1392792333926905 4029 "b2g" 4054 "Compositor"
I/TaskTracer( 4029): 2 17411797418518 1392792333926966
I/TaskTracer( 4029): 2 17304423238120 1392792333928095
I/TaskTracer( 4029): 0 17390322582882 1392792333936121 17390322582882 5 17390322582882
I/TaskTracer( 4029): 1 17390322582882 1392792333936243 4029 "b2g" 4049 "Timer"
I/TaskTracer( 4029): 0 17390322582883 1392792333936335 17390322582882 5 17390322582882
I/TaskTracer( 4029): 4 17390322582883 0x421abe20
I/TaskTracer( 4029): 2 17390322582882 1392792333936488
I/TaskTracer( 4029): 1 17390322582883 1392792333937006 4029 "b2g" 4029 "main"
I/TaskTracer( 4029): 2 17390322582883 1392792333937861
I/TaskTracer( 4029): 1 17411797418520 1392792333944209 4029 "b2g" 4054 "Compositor"
I/TaskTracer( 4029): 2 17411797418520 1392792333944300
I/TaskTracer( 4029): 1 17411797418521 1392792333944361 4029 "b2g" 4054 "Compositor"
I/TaskTracer( 4029): 2 17411797418521 1392792333944422
I/TaskTracer( 4029): 0 17390322582884 1392792333951960 17390322582884 5 17390322582884
I/TaskTracer( 4029): 1 17390322582884 1392792333952082 4029 "b2g" 4049 "Timer"
I/TaskTracer( 4029): 0 17390322582885 1392792333952143 17390322582884 5 17390322582884
I/TaskTracer( 4029): 4 17390322582885 0x421abe20
I/TaskTracer( 4029): 2 17390322582884 1392792333952326
I/TaskTracer( 4029): 1 17390322582885 1392792333952814 4029 "b2g" 4029 "main"
I/TaskTracer( 4029): 0 17304423238121 1392792333957453 17390322582884 5 17390322582885
I/TaskTracer( 4029): 1 17411797418523 1392792333961054 4029 "b2g" 4054 "Compositor"
I/TaskTracer( 4029): 2 17411797418523 1392792333961146
I/TaskTracer( 4029): 1 17411797418524 1392792333961207 4029 "b2g" 4054 "Compositor"
I/TaskTracer( 4029): 2 17411797418524 1392792333961268
I/TaskTracer( 4029): 4 17304423238121 0x421bd7e0
I/TaskTracer( 4029): 1 17304423238121 1392792333962489 4029 "b2g" 4054 "Compositor"
I/TaskTracer( 4029): 0 17411797418563 1392792333963343 17390322582884 5 17304423238121
I/TaskTracer( 4029): 4 17411797418563 0x421d5660
I/TaskTracer( 4029): 2 17304423238121 1392792333963465
I/TaskTracer( 4029): 1 17411797418563 1392792333963557 4029 "b2g" 4054 "Compositor"
I/TaskTracer( 4029): 0 17411797418564 1392792333963648 17390322582884 5 17411797418563
I/TaskTracer( 4029): 4 17411797418564 0x421d53d0
I/TaskTracer( 4029): 0 17411797418565 1392792333963801 17390322582884 5 17411797418563
I/TaskTracer( 4029): 4 17411797418565 0x421d53d0
I/TaskTracer( 4029): 2 17390322582885 1392792333966730
