I/TaskTracer(  858): 0 3685081940837 1397108029112605 3453153708924 1 3685081940836
I/TaskTracer(  858): 4 3685081940837 0x41d6f608
I/TaskTracer(  858): 0 3685081940838 1397108029114954 3453153708924 1 3685081940836
I/TaskTracer(  858): 4 3685081940838 0x41ce9228
I/TaskTracer(  858): 2 3685081940836 1397108029115809 3730000 290000
I/TaskTracer(  858): 2 3775276253347 1397108029116328 3730000 290000
I/TaskTracer(  858): 1 3685081940837 1397108029116816 3730000 290000 858 "Homescreen" 858 "main"
I/TaskTracer(  858): 2 3685081940837 1397108029117518 3730000 290000
I/TaskTracer(  943): 0 4088808866124 1397108029125483 3453153705985 0 4050154160168
I/TaskTracer(  943): 4 4088808866124 0x41ce9288
I/TaskTracer(  943): 1 4088808866124 1397108029125727 3400000 330000 943 "Communications" 943 "main"
I/TaskTracer(  943): 1 4050154161116 1397108029125819 3400000 330000 943 "Communications" 943 "main"
I/TaskTracer(  943): 0 4050154161117 1397108029125880 3453153709127 1 4050154161116
I/TaskTracer(  943): 4 4050154161117 0x41ce9228
I/TaskTracer(  943): 2 4050154161116 1397108029126459 3400000 330000
I/TaskTracer(  943): 2 4088808866124 1397108029126551 3400000 330000
I/TaskTracer(  943): 0 4088808866125 1397108029142786 3453153705985 0 4050154160168
I/TaskTracer(  943): 4 4088808866125 0x41ce9288
I/TaskTracer(  943): 1 4088808866125 1397108029143427 3400000 330000 943 "Communications" 943 "main"
I/TaskTracer(  943): 1 4050154161117 1397108029143549 3400000 330000 943 "Communications" 943 "main"
I/TaskTracer(  943): 0 4050154161118 1397108029143702 3453153709127 1 4050154161117
I/TaskTracer(  943): 4 4050154161118 0x41ce9228
I/TaskTracer(  943): 2 4050154161117 1397108029144495 3400000 330000
I/TaskTracer(  943): 2 4088808866125 1397108029144587 3400000 330000
I/TaskTracer(  943): 0 4088808866126 1397108029158686 3453153705985 0 4050154160168
I/TaskTracer(  943): 4 4088808866126 0x41ce9288
I/TaskTracer(  943): 1 4088808866126 1397108029159541 3400000 330000 943 "Communications" 943 "main"
I/TaskTracer(  943): 1 4050154161118 1397108029160273 3400000 330000 943 "Communications" 943 "main"
I/TaskTracer(  943): 0 4050154161119 1397108029161005 3453153709127 1 4050154161118
I/TaskTracer(  943): 4 4050154161119 0x41ce9228
I/TaskTracer(  943): 2 4050154161118 1397108029163325 3400000 330000
I/TaskTracer(  943): 2 4088808866126 1397108029163905 3400000 330000
I/TaskTracer(  943): 0 4088808866127 1397108029175318 3453153705985 0 4050154160168
I/TaskTracer(  943): 4 4088808866127 0x41ce9288
I/TaskTracer(  943): 1 4088808866127 1397108029176112 3400000 330000 943 "Communications" 943 "main"
I/TaskTracer(  943): 1 4050154161119 1397108029176722 3400000 330000 943 "Communications" 943 "main"
I/TaskTracer(  943): 0 4050154161120 1397108029177332 3453153709127 1 4050154161119
I/TaskTracer(  943): 4 4050154161120 0x41ce9228
I/TaskTracer(  943): 2 4050154161119 1397108029179285 3400000 330000
I/TaskTracer(  943): 2 4088808866127 1397108029180506 3400000 330000
I/TaskTracer(  943): 0 4088808866128 1397108029192500 3453153705985 0 4050154160168
I/TaskTracer(  943): 4 4088808866128 0x41ce9288
I/TaskTracer(  943): 1 4088808866128 1397108029193873 3400000 330000 943 "Communications" 943 "main"
I/TaskTracer(  943): 1 4050154161120 1397108029195094 3400000 340000 943 "Communications" 943 "main"
I/TaskTracer(  943): 0 4050154161121 1397108029196284 3453153709127 1 4050154161120
I/TaskTracer(  943): 4 4050154161121 0x41ce9228
I/TaskTracer(  943): 2 4050154161120 1397108029199641 3400000 340000
I/TaskTracer(  943): 2 4088808866128 1397108029200617 3400000 340000
I/TaskTracer(  943): 0 4088808866129 1397108029202326 3453153705985 0 4050154160168
I/TaskTracer(  943): 4 4088808866129 0x41ce9288
I/TaskTracer(  943): 1 4088808866129 1397108029204005 3400000 340000 943 "Communications" 943 "main"
I/TaskTracer(  943): 1 4050154161114 1397108029205225 3400000 340000 943 "Communications" 943 "main"
I/TaskTracer(  943): 0 4050154161122 1397108029206416 3453153709127 1 4050154161114
I/TaskTracer(  943): 4 4050154161122 0x41ce9228
I/TaskTracer(  943): 0 4088808866130 1397108029208765 3453153705985 0 4050154160168
I/TaskTracer(  943): 4 4088808866130 0x41ce9288
I/TaskTracer(  943): 2 4050154161114 1397108029210627 3400000 340000
I/TaskTracer(  943): 2 4088808866129 1397108029211726 3400000 340000
I/TaskTracer(  943): 1 4088808866130 1397108029212916 3400000 340000 943 "Communications" 943 "main"
I/TaskTracer(  943): 1 4050154161121 1397108029214106 3400000 340000 943 "Communications" 943 "main"
I/TaskTracer(  943): 0 4050154161123 1397108029215235 3453153709127 1 4050154161121
I/TaskTracer(  943): 4 4050154161123 0x41ce9228
I/TaskTracer(  943): 2 4050154161121 1397108029218562 3400000 340000
I/TaskTracer(  943): 2 4088808866130 1397108029219660 3400000 340000
I/TaskTracer(  943): 0 4088808866131 1397108029225916 3453153705985 0 4050154160168
I/TaskTracer(  943): 4 4088808866131 0x41ce9288
I/TaskTracer(  943): 1 4088808866131 1397108029227839 3400000 340000 943 "Communications" 943 "main"
I/TaskTracer(  943): 1 4050154161123 1397108029228999 3400000 340000 943 "Communications" 943 "main"
I/TaskTracer(  943): 0 4050154161124 1397108029230402 3453153709127 1 4050154161123
I/TaskTracer(  943): 4 4050154161124 0x41ce9228
I/TaskTracer(  943): 2 4050154161123 1397108029233759 3400000 340000
I/TaskTracer(  943): 2 4088808866131 1397108029234766 3400000 350000
I/TaskTracer(  943): 0 4088808866132 1397108029242854 3453153705985 0 4050154160168
I/TaskTracer(  943): 4 4088808866132 0x41ce9288
I/TaskTracer(  943): 1 4088808866132 1397108029244288 3400000 350000 943 "Communications" 943 "main"
I/TaskTracer(  943): 1 4050154161124 1397108029245539 3400000 350000 943 "Communications" 943 "main"
I/TaskTracer(  943): 0 4050154161125 1397108029246760 3453153709127 1 4050154161124
I/TaskTracer(  943): 4 4050154161125 0x41ce9228
I/TaskTracer(  943): 2 4050154161124 1397108029250239 3410000 350000
I/TaskTracer(  943): 2 4088808866132 1397108029251276 3410000 350000
I/TaskTracer(  943): 0 4088808866133 1397108029259180 3453153705985 0 4050154160168
I/TaskTracer(  943): 4 4088808866133 0x41ce9288
I/TaskTracer(  943): 1 4088808866133 1397108029260798 3410000 350000 943 "Communications" 943 "main"
I/TaskTracer(  943): 1 4050154161125 1397108029261988 3410000 350000 943 "Communications" 943 "main"
I/TaskTracer(  943): 0 4050154161126 1397108029263148 3453153709127 1 4050154161125
I/TaskTracer(  943): 4 4050154161126 0x41ce9228
I/TaskTracer(  943): 2 4050154161125 1397108029266535 3410000 350000
I/TaskTracer(  943): 2 4088808866133 1397108029267481 3410000 350000
I/TaskTracer(  943): 0 4088808866134 1397108029275660 3453153705985 0 4050154160168
I/TaskTracer(  943): 4 4088808866134 0x41ce9288
I/TaskTracer(  943): 1 4088808866134 1397108029277033 3410000 350000 943 "Communications" 943 "main"
I/TaskTracer(  943): 1 4050154161126 1397108029278254 3410000 350000 943 "Communications" 943 "main"
I/TaskTracer(  943): 0 4050154161127 1397108029279932 3453153709127 1 4050154161126
I/TaskTracer(  943): 4 4050154161127 0x41ce9228
I/TaskTracer(  943): 2 4050154161126 1397108029283015 3410000 350000
I/TaskTracer(  943): 2 4088808866134 1397108029284052 3410000 350000
I/TaskTracer(  943): 0 4088808866135 1397108029292200 3453153705985 0 4050154160168
I/TaskTracer(  943): 4 4088808866135 0x41ce9288
I/TaskTracer(  943): 1 4088808866135 1397108029293574 3410000 350000 943 "Communications" 943 "main"
I/TaskTracer(  943): 1 4050154161127 1397108029294764 3420000 350000 943 "Communications" 943 "main"
I/TaskTracer(  943): 0 4050154161128 1397108029296015 3453153709127 1 4050154161127
I/TaskTracer(  943): 4 4050154161128 0x41ce9228
I/TaskTracer(  943): 3 4050154161127 1397108029298670 "[nsEventDispatcher::Dispatch] Event name: animationiteration"
I/TaskTracer(  943): 2 4050154161127 1397108029300745 3420000 350000
I/TaskTracer(  943): 2 4088808866135 1397108029301752 3420000 350000
I/TaskTracer(  943): 0 4088808866136 1397108029306849 3453153705985 0 4050154160168
I/TaskTracer(  943): 4 4088808866136 0x41ce9288
I/TaskTracer(  943): 1 4088808866136 1397108029308405 3420000 350000 943 "Communications" 943 "main"
I/TaskTracer(  943): 0 4088808866137 1397108029309840 3453153705985 0 4050154160168
I/TaskTracer(  943): 4 4088808866137 0x41ce9288
I/TaskTracer(  943): 1 4050154161122 1397108029311457 3420000 350000 943 "Communications" 943 "main"
I/TaskTracer(  943): 0 4050154161129 1397108029312647 3453153709127 1 4050154161122
I/TaskTracer(  943): 4 4050154161129 0x41ce9228
I/TaskTracer(  943): 2 4050154161122 1397108029314967 3420000 350000
I/TaskTracer(  943): 2 4088808866136 1397108029316096 3420000 350000
I/TaskTracer(  943): 1 4088808866137 1397108029317225 3420000 350000 943 "Communications" 943 "main"
I/TaskTracer(  943): 1 4050154161128 1397108029318385 3420000 350000 943 "Communications" 943 "main"
I/TaskTracer(  943): 0 4050154161130 1397108029319910 3453153709127 1 4050154161128
I/TaskTracer(  943): 4 4050154161130 0x41ce9228
I/TaskTracer(  943): 2 4050154161128 1397108029323023 3420000 350000
I/TaskTracer(  943): 2 4088808866137 1397108029324000 3420000 350000
I/TaskTracer(  943): 0 4088808866138 1397108029326075 3453153705985 0 4050154160168
I/TaskTracer(  943): 4 4088808866138 0x41ce9288
I/TaskTracer(  943): 1 4088808866138 1397108029327570 3420000 350000 943 "Communications" 943 "main"
I/TaskTracer(  943): 1 4050154161130 1397108029328761 3420000 350000 943 "Communications" 943 "main"
I/TaskTracer(  943): 0 4050154161131 1397108029330103 3453153709127 1 4050154161130
I/TaskTracer(  943): 4 4050154161131 0x41ce9228
I/TaskTracer(  943): 2 4050154161130 1397108029333460 3420000 350000
I/TaskTracer(  943): 2 4088808866138 1397108029334498 3420000 350000
I/TaskTracer(  943): 0 4088808866139 1397108029342585 3453153705985 0 4050154160168
I/TaskTracer(  943): 4 4088808866139 0x41ce9288
I/TaskTracer(  943): 1 4088808866139 1397108029345454 3420000 350000 943 "Communications" 943 "main"
I/TaskTracer(  943): 1 4050154161131 1397108029347132 3420000 350000 943 "Communications" 943 "main"
I/TaskTracer(  943): 0 4050154161132 1397108029348627 3453153709127 1 4050154161131
I/TaskTracer(  943): 4 4050154161132 0x41ce9228
I/TaskTracer(  943): 2 4050154161131 1397108029352137 3420000 350000
I/TaskTracer(  943): 2 4088808866139 1397108029353205 3420000 350000
I/TaskTracer(  943): 0 4088808866140 1397108029359064 3453153705985 0 4050154160168
I/TaskTracer(  943): 4 4088808866140 0x41ce9288
I/TaskTracer(  943): 1 4088808866140 1397108029361567 3420000 350000 943 "Communications" 943 "main"
I/TaskTracer(  943): 1 4050154161132 1397108029362574 3420000 350000 943 "Communications" 943 "main"
I/TaskTracer(  943): 0 4050154161133 1397108029363825 3453153709127 1 4050154161132
I/TaskTracer(  943): 4 4050154161133 0x41ce9228
I/TaskTracer(  943): 2 4050154161132 1397108029367274 3420000 350000
I/TaskTracer(  943): 2 4088808866140 1397108029368311 3420000 350000
I/TaskTracer(  943): 0 4088808866141 1397108029376368 3453153705985 0 4050154160168
I/TaskTracer(  943): 4 4088808866141 0x41ce9288
I/TaskTracer(  943): 1 4088808866141 1397108029378016 3420000 350000 943 "Communications" 943 "main"
I/TaskTracer(  943): 1 4050154161133 1397108029378931 3420000 350000 943 "Communications" 943 "main"
I/TaskTracer(  943): 0 4050154161134 1397108029380274 3453153709127 1 4050154161133
I/TaskTracer(  943): 4 4050154161134 0x41ce9228
I/TaskTracer(  943): 2 4050154161133 1397108029383631 3420000 350000
I/TaskTracer(  943): 2 4088808866141 1397108029384669 3420000 350000
I/TaskTracer(  943): 0 4088808866142 1397108029392786 3453153705985 0 4050154160168
I/TaskTracer(  943): 4 4088808866142 0x41ce9288
I/TaskTracer(  943): 1 4088808866142 1397108029394160 3420000 350000 943 "Communications" 943 "main"
I/TaskTracer(  943): 1 4050154161134 1397108029395350 3420000 350000 943 "Communications" 943 "main"
I/TaskTracer(  943): 0 4050154161135 1397108029396571 3453153709127 1 4050154161134
I/TaskTracer(  943): 4 4050154161135 0x41ce9228
I/TaskTracer(  943): 0 4088808866143 1397108029409022 3453153705985 0 4050154160168
I/TaskTracer(  943): 4 4088808866143 0x41ce9288
I/TaskTracer(  943): 0 4088808866144 1397108029412867 3453153705985 0 4050154160168
I/TaskTracer(  943): 4 4088808866144 0x41ce9288
I/TaskTracer(  943): 2 4050154161134 1397108029416041 3440000 350000
I/TaskTracer(  943): 2 4088808866142 1397108029417078 3440000 350000
I/TaskTracer(  943): 1 4088808866143 1397108029418818 3440000 350000 943 "Communications" 943 "main"
I/TaskTracer(  943): 1 4050154161135 1397108029419855 3440000 350000 943 "Communications" 943 "main"
I/TaskTracer(  943): 0 4050154161136 1397108029421168 3453153709127 1 4050154161135
I/TaskTracer(  943): 4 4050154161136 0x41ce9228
I/TaskTracer(  943): 2 4050154161135 1397108029424738 3440000 350000
I/TaskTracer(  943): 0 4088808866145 1397108029425928 3453153705985 0 4050154160168
I/TaskTracer(  943): 4 4088808866145 0x41ce9288
I/TaskTracer(  943): 2 4088808866143 1397108029427668 3440000 350000
I/TaskTracer(  943): 1 4088808866144 1397108029429255 3440000 350000 943 "Communications" 943 "main"
I/TaskTracer(  943): 1 4050154161129 1397108029431483 3440000 350000 943 "Communications" 943 "main"
I/TaskTracer(  943): 0 4050154161137 1397108029431879 3453153709127 1 4050154161129
I/TaskTracer(  943): 4 4050154161137 0x41ce9228
I/TaskTracer(  943): 2 4050154161129 1397108029432429 3440000 350000
I/TaskTracer(  943): 2 4088808866144 1397108029432612 3440000 350000
I/TaskTracer(  943): 1 4088808866145 1397108029432978 3440000 350000 943 "Communications" 943 "main"
I/TaskTracer(  943): 1 4050154161136 1397108029433344 3440000 350000 943 "Communications" 943 "main"
I/TaskTracer(  943): 0 4050154161138 1397108029433741 3453153709127 1 4050154161136
I/TaskTracer(  943): 4 4050154161138 0x41ce9228
I/TaskTracer(  943): 2 4050154161136 1397108029434992 3440000 350000
I/TaskTracer(  943): 2 4088808866145 1397108029435358 3440000 350000
I/TaskTracer(  943): 0 4088808866146 1397108029442469 3453153705985 0 4050154160168
I/TaskTracer(  943): 4 4088808866146 0x41ce9288
I/TaskTracer(  943): 1 4088808866146 1397108029442927 3440000 350000 943 "Communications" 943 "main"
I/TaskTracer(  943): 1 4050154161138 1397108029443140 3440000 350000 943 "Communications" 943 "main"
I/TaskTracer(  943): 0 4050154161139 1397108029443568 3453153709127 1 4050154161138
I/TaskTracer(  943): 4 4050154161139 0x41ce9228
I/TaskTracer(  943): 2 4050154161138 1397108029444819 3440000 350000
I/TaskTracer(  943): 2 4088808866146 1397108029445185 3440000 350000
I/TaskTracer(  804): 0 3543348019775 1397108029450373 3543348019614 0 3543348019614
I/TaskTracer(  804): 4 3543348019775 0x421b6288
I/TaskTracer(  804): 1 3543348019775 1397108029450800 18670000 1240000 804 "b2g" 804 "main"
I/TaskTracer(  804): 1 3453153709150 1397108029450892 18670000 1240000 804 "b2g" 804 "main"
I/TaskTracer(  804): 2 3453153709150 1397108029450983 18670000 1240000
I/TaskTracer(  804): 2 3543348019775 1397108029451044 18670000 1240000
I/TaskTracer(  943): 0 4088808866147 1397108029459437 3453153705985 0 4050154160168
I/TaskTracer(  943): 4 4088808866147 0x41ce9288
I/TaskTracer(  943): 0 4088808866148 1397108029461390 3453153705985 0 4050154160168
I/TaskTracer(  943): 4 4088808866148 0x41ce9288
I/TaskTracer(  943): 1 4088808866147 1397108029462580 3440000 350000 943 "Communications" 943 "main"
I/TaskTracer(  943): 1 4050154161139 1397108029463221 3440000 350000 943 "Communications" 943 "main"
I/TaskTracer(  943): 0 4050154161140 1397108029463923 3453153709127 1 4050154161139
I/TaskTracer(  943): 4 4050154161140 0x41ce9228
I/TaskTracer(  943): 2 4050154161139 1397108029465968 3440000 350000
I/TaskTracer(  943): 2 4088808866147 1397108029466547 3450000 350000
I/TaskTracer(  943): 1 4088808866148 1397108029467310 3450000 350000 943 "Communications" 943 "main"
I/TaskTracer(  943): 1 4050154161112 1397108029467921 3450000 350000 943 "Communications" 943 "main"
I/TaskTracer(  943): 0 4050154161141 1397108029468562 3453153705985 0 4050154161112
I/TaskTracer(  943): 4 4050154161141 0x41ce9228
I/TaskTracer(  943): 2 4050154161112 1397108029469721 3450000 350000
I/TaskTracer(  943): 2 4088808866148 1397108029470301 3450000 350000
I/TaskTracer(  943): 0 4088808866149 1397108029475306 3453153705985 0 4050154160168
I/TaskTracer(  943): 4 4088808866149 0x41ce9288
I/TaskTracer(  943): 1 4088808866149 1397108029476221 3450000 350000 943 "Communications" 943 "main"
I/TaskTracer(  943): 1 4050154161140 1397108029476862 3450000 350000 943 "Communications" 943 "main"
I/TaskTracer(  943): 0 4050154161142 1397108029477473 3453153709127 1 4050154161140
I/TaskTracer(  943): 4 4050154161142 0x41ce9228
I/TaskTracer(  943): 2 4050154161140 1397108029479395 3450000 350000
I/TaskTracer(  943): 2 4088808866149 1397108029480067 3450000 350000
I/TaskTracer(  943): 0 4088808866150 1397108029491785 3453153705985 0 4050154160168
I/TaskTracer(  943): 4 4088808866150 0x41ce9288
I/TaskTracer(  943): 1 4088808866150 1397108029492579 3450000 350000 943 "Communications" 943 "main"
I/TaskTracer(  943): 1 4050154161142 1397108029493220 3450000 350000 943 "Communications" 943 "main"
I/TaskTracer(  943): 0 4050154161143 1397108029493830 3453153709127 1 4050154161142
I/TaskTracer(  943): 4 4050154161143 0x41ce9228
I/TaskTracer(  943): 2 4050154161142 1397108029495783 3450000 350000
I/TaskTracer(  943): 2 4088808866150 1397108029496333 3450000 350000
I/TaskTracer(  943): 0 4088808866151 1397108029508967 3453153705985 0 4050154160168
I/TaskTracer(  943): 4 4088808866151 0x41ce9288
I/TaskTracer(  943): 1 4088808866151 1397108029510706 3450000 350000 943 "Communications" 943 "main"
I/TaskTracer(  943): 1 4050154161143 1397108029511683 3450000 350000 943 "Communications" 943 "main"
I/TaskTracer(  943): 0 4050154161144 1397108029512629 3453153709127 1 4050154161143
I/TaskTracer(  943): 4 4050154161144 0x41ce9228
I/TaskTracer(  943): 2 4050154161143 1397108029515284 3450000 350000
I/TaskTracer(  943): 2 4088808866151 1397108029516108 3450000 350000
I/TaskTracer(  943): 0 4088808866152 1397108029525568 3453153705985 0 4050154160168
I/TaskTracer(  943): 4 4088808866152 0x41ce9288
I/TaskTracer(  943): 1 4088808866152 1397108029526667 3450000 350000 943 "Communications" 943 "main"
I/TaskTracer(  943): 1 4050154161144 1397108029527613 3450000 350000 943 "Communications" 943 "main"
I/TaskTracer(  943): 0 4050154161145 1397108029528498 3453153709127 1 4050154161144
I/TaskTracer(  943): 4 4050154161145 0x41ce9228
I/TaskTracer(  943): 2 4050154161144 1397108029531153 3450000 350000
I/TaskTracer(  943): 0 4088808866153 1397108029532130 3453153705985 0 4050154160168
I/TaskTracer(  943): 4 4088808866153 0x41ce9288
I/TaskTracer(  943): 2 4088808866152 1397108029531977 3450000 350000
I/TaskTracer(  943): 1 4088808866153 1397108029534357 3450000 350000 943 "Communications" 943 "main"
I/TaskTracer(  943): 1 4050154161137 1397108029535303 3460000 350000 943 "Communications" 943 "main"
I/TaskTracer(  943): 0 4050154161146 1397108029536127 3453153709127 1 4050154161137
I/TaskTracer(  943): 4 4050154161146 0x41ce9228
I/TaskTracer(  943): 2 4050154161137 1397108029537714 3460000 350000
I/TaskTracer(  943): 2 4088808866153 1397108029538538 3460000 350000
I/TaskTracer(  943): 0 4088808866154 1397108029541682 3453153705985 0 4050154160168
I/TaskTracer(  943): 4 4088808866154 0x41ce9288
I/TaskTracer(  943): 1 4088808866154 1397108029542902 3460000 350000 943 "Communications" 943 "main"
I/TaskTracer(  943): 1 4050154161145 1397108029543848 3460000 350000 943 "Communications" 943 "main"
I/TaskTracer(  943): 0 4050154161147 1397108029544733 3453153709127 1 4050154161145
I/TaskTracer(  943): 4 4050154161147 0x41ce9228
I/TaskTracer(  943): 2 4050154161145 1397108029547388 3460000 350000
I/TaskTracer(  943): 2 4088808866154 1397108029548182 3460000 350000
I/TaskTracer(  943): 0 4088808866155 1397108029558619 3453153705985 0 4050154160168
I/TaskTracer(  943): 4 4088808866155 0x41ce9288
I/TaskTracer(  943): 1 4088808866155 1397108029559779 3460000 350000 943 "Communications" 943 "main"
I/TaskTracer(  943): 1 4050154161147 1397108029560755 3460000 350000 943 "Communications" 943 "main"
I/TaskTracer(  943): 0 4050154161148 1397108029561701 3453153709127 1 4050154161147
I/TaskTracer(  943): 4 4050154161148 0x41ce9228
I/TaskTracer(  943): 2 4050154161147 1397108029564417 3460000 350000
I/TaskTracer(  943): 2 4088808866155 1397108029565241 3460000 350000
I/TaskTracer(  943): 0 4088808866156 1397108029575648 3453153705985 0 4050154160168
I/TaskTracer(  943): 4 4088808866156 0x41ce9288
I/TaskTracer(  943): 1 4088808866156 1397108029576716 3460000 350000 943 "Communications" 943 "main"
I/TaskTracer(  943): 1 4050154161148 1397108029577662 3460000 350000 943 "Communications" 943 "main"
I/TaskTracer(  943): 0 4050154161149 1397108029578577 3453153709127 1 4050154161148
I/TaskTracer(  943): 4 4050154161149 0x41ce9228
I/TaskTracer(  943): 2 4050154161148 1397108029582392 3460000 350000
I/TaskTracer(  943): 2 4088808866156 1397108029583430 3460000 350000
I/TaskTracer(  943): 0 4088808866157 1397108029591456 3453153705985 0 4050154160168
I/TaskTracer(  943): 4 4088808866157 0x41ce9288
I/TaskTracer(  943): 1 4088808866157 1397108029592829 3460000 350000 943 "Communications" 943 "main"
I/TaskTracer(  943): 1 4050154161149 1397108029594050 3460000 350000 943 "Communications" 943 "main"
I/TaskTracer(  943): 0 4050154161150 1397108029595271 3453153709127 1 4050154161149
I/TaskTracer(  943): 4 4050154161150 0x41ce9228
I/TaskTracer(  943): 2 4050154161149 1397108029598597 3460000 360000
I/TaskTracer(  943): 2 4088808866157 1397108029599696 3460000 360000
I/TaskTracer(  943): 0 4088808866158 1397108029608729 3453153705985 0 4050154160168
I/TaskTracer(  943): 4 4088808866158 0x41ce9288
I/TaskTracer(  943): 1 4088808866158 1397108029610316 3460000 360000 943 "Communications" 943 "main"
I/TaskTracer(  943): 1 4050154161150 1397108029611506 3460000 360000 943 "Communications" 943 "main"
I/TaskTracer(  943): 0 4050154161151 1397108029612696 3453153709127 1 4050154161150
I/TaskTracer(  943): 4 4050154161151 0x41ce9228
I/TaskTracer(  943): 2 4050154161150 1397108029616053 3460000 360000
I/TaskTracer(  943): 2 4088808866158 1397108029617060 3460000 360000
I/TaskTracer(  943): 0 4088808866159 1397108029626154 3453153705985 0 4050154160168
I/TaskTracer(  943): 4 4088808866159 0x41ce9288
I/TaskTracer(  943): 1 4088808866159 1397108029627528 3460000 360000 943 "Communications" 943 "main"
I/TaskTracer(  943): 1 4050154161151 1397108029628718 3460000 360000 943 "Communications" 943 "main"
I/TaskTracer(  943): 0 4050154161152 1397108029630640 3453153709127 1 4050154161151
I/TaskTracer(  943): 4 4050154161152 0x41ce9228
I/TaskTracer(  943): 2 4050154161151 1397108029633875 3460000 360000
I/TaskTracer(  943): 2 4088808866159 1397108029634821 3460000 360000
I/TaskTracer(  943): 0 4088808866160 1397108029635950 3453153705985 0 4050154160168
I/TaskTracer(  943): 4 4088808866160 0x41ce9288
I/TaskTracer(  943): 1 4088808866160 1397108029638117 3460000 360000 943 "Communications" 943 "main"
I/TaskTracer(  943): 1 4050154161146 1397108029638972 3460000 360000 943 "Communications" 943 "main"
I/TaskTracer(  943): 0 4050154161153 1397108029640406 3453153709127 1 4050154161146
I/TaskTracer(  943): 4 4050154161153 0x41ce9228
I/TaskTracer(  943): 0 4088808866161 1397108029642817 3453153705985 0 4050154160168
I/TaskTracer(  943): 4 4088808866161 0x41ce9288
I/TaskTracer(  943): 2 4050154161146 1397108029644373 3460000 360000
I/TaskTracer(  943): 2 4088808866160 1397108029645441 3460000 360000
I/TaskTracer(  943): 1 4088808866161 1397108029646998 3460000 360000 943 "Communications" 943 "main"
I/TaskTracer(  943): 1 4050154161152 1397108029647913 3460000 360000 943 "Communications" 943 "main"
I/TaskTracer(  943): 0 4050154161154 1397108029649104 3453153709127 1 4050154161152
I/TaskTracer(  943): 4 4050154161154 0x41ce9228
I/TaskTracer(  943): 2 4050154161152 1397108029652583 3470000 360000
I/TaskTracer(  957): 0 4148938407942 1397108029653223 3453153708924 1 4110283702315
I/TaskTracer(  943): 2 4088808866161 1397108029654230 3470000 360000
I/TaskTracer(  957): 4 4148938407942 0x41ce9288
I/TaskTracer(  957): 1 4148938407942 1397108029657221 630000 50000 957 "(Preallocated app)" 957 "main"
I/TaskTracer(  957): 1 4110283702352 1397108029658289 630000 50000 957 "(Preallocated app)" 957 "main"
I/TaskTracer(  943): 0 4088808866162 1397108029659968 3453153705985 0 4050154160168
I/TaskTracer(  943): 4 4088808866162 0x41ce9288
I/TaskTracer(  943): 1 4088808866162 1397108029661097 3470000 360000 943 "Communications" 943 "main"
I/TaskTracer(  943): 1 4050154161154 1397108029661341 3470000 360000 943 "Communications" 943 "main"
I/TaskTracer(  943): 0 4050154161155 1397108029661585 3453153709127 1 4050154161154
I/TaskTracer(  943): 4 4050154161155 0x41ce9228
I/TaskTracer(  943): 2 4050154161154 1397108029662684 3470000 360000
I/TaskTracer(  943): 2 4088808866162 1397108029662897 3470000 360000
I/TaskTracer(  957): 0 4110283702353 1397108029666041 3453153708924 1 4110283702352
I/TaskTracer(  957): 4 4110283702353 0x41ce9228
I/TaskTracer(  957): 2 4110283702352 1397108029668024 630000 50000
I/TaskTracer(  957): 2 4148938407942 1397108029669245 630000 50000
I/TaskTracer(  943): 0 4088808866163 1397108029675715 3453153705985 0 4050154160168
I/TaskTracer(  943): 4 4088808866163 0x41ce9288
I/TaskTracer(  943): 1 4088808866163 1397108029676112 3470000 360000 943 "Communications" 943 "main"
I/TaskTracer(  943): 1 4050154161155 1397108029676203 3470000 360000 943 "Communications" 943 "main"
I/TaskTracer(  943): 0 4050154161156 1397108029676295 3453153709127 1 4050154161155
I/TaskTracer(  943): 4 4050154161156 0x41ce9228
I/TaskTracer(  943): 2 4050154161155 1397108029676752 3470000 360000
I/TaskTracer(  943): 2 4088808866163 1397108029676844 3470000 360000
I/TaskTracer(  804): 0 3453153709218 1397108029679194 3453153709218 1 3453153709218
I/TaskTracer(  804): 1 3453153709218 1397108029679316 18670000 1240000 804 "b2g" 804 "main"
I/TaskTracer(  804): 3 3453153709218 1397108029679499 "Touch at (164, 117)"
I/TaskTracer(  804): 0 3453153709219 1397108029679621 3453153709218 1 3453153709218
I/TaskTracer(  804): 4 3453153709219 0x421b6228
I/TaskTracer(  804): 0 3453153709220 1397108029679774 3453153709218 1 3453153709218
I/TaskTracer(  804): 4 3453153709220 0x42241ae8
I/TaskTracer(  804): 0 3453153709221 1397108029679987 3453153709218 1 3453153709218
I/TaskTracer(  804): 4 3453153709221 0x421b6228
I/TaskTracer(  804): 3 3453153709218 1397108029681879 "[nsEventDispatcher::Dispatch] Event name: touchstart"
I/TaskTracer(  804): 0 3453153709222 1397108029683497 3453153709218 1 3453153709218
I/TaskTracer(  804): 4 3453153709222 0x421e2368
I/TaskTracer(  804): 0 3453153709223 1397108029683649 3453153709218 1 3453153709218
I/TaskTracer(  804): 4 3453153709223 0x421c82f0
I/TaskTracer(  804): 0 3453153709224 1397108029683863 3453153709218 1 3453153709218
I/TaskTracer(  804): 4 3453153709224 0x421c81b0
I/TaskTracer(  804): 1 3453153709224 1397108029684107 290000 120000 804 "" 812 "Gecko_IOThread"
I/TaskTracer(  804): 2 3453153709224 1397108029684229 290000 120000
I/TaskTracer(  943): 0 4054449127582 1397108029684473 3453153709218 1 3453153709224
I/TaskTracer(  943): 4 4054449127582 0x41cfb150
I/TaskTracer(  943): 0 4054449127583 1397108029684595 3453153709218 1 3453153709224
I/TaskTracer(  943): 4 4054449127583 0x41cfb2f0
I/TaskTracer(  943): 1 4054449127583 1397108029686457 3470000 360000 943 "Communications" 943 "main"
I/TaskTracer(  943): 1 4054449127582 1397108029686732 3470000 360000 943 "Communications" 943 "main"
I/TaskTracer(  943): 0 4050154161157 1397108029687067 3453153709218 1 4054449127582
I/TaskTracer(  943): 4 4050154161157 0x41cfb1b0
I/TaskTracer(  943): 1 4050154161157 1397108029687251 20000 70000 943 "" 944 "Chrome_ChildThread"
I/TaskTracer(  943): 2 4050154161157 1397108029687373 20000 70000
I/TaskTracer(  943): 0 4088808866164 1397108029692164 3453153705985 0 4050154160168
I/TaskTracer(  943): 4 4088808866164 0x41ce9288
I/TaskTracer(  804): 0 3487513445612 1397108029693659 3453153709218 1 4050154161157
I/TaskTracer(  804): 4 3487513445612 0x421c8150
I/TaskTracer(  804): 0 3487513445613 1397108029693812 3453153709218 1 4050154161157
I/TaskTracer(  804): 4 3487513445613 0x421c82f0
I/TaskTracer(  804): 3 3453153709218 1397108029694880 "Capture? 0"
I/TaskTracer(  804): 2 3453153709218 1397108029695277 18670000 1240000
I/TaskTracer(  804): 0 3453153709225 1397108029695643 3453153709225 2 3453153709225
I/TaskTracer(  804): 0 3543348019776 1397108029696467 3543348019614 0 3543348019614
I/TaskTracer(  804): 4 3543348019776 0x421b6288
I/TaskTracer(  804): 1 3453153709225 1397108029696040 18680000 1240000 804 "b2g" 804 "main"
I/TaskTracer(  804): 3 3453153709225 1397108029697535 "Mouse at (164, 117)"
I/TaskTracer(  943): 3 4054449127582 1397108029702692 "[nsEventDispatcher::Dispatch] Event name: touchstart"
I/TaskTracer(  804): 3 3453153709225 1397108029704310 "[nsEventDispatcher::Dispatch] Event name: mousedown"
I/TaskTracer(  804): 2 3453153709225 1397108029706538 18680000 1240000
I/TaskTracer(  804): 1 3453153709220 1397108029707240 18680000 1240000 804 "b2g" 804 "main"
I/TaskTracer(  804): 2 3453153709220 1397108029708186 18680000 1240000
I/TaskTracer(  804): 1 3453153709223 1397108029709132 18680000 1240000 804 "b2g" 804 "main"
I/TaskTracer(  804): 0 3453153709226 1397108029709681 3453153709218 1 3453153709223
I/TaskTracer(  804): 4 3453153709226 0x421b6228
I/TaskTracer(  804): 1 3487513445612 1397108029710841 18680000 1240000 804 "b2g" 804 "main"
I/TaskTracer(  804): 2 3487513445612 1397108029711329 18680000 1240000
I/TaskTracer(  804): 2 3453153709223 1397108029712061 18680000 1240000
I/TaskTracer(  804): 1 3487513445613 1397108029712458 18680000 1240000 804 "b2g" 804 "main"
I/TaskTracer(  804): 2 3487513445613 1397108029713160 18680000 1240000
I/TaskTracer(  804): 1 3543348019776 1397108029713557 18680000 1240000 804 "b2g" 804 "main"
I/TaskTracer(  804): 1 3453153709221 1397108029714289 18680000 1240000 804 "b2g" 804 "main"
I/TaskTracer(  804): 0 3453153709227 1397108029714655 3453153709218 1 3453153709221
I/TaskTracer(  804): 4 3453153709227 0x421b6228
I/TaskTracer(  943): 0 4050154161158 1397108029727595 3453153709218 1 4054449127582
I/TaskTracer(  804): 0 3453153709228 1397108029728602 3453153709218 1 3453153709221
I/TaskTracer(  804): 4 3453153709228 0x421c8150
I/TaskTracer(  804): 1 3453153709228 1397108029729823 960000 310000 804 "" 829 "Compositor"
I/TaskTracer(  804): 0 3543348019777 1397108029730006 3543348019614 0 3543348019614
I/TaskTracer(  804): 4 3543348019777 0x421b6288
I/TaskTracer(  804): 0 3560527889026 1397108029731013 3453153709218 1 3453153709228
I/TaskTracer(  804): 4 3560527889026 0x421e25d8
I/TaskTracer(  804): 2 3453153709228 1397108029731135 960000 310000
I/TaskTracer(  804): 1 3560527889026 1397108029731226 960000 310000 804 "" 829 "Compositor"
I/TaskTracer(  804): 0 3560527889027 1397108029731318 3453153709218 1 3560527889026
I/TaskTracer(  804): 4 3560527889027 0x421e2368
I/TaskTracer(  804): 0 3560527889028 1397108029731440 3453153709218 1 3560527889026
I/TaskTracer(  804): 4 3560527889028 0x421e2368
I/TaskTracer(  804): 0 3453153709229 1397108029734187 3453153709218 1 3453153709221
I/TaskTracer(  804): 4 3453153709229 0x421b6228
I/TaskTracer(  804): 3 3453153709221 1397108029735407 "[nsEventDispatcher::Dispatch] Event name: MozAfterPaint"
I/TaskTracer(  804): 3 3453153709221 1397108029735926 "[nsEventDispatcher::Dispatch] Event name: MozAfterPaint"
I/TaskTracer(  804): 2 3453153709221 1397108029736384 18680000 1250000
I/TaskTracer(  804): 2 3543348019776 1397108029736781 18680000 1250000
I/TaskTracer(  804): 1 3543348019777 1397108029737269 18680000 1250000 804 "b2g" 804 "main"
I/TaskTracer(  804): 1 3453153709227 1397108029737666 18680000 1250000 804 "b2g" 804 "main"
I/TaskTracer(  804): 0 3453153709230 1397108029737879 3453153709218 1 3453153709227
I/TaskTracer(  804): 4 3453153709230 0x421b6228
I/TaskTracer(  804): 2 3453153709227 1397108029738856 18680000 1250000
I/TaskTracer(  804): 2 3543348019777 1397108029739222 18680000 1250000
I/TaskTracer(  943): 4 4050154161158 0x41ce9228
I/TaskTracer(  943): 0 4088808866165 1397108029740504 3453153705985 0 4050154160168
I/TaskTracer(  943): 4 4088808866165 0x41ce9288
I/TaskTracer(  943): 2 4054449127582 1397108029742518 3480000 370000
I/TaskTracer(  943): 2 4054449127583 1397108029743067 3480000 370000
I/TaskTracer(  943): 1 4088808866164 1397108029743616 3480000 370000 943 "Communications" 943 "main"
I/TaskTracer(  943): 1 4050154161156 1397108029744074 3480000 370000 943 "Communications" 943 "main"
I/TaskTracer(  943): 0 4050154161159 1397108029744501 3453153709127 1 4050154161156
I/TaskTracer(  943): 4 4050154161159 0x41ce9228
I/TaskTracer(  943): 0 4050154161160 1397108029750788 3453153709127 1 4050154161156
I/TaskTracer(  943): 4 4050154161160 0x41cfb1b0
I/TaskTracer(  943): 1 4050154161160 1397108029751551 20000 70000 943 "" 944 "Chrome_ChildThread"
I/TaskTracer(  943): 2 4050154161160 1397108029751673 20000 70000
I/TaskTracer(  804): 0 3487513445614 1397108029751856 3453153709127 1 4050154161160
I/TaskTracer(  804): 4 3487513445614 0x421c8150
I/TaskTracer(  804): 0 3487513445615 1397108029751978 3453153709127 1 4050154161160
I/TaskTracer(  804): 4 3487513445615 0x421c82f0
I/TaskTracer(  804): 1 3487513445615 1397108029752345 18680000 1250000 804 "b2g" 804 "main"
I/TaskTracer(  804): 1 3487513445614 1397108029752436 18680000 1250000 804 "b2g" 804 "main"
I/TaskTracer(  804): 2 3487513445614 1397108029752558 18680000 1250000
I/TaskTracer(  804): 2 3487513445615 1397108029752619 18680000 1250000
I/TaskTracer(  943): 0 4088808866166 1397108029758234 3453153705985 0 4050154160168
I/TaskTracer(  943): 4 4088808866166 0x41ce9288
I/TaskTracer(  943): 0 4050154161161 1397108029761225 3453153709127 1 4050154161156
I/TaskTracer(  943): 4 4050154161161 0x41cfb1b0
I/TaskTracer(  943): 1 4050154161161 1397108029762171 20000 70000 943 "" 944 "Chrome_ChildThread"
I/TaskTracer(  943): 2 4050154161161 1397108029762293 20000 70000
I/TaskTracer(  804): 0 3487513445616 1397108029762507 3453153709127 1 4050154161161
I/TaskTracer(  804): 4 3487513445616 0x421c8150
I/TaskTracer(  943): 2 4050154161156 1397108029763819 3490000 370000
I/TaskTracer(  943): 2 4088808866164 1397108029764155 3490000 370000
I/TaskTracer(  943): 1 4088808866165 1397108029764429 3490000 370000 943 "Communications" 943 "main"
I/TaskTracer(  943): 1 4050154161153 1397108029764857 3490000 370000 943 "Communications" 943 "main"
I/TaskTracer(  943): 0 4050154161162 1397108029765223 3453153709127 1 4050154161153
I/TaskTracer(  943): 4 4050154161162 0x41ce9228
I/TaskTracer(  943): 2 4050154161153 1397108029765742 3490000 370000
I/TaskTracer(  943): 2 4088808866165 1397108029766047 3490000 370000
I/TaskTracer(  943): 1 4088808866166 1397108029766291 3490000 370000 943 "Communications" 943 "main"
I/TaskTracer(  943): 1 4050154161159 1397108029766688 3490000 370000 943 "Communications" 943 "main"
I/TaskTracer(  943): 0 4050154161163 1397108029767054 3453153709127 1 4050154161159
I/TaskTracer(  943): 4 4050154161163 0x41ce9228
I/TaskTracer(  943): 2 4050154161159 1397108029768671 3490000 370000
I/TaskTracer(  943): 2 4088808866166 1397108029769038 3490000 370000
I/TaskTracer(  943): 0 4088808866167 1397108029774958 3453153705985 0 4050154160168
I/TaskTracer(  943): 4 4088808866167 0x41ce9288
I/TaskTracer(  804): 2 3560527889026 1397108029775843 970000 310000
I/TaskTracer(  804): 1 3487513445616 1397108029775965 970000 310000 804 "" 829 "Compositor"
I/TaskTracer(  804): 0 3560527889029 1397108029776331 3453153709127 1 3487513445616
I/TaskTracer(  804): 4 3560527889029 0x421e25d8
I/TaskTracer(  804): 2 3487513445616 1397108029776453 970000 310000
I/TaskTracer(  804): 1 3560527889029 1397108029776545 970000 310000 804 "" 829 "Compositor"
I/TaskTracer(  804): 0 3560527889030 1397108029776637 3453153709127 1 3560527889029
I/TaskTracer(  804): 4 3560527889030 0x421e2368
I/TaskTracer(  804): 0 3560527889031 1397108029776759 3453153709127 1 3560527889029
I/TaskTracer(  804): 4 3560527889031 0x421e2368
I/TaskTracer(  943): 1 4088808866167 1397108029779688 3490000 370000 943 "Communications" 943 "main"
I/TaskTracer(  943): 1 4050154161163 1397108029780116 3490000 370000 943 "Communications" 943 "main"
I/TaskTracer(  943): 0 4050154161164 1397108029780634 3453153709127 1 4050154161163
I/TaskTracer(  943): 4 4050154161164 0x41ce9228
I/TaskTracer(  804): 2 3560527889029 1397108029782618 970000 310000
I/TaskTracer(  943): 2 4050154161163 1397108029783564 3490000 370000
I/TaskTracer(  943): 2 4088808866167 1397108029783961 3490000 370000
I/TaskTracer(  804): 0 3453153709231 1397108029791590 3453153709231 1 3453153709231
I/TaskTracer(  804): 1 3453153709231 1397108029791682 18680000 1250000 804 "b2g" 804 "main"
I/TaskTracer(  804): 3 3453153709231 1397108029791773 "Touch at (164, 117)"
I/TaskTracer(  804): 0 3453153709232 1397108029791956 3453153709231 1 3453153709231
I/TaskTracer(  804): 4 3453153709232 0x421b6228
I/TaskTracer(  804): 3 3453153709231 1397108029792323 "[nsEventDispatcher::Dispatch] Event name: touchend"
I/TaskTracer(  943): 0 4088808866168 1397108029792841 3453153705985 0 4050154160168
I/TaskTracer(  943): 4 4088808866168 0x41ce9288
I/TaskTracer(  804): 0 3453153709233 1397108029795039 3453153709231 1 3453153709231
I/TaskTracer(  804): 4 3453153709233 0x421c81b0
I/TaskTracer(  804): 1 3453153709233 1397108029795832 300000 120000 804 "" 812 "Gecko_IOThread"
I/TaskTracer(  804): 2 3453153709233 1397108029795985 300000 120000
I/TaskTracer(  943): 0 4054449127584 1397108029796137 3453153709231 1 3453153709233
I/TaskTracer(  943): 4 4054449127584 0x41cfb150
I/TaskTracer(  943): 0 4054449127585 1397108029796259 3453153709231 1 3453153709233
I/TaskTracer(  943): 4 4054449127585 0x41cfb2f0
I/TaskTracer(  804): 3 3453153709231 1397108029797327 "Capture? 0"
I/TaskTracer(  804): 2 3453153709231 1397108029797541 18680000 1250000
I/TaskTracer(  804): 0 3453153709234 1397108029797938 3453153709234 2 3453153709234
I/TaskTracer(  804): 1 3453153709234 1397108029798304 18680000 1250000 804 "b2g" 804 "main"
I/TaskTracer(  804): 3 3453153709234 1397108029798701 "Mouse at (164, 117)"
I/TaskTracer(  804): 3 3453153709234 1397108029801203 "[nsEventDispatcher::Dispatch] Event name: mouseup"
I/TaskTracer(  943): 1 4088808866168 1397108029801783 3500000 370000 943 "Communications" 943 "main"
I/TaskTracer(  943): 1 4050154161164 1397108029802271 3500000 370000 943 "Communications" 943 "main"
I/TaskTracer(  943): 0 4050154161165 1397108029802699 3453153709127 1 4050154161164
I/TaskTracer(  943): 4 4050154161165 0x41ce9228
I/TaskTracer(  943): 3 4050154161164 1397108029803675 "[nsEventDispatcher::Dispatch] Event name: animationiteration"
I/TaskTracer(  943): 2 4050154161164 1397108029804713 3500000 370000
I/TaskTracer(  943): 2 4088808866168 1397108029805964 3500000 370000
I/TaskTracer(  943): 1 4054449127585 1397108029806452 3500000 370000 943 "Communications" 943 "main"
I/TaskTracer(  943): 1 4054449127584 1397108029807246 3500000 370000 943 "Communications" 943 "main"
I/TaskTracer(  804): 0 3543348019778 1397108029807948 3543348019614 0 3543348019614
I/TaskTracer(  804): 4 3543348019778 0x421b6288
I/TaskTracer(  943): 0 4088808866169 1397108029808497 3453153705985 0 4050154160168
I/TaskTracer(  943): 4 4088808866169 0x41ce9288
I/TaskTracer(  804): 3 3453153709234 1397108029810145 "[nsEventDispatcher::Dispatch] Event name: click"
I/TaskTracer(  943): 3 4054449127584 1397108029810664 "[nsEventDispatcher::Dispatch] Event name: touchend"
I/TaskTracer(  804): 2 3453153709234 1397108029812251 18680000 1250000
I/TaskTracer(  804): 1 3543348019778 1397108029814722 18690000 1250000 804 "b2g" 804 "main"
I/TaskTracer(  804): 1 3453153709232 1397108029815241 18690000 1250000 804 "b2g" 804 "main"
I/TaskTracer(  804): 0 3453153709235 1397108029815699 3453153709231 1 3453153709232
I/TaskTracer(  804): 4 3453153709235 0x421b6228
I/TaskTracer(  804): 2 3453153709232 1397108029816584 18690000 1250000
I/TaskTracer(  804): 2 3543348019778 1397108029816950 18690000 1250000
I/TaskTracer(  943): 0 4050154161166 1397108029817835 3453153709231 1 4054449127584
I/TaskTracer(  943): 4 4050154161166 0x41cfb1b0
I/TaskTracer(  943): 1 4050154161166 1397108029818690 20000 70000 943 "" 944 "Chrome_ChildThread"
I/TaskTracer(  943): 2 4050154161166 1397108029818812 30000 70000
I/TaskTracer(  804): 0 3487513445617 1397108029819025 3453153709231 1 4050154161166
I/TaskTracer(  804): 4 3487513445617 0x421c8150
I/TaskTracer(  804): 0 3487513445618 1397108029819147 3453153709231 1 4050154161166
I/TaskTracer(  804): 4 3487513445618 0x421c82f0
I/TaskTracer(  804): 1 3487513445618 1397108029820185 18690000 1250000 804 "b2g" 804 "main"
I/TaskTracer(  804): 1 3487513445617 1397108029820643 18690000 1250000 804 "b2g" 804 "main"
I/TaskTracer(  804): 0 3453153709236 1397108029821101 3453153709231 1 3487513445617
I/TaskTracer(  804): 4 3453153709236 0x421e28b8
I/TaskTracer(  804): 0 3453153709237 1397108029821833 3453153709231 1 3487513445617
I/TaskTracer(  804): 4 3453153709237 0x421c82f0
I/TaskTracer(  804): 0 3453153709238 1397108029822657 3453153709231 1 3487513445617
I/TaskTracer(  804): 4 3453153709238 0x421e2398
I/TaskTracer(  943): 2 4054449127584 1397108029823512 3500000 370000
I/TaskTracer(  804): 0 3453153709239 1397108029823237 3453153709231 1 3487513445617
I/TaskTracer(  804): 4 3453153709239 0x421c82f0
I/TaskTracer(  804): 2 3487513445617 1397108029824641 18690000 1250000
I/TaskTracer(  943): 2 4054449127585 1397108029825068 3500000 370000
I/TaskTracer(  804): 2 3487513445618 1397108029825434 18690000 1250000
I/TaskTracer(  943): 1 4088808866169 1397108029825861 3500000 370000 943 "Communications" 943 "main"
I/TaskTracer(  804): 1 3453153709237 1397108029826319 18690000 1250000 804 "b2g" 804 "main"
I/TaskTracer(  943): 1 4050154161165 1397108029826716 3500000 370000 943 "Communications" 943 "main"
I/TaskTracer(  943): 0 4050154161167 1397108029827448 3453153709127 1 4050154161165
I/TaskTracer(  804): 1 3453153709238 1397108029826960 18690000 1250000 804 "b2g" 804 "main"
I/TaskTracer(  804): 0 3453153709240 1397108029827906 3453153709231 1 3453153709238
I/TaskTracer(  804): 4 3453153709240 0x421c81b0
I/TaskTracer(  804): 1 3453153709240 1397108029828120 300000 120000 804 "" 812 "Gecko_IOThread"
I/TaskTracer(  804): 2 3453153709240 1397108029828211 300000 120000
I/TaskTracer(  943): 0 4054449127586 1397108029828364 3453153709231 1 3453153709240
I/TaskTracer(  943): 4 4054449127586 0x41cfb150
I/TaskTracer(  943): 0 4054449127587 1397108029828455 3453153709231 1 3453153709240
I/TaskTracer(  943): 4 4054449127587 0x41cfb2f0
I/TaskTracer(  943): 4 4050154161167 0x41ce9228
I/TaskTracer(  804): 2 3453153709238 1397108029830988 18690000 1250000
I/TaskTracer(  804): 2 3453153709237 1397108029831568 18690000 1250000
I/TaskTracer(  804): 1 3453153709239 1397108029831721 18690000 1250000 804 "b2g" 804 "main"
I/TaskTracer(  804): 2 3453153709239 1397108029831782 18690000 1250000
I/TaskTracer(  943): 2 4050154161165 1397108029836390 3500000 370000
I/TaskTracer(  943): 2 4088808866169 1397108029837000 3500000 370000
I/TaskTracer(  943): 1 4054449127587 1397108029837580 3500000 370000 943 "Communications" 943 "main"
I/TaskTracer(  943): 1 4054449127586 1397108029838068 3500000 370000 943 "Communications" 943 "main"
I/TaskTracer(  943): 0 4050154161168 1397108029838557 3453153709231 1 4054449127586
I/TaskTracer(  943): 4 4050154161168 0x41d65840
I/TaskTracer(  943): 0 4050154161169 1397108029839106 3453153709231 1 4054449127586
I/TaskTracer(  943): 4 4050154161169 0x41cfb2f0
I/TaskTracer(  943): 2 4054449127586 1397108029840083 3510000 370000
I/TaskTracer(  943): 2 4054449127587 1397108029840479 3510000 370000
I/TaskTracer(  943): 1 4050154161169 1397108029840907 3510000 370000 943 "Communications" 943 "main"
I/TaskTracer(  943): 0 4050154161170 1397108029841334 3453153709231 1 4050154161169
I/TaskTracer(  943): 4 4050154161170 0x41ce9228
I/TaskTracer(  943): 2 4050154161169 1397108029841914 3510000 370000
I/TaskTracer(  943): 0 4088808866170 1397108029842402 3453153705985 0 4050154160168
I/TaskTracer(  943): 4 4088808866170 0x41ce9288
I/TaskTracer(  943): 1 4088808866170 1397108029842951 3510000 370000 943 "Communications" 943 "main"
I/TaskTracer(  943): 1 4050154161167 1397108029843165 3510000 370000 943 "Communications" 943 "main"
I/TaskTracer(  943): 0 4050154161171 1397108029843592 3453153709127 1 4050154161167
I/TaskTracer(  943): 4 4050154161171 0x41ce9228
I/TaskTracer(  943): 2 4050154161167 1397108029844965 3510000 370000
I/TaskTracer(  943): 2 4088808866170 1397108029845332 3510000 370000
I/TaskTracer(  943): 0 4088808866171 1397108029848689 3453153705985 0 4050154160168
I/TaskTracer(  943): 4 4088808866171 0x41ce9288
I/TaskTracer(  943): 1 4088808866171 1397108029849238 3510000 370000 943 "Communications" 943 "main"
I/TaskTracer(  943): 1 4050154161170 1397108029849696 3510000 370000 943 "Communications" 943 "main"
I/TaskTracer(  943): 1 4050154161168 1397108029849909 3510000 370000 943 "Communications" 943 "main"
I/TaskTracer(  943): 0 4050154161172 1397108029850642 3453153709231 1 4050154161168
I/TaskTracer(  943): 4 4050154161172 0x41cfb1b0
I/TaskTracer(  943): 1 4050154161172 1397108029851374 30000 70000 943 "" 944 "Chrome_ChildThread"
I/TaskTracer(  943): 2 4050154161172 1397108029851466 30000 70000
I/TaskTracer(  804): 0 3487513445619 1397108029851679 3453153709231 1 4050154161172
I/TaskTracer(  804): 4 3487513445619 0x421c8150
I/TaskTracer(  804): 0 3487513445620 1397108029851801 3453153709231 1 4050154161172
I/TaskTracer(  804): 4 3487513445620 0x421c82f0
I/TaskTracer(  804): 1 3487513445620 1397108029852198 18690000 1250000 804 "b2g" 804 "main"
I/TaskTracer(  804): 1 3487513445619 1397108029852290 18690000 1250000 804 "b2g" 804 "main"
I/TaskTracer(  804): 2 3487513445619 1397108029852381 18690000 1250000
I/TaskTracer(  804): 2 3487513445620 1397108029852442 18690000 1250000
I/TaskTracer(  943): 0 4088808866172 1397108029858973 3453153705985 0 4050154160168
I/TaskTracer(  943): 4 4088808866172 0x41ce9288
I/TaskTracer(  943): 0 4050154161173 1397108029860499 3453153709231 1 4050154161168
I/TaskTracer(  943): 4 4050154161173 0x41cfb1b0
I/TaskTracer(  943): 1 4050154161173 1397108029861506 30000 70000 943 "" 944 "Chrome_ChildThread"
I/TaskTracer(  943): 2 4050154161173 1397108029861628 30000 70000
I/TaskTracer(  804): 0 3487513445621 1397108029861842 3453153709231 1 4050154161173
I/TaskTracer(  804): 4 3487513445621 0x421c8150
I/TaskTracer(  804): 0 3487513445622 1397108029861964 3453153709231 1 4050154161173
I/TaskTracer(  804): 4 3487513445622 0x421c82f0
I/TaskTracer(  804): 1 3487513445622 1397108029862269 18690000 1250000 804 "b2g" 804 "main"
I/TaskTracer(  804): 1 3487513445621 1397108029862391 18690000 1250000 804 "b2g" 804 "main"
I/TaskTracer(  804): 2 3487513445621 1397108029862513 18690000 1250000
I/TaskTracer(  804): 2 3487513445622 1397108029862605 18690000 1250000
I/TaskTracer(  943): 3 4050154161168 1397108029863856 "[nsEventDispatcher::Dispatch] Event name: mouseout"
I/TaskTracer(  943): 0 4088808866173 1397108029865351 3453153705985 0 4050154160168
I/TaskTracer(  943): 4 4088808866173 0x41ce9288
I/TaskTracer(  943): 3 4050154161168 1397108029866663 "[nsEventDispatcher::Dispatch] Event name: mouseover"
I/TaskTracer(  943): 0 4088808866174 1397108029868647 3453153705985 0 4050154160168
I/TaskTracer(  943): 4 4088808866174 0x41ce9288
I/TaskTracer(  943): 3 4050154161168 1397108029870631 "[nsEventDispatcher::Dispatch] Event name: mousemove"
I/TaskTracer(  943): 0 4050154161174 1397108029871607 3453153709231 1 4050154161168
I/TaskTracer(  943): 4 4050154161174 0x41ce9228
--------- beginning of /dev/log/system
I/TaskTracer(  943): 0 4050154161175 1397108029880701 3453153709231 1 4050154161168
I/TaskTracer(  943): 4 4050154161175 0x41ce9228
I/TaskTracer(  943): 3 4050154161168 1397108029882594 "[nsEventDispatcher::Dispatch] Event name: mousedown"
I/TaskTracer(  943): 3 4050154161168 1397108029884272 "[nsEventDispatcher::Dispatch] Event name: blur"
I/TaskTracer(  943): 3 4050154161168 1397108029886897 "[nsEventDispatcher::Dispatch] Event name: focus"
I/TaskTracer(  943): 3 4050154161168 1397108029895930 "[nsFrameMessageManager::SendAsyncMessage] type:Forms:Input"
I/TaskTracer(  943): 0 4050154161176 1397108029896265 3453153709231 1 4050154161168
I/TaskTracer(  943): 4 4050154161176 0x41cfb1b0
I/TaskTracer(  943): 1 4050154161176 1397108029897303 30000 70000 943 "" 944 "Chrome_ChildThread"
I/TaskTracer(  943): 2 4050154161176 1397108029897425 30000 70000
I/TaskTracer(  804): 0 3487513445623 1397108029897608 3453153709231 1 4050154161176
I/TaskTracer(  804): 4 3487513445623 0x421c8150
I/TaskTracer(  804): 0 3487513445624 1397108029897730 3453153709231 1 4050154161176
I/TaskTracer(  804): 4 3487513445624 0x421c82f0
I/TaskTracer(  804): 1 3487513445624 1397108029898005 18690000 1250000 804 "b2g" 804 "main"
I/TaskTracer(  804): 1 3487513445623 1397108029898096 18690000 1250000 804 "b2g" 804 "main"
I/TaskTracer(  804): 3 3487513445623 1397108029901972 "[nsEventDispatcher::Dispatch] Event name: (null)"
I/TaskTracer(  943): 3 4050154161168 1397108029908930 "[nsFrameMessageManager::SendAsyncMessage] type:Forms:SelectionChange"
I/TaskTracer(  943): 0 4050154161177 1397108029909205 3453153709231 1 4050154161168
I/TaskTracer(  943): 4 4050154161177 0x41cfb1b0
I/TaskTracer(  943): 1 4050154161177 1397108029910303 30000 70000 943 "" 944 "Chrome_ChildThread"
I/TaskTracer(  943): 2 4050154161177 1397108029910426 30000 70000
I/TaskTracer(  804): 0 3487513445625 1397108029910609 3453153709231 1 4050154161177
I/TaskTracer(  804): 4 3487513445625 0x421c8150
