I/TaskTracer(13789): 4 59223304046995 1391658182108912 "Touch at (166, 366)"
I/TaskTracer(13789): 1 59223304046996 1391658182109217 59223304046995 1 59223304046995
I/TaskTracer(13789): 5 59223304046996 0x4217e260
I/TaskTracer(13789): 1 59223304046997 1391658182109431 59223304046995 1 59223304046995
I/TaskTracer(13789): 5 59223304046997 0x421664e8
I/TaskTracer(13789): 2 59223304046997 1391658182109644 13789 13797
I/TaskTracer(13789): 3 59223304046997 1391658182109736
I/TaskTracer(13789): 3 59223304046995 1391658182109949
I/TaskTracer(13789): 3 59330678228142 1391658182113001
I/TaskTracer(13789): 2 59223304046996 1391658182113123 13789 13814
I/TaskTracer(13789): 1 59330678228145 1391658182113184 59223304046995 1 59223304046996
I/TaskTracer(13789): 5 59330678228145 0x4217e260
I/TaskTracer(13789): 3 59223304046996 1391658182113306
I/TaskTracer(13789): 2 59330678228145 1391658182116389 13789 13814
I/TaskTracer(13789): 1 59330678228146 1391658182117030 59223304046995 1 59330678228145
I/TaskTracer(13789): 5 59330678228146 0x422317f8
I/TaskTracer(13789): 1 59330678228147 1391658182118342 59223304046995 1 59330678228145
I/TaskTracer(13789): 5 59330678228147 0x42166628
I/TaskTracer(13789): 2 59330678228147 1391658182118586 13789 13789
I/TaskTracer(13789): 2 59330678228146 1391658182118647 13789 13789
I/TaskTracer(13789): 3 59330678228146 1391658182118708
I/TaskTracer(13789): 3 59330678228147 1391658182118769
I/TaskTracer(13789): 1 59223304047000 1391658182121302 59223304047000 1 59223304047000
I/TaskTracer(13789): 2 59223304047000 1391658182121394 13789 13789
I/TaskTracer(13789): 4 59223304047000 1391658182121485 "Touch at (166, 389)"
I/TaskTracer(13789): 1 59223304047001 1391658182121668 59223304047000 1 59223304047000
I/TaskTracer(13789): 5 59223304047001 0x4217e260
I/TaskTracer(13789): 1 59223304047002 1391658182121912 59223304047000 1 59223304047000
I/TaskTracer(13789): 5 59223304047002 0x421664e8
I/TaskTracer(13789): 2 59223304047002 1391658182122095 13789 13797
I/TaskTracer(13789): 3 59223304047002 1391658182122187
I/TaskTracer(13789): 3 59223304047000 1391658182122401
I/TaskTracer(13789): 1 59330678228148 1391658182122614 59223304046995 1 59330678228145
I/TaskTracer(13789): 5 59330678228148 0x4217dfd0
I/TaskTracer(13789): 1 59223304047003 1391658182134089 59223304047003 1 59223304047003
I/TaskTracer(13789): 2 59223304047003 1391658182134180 13789 13789
I/TaskTracer(13789): 4 59223304047003 1391658182134272 "Touch at (166, 413)"
I/TaskTracer(13789): 1 59223304047004 1391658182134516 59223304047003 1 59223304047003
I/TaskTracer(13789): 5 59223304047004 0x4217e260
I/TaskTracer(13789): 1 59223304047005 1391658182134730 59223304047003 1 59223304047003
I/TaskTracer(13789): 5 59223304047005 0x421664e8
I/TaskTracer(13789): 2 59223304047005 1391658182134943 13789 13797
I/TaskTracer(13789): 3 59223304047005 1391658182135065
I/TaskTracer(13789): 3 59223304047003 1391658182135279
I/TaskTracer(13789): 3 59330678228145 1391658182144190
I/TaskTracer(13789): 2 59223304047001 1391658182144526 13789 13814
I/TaskTracer(13789): 1 59330678228149 1391658182144709 59223304047000 1 59223304047001
I/TaskTracer(13789): 5 59330678228149 0x4217e260
I/TaskTracer(13789): 3 59223304047001 1391658182144831
I/TaskTracer(13789): 2 59330678228116 1391658182144862 13789 13814
I/TaskTracer(13789): 3 59330678228116 1391658182144923
I/TaskTracer(13789): 2 59223304047004 1391658182144984 13789 13814
I/TaskTracer(13789): 3 59223304047004 1391658182145045
I/TaskTracer(13789): 2 59330678228117 1391658182145075 13789 13814
I/TaskTracer(13789): 3 59330678228117 1391658182145136
I/TaskTracer(13789): 2 59330678228149 1391658182145197 13789 13814
I/TaskTracer(13789): 1 59330678228150 1391658182145564 59223304047000 1 59330678228149
I/TaskTracer(13789): 5 59330678228150 0x4217dfd0
I/TaskTracer(13789): 1 59223304047006 1391658182147089 59223304047006 1 59223304047006
I/TaskTracer(13789): 2 59223304047006 1391658182147181 13789 13789
I/TaskTracer(13789): 4 59223304047006 1391658182147272 "Touch at (166, 435)"
I/TaskTracer(13789): 1 59223304047007 1391658182147395 59223304047006 1 59223304047006
I/TaskTracer(13789): 5 59223304047007 0x4217e260
I/TaskTracer(13789): 1 59223304047008 1391658182147608 59223304047006 1 59223304047006
I/TaskTracer(13789): 5 59223304047008 0x421664e8
I/TaskTracer(13789): 2 59223304047008 1391658182147822 13789 13797
I/TaskTracer(13789): 3 59223304047008 1391658182147913
I/TaskTracer(13789): 3 59223304047006 1391658182148005
I/TaskTracer(13789): 1 59330678228151 1391658182148402 59223304047000 1 59330678228149
I/TaskTracer(13789): 5 59330678228151 0x4217dfd0
I/TaskTracer(13789): 3 59330678228149 1391658182158045
I/TaskTracer(13789): 2 59330678228121 1391658182158564 13789 13814
I/TaskTracer(13789): 3 59330678228121 1391658182158625
I/TaskTracer(13789): 2 59223304047007 1391658182158686 13789 13814
I/TaskTracer(13789): 1 59330678228152 1391658182158778 59223304047006 1 59223304047007
I/TaskTracer(13789): 5 59330678228152 0x4217e260
I/TaskTracer(13789): 1 59223304047009 1391658182159327 59223304047009 1 59223304047009
I/TaskTracer(13789): 2 59223304047009 1391658182159418 13789 13789
I/TaskTracer(13789): 4 59223304047009 1391658182159510 "Touch at (165, 464)"
I/TaskTracer(13789): 1 59223304047010 1391658182159663 59223304047009 1 59223304047009
I/TaskTracer(13789): 5 59223304047010 0x4217e260
I/TaskTracer(13789): 1 59223304047011 1391658182159907 59223304047009 1 59223304047009
I/TaskTracer(13789): 5 59223304047011 0x421664e8
I/TaskTracer(13789): 3 59223304047009 1391658182160090
I/TaskTracer(13789): 2 59223304047011 1391658182160273 13789 13797
I/TaskTracer(13789): 3 59223304047011 1391658182160365
I/TaskTracer(13789): 3 59223304047007 1391658182158869
I/TaskTracer(13789): 2 59223304047010 1391658182162775 13789 13814
I/TaskTracer(13789): 3 59223304047010 1391658182162836
I/TaskTracer(13789): 2 59330678228152 1391658182163905 13789 13814
I/TaskTracer(13789): 1 59330678228153 1391658182164942 59223304047006 1 59330678228152
I/TaskTracer(13789): 5 59330678228153 0x422317f8
I/TaskTracer(13789): 1 59330678228154 1391658182165736 59223304047006 1 59330678228152
I/TaskTracer(13789): 5 59330678228154 0x42166628
I/TaskTracer(13789): 2 59330678228154 1391658182166560 13789 13789
I/TaskTracer(13789): 2 59330678228153 1391658182166651 13789 13789
I/TaskTracer(13789): 3 59330678228153 1391658182166712
I/TaskTracer(13789): 3 59330678228154 1391658182166743
I/TaskTracer(13789): 1 59330678228155 1391658182167414 59223304047006 1 59330678228152
I/TaskTracer(13789): 5 59330678228155 0x4217dfd0
I/TaskTracer(13789): 3 59330678228152 1391658182177149
I/TaskTracer(13789): 1 59223304047012 1391658182180842 59223304047012 1 59223304047012
I/TaskTracer(13789): 2 59223304047012 1391658182180933 13789 13789
I/TaskTracer(13789): 4 59223304047012 1391658182180994 "Touch at (165, 464)"
I/TaskTracer(13789): 1 59223304047013 1391658182196009 59223304047012 1 59223304047012
I/TaskTracer(13789): 5 59223304047013 0x4217e260
I/TaskTracer(13789): 2 59223304047013 1391658182199702 13789 13814
I/TaskTracer(13789): 1 59330678228156 1391658182199824 59223304047012 1 59223304047013
I/TaskTracer(13789): 5 59330678228156 0x4217e260
I/TaskTracer(13789): 3 59223304047013 1391658182199946
I/TaskTracer(13789): 2 59330678228156 1391658182200007 13789 13814
I/TaskTracer(13789): 1 59330678228157 1391658182201319 59223304047012 1 59330678228156
I/TaskTracer(13789): 5 59330678228157 0x422317f8
I/TaskTracer(13789): 1 59330678228158 1391658182201502 59223304047012 1 59330678228156
I/TaskTracer(13789): 5 59330678228158 0x42166628
I/TaskTracer(13789): 1 59330678228159 1391658182201655 59223304047012 1 59330678228156
I/TaskTracer(13789): 5 59330678228159 0x4217dfd0
I/TaskTracer(13789): 1 59330678228160 1391658182201807 59223304047012 1 59330678228156
I/TaskTracer(13789): 5 59330678228160 0x4217dfd0
I/TaskTracer(13789): 1 59330678228161 1391658182201929 59223304047012 1 59330678228156
I/TaskTracer(13789): 5 59330678228161 0x4217e260
I/TaskTracer(13789): 1 59223304047014 1391658182204890 59223304047012 1 59223304047012
I/TaskTracer(13789): 5 59223304047014 0x421664e8
I/TaskTracer(13789): 2 59223304047014 1391658182205256 13789 13797
I/TaskTracer(13789): 3 59223304047014 1391658182205439
I/TaskTracer(13974): 1 60030757896404 1391658182205592 59223304047012 1 59223304047014
I/TaskTracer(13974): 5 60030757896404 0x41bb4488
I/TaskTracer(13974): 1 60030757896405 1391658182205714 59223304047012 1 59223304047014
I/TaskTracer(13974): 5 60030757896405 0x41bb4628
I/TaskTracer(13789): 3 59223304047012 1391658182207911
I/TaskTracer(13789): 1 59223304047015 1391658182207972 59223304047015 2 59223304047015
I/TaskTracer(13789): 3 59330678228156 1391658182209315
I/TaskTracer(13789): 2 59223304047015 1391658182208064 13789 13789
I/TaskTracer(13789): 4 59223304047015 1391658182209650 "Mouseup at (165, 464)"
I/TaskTracer(13789): 3 59223304047015 1391658182212336
I/TaskTracer(13789): 2 59330678228161 1391658182216547 13789 13814
I/TaskTracer(13789): 1 59330678228162 1391658182216730 59223304047012 1 59330678228161
I/TaskTracer(13789): 5 59330678228162 0x422317f8
I/TaskTracer(13789): 1 59330678228163 1391658182216822 59223304047012 1 59330678228161
I/TaskTracer(13789): 5 59330678228163 0x42166628
I/TaskTracer(13789): 1 59330678228164 1391658182217005 59223304047012 1 59330678228161
I/TaskTracer(13789): 5 59330678228164 0x422317f8
I/TaskTracer(13789): 1 59330678228165 1391658182217127 59223304047012 1 59330678228161
I/TaskTracer(13789): 5 59330678228165 0x42166628
I/TaskTracer(13789): 1 59330678228166 1391658182217249 59223304047012 1 59330678228161
I/TaskTracer(13789): 5 59330678228166 0x4217dfd0
I/TaskTracer(13789): 1 59330678228167 1391658182217402 59223304047012 1 59330678228161
I/TaskTracer(13789): 5 59330678228167 0x4217e260
I/TaskTracer(13789): 3 59330678228161 1391658182226466
I/TaskTracer(13789): 2 59330678228158 1391658182229090 13789 13789
I/TaskTracer(13789): 2 59330678228157 1391658182229548 13789 13789
I/TaskTracer(13789): 3 59330678228157 1391658182229609
I/TaskTracer(13789): 3 59330678228158 1391658182230585
I/TaskTracer(13789): 2 59330678228163 1391658182231440 13789 13789
I/TaskTracer(13789): 2 59330678228162 1391658182231501 13789 13789
I/TaskTracer(13789): 2 59330678228167 1391658182232691 13789 13814
I/TaskTracer(13789): 1 59330678228168 1391658182232874 59223304047012 1 59330678228167
I/TaskTracer(13789): 5 59330678228168 0x422317e0
I/TaskTracer(13789): 1 59330678228169 1391658182232996 59223304047012 1 59330678228167
I/TaskTracer(13789): 5 59330678228169 0x42166628
I/TaskTracer(13789): 1 59330678228170 1391658182233149 59223304047012 1 59330678228167
I/TaskTracer(13789): 5 59330678228170 0x422317f8
I/TaskTracer(13789): 1 59330678228171 1391658182233271 59223304047012 1 59330678228167
I/TaskTracer(13789): 5 59330678228171 0x42166628
I/TaskTracer(13789): 1 59330678228172 1391658182233393 59223304047012 1 59330678228167
I/TaskTracer(13789): 5 59330678228172 0x4217dfd0
I/TaskTracer(13789): 1 59330678228173 1391658182233515 59223304047012 1 59330678228167
I/TaskTracer(13789): 5 59330678228173 0x4217dfd0
I/TaskTracer(13789): 1 59330678228174 1391658182233668 59223304047012 1 59330678228167
I/TaskTracer(13789): 5 59330678228174 0x4217e260
I/TaskTracer(13789): 3 59330678228162 1391658182235835
I/TaskTracer(13789): 3 59330678228163 1391658182235926
I/TaskTracer(13789): 2 59330678228165 1391658182236048 13789 13789
I/TaskTracer(13789): 2 59330678228164 1391658182236109 13789 13789
I/TaskTracer(13789): 3 59330678228164 1391658182236170
I/TaskTracer(13789): 3 59330678228165 1391658182236231
I/TaskTracer(13789): 2 59330678228169 1391658182236292 13789 13789
I/TaskTracer(13789): 2 59330678228168 1391658182236353 13789 13789
I/TaskTracer(13789): 1 59223304047016 1391658182236445 59223304047012 1 59330678228168
I/TaskTracer(13789): 5 59223304047016 0x421664e8
I/TaskTracer(13789): 2 59223304047016 1391658182236597 13789 13797
I/TaskTracer(13789): 3 59223304047016 1391658182236720
I/TaskTracer(13974): 1 60030757896406 1391658182236872 59223304047012 1 59223304047016
I/TaskTracer(13974): 5 60030757896406 0x41bb4488
I/TaskTracer(13974): 1 60030757896407 1391658182236994 59223304047012 1 59223304047016
I/TaskTracer(13974): 5 60030757896407 0x41bb4628
I/TaskTracer(13789): 3 59330678228168 1391658182237177
I/TaskTracer(13789): 3 59330678228169 1391658182237238
I/TaskTracer(13789): 2 59330678228171 1391658182237330 13789 13789
I/TaskTracer(13789): 2 59330678228170 1391658182237391 13789 13789
I/TaskTracer(13789): 3 59330678228170 1391658182237421
I/TaskTracer(13789): 3 59330678228171 1391658182237482
I/TaskTracer(13789): 3 59330678228167 1391658182247401
I/TaskTracer(13789): 2 59330678228174 1391658182249049 13789 13814
I/TaskTracer(13789): 1 59330678228175 1391658182249171 59223304047012 1 59330678228174
I/TaskTracer(13789): 5 59330678228175 0x4217dfd0
I/TaskTracer(13789): 1 59330678228176 1391658182249323 59223304047012 1 59330678228174
I/TaskTracer(13789): 5 59330678228176 0x4217dfd0
I/TaskTracer(13789): 3 59330678228174 1391658182261591
I/TaskTracer(13974): 2 60030757896385 1391658182320155 13974 13974
I/TaskTracer(13974): 2 60030757896384 1391658182320429 13974 13974
I/TaskTracer(13974): 3 60030757896384 1391658182321467
I/TaskTracer(13974): 3 60030757896385 1391658182322382
I/TaskTracer(13789): 2 59330678228131 1391658182324763 13789 13814
I/TaskTracer(13789): 3 59330678228131 1391658182324854
I/TaskTracer(13974): 2 60030757896389 1391658182326655 13974 13974
I/TaskTracer(13974): 2 60030757896388 1391658182327326 13974 13974
I/TaskTracer(13974): 3 60030757896388 1391658182328425
I/TaskTracer(13974): 3 60030757896389 1391658182328913
I/TaskTracer(13974): 2 60030757896391 1391658182329615 13974 13974
I/TaskTracer(13974): 2 60030757896390 1391658182330225 13974 13974
I/TaskTracer(13974): 1 60017872994717 1391658182340235 59223304046954 1 60030757896390
I/TaskTracer(13974): 5 60017872994717 0x41bb44e8
I/TaskTracer(13974): 2 60017872994717 1391658182341486 13974 13977
I/TaskTracer(13974): 3 60017872994717 1391658182341608
I/TaskTracer(13789): 1 59257663784271 1391658182341822 59223304046954 1 60017872994717
I/TaskTracer(13789): 5 59257663784271 0x42166488
I/TaskTracer(13789): 1 59257663784272 1391658182341944 59223304046954 1 60017872994717
I/TaskTracer(13789): 5 59257663784272 0x42166628
I/TaskTracer(13789): 2 59257663784272 1391658182342219 13789 13789
I/TaskTracer(13789): 2 59257663784271 1391658182342310 13789 13789
I/TaskTracer(13789): 3 59257663784271 1391658182342402
I/TaskTracer(13789): 3 59257663784272 1391658182342463
I/TaskTracer(13789): 2 59330678228133 1391658182343378 13789 13814
I/TaskTracer(13789): 3 59330678228133 1391658182343439
I/TaskTracer(13789): 2 59330678228134 1391658182343501 13789 13814
I/TaskTracer(13789): 3 59330678228134 1391658182343562
I/TaskTracer(13974): 3 60030757896390 1391658182345728
I/TaskTracer(13974): 3 60030757896391 1391658182346308
I/TaskTracer(13974): 4 60056527700186 1391658182348872 "[nsFrameMessageManager::SendAsyncMessage] type:SystemMessageManager:GetPendingMessages"
I/TaskTracer(13789): 4 59257663784273 1391658182351221 "[nsFrameMessageManager::SendAsyncMessage] type:SystemMessageManager:GetPendingMessages:Return"
I/TaskTracer(13789): 2 59330678228136 1391658182361201 13789 13814
I/TaskTracer(13789): 3 59330678228136 1391658182361292
I/TaskTracer(13789): 2 59330678228137 1391658182361353 13789 13814
I/TaskTracer(13789): 3 59330678228137 1391658182361414
I/TaskTracer(13974): 4 60017872994714 1391658182363306 "[nsFrameMessageManager::SendAsyncMessage] type:Webapps:GetAll"
I/TaskTracer(13974): 2 60030757896399 1391658182369959 13974 13974
I/TaskTracer(13974): 2 60030757896398 1391658182370142 13974 13974
I/TaskTracer(13789): 2 59330678228141 1391658182377497 13789 13814
I/TaskTracer(13789): 3 59330678228141 1391658182377589
I/TaskTracer(13974): 1 60017872994722 1391658182377345 59223304046965 1 60030757896398
I/TaskTracer(13974): 5 60017872994722 0x41bb44e8
I/TaskTracer(13974): 2 60017872994722 1391658182379664 13974 13977
I/TaskTracer(13974): 3 60017872994722 1391658182379816
I/TaskTracer(13789): 1 59257663784279 1391658182379969 59223304046965 1 60017872994722
I/TaskTracer(13789): 5 59257663784279 0x42166488
I/TaskTracer(13789): 1 59257663784280 1391658182380091 59223304046965 1 60017872994722
I/TaskTracer(13789): 5 59257663784280 0x42166628
I/TaskTracer(13974): 3 60030757896398 1391658182381434
I/TaskTracer(13974): 3 60030757896399 1391658182382105
I/TaskTracer(13789): 4 59257663784277 1391658182394770 "[nsFrameMessageManager::SendAsyncMessage] type:Webapps:GetAll:Return:OK"
I/TaskTracer(13789): 2 59330678228143 1391658182400751 13789 13814
I/TaskTracer(13789): 3 59330678228143 1391658182400874
I/TaskTracer(13789): 2 59330678228144 1391658182401728 13789 13814
I/TaskTracer(13789): 3 59330678228144 1391658182401789
I/TaskTracer(13789): 2 59330678228148 1391658182422907 13789 13814
I/TaskTracer(13789): 3 59330678228148 1391658182423121
I/TaskTracer(13974): 2 60030757896401 1391658182435206 13974 13974
I/TaskTracer(13974): 2 60030757896400 1391658182435450 13974 13974
I/TaskTracer(13974): 3 60030757896400 1391658182441676
I/TaskTracer(13974): 3 60030757896401 1391658182442011
I/TaskTracer(13974): 2 60030757896403 1391658182442622 13974 13974
I/TaskTracer(13974): 2 60030757896402 1391658182443262 13974 13974
I/TaskTracer(13974): 1 60017872994724 1391658182445948 59223304046971 1 60030757896402
I/TaskTracer(13789): 2 59330678228150 1391658182446497 13789 13814
I/TaskTracer(13789): 3 59330678228150 1391658182446558
I/TaskTracer(13789): 2 59330678228151 1391658182448664 13789 13814
I/TaskTracer(13789): 3 59330678228151 1391658182448756
I/TaskTracer(13974): 5 60017872994724 0x41bb44e8
I/TaskTracer(13974): 2 60017872994724 1391658182464747 13974 13977
I/TaskTracer(13974): 3 60017872994724 1391658182464899
I/TaskTracer(13789): 1 59257663784282 1391658182465296 59223304046971 1 60017872994724
I/TaskTracer(13789): 5 59257663784282 0x42166488
I/TaskTracer(13789): 1 59257663784283 1391658182465418 59223304046971 1 60017872994724
I/TaskTracer(13789): 5 59257663784283 0x42166628
I/TaskTracer(13974): 3 60030757896402 1391658182467127
I/TaskTracer(13789): 2 59330678228155 1391658182467738 13789 13814
I/TaskTracer(13789): 3 59330678228155 1391658182467829
I/TaskTracer(13974): 3 60030757896403 1391658182468714
I/TaskTracer(13974): 2 60030757896405 1391658182469843 13974 13974
I/TaskTracer(13974): 2 60030757896404 1391658182470515 13974 13974
I/TaskTracer(13974): 1 60017872994728 1391658182473170 59223304047012 1 60030757896404
I/TaskTracer(13974): 5 60017872994728 0x41bb44e8
I/TaskTracer(13974): 2 60017872994728 1391658182475092 13974 13977
I/TaskTracer(13974): 3 60017872994728 1391658182475245
I/TaskTracer(13789): 1 59257663784284 1391658182475397 59223304047012 1 60017872994728
I/TaskTracer(13789): 5 59257663784284 0x42166488
I/TaskTracer(13789): 1 59257663784285 1391658182475520 59223304047012 1 60017872994728
I/TaskTracer(13789): 5 59257663784285 0x42166628
I/TaskTracer(13974): 3 60030757896404 1391658182476923
I/TaskTracer(13974): 3 60030757896405 1391658182477930
I/TaskTracer(13974): 2 60030757896407 1391658182478846 13974 13974
I/TaskTracer(13974): 2 60030757896406 1391658182479670 13974 13974
I/TaskTracer(13974): 3 60030757896406 1391658182480891
I/TaskTracer(13974): 3 60030757896407 1391658182481409
I/TaskTracer(13974): 4 60030757896412 1391658182498957 "[nsFrameMessageManager::SendAsyncMessage] type:Settings:Changed"
I/TaskTracer(13789): 2 59330678228159 1391658182504725 13789 13814
I/TaskTracer(13789): 3 59330678228159 1391658182504816
I/TaskTracer(13789): 2 59330678228160 1391658182504877 13789 13814
I/TaskTracer(13789): 3 59330678228160 1391658182504939
I/TaskTracer(13789): 2 59330678228166 1391658182517603 13789 13814
I/TaskTracer(13789): 3 59330678228166 1391658182517725
I/TaskTracer(13789): 2 59330678228172 1391658182533656 13789 13814
I/TaskTracer(13789): 3 59330678228172 1391658182533778
I/TaskTracer(13789): 2 59330678228173 1391658182533839 13789 13814
I/TaskTracer(13789): 3 59330678228173 1391658182533900
I/TaskTracer(13789): 2 59257663784280 1391658182545100 13789 13789
I/TaskTracer(13789): 2 59330678228175 1391658182549464 13789 13814
I/TaskTracer(13789): 3 59330678228175 1391658182549586
I/TaskTracer(13789): 2 59330678228176 1391658182549647 13789 13814
I/TaskTracer(13789): 3 59330678228176 1391658182549708
I/TaskTracer(13789): 2 59257663784279 1391658182551234 13789 13789
I/TaskTracer(13789): 3 59257663784279 1391658182552210
I/TaskTracer(13789): 3 59257663784280 1391658182552851
I/TaskTracer(13789): 2 59257663784283 1391658182553675 13789 13789
I/TaskTracer(13789): 2 59257663784282 1391658182554407 13789 13789
I/TaskTracer(13789): 3 59257663784282 1391658182555079
I/TaskTracer(13789): 3 59257663784283 1391658182555689
I/TaskTracer(13789): 2 59257663784285 1391658182556300 13789 13789
I/TaskTracer(13789): 2 59257663784284 1391658182556879 13789 13789
I/TaskTracer(13789): 3 59257663784284 1391658182557642
I/TaskTracer(13789): 3 59257663784285 1391658182558131
I/TaskTracer(13789): 4 59257663784290 1391658182562312 "[nsFrameMessageManager::SendAsyncMessage] type:Settings:Change:Return:OK"
I/TaskTracer(13789): 4 59257663784290 1391658182563593 "[nsFrameMessageManager::SendAsyncMessage] type:Settings:Change:Return:OK"
I/TaskTracer(13789): 4 59257663784290 1391658182570155 "[nsFrameMessageManager::SendAsyncMessage] type:Settings:Change:Return:OK"
I/TaskTracer(13789): 4 59257663784290 1391658182570734 "[nsFrameMessageManager::SendAsyncMessage] type:Settings:Change:Return:OK"
I/TaskTracer(13789): 4 59257663784290 1391658182571803 "[nsFrameMessageManager::SendAsyncMessage] type:Settings:Change:Return:OK"
I/TaskTracer(13789): 2 59223304046957 1391658182646876 13789 13789
I/TaskTracer(13789): 3 59223304046957 1391658182646998
I/TaskTracer(13974): 4 60030757896414 1391658182659846 "[nsFrameMessageManager::SendAsyncMessage] type:Webapps:RegisterForMessages"
I/TaskTracer(13974): 4 60030757896414 1391658182668970 "[nsFrameMessageManager::SendAsyncMessage] type:Webapps:RegisterForMessages"
I/TaskTracer(13974): 4 60030757896414 1391658182677851 "[nsFrameMessageManager::SendAsyncMessage] type:Webapps:RegisterForMessages"
I/TaskTracer(13974): 4 60030757896414 1391658182687464 "[nsFrameMessageManager::SendAsyncMessage] type:Webapps:RegisterForMessages"
I/TaskTracer(13974): 4 60030757896414 1391658182696345 "[nsFrameMessageManager::SendAsyncMessage] type:Webapps:RegisterForMessages"
I/TaskTracer(13974): 4 60030757896414 1391658182705592 "[nsFrameMessageManager::SendAsyncMessage] type:Webapps:RegisterForMessages"
I/TaskTracer(13974): 4 60030757896414 1391658182718439 "[nsFrameMessageManager::SendAsyncMessage] type:Webapps:RegisterForMessages"
I/TaskTracer(13974): 4 60030757896414 1391658182727320 "[nsFrameMessageManager::SendAsyncMessage] type:Webapps:RegisterForMessages"
I/TaskTracer(13974): 4 60030757896414 1391658182736597 "[nsFrameMessageManager::SendAsyncMessage] type:Webapps:RegisterForMessages"
I/TaskTracer(13974): 4 60030757896414 1391658182745356 "[nsFrameMessageManager::SendAsyncMessage] type:Webapps:RegisterForMessages"
I/TaskTracer(13974): 4 60030757896414 1391658182753992 "[nsFrameMessageManager::SendAsyncMessage] type:Webapps:RegisterForMessages"
I/TaskTracer(13974): 4 60030757896414 1391658182762751 "[nsFrameMessageManager::SendAsyncMessage] type:Webapps:RegisterForMessages"
I/TaskTracer(13974): 4 60030757896414 1391658182771540 "[nsFrameMessageManager::SendAsyncMessage] type:Webapps:RegisterForMessages"
I/TaskTracer(13974): 4 60030757896414 1391658182780390 "[nsFrameMessageManager::SendAsyncMessage] type:Webapps:RegisterForMessages"
I/TaskTracer(13974): 4 60030757896414 1391658182789301 "[nsFrameMessageManager::SendAsyncMessage] type:Webapps:RegisterForMessages"
I/TaskTracer(13974): 4 60030757896414 1391658182803584 "[nsFrameMessageManager::SendAsyncMessage] type:Webapps:RegisterForMessages"
I/TaskTracer(13974): 4 60030757896414 1391658182812495 "[nsFrameMessageManager::SendAsyncMessage] type:Webapps:RegisterForMessages"
I/TaskTracer(13974): 4 60030757896414 1391658182821314 "[nsFrameMessageManager::SendAsyncMessage] type:Webapps:RegisterForMessages"
I/TaskTracer(13974): 4 60030757896414 1391658182830683 "[nsFrameMessageManager::SendAsyncMessage] type:Webapps:RegisterForMessages"
I/TaskTracer(13974): 4 60030757896414 1391658182839533 "[nsFrameMessageManager::SendAsyncMessage] type:Webapps:RegisterForMessages"
I/TaskTracer(13974): 4 60030757896414 1391658182848353 "[nsFrameMessageManager::SendAsyncMessage] type:Webapps:RegisterForMessages"
I/TaskTracer(13974): 4 60030757896414 1391658182857203 "[nsFrameMessageManager::SendAsyncMessage] type:Webapps:RegisterForMessages"
I/TaskTracer(13974): 4 60030757896414 1391658182866175 "[nsFrameMessageManager::SendAsyncMessage] type:Webapps:RegisterForMessages"
I/TaskTracer(13974): 4 60030757896414 1391658182875147 "[nsFrameMessageManager::SendAsyncMessage] type:Webapps:RegisterForMessages"
I/TaskTracer(13789): 1 59223304047038 1391658182881464 59223304047038 1 59223304047038
I/TaskTracer(13789): 2 59223304047038 1391658182881586 13789 13789
I/TaskTracer(13789): 4 59223304047038 1391658182881678 "Touch at (137, 247)"
I/TaskTracer(13789): 1 59223304047039 1391658182893763 59223304047038 1 59223304047038
I/TaskTracer(13974): 4 60030757896414 1391658182895289 "[nsFrameMessageManager::SendAsyncMessage] type:Webapps:RegisterForMessages"
I/TaskTracer(13789): 5 59223304047039 0x4217e520
I/TaskTracer(13789): 1 59223304047040 1391658182896754 59223304047038 1 59223304047038
I/TaskTracer(13789): 5 59223304047040 0x42166628
I/TaskTracer(13789): 1 59223304047041 1391658182898402 59223304047038 1 59223304047038
I/TaskTracer(13789): 5 59223304047041 0x421664e8
I/TaskTracer(13789): 2 59223304047041 1391658182900294 13789 13797
I/TaskTracer(13789): 3 59223304047041 1391658182900385
I/TaskTracer(13974): 1 60030757896426 1391658182901240 59223304047038 1 59223304047041
I/TaskTracer(13974): 5 60030757896426 0x41bb4488
I/TaskTracer(13974): 1 60030757896427 1391658182901392 59223304047038 1 59223304047041
I/TaskTracer(13974): 5 60030757896427 0x41bb4628
I/TaskTracer(13789): 3 59223304047038 1391658182902552
I/TaskTracer(13789): 1 59223304047042 1391658182903498 59223304047042 2 59223304047042
I/TaskTracer(13789): 2 59223304047042 1391658182904078 13789 13789
I/TaskTracer(13789): 4 59223304047042 1391658182905085 "Mousedown at (137, 247)"
I/TaskTracer(13789): 3 59223304047042 1391658182908472
I/TaskTracer(13789): 2 59223304047040 1391658182915125 13789 13789
I/TaskTracer(13789): 3 59223304047040 1391658182916651
I/TaskTracer(13974): 4 60030757896414 1391658182924494 "[nsFrameMessageManager::SendAsyncMessage] type:Webapps:RegisterForMessages"
I/TaskTracer(13974): 4 60030757896414 1391658182935023 "[nsFrameMessageManager::SendAsyncMessage] type:Webapps:RegisterForMessages"
I/TaskTracer(13974): 4 60030757896414 1391658182944025 "[nsFrameMessageManager::SendAsyncMessage] type:Webapps:RegisterForMessages"
I/TaskTracer(13974): 4 60030757896414 1391658182952845 "[nsFrameMessageManager::SendAsyncMessage] type:Webapps:RegisterForMessages"
I/TaskTracer(13974): 4 60030757896414 1391658182962336 "[nsFrameMessageManager::SendAsyncMessage] type:Webapps:RegisterForMessages"
I/TaskTracer(13789): 1 59223304047043 1391658182968897 59223304047043 1 59223304047043
I/TaskTracer(13789): 2 59223304047043 1391658182969019 13789 13789
I/TaskTracer(13789): 4 59223304047043 1391658182969111 "Touch at (137, 247)"
I/TaskTracer(13789): 1 59223304047044 1391658182972926 59223304047043 1 59223304047043
I/TaskTracer(13789): 5 59223304047044 0x421664e8
I/TaskTracer(13789): 2 59223304047044 1391658182973200 13789 13797
I/TaskTracer(13789): 3 59223304047044 1391658182973322
I/TaskTracer(13974): 1 60030757896428 1391658182974848 59223304047043 1 59223304047044
I/TaskTracer(13974): 5 60030757896428 0x41bb4488
I/TaskTracer(13974): 1 60030757896429 1391658182975031 59223304047043 1 59223304047044
I/TaskTracer(13974): 5 60030757896429 0x41bb4628
I/TaskTracer(13789): 1 59223304047045 1391658182976496 59223304047043 1 59223304047043
I/TaskTracer(13789): 5 59223304047045 0x421664e8
I/TaskTracer(13789): 2 59223304047045 1391658182981104 13789 13797
I/TaskTracer(13789): 3 59223304047045 1391658182981226
I/TaskTracer(13974): 1 60030757896430 1391658182981409 59223304047043 1 59223304047045
I/TaskTracer(13974): 5 60030757896430 0x41bb4488
I/TaskTracer(13974): 1 60030757896431 1391658182981532 59223304047043 1 59223304047045
I/TaskTracer(13974): 5 60030757896431 0x41bb4628
I/TaskTracer(13789): 3 59223304047043 1391658182983057
I/TaskTracer(13789): 1 59223304047046 1391658182983607 59223304047046 2 59223304047046
I/TaskTracer(13789): 2 59223304047046 1391658182984248 13789 13789
I/TaskTracer(13789): 4 59223304047046 1391658182985133 "Mouseup at (137, 247)"
I/TaskTracer(13789): 3 59223304047046 1391658182988703
I/TaskTracer(13974): 4 60030757896414 1391658182990260 "[nsFrameMessageManager::SendAsyncMessage] type:Webapps:RegisterForMessages"
I/TaskTracer(13974): 4 60030757896414 1391658183000422 "[nsFrameMessageManager::SendAsyncMessage] type:Webapps:RegisterForMessages"
I/TaskTracer(13974): 4 60030757896414 1391658183012720 "[nsFrameMessageManager::SendAsyncMessage] type:Webapps:RegisterForMessages"
I/TaskTracer(13974): 4 60030757896414 1391658183021754 "[nsFrameMessageManager::SendAsyncMessage] type:Webapps:RegisterForMessages"
I/TaskTracer(13974): 4 60030757896414 1391658183030817 "[nsFrameMessageManager::SendAsyncMessage] type:Webapps:RegisterForMessages"
I/TaskTracer(13974): 4 60030757896414 1391658183039698 "[nsFrameMessageManager::SendAsyncMessage] type:Webapps:RegisterForMessages"
I/TaskTracer(13974): 4 60030757896414 1391658183048975 "[nsFrameMessageManager::SendAsyncMessage] type:Webapps:RegisterForMessages"
I/TaskTracer(13974): 4 60030757896414 1391658183058009 "[nsFrameMessageManager::SendAsyncMessage] type:Webapps:RegisterForMessages"
I/TaskTracer(13974): 4 60030757896414 1391658183066920 "[nsFrameMessageManager::SendAsyncMessage] type:Webapps:RegisterForMessages"
I/TaskTracer(13974): 4 60030757896414 1391658183076014 "[nsFrameMessageManager::SendAsyncMessage] type:Webapps:RegisterForMessages"
I/TaskTracer(13974): 4 60030757896414 1391658183085108 "[nsFrameMessageManager::SendAsyncMessage] type:Webapps:RegisterForMessages"
I/TaskTracer(13974): 4 60030757896414 1391658183127131 "[nsFrameMessageManager::SendAsyncMessage] type:Webapps:RegisterForMessages"
I/TaskTracer(13974): 4 60030757896414 1391658183136683 "[nsFrameMessageManager::SendAsyncMessage] type:Webapps:RegisterForMessages"
I/TaskTracer(13974): 4 60030757896414 1391658183145838 "[nsFrameMessageManager::SendAsyncMessage] type:Webapps:RegisterForMessages"
I/TaskTracer(13974): 4 60030757896414 1391658183154871 "[nsFrameMessageManager::SendAsyncMessage] type:Webapps:RegisterForMessages"
I/TaskTracer(13974): 4 60030757896414 1391658183163782 "[nsFrameMessageManager::SendAsyncMessage] type:Webapps:RegisterForMessages"
I/TaskTracer(13974): 4 60030757896414 1391658183172694 "[nsFrameMessageManager::SendAsyncMessage] type:Webapps:RegisterForMessages"
I/TaskTracer(13974): 2 60030757896427 1391658183513361 13974 13974
I/TaskTracer(13974): 2 60030757896426 1391658183513697 13974 13974
I/TaskTracer(13974): 1 60017872994802 1391658183525355 59223304047038 1 60030757896426
I/TaskTracer(13974): 5 60017872994802 0x41bb44e8
I/TaskTracer(13974): 2 60017872994802 1391658183528345 13974 13977
I/TaskTracer(13974): 3 60017872994802 1391658183528498
I/TaskTracer(13789): 1 59257663784408 1391658183528712 59223304047038 1 60017872994802
I/TaskTracer(13789): 5 59257663784408 0x42166488
I/TaskTracer(13789): 1 59257663784409 1391658183528864 59223304047038 1 60017872994802
I/TaskTracer(13789): 5 59257663784409 0x42166628
I/TaskTracer(13789): 2 59257663784409 1391658183529139 13789 13789
I/TaskTracer(13789): 2 59257663784408 1391658183529230 13789 13789
I/TaskTracer(13789): 3 59257663784408 1391658183529353
I/TaskTracer(13789): 3 59257663784409 1391658183529383
I/TaskTracer(13974): 3 60030757896426 1391658183531306
I/TaskTracer(13974): 3 60030757896427 1391658183532008
I/TaskTracer(13974): 2 60030757896429 1391658183533656 13974 13974
I/TaskTracer(13974): 2 60030757896428 1391658183534663 13974 13974
I/TaskTracer(13974): 1 60017872994803 1391658183538721 59223304047043 1 60030757896428
I/TaskTracer(13974): 5 60017872994803 0x41bb44e8
I/TaskTracer(13974): 2 60017872994803 1391658183540278 13974 13977
I/TaskTracer(13974): 3 60017872994803 1391658183540400
I/TaskTracer(13789): 1 59257663784410 1391658183540553 59223304047043 1 60017872994803
I/TaskTracer(13789): 5 59257663784410 0x42166488
I/TaskTracer(13789): 1 59257663784411 1391658183540675 59223304047043 1 60017872994803
I/TaskTracer(13789): 5 59257663784411 0x42166628
I/TaskTracer(13789): 2 59257663784411 1391658183540949 13789 13789
I/TaskTracer(13789): 2 59257663784410 1391658183541041 13789 13789
I/TaskTracer(13789): 3 59257663784410 1391658183541132
I/TaskTracer(13789): 3 59257663784411 1391658183541193
I/TaskTracer(13974): 1 60017872994804 1391658183546351 59223304047043 1 60030757896428
I/TaskTracer(13974): 5 60017872994804 0x41bb44e8
I/TaskTracer(13974): 2 60017872994804 1391658183547968 13974 13977
I/TaskTracer(13974): 3 60017872994804 1391658183548090
I/TaskTracer(13789): 1 59257663784412 1391658183548243 59223304047043 1 60017872994804
I/TaskTracer(13789): 5 59257663784412 0x42166488
I/TaskTracer(13789): 1 59257663784413 1391658183548365 59223304047043 1 60017872994804
I/TaskTracer(13789): 5 59257663784413 0x42166628
I/TaskTracer(13789): 2 59257663784413 1391658183548670 13789 13789
I/TaskTracer(13789): 2 59257663784412 1391658183548762 13789 13789
I/TaskTracer(13789): 3 59257663784412 1391658183549067
I/TaskTracer(13789): 3 59257663784413 1391658183549128
I/TaskTracer(13974): 1 60017872994805 1391658183557398 59223304047043 1 60030757896428
I/TaskTracer(13974): 5 60017872994805 0x41bb44e8
I/TaskTracer(13974): 2 60017872994805 1391658183560236 13974 13977
I/TaskTracer(13974): 3 60017872994805 1391658183560358
I/TaskTracer(13789): 1 59257663784414 1391658183560511 59223304047043 1 60017872994805
I/TaskTracer(13789): 5 59257663784414 0x42166488
I/TaskTracer(13789): 1 59257663784415 1391658183560633 59223304047043 1 60017872994805
I/TaskTracer(13789): 5 59257663784415 0x42166628
I/TaskTracer(13789): 2 59257663784415 1391658183560938 13789 13789
I/TaskTracer(13789): 2 59257663784414 1391658183561030 13789 13789
I/TaskTracer(13789): 3 59257663784414 1391658183561182
I/TaskTracer(13789): 3 59257663784415 1391658183561243
I/TaskTracer(13974): 1 60017872994806 1391658183572047 59223304047043 1 60030757896428
I/TaskTracer(13974): 5 60017872994806 0x41ba22e8
I/TaskTracer(13789): 2 59223304047039 1391658183646723 13789 13789
I/TaskTracer(13789): 3 59223304047039 1391658183646845
I/TaskTracer(13974): 1 60017872994807 1391658183657893 59223304047043 1 60030757896428
I/TaskTracer(13974): 5 60017872994807 0x41ba22e8
I/TaskTracer(13974): 1 60017872994808 1391658183661860 59223304047043 1 60030757896428
I/TaskTracer(13974): 5 60017872994808 0x41ba22e8
I/TaskTracer(13974): 1 60017872994809 1391658183681116 59223304047043 1 60030757896428
I/TaskTracer(13974): 5 60017872994809 0x41ba22e8
I/TaskTracer(13974): 3 60030757896428 1391658183703150
I/TaskTracer(13974): 3 60030757896429 1391658183703394
I/TaskTracer(13974): 2 60030757896431 1391658183704157 13974 13974
I/TaskTracer(13974): 2 60030757896430 1391658183705042 13974 13974
I/TaskTracer(13974): 1 60017872994810 1391658183709132 59223304047043 1 60030757896430
I/TaskTracer(13974): 5 60017872994810 0x41bb44e8
I/TaskTracer(13974): 2 60017872994810 1391658183710688 13974 13977
I/TaskTracer(13974): 3 60017872994810 1391658183710810
I/TaskTracer(13789): 1 59257663784416 1391658183710963 59223304047043 1 60017872994810
I/TaskTracer(13789): 5 59257663784416 0x42166488
I/TaskTracer(13789): 1 59257663784417 1391658183711085 59223304047043 1 60017872994810
I/TaskTracer(13789): 5 59257663784417 0x42166628
I/TaskTracer(13789): 2 59257663784417 1391658183711359 13789 13789
I/TaskTracer(13789): 2 59257663784416 1391658183711420 13789 13789
I/TaskTracer(13789): 3 59257663784416 1391658183711543
I/TaskTracer(13789): 3 59257663784417 1391658183711573
I/TaskTracer(13974): 3 60030757896430 1391658183714014
I/TaskTracer(13974): 3 60030757896431 1391658183714960
I/TaskTracer(13974): 2 60017872994806 1391658184536066 13974 13974
I/TaskTracer(13974): 3 60017872994806 1391658184542872
I/TaskTracer(13974): 2 60017872994807 1391658184543330 13974 13974
I/TaskTracer(13974): 3 60017872994807 1391658184548212
I/TaskTracer(13974): 2 60017872994808 1391658184549342 13974 13974
I/TaskTracer(13974): 3 60017872994808 1391658184552973
I/TaskTracer(13974): 2 60017872994809 1391658184553767 13974 13974
I/TaskTracer(13974): 3 60017872994809 1391658184569025
I/TaskTracer(13974): 4 60030757896446 1391658184770594 "[nsFrameMessageManager::SendAsyncMessage] type:Settings:Changed"
I/TaskTracer(13789): 4 59257663784445 1391658184772456 "[nsFrameMessageManager::SendAsyncMessage] type:Settings:Change:Return:OK"
I/TaskTracer(13789): 4 59257663784445 1391658184773798 "[nsFrameMessageManager::SendAsyncMessage] type:Settings:Change:Return:OK"
I/TaskTracer(13789): 4 59257663784445 1391658184775568 "[nsFrameMessageManager::SendAsyncMessage] type:Settings:Change:Return:OK"
I/TaskTracer(13789): 4 59257663784445 1391658184778620 "[nsFrameMessageManager::SendAsyncMessage] type:Settings:Change:Return:OK"
I/TaskTracer(13789): 4 59257663784445 1391658184781824 "[nsFrameMessageManager::SendAsyncMessage] type:Settings:Change:Return:OK"
I/TaskTracer(13974): 4 60030757896460 1391658184913416 "[nsFrameMessageManager::SendAsyncMessage] type:WifiManager:getNetworks"
I/TaskTracer(13997): 1 60129542144001 1391658185426905 59223304046655 1 59223304046879
I/TaskTracer(13997): 5 60129542144001 0x41bb4470
I/TaskTracer(13997): 1 60129542144002 1391658185427912 59223304046655 1 59223304046881
I/TaskTracer(13997): 5 60129542144002 0x41bb4488
I/TaskTracer(13997): 1 60129542144003 1391658185429926 59223304046655 1 59223304046882
I/TaskTracer(13997): 5 60129542144003 0x41bb4488
I/TaskTracer(13997): 1 60129542144004 1391658185431116 59223304046655 1 59223304046884
I/TaskTracer(13997): 5 60129542144004 0x41bb4488
I/TaskTracer(13997): 1 60129542144005 1391658185432459 59223304046655 1 59223304046886
I/TaskTracer(13997): 5 60129542144005 0x41bb4488
I/TaskTracer(13997): 1 60129542144006 1391658185434260 59223304046655 1 59223304046887
I/TaskTracer(13997): 5 60129542144006 0x41bb4488
I/TaskTracer(13997): 1 60129542144007 1391658185438502 59223304046655 1 59223304046888
I/TaskTracer(13997): 5 60129542144007 0x41bb4488
I/TaskTracer(13997): 1 60129542144008 1391658185439906 59223304046655 1 59223304046889
I/TaskTracer(13997): 5 60129542144008 0x41bb4488
I/TaskTracer(13997): 1 60129542144009 1391658185442042 59223304046655 1 59223304046890
I/TaskTracer(13997): 5 60129542144009 0x41bb4488
I/TaskTracer(13997): 1 60129542144010 1391658185443598 59223304046655 1 59223304046891
I/TaskTracer(13997): 5 60129542144010 0x41bb4488
I/TaskTracer(13997): 4 0 1391658185934718 "[nsFrameMessageManager::SendAsyncMessage] type:Activities:GetContentTypes"
I/TaskTracer(13789): 4 59356448030889 1391658185961756 "[nsFrameMessageManager::SendAsyncMessage] type:Activities:RegisterContentTypes"
I/TaskTracer(13997): 2 60129542144001 1391658186047480 13997 13997
I/TaskTracer(13997): 3 60129542144001 1391658186048090
I/TaskTracer(13997): 2 60129542144002 1391658186048884 13997 13997
I/TaskTracer(13997): 3 60129542144002 1391658186050715
I/TaskTracer(13997): 2 60129542144003 1391658186051264 13997 13997
I/TaskTracer(13997): 1 60116657242130 1391658186051905 59223304046655 1 60129542144003
I/TaskTracer(13997): 5 60116657242130 0x41ba0558
I/TaskTracer(13997): 3 60129542144003 1391658186053187
I/TaskTracer(13997): 2 60129542144004 1391658186053767 13997 13997
I/TaskTracer(13997): 1 60116657242131 1391658186054652 59223304046655 1 60129542144004
I/TaskTracer(13997): 5 60116657242131 0x41bb44d0
I/TaskTracer(13997): 2 60116657242131 1391658186055994 13997 14000
I/TaskTracer(13789): 1 59257663784522 1391658186056666 59223304046655 1 60116657242131
I/TaskTracer(13789): 5 59257663784522 0x42166470
I/TaskTracer(13997): 3 60129542144004 1391658186056879
I/TaskTracer(13997): 2 60129542144005 1391658186056940 13997 13997
I/TaskTracer(13789): 2 59257663784522 1391658186058009 13789 13814
I/TaskTracer(13789): 3 59257663784522 1391658186058070
I/TaskTracer(13997): 3 60116657242131 1391658186061335
I/TaskTracer(13997): 1 60129542144015 1391658186062464 59223304046655 1 59330678227722
I/TaskTracer(13997): 5 60129542144015 0x41bb4470
I/TaskTracer(13997): 1 60129542144016 1391658186064600 59223304046655 1 59330678227722
I/TaskTracer(13997): 1 60116657242132 1391658186064234 59223304046655 1 60129542144005
I/TaskTracer(13997): 5 60129542144016 0x41bb4628
I/TaskTracer(13997): 5 60116657242132 0x41bcc668
I/TaskTracer(13997): 3 60129542144005 1391658186068629
I/TaskTracer(13997): 2 60116657242132 1391658186068903 13997 14005
I/TaskTracer(13997): 2 60129542144006 1391658186069849 13997 13997
I/TaskTracer(13997): 1 60151016980481 1391658186069605 59223304046655 1 60116657242132
I/TaskTracer(13997): 5 60151016980481 0x41bb44d0
I/TaskTracer(13997): 2 60151016980481 1391658186072016 13997 14000
I/TaskTracer(13789): 1 59257663784523 1391658186073023 59223304046655 1 60151016980481
I/TaskTracer(13789): 5 59257663784523 0x42166470
I/TaskTracer(13997): 3 60116657242132 1391658186073237
I/TaskTracer(13789): 2 59257663784523 1391658186073847 13789 13814
I/TaskTracer(13789): 3 59257663784523 1391658186073908
I/TaskTracer(13997): 3 60151016980481 1391658186077174
I/TaskTracer(13997): 1 60129542144017 1391658186078333 59223304046655 1 59330678227723
I/TaskTracer(13997): 5 60129542144017 0x41bb4470
I/TaskTracer(13997): 2 60129542144017 1391658186080347 13997 14005
I/TaskTracer(13997): 3 60129542144017 1391658186080958
I/TaskTracer(13997): 3 60129542144006 1391658186088892
I/TaskTracer(13997): 2 60129542144007 1391658186089075 13997 13997
I/TaskTracer(13997): 1 60116657242133 1391658186154017 59223304046655 1 60129542144007
I/TaskTracer(13997): 5 60116657242133 0x41bb44e8
I/TaskTracer(13997): 2 60116657242133 1391658186155299 13997 14000
I/TaskTracer(13789): 1 59257663784524 1391658186156397 59223304046655 1 60116657242133
I/TaskTracer(13789): 5 59257663784524 0x42166488
I/TaskTracer(13789): 1 59257663784525 1391658186156580 59223304046655 1 60116657242133
I/TaskTracer(13789): 5 59257663784525 0x42166628
I/TaskTracer(13789): 2 59257663784525 1391658186157618 13789 13789
I/TaskTracer(13789): 2 59257663784524 1391658186157710 13789 13789
I/TaskTracer(13789): 1 59223304047089 1391658186157832 59223304046655 1 59257663784524
I/TaskTracer(13789): 5 59223304047089 0x421664e8
I/TaskTracer(13789): 3 59257663784524 1391658186157954
I/TaskTracer(13789): 3 59257663784525 1391658186158015
I/TaskTracer(13789): 2 59223304047089 1391658186162196 13789 13797
I/TaskTracer(13789): 3 59223304047089 1391658186162348
I/TaskTracer(13997): 3 60116657242133 1391658186163203
I/TaskTracer(13997): 1 60116657242134 1391658186164759 59223304046655 1 60129542144007
I/TaskTracer(13997): 5 60116657242134 0x41bb44e8
I/TaskTracer(13997): 2 60116657242134 1391658186166132 13997 14000
I/TaskTracer(13789): 1 59257663784526 1391658186167017 59223304046655 1 60116657242134
I/TaskTracer(13789): 5 59257663784526 0x42166488
I/TaskTracer(13789): 1 59257663784527 1391658186167170 59223304046655 1 60116657242134
I/TaskTracer(13789): 5 59257663784527 0x42166628
I/TaskTracer(13789): 2 59257663784527 1391658186168604 13789 13789
I/TaskTracer(13789): 2 59257663784526 1391658186168726 13789 13789
I/TaskTracer(13789): 1 59223304047090 1391658186169398 59223304046655 1 59257663784526
I/TaskTracer(13789): 5 59223304047090 0x421664e8
I/TaskTracer(13789): 3 59257663784526 1391658186169581
I/TaskTracer(13789): 3 59257663784527 1391658186169611
I/TaskTracer(13789): 2 59223304047090 1391658186171778 13789 13797
I/TaskTracer(13789): 3 59223304047090 1391658186172053
I/TaskTracer(13997): 3 60116657242134 1391658186173151
I/TaskTracer(13997): 1 60116657242135 1391658186179041 59223304046655 1 60129542144007
I/TaskTracer(13997): 5 60116657242135 0x41ba2cd8
I/TaskTracer(13997): 1 60116657242136 1391658186179957 59223304046655 1 60129542144007
I/TaskTracer(13997): 2 60116657242135 1391658186180201 13997 14006
I/TaskTracer(13997): 5 60116657242136 0x41d801e0
I/TaskTracer(13789): 1 59292023521391 1391658186253931 59292023521391 8 59292023521391
I/TaskTracer(13789): 2 59292023521391 1391658186254633 13789 13805
I/TaskTracer(13789): 4 59292023521391 1391658186254725 "wlan0 CTRL-EVENT-BSS-ADDED 40 3c:94:d5:7b:40:82"
I/TaskTracer(13789): 1 59292023521392 1391658186258082 59292023521391 8 59292023521391
I/TaskTracer(13789): 5 59292023521392 0x4218ef48
I/TaskTracer(13789): 3 59292023521391 1391658186258265
I/TaskTracer(13789): 3 59223304045850 1391658186258326
I/TaskTracer(13789): 2 59292023521392 1391658186258479 13789 13789
I/TaskTracer(13789): 1 59223304047091 1391658186258814 59292023521391 8 59292023521392
I/TaskTracer(13789): 5 59223304047091 0x4218ef28
I/TaskTracer(13789): 3 59292023521392 1391658186258967
I/TaskTracer(13789): 2 59223304047091 1391658186261103 13789 13805
I/TaskTracer(13789): 1 59292023521393 1391658186261256 59292023521393 8 59292023521393
I/TaskTracer(13789): 2 59292023521393 1391658186261347 13789 13805
I/TaskTracer(13789): 4 59292023521393 1391658186261439 "wlan0 CTRL-EVENT-BSS-ADDED 41 08:81:f4:58:ca:82"
I/TaskTracer(13789): 1 59292023521394 1391658186261500 59292023521393 8 59292023521393
I/TaskTracer(13789): 5 59292023521394 0x4218ef48
I/TaskTracer(13789): 3 59292023521393 1391658186261652
I/TaskTracer(13789): 3 59223304047091 1391658186261683
I/TaskTracer(13789): 2 59292023521394 1391658186261927 13789 13789
I/TaskTracer(13789): 1 59223304047092 1391658186262232 59292023521393 8 59292023521394
I/TaskTracer(13789): 5 59223304047092 0x4218ef28
I/TaskTracer(13789): 3 59292023521394 1391658186262385
I/TaskTracer(13789): 2 59223304047092 1391658186264521 13789 13805
I/TaskTracer(13789): 1 59292023521395 1391658186264674 59292023521395 8 59292023521395
I/TaskTracer(13789): 2 59292023521395 1391658186264735 13789 13805
I/TaskTracer(13789): 4 59292023521395 1391658186264887 "wlan0 CTRL-EVENT-BSS-ADDED 42 3c:94:d5:7b:40:80"
I/TaskTracer(13789): 1 59292023521396 1391658186264948 59292023521395 8 59292023521395
I/TaskTracer(13789): 5 59292023521396 0x4218ef48
I/TaskTracer(13789): 3 59292023521395 1391658186265101
I/TaskTracer(13789): 3 59223304047092 1391658186265131
I/TaskTracer(13789): 2 59292023521396 1391658186265345 13789 13789
I/TaskTracer(13789): 1 59223304047093 1391658186265589 59292023521395 8 59292023521396
I/TaskTracer(13789): 5 59223304047093 0x4218ef28
I/TaskTracer(13789): 3 59292023521396 1391658186265742
I/TaskTracer(13789): 2 59223304047093 1391658186270625 13789 13805
I/TaskTracer(13789): 1 59292023521397 1391658186270777 59292023521397 8 59292023521397
I/TaskTracer(13789): 2 59292023521397 1391658186270869 13789 13805
I/TaskTracer(13789): 4 59292023521397 1391658186270991 "wlan0 CTRL-EVENT-BSS-ADDED 43 3c:94:d5:7b:40:86"
I/TaskTracer(13789): 1 59292023521398 1391658186271052 59292023521397 8 59292023521397
I/TaskTracer(13789): 5 59292023521398 0x4218ef48
I/TaskTracer(13789): 3 59292023521397 1391658186271204
I/TaskTracer(13789): 3 59223304047093 1391658186271265
I/TaskTracer(13789): 2 59292023521398 1391658186271449 13789 13789
I/TaskTracer(13789): 1 59223304047094 1391658186271723 59292023521397 8 59292023521398
I/TaskTracer(13789): 5 59223304047094 0x4218ef28
I/TaskTracer(13789): 3 59292023521398 1391658186271876
I/TaskTracer(13789): 2 59223304047094 1391658186277338 13789 13805
I/TaskTracer(13789): 1 59292023521399 1391658186277888 59292023521399 8 59292023521399
I/TaskTracer(13789): 2 59292023521399 1391658186277979 13789 13805
I/TaskTracer(13789): 4 59292023521399 1391658186278040 "wlan0 CTRL-EVENT-BSS-ADDED 44 3c:94:d5:7b:40:84"
I/TaskTracer(13789): 1 59292023521400 1391658186288355 59292023521399 8 59292023521399
I/TaskTracer(13789): 5 59292023521400 0x4218ef48
I/TaskTracer(13789): 3 59292023521399 1391658186288538
I/TaskTracer(13789): 3 59223304047094 1391658186288569
I/TaskTracer(13789): 2 59292023521400 1391658186289881 13789 13789
I/TaskTracer(13789): 1 59223304047095 1391658186292262 59292023521399 8 59292023521400
I/TaskTracer(13789): 5 59223304047095 0x4218ef28
I/TaskTracer(13789): 3 59292023521400 1391658186292445
I/TaskTracer(13789): 2 59223304047095 1391658186292567 13789 13805
I/TaskTracer(13789): 1 59292023521401 1391658186292689 59292023521401 8 59292023521401
I/TaskTracer(13789): 2 59292023521401 1391658186292750 13789 13805
I/TaskTracer(13789): 4 59292023521401 1391658186292811 "wlan0 CTRL-EVENT-BSS-ADDED 45 3c:94:d5:7b:40:88"
I/TaskTracer(13789): 1 59292023521402 1391658186292902 59292023521401 8 59292023521401
I/TaskTracer(13789): 5 59292023521402 0x4218ef48
I/TaskTracer(13789): 3 59292023521401 1391658186293024
I/TaskTracer(13789): 3 59223304047095 1391658186293055
I/TaskTracer(13789): 2 59292023521402 1391658186296595 13789 13789
I/TaskTracer(13789): 1 59223304047096 1391658186297205 59292023521401 8 59292023521402
I/TaskTracer(13789): 5 59223304047096 0x4218ef28
I/TaskTracer(13789): 3 59292023521402 1391658186297358
I/TaskTracer(13789): 2 59223304047096 1391658186297480 13789 13805
I/TaskTracer(13789): 1 59292023521403 1391658186297572 59292023521403 8 59292023521403
I/TaskTracer(13789): 2 59292023521403 1391658186297663 13789 13805
I/TaskTracer(13789): 4 59292023521403 1391658186297724 "wlan0 CTRL-EVENT-BSS-ADDED 46 02:1a:11:f4:a4:62"
I/TaskTracer(13789): 1 59292023521404 1391658186297785 59292023521403 8 59292023521403
