I/TaskTracer( 2262): 1 10488310136834 1392783810531550 2262 "b2g" 2262 "main"
I/TaskTracer( 2412): 4 10359461118098 0x41bb5f40
I/TaskTracer( 2412): 1 10359461118098 1392783810537775 2412 "(Preallocated app)" 2413 "Chrome_ChildThread"
I/TaskTracer( 2412): 2 10359461118098 1392783810537897
I/TaskTracer( 2262): 0 9745280795665 1392783810538020 9715216025956 1 10359461118098
I/TaskTracer( 2262): 4 9745280795665 0x420a5ee0
I/TaskTracer( 2262): 0 9745280795666 1392783810538142 9715216025956 1 10359461118098
I/TaskTracer( 2262): 4 9745280795666 0x420a6080
I/TaskTracer( 2262): 3 10488310136834 1392783810539332 "[nsEventDispatcher::Dispatch] Event name: complete"
I/TaskTracer( 2412): 0 10359461118099 1392783810540339 9715216025956 1 10363756085369
I/TaskTracer( 2262): 2 10488310136834 1392783810540827
I/TaskTracer( 2262): 1 9801115370890 1392783810541346 2262 "b2g" 2262 "main"
I/TaskTracer( 2412): 4 10359461118099 0x41bb5f40
I/TaskTracer( 2262): 2 9801115370890 1392783810541926
I/TaskTracer( 2262): 1 9745280795662 1392783810542841 2262 "b2g" 2262 "main"
I/TaskTracer( 2412): 1 10359461118099 1392783810543299 2412 "(Preallocated app)" 2413 "Chrome_ChildThread"
I/TaskTracer( 2412): 2 10359461118099 1392783810543421
I/TaskTracer( 2262): 0 9745280795667 1392783810543574 9715216025956 1 10359461118099
I/TaskTracer( 2262): 4 9745280795667 0x420a5ee0
I/TaskTracer( 2262): 0 9745280795668 1392783810543696 9715216025956 1 10359461118099
I/TaskTracer( 2262): 4 9745280795668 0x420a6080
I/TaskTracer( 2262): 1 9745280795661 1392783810544947 2262 "b2g" 2262 "main"
I/TaskTracer( 2412): 0 10359461118100 1392783810544764 9715216025956 1 10363756085369
I/TaskTracer( 2412): 4 10359461118100 0x41bb5f40
I/TaskTracer( 2412): 1 10359461118100 1392783810547297 2412 "(Preallocated app)" 2413 "Chrome_ChildThread"
I/TaskTracer( 2412): 2 10359461118100 1392783810547449
I/TaskTracer( 2262): 0 9745280795669 1392783810548609 9715216025956 1 10359461118100
I/TaskTracer( 2262): 4 9745280795669 0x420a5ee0
I/TaskTracer( 2262): 0 9745280795670 1392783810548762 9715216025956 1 10359461118100
I/TaskTracer( 2262): 4 9745280795670 0x420a6080
I/TaskTracer( 2412): 0 10359461118101 1392783810550349 9715216025956 1 10363756085369
I/TaskTracer( 2412): 4 10359461118101 0x41bb5f40
I/TaskTracer( 2412): 1 10359461118101 1392783810551875 2412 "(Preallocated app)" 2413 "Chrome_ChildThread"
I/TaskTracer( 2412): 2 10359461118101 1392783810552027
I/TaskTracer( 2262): 0 9745280795671 1392783810552149 9715216025956 1 10359461118101
I/TaskTracer( 2262): 4 9745280795671 0x420a5ee0
I/TaskTracer( 2262): 0 9745280795672 1392783810552485 9715216025956 1 10359461118101
I/TaskTracer( 2262): 4 9745280795672 0x420a6080
I/TaskTracer( 2262): 2 9745280795661 1392783810554499
I/TaskTracer( 2262): 2 9745280795662 1392783810555323
I/TaskTracer( 2412): 2 10363756085369 1392783810556422
I/TaskTracer( 2262): 1 9745280795664 1392783810556940 2262 "b2g" 2262 "main"
I/TaskTracer( 2262): 1 9745280795663 1392783810557917 2262 "b2g" 2262 "main"
I/TaskTracer( 2412): 2 10363756085370 1392783810558985
I/TaskTracer( 2262): 2 9745280795663 1392783810558436
I/TaskTracer( 2262): 2 9745280795664 1392783810559657
I/TaskTracer( 2262): 1 9745280795666 1392783810560114 2262 "b2g" 2262 "main"
I/TaskTracer( 2412): 1 10359461118083 1392783810560603 2412 "Settings" 2412 "main"
I/TaskTracer( 2262): 1 9745280795665 1392783810561304 2262 "b2g" 2262 "main"
I/TaskTracer( 2412): 2 10359461118083 1392783810567286
I/TaskTracer( 2262): 2 9745280795665 1392783810568079
I/TaskTracer( 2412): 1 10359461118084 1392783810568568 2412 "Settings" 2412 "main"
I/TaskTracer( 2262): 2 9745280795666 1392783810568995
I/TaskTracer( 2262): 1 9745280795668 1392783810569453 2262 "b2g" 2262 "main"
I/TaskTracer( 2262): 1 9745280795667 1392783810570490 2262 "b2g" 2262 "main"
I/TaskTracer( 2412): 0 10359461118102 1392783810569941 9715216025956 1 10359461118084
I/TaskTracer( 2412): 4 10359461118102 0x41bb5f40
I/TaskTracer( 2412): 1 10359461118102 1392783810572382 2412 "(Preallocated app)" 2413 "Chrome_ChildThread"
I/TaskTracer( 2412): 2 10359461118102 1392783810572504
I/TaskTracer( 2262): 0 9745280795673 1392783810572657 9715216025956 1 10359461118102
I/TaskTracer( 2262): 4 9745280795673 0x420a5ee0
I/TaskTracer( 2262): 0 9745280795674 1392783810572779 9715216025956 1 10359461118102
I/TaskTracer( 2262): 4 9745280795674 0x420a6080
I/TaskTracer( 2412): 2 10359461118084 1392783810574335
I/TaskTracer( 2412): 1 10359461118085 1392783810575159 2412 "Settings" 2412 "main"
I/TaskTracer( 2412): 0 10359461118103 1392783810575282 9715216025956 1 10359461118085
I/TaskTracer( 2412): 4 10359461118103 0x41bb5f40
I/TaskTracer( 2412): 1 10359461118103 1392783810575465 2412 "(Preallocated app)" 2413 "Chrome_ChildThread"
I/TaskTracer( 2412): 2 10359461118103 1392783810575556
I/TaskTracer( 2262): 0 9745280795675 1392783810575709 9715216025956 1 10359461118103
I/TaskTracer( 2262): 4 9745280795675 0x420a5ee0
I/TaskTracer( 2262): 0 9745280795676 1392783810575800 9715216025956 1 10359461118103
I/TaskTracer( 2262): 4 9745280795676 0x420a6080
I/TaskTracer( 2412): 2 10359461118085 1392783810576014
I/TaskTracer( 2412): 1 10359461118086 1392783810576105 2412 "Settings" 2412 "main"
I/TaskTracer( 2412): 2 10359461118086 1392783810576167
I/TaskTracer( 2412): 1 10359461118087 1392783810576228 2412 "Settings" 2412 "main"
I/TaskTracer( 2412): 0 10359461118104 1392783810576319 9715216025956 1 10359461118087
I/TaskTracer( 2412): 4 10359461118104 0x41bb5f40
I/TaskTracer( 2412): 1 10359461118104 1392783810576472 2412 "(Preallocated app)" 2413 "Chrome_ChildThread"
I/TaskTracer( 2412): 2 10359461118104 1392783810576563
I/TaskTracer( 2262): 0 9745280795677 1392783810576655 9715216025956 1 10359461118104
I/TaskTracer( 2262): 4 9745280795677 0x420a5ee0
I/TaskTracer( 2262): 0 9745280795678 1392783810576777 9715216025956 1 10359461118104
I/TaskTracer( 2262): 4 9745280795678 0x420a6080
I/TaskTracer( 2262): 0 10488310136835 1392783810583674 9715216025834 1 9715216026041
I/TaskTracer( 2262): 4 10488310136835 0x420f4bc8
I/TaskTracer( 2262): 0 10462540333072 1392783810585413 9715216025834 1 9715216025837
I/TaskTracer( 2262): 4 10462540333072 0x420f4ca8
I/TaskTracer( 2262): 2 9745280795667 1392783810586451
I/TaskTracer( 2412): 2 10359461118087 1392783810586054
I/TaskTracer( 2412): 1 10359461118088 1392783810586939 2412 "Settings" 2412 "main"
I/TaskTracer( 2262): 2 9745280795668 1392783810586512
I/TaskTracer( 2262): 1 9745280795670 1392783810587458 2262 "b2g" 2262 "main"
I/TaskTracer( 2262): 1 9745280795669 1392783810587580 2262 "b2g" 2262 "main"
I/TaskTracer( 2412): 2 10359461118088 1392783810588435
I/TaskTracer( 2412): 1 10359461118089 1392783810588526 2412 "Settings" 2412 "main"
I/TaskTracer( 2262): 2 9745280795669 1392783810589655
I/TaskTracer( 2262): 2 9745280795670 1392783810589747
I/TaskTracer( 2262): 1 9745280795672 1392783810589838 2262 "b2g" 2262 "main"
I/TaskTracer( 2262): 1 9745280795671 1392783810590784 2262 "b2g" 2262 "main"
I/TaskTracer( 2262): 0 9801115370891 1392783810590998 9801115370891 5 9801115370891
I/TaskTracer( 2262): 1 9801115370891 1392783810591090 2262 "b2g" 2282 "Timer"
I/TaskTracer( 2262): 0 9801115370892 1392783810591151 9801115370891 5 9801115370891
I/TaskTracer( 2262): 4 9801115370892 0x42094520
I/TaskTracer( 2262): 2 9801115370891 1392783810591273
I/TaskTracer( 2262): 2 9745280795671 1392783810590937
I/TaskTracer( 2262): 2 9745280795672 1392783810592585
I/TaskTracer( 2262): 1 9745280795674 1392783810593226 2262 "b2g" 2262 "main"
I/TaskTracer( 2262): 1 9745280795673 1392783810593287 2262 "b2g" 2262 "main"
I/TaskTracer( 2262): 2 9745280795673 1392783810593470
I/TaskTracer( 2262): 2 9745280795674 1392783810593531
I/TaskTracer( 2262): 1 9745280795676 1392783810593592 2262 "b2g" 2262 "main"
I/TaskTracer( 2262): 1 9745280795675 1392783810593653 2262 "b2g" 2262 "main"
I/TaskTracer( 2262): 2 9745280795675 1392783810593745
I/TaskTracer( 2262): 2 9745280795676 1392783810593806
I/TaskTracer( 2262): 1 9745280795678 1392783810593867 2262 "b2g" 2262 "main"
I/TaskTracer( 2262): 1 9745280795677 1392783810593928 2262 "b2g" 2262 "main"
I/TaskTracer( 2262): 2 9745280795677 1392783810594050
I/TaskTracer( 2262): 2 9745280795678 1392783810594080
I/TaskTracer( 2262): 1 10488310136835 1392783810594141 2262 "b2g" 2262 "main"
I/TaskTracer( 2262): 0 9715216026049 1392783810594263 9715216025834 1 10488310136835
I/TaskTracer( 2262): 4 9715216026049 0x420a5f40
I/TaskTracer( 2262): 1 9715216026049 1392783810594447 2262 "b2g" 2269 "Gecko_IOThread"
I/TaskTracer( 2262): 2 9715216026049 1392783810594538
I/TaskTracer( 2412): 0 10363756085373 1392783810594691 9715216025834 1 9715216026049
I/TaskTracer( 2412): 4 10363756085373 0x41bb5ee0
I/TaskTracer( 2412): 0 10363756085374 1392783810594782 9715216025834 1 9715216026049
I/TaskTracer( 2412): 4 10363756085374 0x41bb6080
I/TaskTracer( 2262): 2 10488310136835 1392783810599421
I/TaskTracer( 2262): 1 10462540333072 1392783810600123 2262 "b2g" 2262 "main"
I/TaskTracer( 2262): 3 10462540333072 1392783810601069 "[nsEventDispatcher::Dispatch] Event name: (null)"
I/TaskTracer( 2412): 0 10359461118105 1392783810604792 9715216025956 1 10359461118089
I/TaskTracer( 2412): 4 10359461118105 0x41d8f5c0
I/TaskTracer( 2412): 0 10359461118106 1392783810605036 9715216025956 1 10359461118089
I/TaskTracer( 2412): 4 10359461118106 0x41ba4488
I/TaskTracer( 2412): 2 10359461118089 1392783810606440
I/TaskTracer( 2412): 1 10359461118090 1392783810606562 2412 "Settings" 2412 "main"
I/TaskTracer( 2412): 2 10359461118090 1392783810607386
I/TaskTracer( 2412): 1 10398115823656 1392783810607539 2412 "Settings" 2412 "main"
I/TaskTracer( 2341): 1 10093173145955 1392783810571467 2341 "(Preallocated app)" 2350 "Timer"
I/TaskTracer( 2412): 1 10359461118105 1392783810608912 2412 "Settings" 2443 "(null)"
I/TaskTracer( 2412): 0 10398115823697 1392783810611842 10398115823697 5 10398115823697
I/TaskTracer( 2412): 1 10398115823697 1392783810611933 2412 "(Preallocated app)" 2421 "Timer"
I/TaskTracer( 2412): 0 10398115823698 1392783810612025 10398115823697 5 10398115823697
I/TaskTracer( 2412): 4 10398115823698 0x41ba4520
I/TaskTracer( 2412): 2 10398115823697 1392783810612177
I/TaskTracer( 2262): 0 10462540333073 1392783810613886 9715216025834 1 9715216025837
I/TaskTracer( 2262): 4 10462540333073 0x420f4ca8
I/TaskTracer( 2412): 2 10359461118105 1392783810614863
I/TaskTracer( 2412): 1 10359461118106 1392783810614985 2412 "Settings" 2443 "ImageDecoder"
I/TaskTracer( 2262): 2 10462540333072 1392783810615717
I/TaskTracer( 2262): 1 9801115370892 1392783810617213 2262 "b2g" 2262 "main"
I/TaskTracer( 2262): 0 9715216026050 1392783810624689 9801115370891 5 9801115370892
I/TaskTracer( 2262): 4 9715216026050 0x420dd7f0
I/TaskTracer( 2262): 2 9801115370892 1392783810625025
I/TaskTracer( 2262): 1 10462540333073 1392783810625117 2262 "b2g" 2262 "main"
I/TaskTracer( 2262): 3 10462540333073 1392783810625269 "[nsEventDispatcher::Dispatch] Event name: (null)"
I/TaskTracer( 2262): 3 10462540333073 1392783810625636 "[nsFrameMessageManager::SendAsyncMessage] type:DataStore:Changed"
I/TaskTracer( 2262): 0 9715216026051 1392783810625819 9715216025834 1 10462540333073
I/TaskTracer( 2262): 4 9715216026051 0x421045a8
I/TaskTracer( 2262): 0 9715216026052 1392783810626032 9715216025834 1 10462540333073
I/TaskTracer( 2262): 4 9715216026052 0x420fa998
I/TaskTracer( 2412): 0 10359461118107 1392783810629206 10398115823655 5 10398115823656
I/TaskTracer( 2412): 4 10359461118107 0x41bb5f40
I/TaskTracer( 2412): 1 10359461118107 1392783810629450 2412 "(Preallocated app)" 2413 "Chrome_ChildThread"
I/TaskTracer( 2412): 2 10359461118107 1392783810629572
I/TaskTracer( 2262): 0 9745280795679 1392783810629725 10398115823655 5 10359461118107
I/TaskTracer( 2262): 4 9745280795679 0x420a5ee0
I/TaskTracer( 2262): 0 9745280795680 1392783810629816 10398115823655 5 10359461118107
I/TaskTracer( 2262): 4 9745280795680 0x420a6080
I/TaskTracer( 2412): 0 10359461118108 1392783810631770 10398115823655 5 10398115823656
I/TaskTracer( 2412): 4 10359461118108 0x41bb5f40
I/TaskTracer( 2412): 1 10359461118108 1392783810631983 2412 "(Preallocated app)" 2413 "Chrome_ChildThread"
I/TaskTracer( 2412): 2 10359461118108 1392783810632075
I/TaskTracer( 2262): 0 9745280795681 1392783810632197 10398115823655 5 10359461118108
I/TaskTracer( 2262): 4 9745280795681 0x420a5ee0
I/TaskTracer( 2262): 1 9745280795681 1392783810632532 2262 "b2g" 2286 "Compositor"
I/TaskTracer( 2262): 2 9745280795681 1392783810632624
I/TaskTracer( 2412): 0 10359461118109 1392783810639155 10398115823655 5 10398115823656
I/TaskTracer( 2412): 4 10359461118109 0x41bb5f40
I/TaskTracer( 2412): 1 10359461118109 1392783810639399 2412 "(Preallocated app)" 2413 "Chrome_ChildThread"
I/TaskTracer( 2412): 2 10359461118109 1392783810639521
I/TaskTracer( 2262): 0 9745280795682 1392783810639674 10398115823655 5 10359461118109
I/TaskTracer( 2262): 4 9745280795682 0x420a5ee0
I/TaskTracer( 2262): 1 9745280795682 1392783810639918 2262 "b2g" 2286 "Compositor"
I/TaskTracer( 2262): 0 9818295239160 1392783810640253 10398115823655 5 9745280795682
I/TaskTracer( 2262): 4 9818295239160 0x420bdd60
I/TaskTracer( 2262): 2 9745280795682 1392783810640437
I/TaskTracer( 2262): 1 9818295239160 1392783810640498 2262 "b2g" 2286 "Compositor"
I/TaskTracer( 2262): 0 9818295239161 1392783810640589 10398115823655 5 9818295239160
I/TaskTracer( 2262): 4 9818295239161 0x420bdad0
I/TaskTracer( 2262): 2 10462540333073 1392783810644556
I/TaskTracer( 2262): 2 9818295239160 1392783810646174
I/TaskTracer( 2262): 1 9715216026050 1392783810646510 2262 "b2g" 2262 "main"
I/TaskTracer( 2262): 2 9715216026050 1392783810647730
I/TaskTracer( 2262): 1 9715216026051 1392783810647883 2262 "b2g" 2262 "main"
I/TaskTracer( 2262): 3 9715216026051 1392783810648493 "[nsFrameMessageManager::SendAsyncMessage] type:DataStore:Changed:Return:OK"
I/TaskTracer( 2262): 0 9715216026053 1392783810648676 9715216025834 1 9715216026051
I/TaskTracer( 2262): 4 9715216026053 0x42104628
I/TaskTracer( 2262): 2 9715216026051 1392783810648859
I/TaskTracer( 2262): 1 9715216026052 1392783810648951 2262 "b2g" 2262 "main"
I/TaskTracer( 2262): 0 9715216026054 1392783810649104 9715216025834 1 9715216026052
I/TaskTracer( 2262): 4 9715216026054 0x420fa998
I/TaskTracer( 2262): 2 9715216026052 1392783810649226
I/TaskTracer( 2262): 1 9745280795680 1392783810649317 2262 "b2g" 2262 "main"
I/TaskTracer( 2262): 1 9745280795679 1392783810649409 2262 "b2g" 2262 "main"
I/TaskTracer( 2262): 2 9745280795679 1392783810649500
I/TaskTracer( 2262): 2 9745280795680 1392783810649531
I/TaskTracer( 2262): 1 9715216026053 1392783810649622 2262 "b2g" 2262 "main"
I/TaskTracer( 2412): 0 10359461118110 1392783810652583 10398115823655 5 10398115823656
I/TaskTracer( 2412): 4 10359461118110 0x41bb5f40
I/TaskTracer( 2412): 1 10359461118110 1392783810652827 2412 "(Preallocated app)" 2413 "Chrome_ChildThread"
I/TaskTracer( 2412): 2 10359461118110 1392783810652918
I/TaskTracer( 2262): 0 9745280795683 1392783810653071 10398115823655 5 10359461118110
I/TaskTracer( 2262): 4 9745280795683 0x420a5ee0
I/TaskTracer( 2262): 1 9745280795683 1392783810653437 2262 "b2g" 2286 "Compositor"
I/TaskTracer( 2262): 2 9745280795683 1392783810653559
I/TaskTracer( 2341): 1 10058813407682 1392783810579585 2341 "Homescreen" 2341 "main"
I/TaskTracer( 2412): 0 10492605104129 1392783810644984 9715216025956 1 10359461118106
I/TaskTracer( 2412): 3 10398115823656 1392783810655817 "[nsEventDispatcher::Dispatch] Event name: MozAfterPaint"
I/TaskTracer( 2412): 4 10492605104129 0x41bd0050
I/TaskTracer( 2412): 0 10492605104130 1392783810657008 9715216025956 1 10359461118106
I/TaskTracer( 2412): 4 10492605104130 0x41bd0050
I/TaskTracer( 2412): 0 10492605104131 1392783810657740 9715216025956 1 10359461118106
I/TaskTracer( 2412): 4 10492605104131 0x41bd0050
I/TaskTracer( 2412): 0 10492605104132 1392783810657893 9715216025956 1 10359461118106
I/TaskTracer( 2412): 4 10492605104132 0x41bd0050
I/TaskTracer( 2341): 1 10058813407681 1392783810658320 2341 "Homescreen" 2341 "main"
I/TaskTracer( 2341): 0 10093173145956 1392783810609400 10093173145955 5 10093173145955
I/TaskTracer( 2412): 3 10398115823656 1392783810666682 "[nsFrameMessageManager::SendAsyncMessage] type:browser-element-api:call"
I/TaskTracer( 2412): 0 10359461118111 1392783810668208 10398115823655 5 10398115823656
I/TaskTracer( 2412): 4 10359461118111 0x41bb5f40
I/TaskTracer( 2412): 1 10359461118111 1392783810668421 2412 "(Preallocated app)" 2413 "Chrome_ChildThread"
I/TaskTracer( 2412): 2 10359461118111 1392783810668543
I/TaskTracer( 2262): 0 9745280795684 1392783810668696 10398115823655 5 10359461118111
I/TaskTracer( 2262): 4 9745280795684 0x420a5ee0
I/TaskTracer( 2262): 0 9745280795685 1392783810668787 10398115823655 5 10359461118111
I/TaskTracer( 2262): 4 9745280795685 0x420a6080
I/TaskTracer( 2262): 2 9715216026053 1392783810667414
I/TaskTracer( 2262): 1 9715216026054 1392783810670191 2262 "b2g" 2262 "main"
I/TaskTracer( 2262): 2 9715216026054 1392783810671015
I/TaskTracer( 2262): 1 9745280795685 1392783810671107 2262 "b2g" 2262 "main"
I/TaskTracer( 2262): 1 9745280795684 1392783810672541 2262 "b2g" 2262 "main"
I/TaskTracer( 2262): 0 10462540333074 1392783810677302 9715216025834 1 9715216025837
I/TaskTracer( 2262): 4 10462540333074 0x420f6338
I/TaskTracer( 2412): 3 10398115823656 1392783810677851 "[nsFrameMessageManager::SendAsyncMessage] type:browser-element-api:call"
I/TaskTracer( 2412): 0 10359461118112 1392783810678004 10398115823655 5 10398115823656
I/TaskTracer( 2412): 4 10359461118112 0x41bb5f40
I/TaskTracer( 2412): 1 10359461118112 1392783810678217 2412 "(Preallocated app)" 2413 "Chrome_ChildThread"
I/TaskTracer( 2412): 2 10359461118112 1392783810678339
I/TaskTracer( 2262): 0 9745280795686 1392783810678492 10398115823655 5 10359461118112
I/TaskTracer( 2262): 4 9745280795686 0x420a5ee0
I/TaskTracer( 2262): 0 9745280795687 1392783810678614 10398115823655 5 10359461118112
I/TaskTracer( 2262): 4 9745280795687 0x420a6080
I/TaskTracer( 2262): 3 9745280795684 1392783810682612 "[nsEventDispatcher::Dispatch] Event name: (null)"
I/TaskTracer( 2262): 2 9745280795684 1392783810682887
I/TaskTracer( 2262): 2 9745280795685 1392783810682948
I/TaskTracer( 2262): 1 10462540333074 1392783810683039 2262 "b2g" 2262 "main"
I/TaskTracer( 2412): 2 10398115823656 1392783810681605
I/TaskTracer( 2412): 1 10398115823658 1392783810684046 2412 "Settings" 2412 "main"
I/TaskTracer( 2262): 0 10462540333075 1392783810691279 9715216025834 1 9715216025837
I/TaskTracer( 2262): 4 10462540333075 0x420f51a8
I/TaskTracer( 2262): 3 10462540333074 1392783810691950 "[nsEventDispatcher::Dispatch] Event name: complete"
I/TaskTracer( 2341): 4 10093173145956 0x41ba4520
I/TaskTracer( 2341): 2 10093173145955 1392783810692439
I/TaskTracer( 2262): 2 10462540333074 1392783810696040
I/TaskTracer( 2262): 1 9745280795687 1392783810697626 2262 "b2g" 2262 "main"
I/TaskTracer( 2262): 1 9745280795686 1392783810697718 2262 "b2g" 2262 "main"
I/TaskTracer( 2262): 3 9745280795686 1392783810704768 "[nsEventDispatcher::Dispatch] Event name: (null)"
I/TaskTracer( 2412): 2 10398115823658 1392783810705439
I/TaskTracer( 2262): 2 9745280795686 1392783810706843
I/TaskTracer( 2262): 2 9745280795687 1392783810706904
I/TaskTracer( 2262): 1 10462540333075 1392783810707026 2262 "b2g" 2262 "main"
I/TaskTracer( 2412): 1 10359461118091 1392783810705592 2412 "Settings" 2412 "main"
I/TaskTracer( 2412): 3 10359461118091 1392783810707636 "[nsEventDispatcher::Dispatch] Event name: overflow"
I/TaskTracer( 2262): 3 10462540333075 1392783810708857 "[nsEventDispatcher::Dispatch] Event name: (null)"
I/TaskTracer( 2412): 3 10359461118091 1392783810709559 "[nsEventDispatcher::Dispatch] Event name: overflow"
I/TaskTracer( 2412): 2 10359461118091 1392783810709681
I/TaskTracer( 2412): 1 10398115823660 1392783810711176 2412 "Settings" 2412 "main"
I/TaskTracer( 2412): 2 10398115823660 1392783810712153
I/TaskTracer( 2412): 1 10398115823662 1392783810713129 2412 "Settings" 2412 "main"
I/TaskTracer( 2412): 2 10398115823662 1392783810713221
I/TaskTracer( 2412): 1 10398115823664 1392783810713313 2412 "Settings" 2412 "main"
I/TaskTracer( 2262): 3 10462540333075 1392783810712855 "[nsEventDispatcher::Dispatch] Event name: change"
I/TaskTracer( 2262): 0 10462540333076 1392783810715266 9715216025834 1 9715216025837
I/TaskTracer( 2262): 4 10462540333076 0x420f6338
I/TaskTracer( 2262): 2 10462540333075 1392783810715723
I/TaskTracer( 2262): 1 10462540333076 1392783810715876 2262 "b2g" 2262 "main"
I/TaskTracer( 2412): 2 10398115823664 1392783810713343
I/TaskTracer( 2262): 3 10462540333076 1392783810715998 "[nsEventDispatcher::Dispatch] Event name: complete"
I/TaskTracer( 2412): 1 10398115823666 1392783810716578 2412 "Settings" 2412 "main"
I/TaskTracer( 2412): 2 10398115823666 1392783810717524
I/TaskTracer( 2412): 1 10398115823668 1392783810718195 2412 "Settings" 2412 "main"
I/TaskTracer( 2412): 2 10398115823668 1392783810718256
I/TaskTracer( 2262): 2 10462540333076 1392783810718592
I/TaskTracer( 2412): 1 10398115823670 1392783810718348 2412 "Settings" 2412 "main"
I/TaskTracer( 2412): 2 10398115823670 1392783810719508
I/TaskTracer( 2412): 1 10398115823672 1392783810719599 2412 "Settings" 2412 "main"
I/TaskTracer( 2412): 2 10398115823672 1392783810720423
I/TaskTracer( 2412): 1 10398115823674 1392783810721064 2412 "Settings" 2412 "main"
I/TaskTracer( 2412): 2 10398115823674 1392783810721156
I/TaskTracer( 2412): 1 10398115823676 1392783810721674 2412 "Settings" 2412 "main"
I/TaskTracer( 2412): 2 10398115823676 1392783810722041
I/TaskTracer( 2412): 1 10398115823678 1392783810722926 2412 "Settings" 2412 "main"
I/TaskTracer( 2412): 2 10398115823678 1392783810722987
I/TaskTracer( 2412): 1 10398115823680 1392783810723444 2412 "Settings" 2412 "main"
I/TaskTracer( 2412): 2 10398115823680 1392783810723902
I/TaskTracer( 2412): 1 10398115823682 1392783810723963 2412 "Settings" 2412 "main"
I/TaskTracer( 2412): 2 10398115823682 1392783810724696
I/TaskTracer( 2412): 1 10398115823684 1392783810724787 2412 "Settings" 2412 "main"
I/TaskTracer( 2412): 2 10398115823684 1392783810724818
I/TaskTracer( 2412): 1 10398115823686 1392783810725581 2412 "Settings" 2412 "main"
I/TaskTracer( 2412): 2 10398115823686 1392783810726191
I/TaskTracer( 2412): 1 10398115823688 1392783810726282 2412 "Settings" 2412 "main"
I/TaskTracer( 2412): 2 10398115823688 1392783810726344
I/TaskTracer( 2412): 1 10398115823690 1392783810727137 2412 "Settings" 2412 "main"
I/TaskTracer( 2412): 2 10398115823690 1392783810727198
I/TaskTracer( 2412): 1 10398115823692 1392783810727290 2412 "Settings" 2412 "main"
I/TaskTracer( 2341): 2 10058813407681 1392783810736170
I/TaskTracer( 2412): 3 10398115823692 1392783810742548 "[nsEventDispatcher::Dispatch] Event name: (null)"
I/TaskTracer( 2412): 0 10359461118113 1392783810745509 10398115823691 5 10398115823692
I/TaskTracer( 2412): 4 10359461118113 0x41ba3730
I/TaskTracer( 2412): 3 10398115823692 1392783810746668 "[nsEventDispatcher::Dispatch] Event name: loadstart"
I/TaskTracer( 2412): 2 10398115823692 1392783810747218
I/TaskTracer( 2412): 1 10398115823694 1392783810747706 2412 "Settings" 2412 "main"
I/TaskTracer( 2412): 0 10359461118114 1392783810750025 10398115823693 5 10398115823694
I/TaskTracer( 2341): 2 10058813407682 1392783810750605
I/TaskTracer( 2412): 4 10359461118114 0x41c6eec0
I/TaskTracer( 2412): 0 10359461118115 1392783810751521 10398115823693 5 10398115823694
I/TaskTracer( 2412): 4 10359461118115 0x41c71b88
I/TaskTracer( 2341): 1 10058813407684 1392783810758051 2341 "Homescreen" 2341 "main"
I/TaskTracer( 2412): 3 10398115823694 1392783810769007 "[nsEventDispatcher::Dispatch] Event name: MozScrolledAreaChanged"
I/TaskTracer( 2341): 1 10058813407683 1392783810769190 2341 "Homescreen" 2341 "main"
I/TaskTracer( 2412): 0 10398115823699 1392783810773066 10398115823699 5 10398115823699
I/TaskTracer( 2412): 1 10398115823699 1392783810773188 2412 "(Preallocated app)" 2421 "Timer"
I/TaskTracer( 2412): 0 10398115823700 1392783810773249 10398115823699 5 10398115823699
I/TaskTracer( 2412): 4 10398115823700 0x41ba4520
I/TaskTracer( 2412): 2 10398115823699 1392783810773371
I/TaskTracer( 2412): 0 10398115823701 1392783810774348 10398115823701 5 10398115823701
I/TaskTracer( 2412): 1 10398115823701 1392783810774470 2412 "(Preallocated app)" 2421 "Timer"
I/TaskTracer( 2412): 0 10398115823702 1392783810774531 10398115823701 5 10398115823701
I/TaskTracer( 2412): 4 10398115823702 0x41ba4520
I/TaskTracer( 2412): 2 10398115823701 1392783810774653
I/TaskTracer( 2412): 0 10398115823703 1392783810775599 10398115823703 5 10398115823703
I/TaskTracer( 2412): 1 10398115823703 1392783810775690 2412 "(Preallocated app)" 2421 "Timer"
I/TaskTracer( 2412): 0 10398115823704 1392783810775782 10398115823703 5 10398115823703
I/TaskTracer( 2412): 4 10398115823704 0x41ba4520
I/TaskTracer( 2412): 2 10398115823703 1392783810775904
I/TaskTracer( 2412): 0 10398115823705 1392783810777583 10398115823705 5 10398115823705
I/TaskTracer( 2412): 1 10398115823705 1392783810777674 2412 "(Preallocated app)" 2421 "Timer"
I/TaskTracer( 2412): 0 10398115823706 1392783810777735 10398115823705 5 10398115823705
I/TaskTracer( 2412): 4 10398115823706 0x41ba4520
I/TaskTracer( 2412): 2 10398115823705 1392783810777857
I/TaskTracer( 2412): 0 10398115823707 1392783810778895 10398115823707 5 10398115823707
I/TaskTracer( 2412): 1 10398115823707 1392783810778986 2412 "(Preallocated app)" 2421 "Timer"
I/TaskTracer( 2412): 0 10398115823708 1392783810779047 10398115823707 5 10398115823707
I/TaskTracer( 2412): 4 10398115823708 0x41ba4520
I/TaskTracer( 2412): 2 10398115823707 1392783810779169
I/TaskTracer( 2412): 0 10398115823709 1392783810779902 10398115823709 5 10398115823709
I/TaskTracer( 2412): 1 10398115823709 1392783810779993 2412 "(Preallocated app)" 2421 "Timer"
I/TaskTracer( 2412): 0 10398115823710 1392783810780085 10398115823709 5 10398115823709
I/TaskTracer( 2412): 4 10398115823710 0x41ba4520
I/TaskTracer( 2412): 2 10398115823709 1392783810780207
I/TaskTracer( 2412): 0 10359461118116 1392783810784541 10398115823693 5 10398115823694
I/TaskTracer( 2412): 4 10359461118116 0x41c71b88
I/TaskTracer( 2341): 2 10058813407683 1392783810802454
I/TaskTracer( 2341): 2 10058813407684 1392783810805323
I/TaskTracer( 2412): 0 10359461118117 1392783810806239 10398115823693 5 10398115823694
I/TaskTracer( 2412): 4 10359461118117 0x41ba3730
I/TaskTracer( 2341): 1 10058813407686 1392783810812464 2341 "Homescreen" 2341 "main"
I/TaskTracer( 2262): 0 9801115370893 1392783810823481 9801115370893 5 9801115370893
I/TaskTracer( 2262): 1 9801115370893 1392783810823603 2262 "b2g" 2282 "Timer"
I/TaskTracer( 2262): 0 9801115370894 1392783810823695 9801115370893 5 9801115370893
I/TaskTracer( 2262): 4 9801115370894 0x42094520
I/TaskTracer( 2262): 2 9801115370893 1392783810823847
I/TaskTracer( 2262): 1 9801115370894 1392783810824366 2262 "b2g" 2262 "main"
I/TaskTracer( 2262): 2 9801115370894 1392783810824458
I/TaskTracer( 2341): 1 10058813407685 1392783810825129 2341 "Homescreen" 2341 "main"
I/TaskTracer( 2341): 3 10058813407685 1392783810832575 "[nsEventDispatcher::Dispatch] Event name: (null)"
I/TaskTracer( 2341): 3 10058813407685 1392783810852473 "[nsEventDispatcher::Dispatch] Event name: blur"
I/TaskTracer( 2341): 3 10058813407685 1392783810863001 "[nsEventDispatcher::Dispatch] Event name: blur"
I/TaskTracer( 2341): 2 10058813407685 1392783810902949
I/TaskTracer( 2412): 0 10359461118118 1392783810912501 10398115823693 5 10398115823694
I/TaskTracer( 2412): 4 10359461118118 0x41c0c338
I/TaskTracer( 2341): 2 10058813407686 1392783810932368
I/TaskTracer( 2341): 1 10054518440612 1392783810938197 2341 "Homescreen" 2341 "main"
I/TaskTracer( 2262): 1 9818295239161 1392783810940882 2262 "b2g" 2286 "Compositor"
I/TaskTracer( 2262): 2 9818295239161 1392783810941004
I/TaskTracer( 2412): 0 10359461118119 1392783810957911 10398115823693 5 10398115823694
I/TaskTracer( 2412): 4 10359461118119 0x41c71b38
I/TaskTracer( 2412): 3 10398115823694 1392783810990199 "[nsEventDispatcher::Dispatch] Event name: MozScrolledAreaChanged"
I/TaskTracer( 2412): 0 10398115823711 1392783810993159 10398115823711 5 10398115823711
I/TaskTracer( 2412): 1 10398115823711 1392783810993281 2412 "(Preallocated app)" 2421 "Timer"
I/TaskTracer( 2412): 0 10398115823712 1392783810993342 10398115823711 5 10398115823711
I/TaskTracer( 2412): 4 10398115823712 0x41ba4520
I/TaskTracer( 2412): 2 10398115823711 1392783810993494
I/TaskTracer( 2412): 0 10398115823713 1392783810994837 10398115823713 5 10398115823713
I/TaskTracer( 2412): 1 10398115823713 1392783810994929 2412 "(Preallocated app)" 2421 "Timer"
I/TaskTracer( 2412): 0 10398115823714 1392783810994990 10398115823713 5 10398115823713
I/TaskTracer( 2412): 4 10398115823714 0x41ba4520
I/TaskTracer( 2412): 2 10398115823713 1392783810995112
I/TaskTracer( 2412): 0 10398115823715 1392783810995966 10398115823715 5 10398115823715
I/TaskTracer( 2412): 1 10398115823715 1392783810996058 2412 "(Preallocated app)" 2421 "Timer"
I/TaskTracer( 2412): 0 10398115823716 1392783810996119 10398115823715 5 10398115823715
I/TaskTracer( 2412): 4 10398115823716 0x41ba4520
I/TaskTracer( 2412): 2 10398115823715 1392783810996241
I/TaskTracer( 2412): 0 10398115823717 1392783810997095 10398115823717 5 10398115823717
I/TaskTracer( 2412): 1 10398115823717 1392783810997218 2412 "(Preallocated app)" 2421 "Timer"
I/TaskTracer( 2412): 0 10398115823718 1392783810997279 10398115823717 5 10398115823717
I/TaskTracer( 2412): 4 10398115823718 0x41ba4520
I/TaskTracer( 2412): 2 10398115823717 1392783810997401
I/TaskTracer( 2412): 0 10398115823719 1392783810998438 10398115823719 5 10398115823719
I/TaskTracer( 2412): 1 10398115823719 1392783810998530 2412 "(Preallocated app)" 2421 "Timer"
I/TaskTracer( 2412): 0 10398115823720 1392783810998591 10398115823719 5 10398115823719
I/TaskTracer( 2412): 4 10398115823720 0x41ba4520
I/TaskTracer( 2412): 2 10398115823719 1392783810998682
I/TaskTracer( 2412): 0 10398115823721 1392783810999995 10398115823721 5 10398115823721
I/TaskTracer( 2412): 1 10398115823721 1392783811000086 2412 "(Preallocated app)" 2421 "Timer"
I/TaskTracer( 2412): 0 10398115823722 1392783811000147 10398115823721 5 10398115823721
I/TaskTracer( 2412): 4 10398115823722 0x41ba4520
I/TaskTracer( 2412): 2 10398115823721 1392783811000269
I/TaskTracer( 2412): 0 10398115823723 1392783811001002 10398115823723 5 10398115823723
I/TaskTracer( 2412): 1 10398115823723 1392783811001124 2412 "(Preallocated app)" 2421 "Timer"
I/TaskTracer( 2412): 0 10398115823724 1392783811001185 10398115823723 5 10398115823723
I/TaskTracer( 2412): 4 10398115823724 0x41ba4520
I/TaskTracer( 2412): 2 10398115823723 1392783811001307
I/TaskTracer( 2412): 0 10398115823725 1392783811002100 10398115823725 5 10398115823725
I/TaskTracer( 2412): 1 10398115823725 1392783811002192 2412 "(Preallocated app)" 2421 "Timer"
I/TaskTracer( 2412): 0 10398115823726 1392783811002680 10398115823725 5 10398115823725
I/TaskTracer( 2412): 4 10398115823726 0x41ba4520
I/TaskTracer( 2412): 2 10398115823725 1392783811002802
I/TaskTracer( 2412): 0 10398115823727 1392783811003992 10398115823727 5 10398115823727
I/TaskTracer( 2412): 1 10398115823727 1392783811004084 2412 "(Preallocated app)" 2421 "Timer"
I/TaskTracer( 2412): 0 10398115823728 1392783811004145 10398115823727 5 10398115823727
I/TaskTracer( 2412): 4 10398115823728 0x41ba4520
I/TaskTracer( 2412): 2 10398115823727 1392783811004267
I/TaskTracer( 2412): 0 10359461118120 1392783811007471 10398115823693 5 10398115823694
I/TaskTracer( 2412): 4 10359461118120 0x41c6efa0
I/TaskTracer( 2412): 0 10359461118121 1392783811008662 10398115823693 5 10398115823694
I/TaskTracer( 2412): 4 10359461118121 0x41bb5f40
I/TaskTracer( 2412): 1 10359461118121 1392783811009364 2412 "(Preallocated app)" 2413 "Chrome_ChildThread"
I/TaskTracer( 2412): 2 10359461118121 1392783811009486
I/TaskTracer( 2262): 0 9745280795688 1392783811009669 10398115823693 5 10359461118121
I/TaskTracer( 2262): 4 9745280795688 0x420a5ee0
I/TaskTracer( 2262): 0 9745280795689 1392783811009791 10398115823693 5 10359461118121
I/TaskTracer( 2262): 4 9745280795689 0x420a6080
I/TaskTracer( 2262): 1 9745280795689 1392783811010065 2262 "b2g" 2262 "main"
I/TaskTracer( 2262): 1 9745280795688 1392783811010157 2262 "b2g" 2262 "main"
I/TaskTracer( 2262): 2 9745280795688 1392783811010249
I/TaskTracer( 2262): 2 9745280795689 1392783811010310
I/TaskTracer( 2412): 0 10359461118122 1392783811011561 10398115823693 5 10398115823694
I/TaskTracer( 2412): 4 10359461118122 0x41c71b88
I/TaskTracer( 2412): 3 10398115823694 1392783811021174 "[nsEventDispatcher::Dispatch] Event name: MozScrolledAreaChanged"
I/TaskTracer( 2412): 0 10398115823729 1392783811023280 10398115823729 5 10398115823729
I/TaskTracer( 2412): 1 10398115823729 1392783811023402 2412 "(Preallocated app)" 2421 "Timer"
I/TaskTracer( 2412): 0 10398115823730 1392783811023463 10398115823729 5 10398115823729
I/TaskTracer( 2412): 4 10398115823730 0x41ba4520
I/TaskTracer( 2412): 2 10398115823729 1392783811023585
I/TaskTracer( 2412): 0 10398115823731 1392783811024592 10398115823731 5 10398115823731
I/TaskTracer( 2412): 1 10398115823731 1392783811024683 2412 "(Preallocated app)" 2421 "Timer"
I/TaskTracer( 2412): 0 10398115823732 1392783811024744 10398115823731 5 10398115823731
I/TaskTracer( 2412): 4 10398115823732 0x41ba4520
I/TaskTracer( 2412): 2 10398115823731 1392783811024866
I/TaskTracer( 2262): 0 9801115370895 1392783811025050 9801115370895 5 9801115370895
I/TaskTracer( 2262): 1 9801115370895 1392783811025141 2262 "b2g" 2282 "Timer"
I/TaskTracer( 2262): 0 9801115370896 1392783811025202 9801115370895 5 9801115370895
I/TaskTracer( 2262): 4 9801115370896 0x42094520
I/TaskTracer( 2262): 2 9801115370895 1392783811025355
I/TaskTracer( 2262): 1 9801115370896 1392783811025568 2262 "b2g" 2262 "main"
I/TaskTracer( 2412): 0 10398115823733 1392783811034083 10398115823733 5 10398115823733
I/TaskTracer( 2412): 1 10398115823733 1392783811034174 2412 "(Preallocated app)" 2421 "Timer"
I/TaskTracer( 2412): 0 10398115823734 1392783811034235 10398115823733 5 10398115823733
I/TaskTracer( 2412): 4 10398115823734 0x41ba4520
I/TaskTracer( 2412): 2 10398115823733 1392783811034357
I/TaskTracer( 2412): 0 10398115823735 1392783811035578 10398115823735 5 10398115823735
I/TaskTracer( 2412): 1 10398115823735 1392783811035670 2412 "(Preallocated app)" 2421 "Timer"
I/TaskTracer( 2412): 0 10398115823736 1392783811035731 10398115823735 5 10398115823735
I/TaskTracer( 2412): 4 10398115823736 0x41ba4520
I/TaskTracer( 2412): 2 10398115823735 1392783811035853
I/TaskTracer( 2412): 0 10398115823737 1392783811036646 10398115823737 5 10398115823737
I/TaskTracer( 2412): 1 10398115823737 1392783811036768 2412 "(Preallocated app)" 2421 "Timer"
I/TaskTracer( 2412): 0 10398115823738 1392783811036829 10398115823737 5 10398115823737
I/TaskTracer( 2412): 4 10398115823738 0x41ba4520
I/TaskTracer( 2412): 2 10398115823737 1392783811036921
I/TaskTracer( 2412): 3 10398115823694 1392783811037653 "[nsEventDispatcher::Dispatch] Event name: resize"
I/TaskTracer( 2262): 0 9715216026055 1392783811051905 9801115370895 5 9801115370896
I/TaskTracer( 2262): 4 9715216026055 0x420dd7f0
I/TaskTracer( 2262): 2 9801115370896 1392783811062403
I/TaskTracer( 2262): 1 9715216026055 1392783811063410 2262 "b2g" 2262 "main"
I/TaskTracer( 2262): 2 9715216026055 1392783811063960
I/TaskTracer( 2412): 0 10398115823739 1392783811096278 10398115823739 5 10398115823739
I/TaskTracer( 2412): 1 10398115823739 1392783811096400 2412 "(Preallocated app)" 2421 "Timer"
I/TaskTracer( 2412): 0 10398115823740 1392783811096461 10398115823739 5 10398115823739
I/TaskTracer( 2412): 4 10398115823740 0x41ba4520
I/TaskTracer( 2412): 2 10398115823739 1392783811096613
I/TaskTracer( 2412): 3 10398115823694 1392783811261988 "[nsEventDispatcher::Dispatch] Event name: MozScrolledAreaChanged"
I/TaskTracer( 2412): 0 10398115823741 1392783811265559 10398115823741 5 10398115823741
I/TaskTracer( 2412): 1 10398115823741 1392783811265650 2412 "(Preallocated app)" 2421 "Timer"
I/TaskTracer( 2412): 0 10398115823742 1392783811265742 10398115823741 5 10398115823741
I/TaskTracer( 2412): 4 10398115823742 0x41ba4520
I/TaskTracer( 2412): 2 10398115823741 1392783811265864
I/TaskTracer( 2412): 0 10398115823743 1392783811267054 10398115823743 5 10398115823743
I/TaskTracer( 2412): 1 10398115823743 1392783811267176 2412 "(Preallocated app)" 2421 "Timer"
I/TaskTracer( 2412): 0 10398115823744 1392783811267237 10398115823743 5 10398115823743
I/TaskTracer( 2412): 4 10398115823744 0x41ba4520
I/TaskTracer( 2412): 2 10398115823743 1392783811267359
I/TaskTracer( 2412): 0 10398115823745 1392783811268305 10398115823745 5 10398115823745
I/TaskTracer( 2412): 1 10398115823745 1392783811268427 2412 "(Preallocated app)" 2421 "Timer"
I/TaskTracer( 2412): 0 10398115823746 1392783811268488 10398115823745 5 10398115823745
I/TaskTracer( 2412): 4 10398115823746 0x41ba4520
I/TaskTracer( 2412): 2 10398115823745 1392783811268610
I/TaskTracer( 2412): 0 10398115823747 1392783811269465 10398115823747 5 10398115823747
I/TaskTracer( 2412): 1 10398115823747 1392783811269556 2412 "(Preallocated app)" 2421 "Timer"
I/TaskTracer( 2412): 0 10398115823748 1392783811269617 10398115823747 5 10398115823747
I/TaskTracer( 2412): 4 10398115823748 0x41ba4520
I/TaskTracer( 2412): 2 10398115823747 1392783811269740
I/TaskTracer( 2412): 0 10398115823749 1392783811270686 10398115823749 5 10398115823749
I/TaskTracer( 2412): 1 10398115823749 1392783811270777 2412 "(Preallocated app)" 2421 "Timer"
I/TaskTracer( 2412): 0 10398115823750 1392783811270838 10398115823749 5 10398115823749
I/TaskTracer( 2412): 4 10398115823750 0x41ba4520
I/TaskTracer( 2412): 2 10398115823749 1392783811270960
I/TaskTracer( 2412): 0 10398115823751 1392783811272425 10398115823751 5 10398115823751
I/TaskTracer( 2412): 1 10398115823751 1392783811272517 2412 "(Preallocated app)" 2421 "Timer"
I/TaskTracer( 2412): 0 10398115823752 1392783811272578 10398115823751 5 10398115823751
I/TaskTracer( 2412): 4 10398115823752 0x41ba4520
I/TaskTracer( 2412): 2 10398115823751 1392783811272700
I/TaskTracer( 2412): 0 10398115823753 1392783811273463 10398115823753 5 10398115823753
I/TaskTracer( 2412): 1 10398115823753 1392783811273554 2412 "(Preallocated app)" 2421 "Timer"
I/TaskTracer( 2412): 0 10398115823754 1392783811273615 10398115823753 5 10398115823753
I/TaskTracer( 2412): 4 10398115823754 0x41ba4520
I/TaskTracer( 2412): 2 10398115823753 1392783811273737
I/TaskTracer( 2412): 0 10398115823755 1392783811274561 10398115823755 5 10398115823755
I/TaskTracer( 2412): 1 10398115823755 1392783811274653 2412 "(Preallocated app)" 2421 "Timer"
I/TaskTracer( 2412): 0 10398115823756 1392783811274714 10398115823755 5 10398115823755
I/TaskTracer( 2412): 4 10398115823756 0x41ba4520
I/TaskTracer( 2412): 2 10398115823755 1392783811274836
I/TaskTracer( 2412): 0 10398115823757 1392783811276148 10398115823757 5 10398115823757
I/TaskTracer( 2412): 1 10398115823757 1392783811276240 2412 "(Preallocated app)" 2421 "Timer"
I/TaskTracer( 2412): 0 10398115823758 1392783811276301 10398115823757 5 10398115823757
I/TaskTracer( 2412): 4 10398115823758 0x41ba4520
I/TaskTracer( 2412): 2 10398115823757 1392783811276423
I/TaskTracer( 2412): 0 10359461118123 1392783811278986 10398115823693 5 10398115823694
I/TaskTracer( 2412): 4 10359461118123 0x41c6efa0
I/TaskTracer( 2412): 3 10398115823694 1392783811280085 "[nsEventDispatcher::Dispatch] Event name: resize"
I/TaskTracer( 2412): 0 10359461118124 1392783811282404 10398115823693 5 10398115823694
I/TaskTracer( 2412): 4 10359461118124 0x41c6efa0
I/TaskTracer( 2412): 2 10398115823694 1392783811283350
I/TaskTracer( 2412): 1 10359461118093 1392783811283869 2412 "Settings" 2412 "main"
I/TaskTracer( 2412): 2 10359461118093 1392783811284357
I/TaskTracer( 2412): 1 10363756085372 1392783811284602 2412 "Settings" 2412 "main"
I/TaskTracer( 2412): 1 10363756085371 1392783811284998 2412 "Settings" 2412 "main"
I/TaskTracer( 2412): 3 10363756085371 1392783811285578 "[nsEventDispatcher::Dispatch] Event name: (null)"
I/TaskTracer( 2412): 2 10363756085371 1392783811286524
I/TaskTracer( 2412): 2 10363756085372 1392783811286890
I/TaskTracer( 2412): 1 10398115823696 1392783811287318 2412 "Settings" 2412 "main"
I/TaskTracer( 2412): 2 10398115823696 1392783811287592
I/TaskTracer( 2412): 1 10363756085374 1392783811289027 2412 "Settings" 2412 "main"
I/TaskTracer( 2412): 1 10363756085373 1392783811289515 2412 "Settings" 2412 "main"
I/TaskTracer( 2412): 3 10363756085373 1392783811290430 "[nsEventDispatcher::Dispatch] Event name: (null)"
I/TaskTracer( 2412): 3 10363756085373 1392783811291651 "[nsEventDispatcher::Dispatch] Event name: (null)"
I/TaskTracer( 2412): 0 10359461118125 1392783811292963 9715216025834 1 10363756085373
I/TaskTracer( 2412): 4 10359461118125 0x41bb5f40
I/TaskTracer( 2412): 1 10359461118125 1392783811293757 2412 "(Preallocated app)" 2413 "Chrome_ChildThread"
I/TaskTracer( 2412): 2 10359461118125 1392783811293848
I/TaskTracer( 2262): 0 9745280795690 1392783811294062 9715216025834 1 10359461118125
I/TaskTracer( 2262): 4 9745280795690 0x420a5ee0
I/TaskTracer( 2262): 0 9745280795691 1392783811294184 9715216025834 1 10359461118125
I/TaskTracer( 2262): 4 9745280795691 0x420a6080
I/TaskTracer( 2262): 1 9745280795691 1392783811294581 2262 "b2g" 2262 "main"
I/TaskTracer( 2262): 1 9745280795690 1392783811294672 2262 "b2g" 2262 "main"
I/TaskTracer( 2262): 2 9745280795690 1392783811294794
I/TaskTracer( 2262): 2 9745280795691 1392783811294855
I/TaskTracer( 2262): 0 10488310136836 1392783811297114 9715216025834 1 9715216026041
I/TaskTracer( 2262): 4 10488310136836 0x420f6338
I/TaskTracer( 2262): 1 10488310136836 1392783811297511 2262 "b2g" 2262 "main"
I/TaskTracer( 2262): 3 10488310136836 1392783811297694 "[nsEventDispatcher::Dispatch] Event name: complete"
I/TaskTracer( 2262): 0 9715216026056 1392783811297816 9715216025834 1 10488310136836
I/TaskTracer( 2262): 4 9715216026056 0x420a5f40
I/TaskTracer( 2262): 2 10488310136836 1392783811297968
I/TaskTracer( 2262): 1 9715216026056 1392783811298701 2262 "b2g" 2269 "Gecko_IOThread"
I/TaskTracer( 2262): 2 9715216026056 1392783811298823
I/TaskTracer( 2412): 0 10363756085375 1392783811305903 9715216025834 1 9715216026056
I/TaskTracer( 2412): 4 10363756085375 0x41bb5ee0
I/TaskTracer( 2412): 0 10363756085376 1392783811306086 9715216025834 1 9715216026056
I/TaskTracer( 2412): 4 10363756085376 0x41bb6080
I/TaskTracer( 2412): 2 10363756085373 1392783811307154
I/TaskTracer( 2412): 2 10363756085374 1392783811307581
I/TaskTracer( 2412): 1 10398115823698 1392783811308009 2412 "Settings" 2412 "main"
I/TaskTracer( 2412): 3 10398115823698 1392783811308894 "[nsEventDispatcher::Dispatch] Event name: transitionend"
I/TaskTracer( 2412): 0 10398115823759 1392783811311640 10398115823759 5 10398115823759
I/TaskTracer( 2412): 1 10398115823759 1392783811311732 2412 "(Preallocated app)" 2421 "Timer"
I/TaskTracer( 2412): 0 10398115823760 1392783811311823 10398115823759 5 10398115823759
I/TaskTracer( 2412): 4 10398115823760 0x41ba4520
I/TaskTracer( 2412): 2 10398115823759 1392783811311945
I/TaskTracer( 2262): 0 10462540333077 1392783811325373 9715216025834 1 9715216025837
I/TaskTracer( 2262): 4 10462540333077 0x420f4bc8
I/TaskTracer( 2262): 1 10462540333077 1392783811331355 2262 "b2g" 2262 "main"
I/TaskTracer( 2262): 0 9715216026057 1392783811331690 9715216025834 1 10462540333077
I/TaskTracer( 2262): 4 9715216026057 0x420a5f40
I/TaskTracer( 2262): 0 9715216026058 13927