I/TaskTracer( 4029): 0 17390322582946 1392792334518610 17390322582946 5 17390322582946
I/TaskTracer( 4029): 1 17390322582946 1392792334518702 4029 "b2g" 4049 "Timer"
I/TaskTracer( 4029): 0 17390322582947 1392792334518763 17390322582946 5 17390322582946
I/TaskTracer( 4029): 4 17390322582947 0x421abe20
I/TaskTracer( 4029): 2 17390322582946 1392792334518916
I/TaskTracer( 4029): 1 17390322582947 1392792334519587 4029 "b2g" 4029 "main"
I/TaskTracer( 4029): 2 17390322582947 1392792334524348
I/TaskTracer( 4029): 0 17390322582948 1392792334527064 17390322582948 5 17390322582948
I/TaskTracer( 4029): 1 17390322582948 1392792334527186 4029 "b2g" 4049 "Timer"
I/TaskTracer( 4029): 0 17390322582949 1392792334527247 17390322582948 5 17390322582948
I/TaskTracer( 4029): 4 17390322582949 0x421abe20
I/TaskTracer( 4029): 2 17390322582948 1392792334527399
I/TaskTracer( 4029): 1 17390322582949 1392792334528132 4029 "b2g" 4029 "main"
I/TaskTracer( 4029): 0 17304423238140 1392792334529047 17390322582948 5 17390322582949
I/TaskTracer( 4029): 4 17304423238140 0x421ebeb0
I/TaskTracer( 4029): 1 17304423238140 1392792334529658 4029 "b2g" 4045 "wifi control"
I/TaskTracer( 4029): 2 17390322582949 1392792334530848
I/TaskTracer( 4029): 0 17373142712412 1392792334533289 17390322582948 5 17304423238140
I/TaskTracer( 4029): 4 17373142712412 0x421ebed0
I/TaskTracer( 4029): 2 17304423238140 1392792334533442
I/TaskTracer( 4029): 1 17373142712412 1392792334534113 4029 "b2g" 4029 "main"
I/TaskTracer( 4029): 1 17411797418600 1392792334534937 4029 "b2g" 4054 "Compositor"
I/TaskTracer( 4029): 2 17411797418600 1392792334535029
I/TaskTracer( 4029): 1 17411797418601 1392792334535090 4029 "b2g" 4054 "Compositor"
I/TaskTracer( 4029): 2 17411797418601 1392792334535120
I/TaskTracer( 4029): 0 17390322582950 1392792334536585 17390322582950 5 17390322582950
I/TaskTracer( 4029): 1 17390322582950 1392792334536677 4029 "b2g" 4049 "Timer"
I/TaskTracer( 4029): 0 17390322582951 1392792334536738 17390322582950 5 17390322582950
I/TaskTracer( 4029): 4 17390322582951 0x421abe20
I/TaskTracer( 4029): 2 17390322582950 1392792334536890
I/TaskTracer( 4029): 3 17373142712412 1392792334536463 "[nsFrameMessageManager::SendAsyncMessage] type:WifiManager:connectionInfoUpdate"
I/TaskTracer( 4029): 0 17304423238141 1392792334538020 17390322582948 5 17373142712412
I/TaskTracer( 4029): 4 17304423238141 0x4221bf28
I/TaskTracer( 4029): 2 17373142712412 1392792334538905
I/TaskTracer( 4029): 1 17390322582951 1392792334539332 4029 "b2g" 4029 "main"
I/TaskTracer( 4029): 0 17390322582952 1392792334541102 17390322582952 5 17390322582952
I/TaskTracer( 4029): 1 17390322582952 1392792334541224 4029 "b2g" 4049 "Timer"
I/TaskTracer( 4029): 0 17390322582953 1392792334541285 17390322582952 5 17390322582952
I/TaskTracer( 4029): 4 17390322582953 0x421abe20
I/TaskTracer( 4029): 2 17390322582952 1392792334541407
I/TaskTracer( 4029): 2 17390322582951 1392792334545405
I/TaskTracer( 4029): 1 17304423238141 1392792334546076 4029 "b2g" 4029 "main"
I/TaskTracer( 4029): 2 17304423238141 1392792334547999
I/TaskTracer( 4029): 1 17390322582953 1392792334548579 4029 "b2g" 4029 "main"
I/TaskTracer( 4029): 2 17390322582953 1392792334549097
I/TaskTracer( 4134): 0 17794049508073 1392792334549860 17794049508073 5 17794049508073
I/TaskTracer( 4134): 1 17794049508073 1392792334549952 4134 "(Preallocated app)" 4143 "Timer"
I/TaskTracer( 4134): 0 17794049508074 1392792334550013 17794049508073 5 17794049508073
I/TaskTracer( 4134): 4 17794049508074 0x41ba3e20
I/TaskTracer( 4134): 2 17794049508073 1392792334550166
I/TaskTracer( 4134): 1 17794049508074 1392792334550623 4134 "Homescreen" 4134 "main"
I/TaskTracer( 4134): 2 17794049508074 1392792334550745
I/TaskTracer( 4029): 0 17390322582954 1392792334552607 17390322582954 5 17390322582954
I/TaskTracer( 4029): 1 17390322582954 1392792334552699 4029 "b2g" 4049 "Timer"
I/TaskTracer( 4029): 0 17390322582955 1392792334552760 17390322582954 5 17390322582954
I/TaskTracer( 4029): 4 17390322582955 0x421abe20
I/TaskTracer( 4029): 2 17390322582954 1392792334552882
I/TaskTracer( 4029): 1 17390322582955 1392792334553858 4029 "b2g" 4029 "main"
I/TaskTracer( 4029): 1 17411797418603 1392792334555231 4029 "b2g" 4054 "Compositor"
I/TaskTracer( 4029): 2 17411797418603 1392792334555323
I/TaskTracer( 4029): 1 17411797418604 1392792334555384 4029 "b2g" 4054 "Compositor"
I/TaskTracer( 4029): 2 17411797418604 1392792334555415
I/TaskTracer( 4029): 2 17390322582955 1392792334559687
I/TaskTracer( 4029): 0 17390322582956 1392792334569453 17390322582956 5 17390322582956
I/TaskTracer( 4029): 1 17390322582956 1392792334569544 4029 "b2g" 4049 "Timer"
I/TaskTracer( 4029): 0 17390322582957 1392792334569605 17390322582956 5 17390322582956
I/TaskTracer( 4029): 4 17390322582957 0x421abe20
I/TaskTracer( 4029): 2 17390322582956 1392792334569758
I/TaskTracer( 4029): 1 17390322582957 1392792334570460 4029 "b2g" 4029 "main"
I/TaskTracer( 4029): 2 17390322582957 1392792334575251
I/TaskTracer( 4029): 1 17411797418606 1392792334577143 4029 "b2g" 4054 "Compositor"
I/TaskTracer( 4029): 2 17411797418606 1392792334577235
I/TaskTracer( 4029): 1 17411797418607 1392792334577296 4029 "b2g" 4054 "Compositor"
I/TaskTracer( 4029): 2 17411797418607 1392792334577357
I/TaskTracer( 4029): 0 17390322582958 1392792334586115 17390322582958 5 17390322582958
I/TaskTracer( 4029): 1 17390322582958 1392792334586207 4029 "b2g" 4049 "Timer"
I/TaskTracer( 4029): 0 17390322582959 1392792334586268 17390322582958 5 17390322582958
I/TaskTracer( 4029): 4 17390322582959 0x421abe20
I/TaskTracer( 4029): 2 17390322582958 1392792334586390
I/TaskTracer( 4029): 1 17390322582959 1392792334587031 4029 "b2g" 4029 "main"
I/TaskTracer( 4029): 2 17390322582959 1392792334591547
I/TaskTracer( 4029): 1 17411797418609 1392792334600184 4029 "b2g" 4054 "Compositor"
I/TaskTracer( 4029): 2 17411797418609 1392792334600275
I/TaskTracer( 4029): 1 17411797418610 1392792334600336 4029 "b2g" 4054 "Compositor"
I/TaskTracer( 4029): 2 17411797418610 1392792334600397
I/TaskTracer( 4029): 0 17390322582960 1392792334602656 17390322582960 5 17390322582960
I/TaskTracer( 4029): 1 17390322582960 1392792334602747 4029 "b2g" 4049 "Timer"
I/TaskTracer( 4029): 0 17390322582961 1392792334602808 17390322582960 5 17390322582960
I/TaskTracer( 4029): 4 17390322582961 0x421abe20
I/TaskTracer( 4029): 2 17390322582960 1392792334602961
I/TaskTracer( 4029): 1 17390322582961 1392792334605189 4029 "b2g" 4029 "main"
I/TaskTracer( 4029): 2 17390322582961 1392792334613184
I/TaskTracer( 4029): 1 17411797418613 1392792334618983 4029 "b2g" 4054 "Compositor"
I/TaskTracer( 4029): 2 17411797418613 1392792334619105
I/TaskTracer( 4029): 0 17390322582962 1392792334619532 17390322582962 5 17390322582962
I/TaskTracer( 4029): 1 17390322582962 1392792334619715 4029 "b2g" 4049 "Timer"
I/TaskTracer( 4029): 0 17390322582963 1392792334619807 17390322582962 5 17390322582962
I/TaskTracer( 4029): 4 17390322582963 0x421abe20
I/TaskTracer( 4029): 2 17390322582962 1392792334620051
I/TaskTracer( 4029): 1 17411797418614 1392792334621302 4029 "b2g" 4054 "Compositor"
I/TaskTracer( 4029): 2 17411797418614 1392792334621424
I/TaskTracer( 4029): 1 17390322582963 1392792334622401 4029 "b2g" 4029 "main"
I/TaskTracer( 4212): 0 18129056956531 1392792334624812 18129056956531 5 18129056956531
I/TaskTracer( 4212): 1 18129056956531 1392792334624995 4212 "(Preallocated app)" 4221 "Timer"
I/TaskTracer( 4212): 0 18129056956532 1392792334625086 18129056956531 5 18129056956531
I/TaskTracer( 4212): 4 18129056956532 0x41ba3e20
I/TaskTracer( 4212): 2 18129056956531 1392792334625330
I/TaskTracer( 4212): 1 18129056956532 1392792334626154 4212 "Built-in Keyboard" 4212 "main"
I/TaskTracer( 4212): 2 18129056956532 1392792334626307
I/TaskTracer( 4029): 2 17390322582963 1392792334633784
I/TaskTracer( 4029): 0 17390322582964 1392792334635432 17390322582964 5 17390322582964
I/TaskTracer( 4029): 1 17390322582964 1392792334635584 4029 "b2g" 4049 "Timer"
I/TaskTracer( 4029): 0 17390322582965 1392792334635706 17390322582964 5 17390322582964
I/TaskTracer( 4029): 4 17390322582965 0x421abe20
I/TaskTracer( 4029): 2 17390322582964 1392792334635920
I/TaskTracer( 4029): 1 17390322582965 1392792334637263 4029 "b2g" 4029 "main"
I/TaskTracer( 4029): 1 17411797418620 1392792334640070 4029 "b2g" 4054 "Compositor"
I/TaskTracer( 4029): 2 17411797418620 1392792334640223
I/TaskTracer( 4029): 1 17411797418621 1392792334640314 4029 "b2g" 4054 "Compositor"
I/TaskTracer( 4029): 2 17411797418621 1392792334640406
I/TaskTracer( 4029): 2 17390322582965 1392792334647334
I/TaskTracer( 4029): 0 17390322582966 1392792334649165 17390322582966 5 17390322582966
I/TaskTracer( 4029): 1 17390322582966 1392792334649317 4029 "b2g" 4049 "Timer"
I/TaskTracer( 4029): 0 17390322582967 1392792334649439 17390322582966 5 17390322582966
I/TaskTracer( 4029): 4 17390322582967 0x421abe20
I/TaskTracer( 4029): 2 17390322582966 1392792334649653
I/TaskTracer( 4029): 1 17390322582967 1392792334650904 4029 "b2g" 4029 "main"
I/TaskTracer( 4134): 0 17794049508075 1392792334651637 17794049508075 5 17794049508075
I/TaskTracer( 4134): 1 17794049508075 1392792334651820 4134 "(Preallocated app)" 4143 "Timer"
I/TaskTracer( 4134): 0 17794049508076 1392792334651972 17794049508075 5 17794049508075
I/TaskTracer( 4134): 4 17794049508076 0x41ba3e20
I/TaskTracer( 4134): 2 17794049508075 1392792334652186
I/TaskTracer( 4134): 1 17794049508076 1392792334652369 4134 "Homescreen" 4134 "main"
I/TaskTracer( 4134): 2 17794049508076 1392792334652583
I/TaskTracer( 4029): 0 17390322582968 1392792334653010 17390322582968 5 17390322582968
I/TaskTracer( 4029): 1 17390322582968 1392792334654261 4029 "b2g" 4049 "Timer"
I/TaskTracer( 4029): 0 17390322582969 1392792334654414 17390322582968 5 17390322582968
I/TaskTracer( 4029): 4 17390322582969 0x421abe20
I/TaskTracer( 4029): 2 17390322582968 1392792334654627
I/TaskTracer( 4029): 2 17390322582967 1392792334657252
I/TaskTracer( 4029): 1 17390322582969 1392792334658289 4029 "b2g" 4029 "main"
I/TaskTracer( 4029): 2 17390322582969 1392792334666651
I/TaskTracer( 4134): 0 17794049508077 1392792334669062 17794049508077 5 17794049508077
I/TaskTracer( 4134): 1 17794049508077 1392792334669184 4134 "(Preallocated app)" 4143 "Timer"
I/TaskTracer( 4134): 0 17794049508078 1392792334669245 17794049508077 5 17794049508077
I/TaskTracer( 4134): 4 17794049508078 0x41ba3e20
I/TaskTracer( 4134): 2 17794049508077 1392792334669398
I/TaskTracer( 4134): 1 17794049508078 1392792334669917 4134 "Homescreen" 4134 "main"
I/TaskTracer( 4029): 0 17390322582970 1392792334673151 17390322582970 5 17390322582970
I/TaskTracer( 4029): 1 17390322582970 1392792334673273 4029 "b2g" 4049 "Timer"
I/TaskTracer( 4029): 0 17390322582971 1392792334673335 17390322582970 5 17390322582970
I/TaskTracer( 4029): 4 17390322582971 0x421abe20
I/TaskTracer( 4029): 2 17390322582970 1392792334673487
I/TaskTracer( 4029): 1 17390322582971 1392792334674799 4029 "b2g" 4029 "main"
I/TaskTracer( 4029): 2 17390322582971 1392792334679469
I/TaskTracer( 4134): 0 17755394802603 1392792334681788 17794049508077 5 17794049508078
I/TaskTracer( 4134): 4 17755394802603 0x41bb5840
I/TaskTracer( 4134): 1 17755394802603 1392792334682887 4134 "Homescreen" 4135 "Chrome_ChildThread"
I/TaskTracer( 4029): 0 17334488008122 1392792334683192 17794049508077 5 17755394802603
I/TaskTracer( 4029): 4 17334488008122 0x421bd7e0
I/TaskTracer( 4029): 1 17334488008122 1392792334683436 4029 "b2g" 4054 "Compositor"
I/TaskTracer( 4029): 0 17411797418630 1392792334683802 17794049508077 5 17334488008122
I/TaskTracer( 4029): 4 17411797418630 0x421d5660
I/TaskTracer( 4029): 2 17334488008122 1392792334683924
I/TaskTracer( 4029): 1 17411797418630 1392792334683985 4029 "b2g" 4054 "Compositor"
I/TaskTracer( 4029): 0 17411797418631 1392792334684077 17794049508077 5 17411797418630
I/TaskTracer( 4029): 4 17411797418631 0x421d53d0
I/TaskTracer( 4029): 0 17411797418632 1392792334684229 17794049508077 5 17411797418630
I/TaskTracer( 4029): 4 17411797418632 0x421d53d0
I/TaskTracer( 4029): 0 17390322582972 1392792334685694 17390322582972 5 17390322582972
I/TaskTracer( 4029): 1 17390322582972 1392792334685786 4029 "b2g" 4049 "Timer"
I/TaskTracer( 4029): 0 17390322582973 1392792334685877 17390322582972 5 17390322582972
I/TaskTracer( 4029): 4 17390322582973 0x421abe20
I/TaskTracer( 4029): 2 17390322582972 1392792334686030
I/TaskTracer( 4134): 0 17794049508079 1392792334687220 17794049508079 5 17794049508079
I/TaskTracer( 4134): 1 17794049508079 1392792334687342 4134 "(Preallocated app)" 4143 "Timer"
I/TaskTracer( 4134): 0 17794049508080 1392792334687403 17794049508079 5 17794049508079
I/TaskTracer( 4134): 4 17794049508080 0x41ba3e20
I/TaskTracer( 4134): 2 17794049508079 1392792334687556
I/TaskTracer( 4134): 2 17755394802603 1392792334683009
I/TaskTracer( 4134): 2 17794049508078 1392792334691065
I/TaskTracer( 4134): 1 17794049508080 1392792334691889 4134 "Homescreen" 4134 "main"
I/TaskTracer( 4134): 2 17794049508080 1392792334693140
I/TaskTracer( 4029): 2 17411797418630 1392792334694178
I/TaskTracer( 4029): 1 17390322582973 1392792334695032 4029 "b2g" 4029 "main"
I/TaskTracer( 4029): 2 17390322582973 1392792334700220
I/TaskTracer( 4029): 0 17390322582974 1392792334701991 17390322582974 5 17390322582974
I/TaskTracer( 4029): 1 17390322582974 1392792334702082 4029 "b2g" 4049 "Timer"
I/TaskTracer( 4029): 0 17390322582975 1392792334702143 17390322582974 5 17390322582974
I/TaskTracer( 4029): 4 17390322582975 0x421abe20
I/TaskTracer( 4029): 2 17390322582974 1392792334702296
I/TaskTracer( 4029): 1 17390322582975 1392792334703089 4029 "b2g" 4029 "main"
I/TaskTracer( 4029): 2 17390322582975 1392792334707697
I/TaskTracer( 4029): 1 17411797418624 1392792334717310 4029 "b2g" 4054 "Compositor"
I/TaskTracer( 4029): 2 17411797418624 1392792334717402
I/TaskTracer( 4029): 1 17411797418625 1392792334718348 4029 "b2g" 4054 "Compositor"
I/TaskTracer( 4029): 2 17411797418625 1392792334718409
I/TaskTracer( 4029): 0 17390322582976 1392792334718714 17390322582976 5 17390322582976
I/TaskTracer( 4029): 1 17390322582976 1392792334718806 4029 "b2g" 4049 "Timer"
I/TaskTracer( 4029): 0 17390322582977 1392792334718867 17390322582976 5 17390322582976
I/TaskTracer( 4029): 4 17390322582977 0x421abe20
I/TaskTracer( 4029): 2 17390322582976 1392792334719019
I/TaskTracer( 4029): 1 17390322582977 1392792334719874 4029 "b2g" 4029 "main"
I/TaskTracer( 4029): 2 17390322582977 1392792334724818
I/TaskTracer( 4029): 0 17390322582978 1392792334735499 17390322582978 5 17390322582978
I/TaskTracer( 4029): 1 17390322582978 1392792334735590 4029 "b2g" 4049 "Timer"
I/TaskTracer( 4029): 0 17390322582979 1392792334735651 17390322582978 5 17390322582978
I/TaskTracer( 4029): 4 17390322582979 0x421abe20
I/TaskTracer( 4029): 2 17390322582978 1392792334735804
I/TaskTracer( 4029): 1 17390322582979 1392792334736506 4029 "b2g" 4029 "main"
I/TaskTracer( 4029): 2 17390322582979 1392792334741053
I/TaskTracer( 4134): 0 17794049508081 1392792334747889 17794049508081 5 17794049508081
I/TaskTracer( 4134): 1 17794049508081 1392792334747980 4134 "(Preallocated app)" 4143 "Timer"
I/TaskTracer( 4134): 0 17794049508082 1392792334748042 17794049508081 5 17794049508081
I/TaskTracer( 4134): 4 17794049508082 0x41ba3e20
I/TaskTracer( 4134): 2 17794049508081 1392792334748194
I/TaskTracer( 4134): 1 17794049508082 1392792334748347 4134 "Homescreen" 4134 "main"
I/TaskTracer( 4134): 2 17794049508082 1392792334748408
I/TaskTracer( 4029): 0 17390322582980 1392792334752100 17390322582980 5 17390322582980
I/TaskTracer( 4029): 1 17390322582980 1392792334752192 4029 "b2g" 4049 "Timer"
I/TaskTracer( 4029): 0 17390322582981 1392792334752253 17390322582980 5 17390322582980
I/TaskTracer( 4029): 4 17390322582981 0x421abe20
I/TaskTracer( 4029): 2 17390322582980 1392792334752375
I/TaskTracer( 4029): 1 17390322582981 1392792334754359 4029 "b2g" 4029 "main"
I/TaskTracer( 4029): 0 17390322582982 1392792334757716 17390322582982 5 17390322582982
I/TaskTracer( 4029): 1 17390322582982 1392792334757899 4029 "b2g" 4049 "Timer"
I/TaskTracer( 4029): 0 17390322582983 1392792334758021 17390322582982 5 17390322582982
I/TaskTracer( 4029): 4 17390322582983 0x421abe20
I/TaskTracer( 4029): 2 17390322582982 1392792334758234
I/TaskTracer( 4029): 2 17390322582981 1392792334763361
I/TaskTracer( 4029): 1 17390322582983 1392792334764491 4029 "b2g" 4029 "main"
I/TaskTracer( 4029): 2 17390322582983 1392792334765101
I/TaskTracer( 4029): 0 17390322582984 1392792334769465 17390322582984 5 17390322582984
I/TaskTracer( 4029): 1 17390322582984 1392792334769617 4029 "b2g" 4049 "Timer"
I/TaskTracer( 4029): 0 17390322582985 1392792334769709 17390322582984 5 17390322582984
I/TaskTracer( 4029): 4 17390322582985 0x421abe20
I/TaskTracer( 4029): 2 17390322582984 1392792334769953
I/TaskTracer( 4029): 1 17390322582985 1392792334771174 4029 "b2g" 4029 "main"
I/TaskTracer( 4029): 1 17411797418628 1392792334772547 4029 "b2g" 4054 "Compositor"
I/TaskTracer( 4029): 2 17411797418628 1392792334772669
I/TaskTracer( 4029): 1 17411797418629 1392792334773951 4029 "b2g" 4054 "Compositor"
I/TaskTracer( 4029): 2 17411797418629 1392792334774073
I/TaskTracer( 4029): 0 17390322582986 1392792334778223 17390322582986 5 17390322582986
I/TaskTracer( 4029): 1 17390322582986 1392792334778376 4029 "b2g" 4049 "Timer"
I/TaskTracer( 4029): 0 17390322582987 1392792334778498 17390322582986 5 17390322582986
I/TaskTracer( 4029): 4 17390322582987 0x421abe20
I/TaskTracer( 4029): 2 17390322582986 1392792334778742
I/TaskTracer( 4029): 2 17390322582985 1392792334782618
I/TaskTracer( 4029): 1 17390322582987 1392792334783564 4029 "b2g" 4029 "main"
I/TaskTracer( 4029): 2 17390322582987 1392792334784327
I/TaskTracer( 4029): 0 17390322582988 1392792334785975 17390322582988 5 17390322582988
I/TaskTracer( 4029): 1 17390322582988 1392792334786127 4029 "b2g" 4049 "Timer"
I/TaskTracer( 4029): 0 17390322582989 1392792334786250 17390322582988 5 17390322582988
I/TaskTracer( 4029): 4 17390322582989 0x421abe20
I/TaskTracer( 4029): 2 17390322582988 1392792334786463
I/TaskTracer( 4029): 1 17390322582989 1392792334787531 4029 "b2g" 4029 "main"
I/TaskTracer( 4029): 2 17390322582989 1392792334795466
I/TaskTracer( 4029): 0 17390322582990 1392792334802424 17390322582990 5 17390322582990
I/TaskTracer( 4029): 1 17390322582990 1392792334802607 4029 "b2g" 4049 "Timer"
I/TaskTracer( 4029): 0 17390322582991 1392792334802699 17390322582990 5 17390322582990
I/TaskTracer( 4029): 4 17390322582991 0x421abe20
I/TaskTracer( 4029): 2 17390322582990 1392792334802943
I/TaskTracer( 4029): 1 17390322582991 1392792334804224 4029 "b2g" 4029 "main"
I/TaskTracer( 4029): 2 17390322582991 1392792334812403
I/TaskTracer( 4029): 0 17390322582992 1392792334819453 17390322582992 5 17390322582992
I/TaskTracer( 4029): 1 17390322582992 1392792334819636 4029 "b2g" 4049 "Timer"
I/TaskTracer( 4029): 0 17390322582993 1392792334819727 17390322582992 5 17390322582992
I/TaskTracer( 4029): 4 17390322582993 0x421abe20
I/TaskTracer( 4029): 2 17390322582992 1392792334819971
I/TaskTracer( 4029): 1 17390322582993 1392792334821009 4029 "b2g" 4029 "main"
I/TaskTracer( 4029): 2 17390322582993 1392792334829127
I/TaskTracer( 4029): 0 17390322582994 1392792334835902 17390322582994 5 17390322582994
I/TaskTracer( 4029): 1 17390322582994 1392792334836085 4029 "b2g" 4049 "Timer"
I/TaskTracer( 4029): 0 17390322582995 1392792334836176 17390322582994 5 17390322582994
I/TaskTracer( 4029): 4 17390322582995 0x421abe20
I/TaskTracer( 4029): 2 17390322582994 1392792334836420
I/TaskTracer( 4029): 1 17390322582995 1392792334837428 4029 "b2g" 4029 "main"
I/TaskTracer( 4029): 2 17390322582995 1392792334845423
I/TaskTracer( 4134): 0 17794049508083 1392792334848444 17794049508083 5 17794049508083
I/TaskTracer( 4134): 1 17794049508083 1392792334848597 4134 "(Preallocated app)" 4143 "Timer"
I/TaskTracer( 4134): 0 17794049508084 1392792334848719 17794049508083 5 17794049508083
I/TaskTracer( 4134): 4 17794049508084 0x41ba3e20
I/TaskTracer( 4134): 2 17794049508083 1392792334848963
I/TaskTracer( 4134): 1 17794049508084 1392792334849726 4134 "Homescreen" 4134 "main"
I/TaskTracer( 4134): 3 17794049508084 1392792334850001 "[nsCaret::DrawAtPositionWithHint] SchedulePaint to caret frame."
I/TaskTracer( 4134): 2 17794049508084 1392792334850184
I/TaskTracer( 4029): 0 17390322582996 1392792334852351 17390322582996 5 17390322582996
I/TaskTracer( 4029): 1 17390322582996 1392792334852534 4029 "b2g" 4049 "Timer"
I/TaskTracer( 4029): 0 17390322582997 1392792334852625 17390322582996 5 17390322582996
I/TaskTracer( 4029): 4 17390322582997 0x421abe20
I/TaskTracer( 4029): 2 17390322582996 1392792334852839
I/TaskTracer( 4029): 1 17390322582997 1392792334855402 4029 "b2g" 4029 "main"
I/TaskTracer( 4029): 2 17390322582997 1392792334863490
I/TaskTracer( 4029): 0 17390322582998 1392792334865107 17390322582998 5 17390322582998
I/TaskTracer( 4029): 1 17390322582998 1392792334865260 4029 "b2g" 4049 "Timer"
I/TaskTracer( 4029): 0 17390322582999 1392792334865351 17390322582998 5 17390322582998
I/TaskTracer( 4029): 4 17390322582999 0x421abe20
I/TaskTracer( 4029): 2 17390322582998 1392792334865565
I/TaskTracer( 4134): 0 17794049508085 1392792334866694 17794049508085 5 17794049508085
I/TaskTracer( 4134): 1 17794049508085 1392792334866877 4134 "(Preallocated app)" 4143 "Timer"
I/TaskTracer( 4134): 0 17794049508086 1392792334866999 17794049508085 5 17794049508085
I/TaskTracer( 4134): 4 17794049508086 0x41ba3e20
I/TaskTracer( 4134): 2 17794049508085 1392792334867213
I/TaskTracer( 4134): 1 17794049508086 1392792334867487 4134 "Homescreen" 4134 "main"
I/TaskTracer( 4029): 0 17390322583000 1392792334868830 17390322583000 5 17390322583000
I/TaskTracer( 4029): 1 17390322583000 1392792334869013 4029 "b2g" 4049 "Timer"
I/TaskTracer( 4029): 0 17390322583001 1392792334869135 17390322583000 5 17390322583000
I/TaskTracer( 4029): 4 17390322583001 0x421abe20
I/TaskTracer( 4029): 2 17390322583000 1392792334869318
I/TaskTracer( 4029): 1 17390322582999 1392792334873377 4029 "b2g" 4029 "main"
I/TaskTracer( 4029): 2 17390322582999 1392792334874567
I/TaskTracer( 4029): 1 17390322583001 1392792334875361 4029 "b2g" 4029 "main"
I/TaskTracer( 4134): 0 17794049508087 1392792334883204 17794049508087 5 17794049508087
I/TaskTracer( 4134): 1 17794049508087 1392792334883387 4134 "(Preallocated app)" 4143 "Timer"
I/TaskTracer( 4134): 0 17794049508088 1392792334883479 17794049508087 5 17794049508087
I/TaskTracer( 4134): 4 17794049508088 0x41ba3e20
I/TaskTracer( 4134): 2 17794049508087 1392792334883723
I/TaskTracer( 4029): 0 17390322583002 1392792334885615 17390322583002 5 17390322583002
I/TaskTracer( 4029): 1 17390322583002 1392792334885706 4029 "b2g" 4049 "Timer"
I/TaskTracer( 4029): 0 17390322583003 1392792334885798 17390322583002 5 17390322583002
I/TaskTracer( 4029): 4 17390322583003 0x421abe20
I/TaskTracer( 4029): 2 17390322583002 1392792334885920
I/TaskTracer( 4134): 0 17755394802604 1392792334889704 17794049508085 5 17794049508086
I/TaskTracer( 4134): 4 17755394802604 0x41bb5840
I/TaskTracer( 4134): 1 17755394802604 1392792334891077 4134 "Homescreen" 4135 "Chrome_ChildThread"
I/TaskTracer( 4134): 2 17755394802604 1392792334891199
I/TaskTracer( 4029): 0 17334488008123 1392792334891352 17794049508085 5 17755394802604
I/TaskTracer( 4029): 4 17334488008123 0x421bd7e0
I/TaskTracer( 4029): 1 17334488008123 1392792334891566 4029 "b2g" 4054 "Compositor"
I/TaskTracer( 4029): 0 17411797418633 1392792334892298 17794049508085 5 17334488008123
I/TaskTracer( 4029): 4 17411797418633 0x421d5660
I/TaskTracer( 4029): 0 17411797418634 1392792334892451 17794049508085 5 17334488008123
I/TaskTracer( 4029): 4 17411797418634 0x421bd840
I/TaskTracer( 4029): 2 17334488008123 1392792334892603
I/TaskTracer( 4029): 1 17411797418633 1392792334892664 4029 "b2g" 4054 "Compositor"
I/TaskTracer( 4029): 0 17411797418635 1392792334892786 17794049508085 5 17411797418633
I/TaskTracer( 4029): 4 17411797418635 0x421d53d0
I/TaskTracer( 4029): 0 17411797418636 1392792334892939 17794049508085 5 17411797418633
I/TaskTracer( 4029): 4 17411797418636 0x421d53d0
I/TaskTracer( 4029): 1 17411797418634 1392792334894892 4029 "b2g" 4036 "Gecko_IOThread"
I/TaskTracer( 4029): 2 17411797418634 1392792334895014
I/TaskTracer( 4029): 2 17390322583001 1392792334898707
I/TaskTracer( 4134): 3 17794049508086 1392792334900782 "[nsEventDispatcher::Dispatch] Event name: MozAfterPaint"
I/TaskTracer( 4134): 2 17794049508086 1392792334901301
I/TaskTracer( 4134): 1 17794049508088 1392792334901850 4134 "Homescreen" 4134 "main"
I/TaskTracer( 4029): 1 17390322583003 1392792334902827 4029 "b2g" 4029 "main"
I/TaskTracer( 4134): 2 17794049508088 1392792334903284
I/TaskTracer( 4029): 2 17411797418633 1392792334904322
I/TaskTracer( 4029): 2 17390322583003 1392792334909235
I/TaskTracer( 4029): 0 17390322583004 1392792334919215 17390322583004 5 17390322583004
I/TaskTracer( 4029): 1 17390322583004 1392792334919306 4029 "b2g" 4049 "Timer"
I/TaskTracer( 4029): 0 17390322583005 1392792334919398 17390322583004 5 17390322583004
I/TaskTracer( 4029): 4 17390322583005 0x421abe20
I/TaskTracer( 4029): 2 17390322583004 1392792334919550
I/TaskTracer( 4029): 1 17390322583005 1392792334920252 4029 "b2g" 4029 "main"
I/TaskTracer( 4029): 2 17390322583005 1392792334925074
I/TaskTracer( 4029): 0 17390322583006 1392792334935877 17390322583006 5 17390322583006
I/TaskTracer( 4029): 1 17390322583006 1392792334935969 4029 "b2g" 4049 "Timer"
I/TaskTracer( 4029): 0 17390322583007 1392792334936030 17390322583006 5 17390322583006
I/TaskTracer( 4029): 4 17390322583007 0x421abe20
I/TaskTracer( 4029): 2 17390322583006 1392792334936182
I/TaskTracer( 4029): 1 17390322583007 1392792334936823 4029 "b2g" 4029 "main"
I/TaskTracer( 4029): 3 17390322583007 1392792334937403 "[nsEventDispatcher::Dispatch] Event name: transitionend"
I/TaskTracer( 4029): 2 17390322583007 1392792334941981
I/TaskTracer( 4029): 0 17390322583008 1392792334952418 17390322583008 5 17390322583008
I/TaskTracer( 4029): 1 17390322583008 1392792334952509 4029 "b2g" 4049 "Timer"
I/TaskTracer( 4029): 0 17390322583009 1392792334952570 17390322583008 5 17390322583008
I/TaskTracer( 4029): 4 17390322583009 0x421abe20
I/TaskTracer( 4029): 2 17390322583008 1392792334952723
I/TaskTracer( 4029): 1 17390322583009 1392792334955439 4029 "b2g" 4029 "main"
I/TaskTracer( 4029): 2 17390322583009 1392792334957178
I/TaskTracer( 4029): 0 17390322583010 1392792334969172 17390322583010 5 17390322583010
I/TaskTracer( 4029): 1 17390322583010 1392792334969324 4029 "b2g" 4049 "Timer"
I/TaskTracer( 4029): 0 17390322583011 1392792334969447 17390322583010 5 17390322583010
I/TaskTracer( 4029): 4 17390322583011 0x421abe20
I/TaskTracer( 4029): 2 17390322583010 1392792334969660
I/TaskTracer( 4029): 1 17390322583011 1392792334970850 4029 "b2g" 4029 "main"
I/TaskTracer( 4029): 2 17390322583011 1392792334971522
I/TaskTracer( 4029): 0 17390322583012 1392792334974574 17390322583012 5 17390322583012
I/TaskTracer( 4029): 1 17390322583012 1392792334974726 4029 "b2g" 4049 "Timer"
I/TaskTracer( 4029): 0 17390322583013 1392792334974818 17390322583012 5 17390322583012
I/TaskTracer( 4029): 4 17390322583013 0x421abe20
I/TaskTracer( 4029): 2 17390322583012 1392792334975031
I/TaskTracer( 4029): 1 17390322583013 1392792334976038 4029 "b2g" 4029 "main"
I/TaskTracer( 4029): 2 17390322583013 1392792334976801
I/TaskTracer( 4029): 1 17411797418631 1392792334984339 4029 "b2g" 4054 "Compositor"
I/TaskTracer( 4029): 2 17411797418631 1392792334984461
I/TaskTracer( 4029): 1 17411797418632 1392792334984553 4029 "b2g" 4054 "Compositor"
I/TaskTracer( 4029): 2 17411797418632 1392792334984644
I/TaskTracer( 4212): 0 18129056956533 1392792335026698 18129056956533 5 18129056956533
I/TaskTracer( 4212): 1 18129056956533 1392792335027003 4212 "(Preallocated app)" 4221 "Timer"
I/TaskTracer( 4212): 0 18129056956534 1392792335027216 18129056956533 5 18129056956533
I/TaskTracer( 4212): 4 18129056956534 0x41ba3e20
I/TaskTracer( 4212): 1 18129056956534 1392792335027735 4212 "Built-in Keyboard" 4212 "main"
I/TaskTracer( 4212): 2 18129056956534 1392792335027979
I/TaskTracer( 4212): 2 18129056956533 1392792335028315
I/TaskTracer( 4212): 0 18129056956535 1392792335045679 18129056956535 5 18129056956535
I/TaskTracer( 4212): 1 18129056956535 1392792335045985 4212 "(Preallocated app)" 4221 "Timer"
I/TaskTracer( 4212): 0 18129056956536 1392792335046168 18129056956535 5 18129056956535
I/TaskTracer( 4212): 4 18129056956536 0x41ba3e20
I/TaskTracer( 4212): 1 18129056956536 1392792335046687 4212 "Built-in Keyboard" 4212 "main"
I/TaskTracer( 4212): 2 18129056956536 1392792335046900
I/TaskTracer( 4212): 2 18129056956535 1392792335047236
I/TaskTracer( 4029): 0 17390322583014 1392792335076960 17390322583014 5 17390322583014
I/TaskTracer( 4029): 1 17390322583014 1392792335077235 4029 "b2g" 4049 "Timer"
I/TaskTracer( 4029): 0 17390322583015 1392792335077448 17390322583014 5 17390322583014
I/TaskTracer( 4029): 4 17390322583015 0x421abe20
I/TaskTracer( 4029): 2 17390322583014 1392792335077845
I/TaskTracer( 4029): 1 17390322583015 1392792335078211 4029 "b2g" 4029 "main"
I/TaskTracer( 4029): 2 17390322583015 1392792335078455
I/TaskTracer( 4029): 0 17304423238142 1392792335128504 17304423238142 1 17304423238142
I/TaskTracer( 4029): 1 17304423238142 1392792335128779 4029 "b2g" 4029 "main"
I/TaskTracer( 4029): 3 17304423238142 1392792335129023 "Touch at (33, 359)"
I/TaskTracer( 4029): 0 17304423238143 1392792335129420 17304423238142 1 17304423238142
I/TaskTracer( 4029): 4 17304423238143 0x421fa630
I/TaskTracer( 4029): 3 17304423238142 1392792335135950 "[nsEventDispatcher::Dispatch] Event name: touchstart"
I/TaskTracer( 4029): 0 17304423238144 1392792335140742 17304423238142 1 17304423238142
I/TaskTracer( 4029): 4 17304423238144 0x421d53d0
I/TaskTracer( 4029): 0 17304423238145 1392792335141810 17304423238142 1 17304423238142
I/TaskTracer( 4265): 0 18356690223121 1392792335142084 18356690223121 5 18356690223121
I/TaskTracer( 4029): 4 17304423238145 0x421bd980
I/TaskTracer( 4029): 0 17304423238146 1392792335142970 17304423238142 1 17304423238142
I/TaskTracer( 4029): 4 17304423238146 0x421bd840
I/TaskTracer( 4029): 1 17304423238146 1392792335143916 4029 "b2g" 4036 "Gecko_IOThread"
I/TaskTracer( 4029): 2 17304423238146 1392792335144038
I/TaskTracer( 4212): 0 18094697218249 1392792335144190 17304423238142 1 17304423238146
I/TaskTracer( 4212): 4 18094697218249 0x41bb57e0
I/TaskTracer( 4212): 0 18094697218250 1392792335144312 17304423238142 1 17304423238146
I/TaskTracer( 4212): 4 18094697218250 0x41bb5980
I/TaskTracer( 4212): 1 18094697218250 1392792335144556 4212 "Built-in Keyboard" 4212 "main"
I/TaskTracer( 4212): 1 18094697218249 1392792335144617 4212 "Built-in Keyboard" 4212 "main"
I/TaskTracer( 4212): 3 18094697218249 1392792335145747 "[nsEventDispatcher::Dispatch] Event name: touchstart"
I/TaskTracer( 4029): 0 17390322583016 1392792335146418 17390322583016 5 17390322583016
I/TaskTracer( 4029): 1 17390322583016 1392792335146510 4029 "b2g" 4049 "Timer"
I/TaskTracer( 4029): 0 17390322583017 1392792335146571 17390322583016 5 17390322583016
I/TaskTracer( 4029): 4 17390322583017 0x421abe20
I/TaskTracer( 4029): 2 17390322583016 1392792335146693
I/TaskTracer( 4134): 0 17794049508089 1392792335148890 17794049508089 5 17794049508089
I/TaskTracer( 4134): 1 17794049508089 1392792335149012 4134 "(Preallocated app)" 4143 "Timer"
I/TaskTracer( 4134): 0 17794049508090 1392792335149073 17794049508089 5 17794049508089
I/TaskTracer( 4134): 4 17794049508090 0x41ba3e20
I/TaskTracer( 4134): 2 17794049508089 1392792335149226
I/TaskTracer( 4134): 1 17794049508090 1392792335149378 4134 "Homescreen" 4134 "main"
I/TaskTracer( 4134): 2 17794049508090 1392792335149439
I/TaskTracer( 4029): 3 17304423238142 1392792335151209 "Capture? 0"
I/TaskTracer( 4029): 2 17304423238142 1392792335152064
I/TaskTracer( 4029): 0 17304423238147 1392792335152430 17304423238147 2 17304423238147
I/TaskTracer( 4029): 1 17304423238147 1392792335153132 4029 "b2g" 4029 "main"
I/TaskTracer( 4029): 3 17304423238147 1392792335153986 "Mouse at (33, 359)"
I/TaskTracer( 4029): 3 17304423238147 1392792335156550 "[nsEventDispatcher::Dispatch] Event name: mousedown"
I/TaskTracer( 4212): 0 18090402251018 1392792335158167 17304423238142 1 18094697218249
I/TaskTracer( 4212): 4 18090402251018 0x41bb5840
I/TaskTracer( 4212): 1 18090402251018 1392792335159144 4212 "Built-in Keyboard" 4213 "Chrome_ChildThread"
I/TaskTracer( 4212): 2 18090402251018 1392792335159266
I/TaskTracer( 4029): 0 17334488008124 1392792335159418 17304423238142 1 18090402251018
I/TaskTracer( 4029): 4 17334488008124 0x421bd7e0
I/TaskTracer( 4029): 0 17334488008125 1392792335159541 17304423238142 1 18090402251018
I/TaskTracer( 4029): 4 17334488008125 0x421bd980
I/TaskTracer( 4212): 0 18090402251019 1392792335160792 17304423238142 1 18094697218249
I/TaskTracer( 4212): 4 18090402251019 0x41c29af8
I/TaskTracer( 4212): 0 18090402251020 1392792335163142 17304423238142 1 18094697218249
I/TaskTracer( 4212): 4 18090402251020 0x41c29af8
I/TaskTracer( 4212): 0 18090402251021 1392792335164027 17304423238142 1 18094697218249
I/TaskTracer( 4212): 4 18090402251021 0x41c29af8
I/TaskTracer( 4029): 2 17304423238147 1392792335165217
I/TaskTracer( 4265): 1 18356690223121 1392792335165553 4265 "(Preallocated app)" 4274 "Timer"
I/TaskTracer( 4212): 0 18090402251022 1392792335166071 17304423238142 1 18094697218249
I/TaskTracer( 4029): 1 17304423238143 1392792335166529 4029 "b2g" 4029 "main"
I/TaskTracer( 4212): 4 18090402251022 0x41bb5840
I/TaskTracer( 4212): 1 18090402251022 1392792335167628 4212 "Built-in Keyboard" 4213 "Chrome_ChildThread"
I/TaskTracer( 4212): 2 18090402251022 1392792335167750
I/TaskTracer( 4029): 0 17334488008126 1392792335167902 17304423238142 1 18090402251022
I/TaskTracer( 4029): 4 17334488008126 0x421bd7e0
I/TaskTracer( 4029): 0 17334488008127 1392792335167994 17304423238142 1 18090402251022
I/TaskTracer( 4029): 4 17334488008127 0x421bd980
I/TaskTracer( 4029): 2 17304423238143 1392792335169154
I/TaskTracer( 4212): 0 18090402251023 1392792335171687 17304423238142 1 18094697218249
I/TaskTracer( 4029): 1 17304423238145 1392792335170008 4029 "b2g" 4029 "main"
I/TaskTracer( 4029): 1 17334488008124 1392792335173090 4029 "b2g" 4029 "main"
I/TaskTracer( 4212): 4 18090402251023 0x41bb5840
I/TaskTracer( 4212): 1 18090402251023 1392792335174769 4212 "Built-in Keyboard" 4213 "Chrome_ChildThread"
I/TaskTracer( 4212): 2 18090402251023 1392792335174921
I/TaskTracer( 4029): 0 17334488008128 1392792335175105 17304423238142 1 18090402251023
I/TaskTracer( 4029): 4 17334488008128 0x421bd7e0
I/TaskTracer( 4029): 0 17334488008129 1392792335175227 17304423238142 1 18090402251023
I/TaskTracer( 4029): 4 17334488008129 0x421bd980
I/TaskTracer( 4212): 2 18094697218249 1392792335176112
I/TaskTracer( 4212): 2 18094697218250 1392792335176508
I/TaskTracer( 4029): 0 17304423238148 1392792335178004 17304423238142 1 17334488008124
I/TaskTracer( 4029): 0 17390322583018 1392792335178522 17390322583018 5 17390322583018
I/TaskTracer( 4029): 1 17390322583018 1392792335178645 4029 "b2g" 4049 "Timer"
I/TaskTracer( 4029): 0 17390322583019 1392792335178706 17390322583018 5 17390322583018
I/TaskTracer( 4029): 4 17390322583019 0x421abe20
I/TaskTracer( 4029): 2 17390322583018 1392792335178828
I/TaskTracer( 4029): 4 17304423238148 0x42396ec0
I/TaskTracer( 4029): 0 17304423238149 1392792335179530 17304423238142 1 17334488008124
I/TaskTracer( 4029): 4 17304423238149 0x423992f0
I/TaskTracer( 4029): 2 17334488008124 1392792335180140
I/TaskTracer( 4029): 2 17304423238145 1392792335180201
I/TaskTracer( 4029): 1 17390322583017 1392792335180689 4029 "b2g" 4029 "main"
I/TaskTracer( 4029): 1 17304423238148 1392792335183283 4029 "b2g" 4280 ""
I/TaskTracer( 4029): 2 17304423238148 1392792335183833
I/TaskTracer( 4029): 0 17390322583020 1392792335184168 17390322583020 5 17390322583020
I/TaskTracer( 4029): 1 17390322583020 1392792335184260 4029 "b2g" 4049 "Timer"
I/TaskTracer( 4029): 0 17390322583021 1392792335184321 17390322583020 5 17390322583020
I/TaskTracer( 4029): 4 17390322583021 0x421abe20
I/TaskTracer( 4029): 2 17390322583020 1392792335184443
I/TaskTracer( 4029): 1 17304423238149 1392792335185267 4029 "b2g" 4280 ""
I/TaskTracer( 4212): 0 18129056956537 1392792335186366 18129056956537 5 18129056956537
I/TaskTracer( 4212): 1 18129056956537 1392792335186457 4212 "(Preallocated app)" 4221 "Timer"
I/TaskTracer( 4212): 0 18129056956538 1392792335186549 18129056956537 5 18129056956537
I/TaskTracer( 4212): 4 18129056956538 0x41ba3e20
I/TaskTracer( 4212): 2 18129056956537 1392792335186671
I/TaskTracer( 4212): 1 18090402251019 1392792335191370 4212 "Built-in Keyboard" 4212 "main"
I/TaskTracer( 4212): 3 18090402251019 1392792335192011 "[nsEventDispatcher::Dispatch] Event name: ratechange"
I/TaskTracer( 4212): 2 18090402251019 1392792335192500
I/TaskTracer( 4029): 1 17411797418635 1392792335193049 4029 "b2g" 4054 "Compositor"
I/TaskTracer( 4029): 2 17411797418635 1392792335193140
I/TaskTracer( 4029): 1 17411797418636 1392792335193201 4029 "b2g" 4054 "Compositor"
I/TaskTracer( 4029): 2 17411797418636 1392792335193262
I/TaskTracer( 4212): 1 18090402251020 1392792335192957 4212 "Built-in Keyboard" 4212 "main"
I/TaskTracer( 4212): 3 18090402251020 1392792335194392 "[nsEventDispatcher::Dispatch] Event name: play"
I/TaskTracer( 4212): 2 18090402251020 1392792335194819
I/TaskTracer( 4029): 0 17390322583022 1392792335196040 17390322583022 5 17390322583022
I/TaskTracer( 4029): 1 17390322583022 1392792335196131 4029 "b2g" 4049 "Timer"
I/TaskTracer( 4029): 0 17390322583023 1392792335196192 17390322583022 5 17390322583022
I/TaskTracer( 4029): 4 17390322583023 0x421abe20
I/TaskTracer( 4029): 2 17390322583022 1392792335196314
I/TaskTracer( 4212): 1 18090402251021 1392792335198298 4212 "Built-in Keyboard" 4212 "main"
I/TaskTracer( 4212): 3 18090402251021 1392792335198969 "[nsEventDispatcher::Dispatch] Event name: waiting"
I/TaskTracer( 4212): 2 18090402251021 1392792335199427
I/TaskTracer( 4212): 3 18090402251024 1392792335200312 "[nsEventDispatcher::Dispatch] Event name: loadstart"
I/TaskTracer( 4029): 3 17390322583017 1392792335201228 "[nsEventDispatcher::Dispatch] Event name: MozAfterPaint"
I/TaskTracer( 4029): 3 17390322583017 1392792335202570 "[nsEventDispatcher::Dispatch] Event name: MozAfterPaint"
I/TaskTracer( 4212): 1 18129056956538 1392792335209071 4212 "Built-in Keyboard" 4212 "main"
I/TaskTracer( 4265): 0 18356690223122 1392792335209223 18356690223121 5 18356690223121
I/TaskTracer( 4029): 2 17390322583017 1392792335208826
I/TaskTracer( 4029): 1 17334488008125 1392792335213221 4029 "b2g" 4029 "main"
I/TaskTracer( 4029): 1 17334488008126 1392792335213801 4029 "b2g" 4029 "main"
I/TaskTracer( 4029): 0 17304423238150 1392792335215235 17304423238142 1 17334488008126
I/TaskTracer( 4029): 4 17304423238150 0x421bd840
I/TaskTracer( 4029): 1 17304423238150 1392792335216242 4029 "b2g" 4036 "Gecko_IOThread"
I/TaskTracer( 4029): 2 17304423238150 1392792335216364
I/TaskTracer( 4079): 0 17523466567844 1392792335216517 17304423238142 1 17304423238150
I/TaskTracer( 4079): 4 17523466567844 0x41bb57e0
I/TaskTracer( 4079): 0 17523466567845 1392792335216639 17304423238142 1 17304423238150
I/TaskTracer( 4079): 4 17523466567845 0x41bb5980
I/TaskTracer( 4079): 1 17523466567845 1392792335216883 4079 "Usage" 4079 "main"
I/TaskTracer( 4079): 1 17523466567844 1392792335216944 4079 "Usage" 4079 "main"
I/TaskTracer( 4079): 2 17523466567844 1392792335217066
I/TaskTracer( 4079): 2 17523466567845 1392792335217127
I/TaskTracer( 4029): 0 17304423238151 1392792335219386 17304423238142 1 17334488008126
I/TaskTracer( 4029): 4 17304423238151 0x421bd840
I/TaskTracer( 4212): 0 18129056956539 1392792335220240 18129056956539 5 18129056956539
I/TaskTracer( 4212): 1 18129056956539 1392792335220332 4212 "(Preallocated app)" 4221 "Timer"
I/TaskTracer( 4212): 0 18129056956540 1392792335220393 18129056956539 5 18129056956539
I/TaskTracer( 4212): 4 18129056956540 0x41ba3e20
I/TaskTracer( 4212): 2 18129056956539 1392792335220515
I/TaskTracer( 4029): 1 17304423238151 1392792335222193 4029 "b2g" 4036 "Gecko_IOThread"
I/TaskTracer( 4029): 2 17304423238151 1392792335222285
I/TaskTracer( 4134): 0 17759689769543 1392792335222407 17304423238142 1 17304423238151
I/TaskTracer( 4134): 4 17759689769543 0x41bb57e0
I/TaskTracer( 4134): 0 17759689769544 1392792335222529 17304423238142 1 17304423238151
I/TaskTracer( 4134): 4 17759689769544 0x41bb5980
I/TaskTracer( 4134): 1 17759689769544 1392792335222773 4134 "Homescreen" 4134 "main"
I/TaskTracer( 4134): 1 17759689769543 1392792335222834 4134 "Homescreen" 4134 "main"
I/TaskTracer( 4134): 2 17759689769543 1392792335222956
I/TaskTracer( 4134): 2 17759689769544 1392792335223139
I/TaskTracer( 4029): 0 17304423238152 1392792335226130 17304423238142 1 17334488008126
I/TaskTracer( 4029): 4 17304423238152 0x421bd840
I/TaskTracer( 4029): 1 17304423238152 1392792335226832 4029 "b2g" 4036 "Gecko_IOThread"
I/TaskTracer( 4029): 2 17304423238152 1392792335226923
I/TaskTracer( 4212): 0 18094697218251 1392792335227045 17304423238142 1 17304423238152
I/TaskTracer( 4212): 4 18094697218251 0x41bb57e0
I/TaskTracer( 4212): 0 18094697218252 1392792335227168 17304423238142 1 17304423238152
I/TaskTracer( 4212): 4 18094697218252 0x41bb5980
I/TaskTracer( 4029): 2 17334488008126 1392792335227503
I/TaskTracer( 4029): 2 17334488008125 1392792335227564
I/TaskTracer( 4029): 1 17334488008127 1392792335227656 4029 "b2g" 4029 "main"
I/TaskTracer( 4029): 1 17334488008128 1392792335227747 4029 "b2g" 4029 "main"
I/TaskTracer( 4029): 2 17334488008128 1392792335227839
I/TaskTracer( 4029): 2 17334488008127 1392792335227900
I/TaskTracer( 4029): 1 17334488008129 1392792335227961 4029 "b2g" 4029 "main"
I/TaskTracer( 4029): 2 17334488008129 1392792335228022
I/TaskTracer( 4029): 1 17390322583019 1392792335228083 4029 "b2g" 4029 "main"
I/TaskTracer( 4029): 2 17390322583019 1392792335230494
I/TaskTracer( 4029): 1 17390322583021 1392792335230616 4029 "b2g" 4029 "main"
I/TaskTracer( 4029): 2 17390322583021 1392792335230708
I/TaskTracer( 4029): 1 17390322583023 1392792335230769 4029 "b2g" 4029 "main"
I/TaskTracer( 4029): 2 17390322583023 1392792335232508
I/TaskTracer( 4265): 4 18356690223122 0x41ba3e20
I/TaskTracer( 4265): 2 18356690223121 1392792335253230
I/TaskTracer( 4265): 1 18356690223122 1392792335253474 4265 "(Preallocated app)" 4265 "main"
I/TaskTracer( 4212): 0 18090402251033 1392792335256007 18129056956537 5 18129056956538
I/TaskTracer( 4212): 4 18090402251033 0x41bb5840
I/TaskTracer( 4212): 1 18090402251033 1392792335259089 4212 "Built-in Keyboard" 4213 "Chrome_ChildThread"
I/TaskTracer( 4212): 2 18090402251033 1392792335259241
I/TaskTracer( 4029): 0 17334488008130 1392792335259455 18129056956537 5 18090402251033
I/TaskTracer( 4029): 4 17334488008130 0x421bd7e0
I/TaskTracer( 4029): 1 17334488008130 1392792335259669 4029 "b2g" 4054 "Compositor"
I/TaskTracer( 4029): 0 17411797418637 1392792335260920 18129056956537 5 17334488008130
I/TaskTracer( 4029): 4 17411797418637 0x421bd840
I/TaskTracer( 4029): 1 17411797418637 1392792335261256 4029 "b2g" 4036 "Gecko_IOThread"
I/TaskTracer( 4029): 2 17411797418637 1392792335261378
I/TaskTracer( 4029): 2 17334488008130 1392792335262568
I/TaskTracer( 4212): 0 18090402251034 1392792335265040 18129056956537 5 18129056956538
I/TaskTracer( 4212): 4 18090402251034 0x41bb5840
I/TaskTracer( 4212): 1 18090402251034 1392792335265620 4212 "Built-in Keyboard" 4213 "Chrome_ChildThread"
I/TaskTracer( 4212): 2 18090402251034 1392792335265742
I/TaskTracer( 4029): 0 17334488008131 1392792335265925 18129056956537 5 18090402251034
I/TaskTracer( 4029): 4 17334488008131 0x421bd7e0
I/TaskTracer( 4029): 1 17334488008131 1392792335266138 4029 "b2g" 4054 "Compositor"
I/TaskTracer( 4029): 0 17411797418638 1392792335267329 18129056956537 5 17334488008131
I/TaskTracer( 4029): 4 17411797418638 0x421bd840
I/TaskTracer( 4029): 1 17411797418638 1392792335267634 4029 "b2g" 4036 "Gecko_IOThread"
I/TaskTracer( 4029): 2 17411797418638 1392792335267756
I/TaskTracer( 4029): 2 17334488008131 1392792335268885
I/TaskTracer( 4265): 2 18356690223122 1392792335270502
I/TaskTracer( 4029): 0 17304423238153 1392792335278834 17304423238153 1 17304423238153
I/TaskTracer( 4029): 1 17304423238153 1392792335278956 4029 "b2g" 4029 "main"
I/TaskTracer( 4029): 3 17304423238153 1392792335279047 "Touch at (33, 359)"
I/TaskTracer( 4029): 3 17304423238153 1392792335279444 "[nsEventDispatcher::Dispatch] Event name: touchend"
I/TaskTracer( 4029): 0 17304423238154 1392792335286829 17304423238153 1 17304423238153
I/TaskTracer( 4029): 4 17304423238154 0x421d53d0
I/TaskTracer( 4029): 0 17304423238155 1392792335293726 17304423238153 1 17304423238153
I/TaskTracer( 4029): 4 17304423238155 0x421bd980
I/TaskTracer( 4029): 0 17304423238156 1392792335294703 17304423238153 1 17304423238153
I/TaskTracer( 4029): 0 17390322583024 1392792335295100 17390322583024 5 17390322583024
I/TaskTracer( 4029): 1 17390322583024 1392792335295161 4029 "b2g" 4049 "Timer"
I/TaskTracer( 4029): 0 17390322583025 1392792335295252 17390322583024 5 17390322583024
I/TaskTracer( 4029): 4 17390322583025 0x421abe20
I/TaskTracer( 4029): 2 17390322583024 1392792335295344
I/TaskTracer( 4029): 4 17304423238156 0x421bd840
I/TaskTracer( 4029): 1 17304423238156 1392792335296534 4029 "b2g" 4036 "Gecko_IOThread"
I/TaskTracer( 4029): 2 17304423238156 1392792335296656
I/TaskTracer( 4212): 0 18094697218253 1392792335296809 17304423238153 1 17304423238156
I/TaskTracer( 4212): 4 18094697218253 0x41bb57e0
I/TaskTracer( 4212): 0 18094697218254 1392792335296931 17304423238153 1 17304423238156
I/TaskTracer( 4212): 4 18094697218254 0x41bb5980
I/TaskTracer( 4029): 3 17304423238153 1392792335297846 "Capture? 0"
I/TaskTracer( 4212): 0 18129056956541 1392792335298060 18129056956541 5 18129056956541
I/TaskTracer( 4212): 1 18129056956541 1392792335298151 4212 "(Preallocated app)" 4221 "Timer"
I/TaskTracer( 4212): 0 18129056956542 1392792335298212 18129056956541 5 18129056956541
I/TaskTracer( 4212): 4 18129056956542 0x41ba3e20
I/TaskTracer( 4212): 2 18129056956541 1392792335298335
I/TaskTracer( 4212): 1 18129056956542 1392792335298518 4212 "Built-in Keyboard" 4252 "Media State"
I/TaskTracer( 4212): 2 18129056956542 1392792335298670
I/TaskTracer( 4029): 2 17304423238153 1392792335299616
I/TaskTracer( 4029): 0 17304423238157 1392792335299799 17304423238157 2 17304423238157
I/TaskTracer( 4029): 1 17304423238157 1392792335300318 4029 "b2g" 4029 "main"
I/TaskTracer( 4029): 3 17304423238157 1392792335300898 "Mouse at (33, 359)"
I/TaskTracer( 4029): 3 17304423238157 1392792335304499 "[nsEventDispatcher::Dispatch] Event name: mouseup"
I/TaskTracer( 4029): 3 17304423238157 1392792335308436 "[nsEventDispatcher::Dispatch] Event name: click"
I/TaskTracer( 4029): 2 17304423238157 1392792335310664
I/TaskTracer( 4029): 1 17304423238155 1392792335313288 4029 "b2g" 4029 "main"
I/TaskTracer( 4029): 2 17304423238155 1392792335313837
I/TaskTracer( 4029): 1 17390322583025 1392792335314387 4029 "b2g" 4029 "main"
I/TaskTracer( 4029): 2 17390322583025 1392792335314967
I/TaskTracer( 4212): 0 18090402251035 1392792335326380 18129056956537 5 18129056956538
I/TaskTracer( 4212): 4 18090402251035 0x41bb5840
I/TaskTracer( 4212): 1 18090402251035 1392792335327540 4212 "Built-in Keyboard" 4213 "Chrome_ChildThread"
I/TaskTracer( 4212): 2 18090402251035 1392792335327662
I/TaskTracer( 4029): 0 17334488008132 1392792335327876 18129056956537 5 18090402251035
I/TaskTracer( 4029): 4 17334488008132 0x421bd7e0
I/TaskTracer( 4029): 0 17390322583026 1392792335328120 17390322583026 5 17390322583026
I/TaskTracer( 4029): 1 17390322583026 1392792335328181 4029 "b2g" 4049 "Timer"
I/TaskTracer( 4029): 0 17390322583027 1392792335328272 17390322583026 5 17390322583026
I/TaskTracer( 4029): 4 17390322583027 0x421abe20
I/TaskTracer( 4029): 2 17390322583026 1392792335328394
I/TaskTracer( 4029): 1 17334488008132 1392792335328516 4029 "b2g" 4054 "Compositor"
I/TaskTracer( 4029): 0 17411797418639 1392792335328883 18129056956537 5 17334488008132
I/TaskTracer( 4029): 4 17411797418639 0x421bd840
I/TaskTracer( 4029): 0 17411797418640 1392792335329279 18129056956537 5 17334488008132
I/TaskTracer( 4029): 4 17411797418640 0x421bd840
I/TaskTracer( 4029): 0 17411797418641 1392792335329951 18129056956537 5 17334488008132
I/TaskTracer( 4029): 4 17411797418641 0x421d5660
I/TaskTracer( 4029): 0 17411797418642 1392792335330103 18129056956537 5 17334488008132
I/TaskTracer( 4029): 4 17411797418642 0x421bd840
I/TaskTracer( 4029): 2 17334488008132 1392792335330225
I/TaskTracer( 4029): 1 17411797418641 1392792335330286 4029 "b2g" 4054 "Compositor"
I/TaskTracer( 4029): 0 17411797418643 1392792335330408 18129056956537 5 17411797418641
I/TaskTracer( 4029): 4 17411797418643 0x421d53d0
I/TaskTracer( 4029): 1 17390322583027 1392792335330775 4029 "b2g" 4029 "main"
I/TaskTracer( 4029): 2 17390322583027 1392792335330927
I/TaskTracer( 4029): 1 17411797418639 1392792335332911 4029 "b2g" 4036 "Gecko_IOThread"
I/TaskTracer( 4029): 2 17411797418639 1392792335333369
I/TaskTracer( 4029): 1 17411797418640 1392792335333430 4029 "b2g" 4036 "Gecko_IOThread"
I/TaskTracer( 4029): 2 17411797418640 1392792335333491
I/TaskTracer( 4029): 1 17411797418642 1392792335333552 4029 "b2g" 4036 "Gecko_IOThread"
I/TaskTracer( 4029): 2 17411797418642 1392792335333613
I/TaskTracer( 4029): 0 17411797418644 1392792335330561 18129056956537 5 17411797418641
I/TaskTracer( 4029): 4 17411797418644 0x421d53d0
I/TaskTracer( 4212): 0 18129056956543 1392792335339075 18129056956543 5 18129056956543
I/TaskTracer( 4212): 1 18129056956543 1392792335339167 4212 "(Preallocated app)" 4221 "Timer"
I/TaskTracer( 4212): 0 18129056956544 1392792335339259 18129056956543 5 18129056956543
I/TaskTracer( 4212): 4 18129056956544 0x41ba3e20
I/TaskTracer( 4212): 2 18129056956543 1392792335339381
I/TaskTracer( 4212): 1 18129056956544 1392792335339472 4212 "Built-in Keyboard" 4252 "Media State"
