I/TaskTracer(  804): 2 3560527889179 1397108031973078 1020000 380000
I/TaskTracer(  804): 1 3560527889128 1397108031973231 1020000 380000 804 "" 829 "Compositor"
I/TaskTracer(  804): 2 3560527889128 1397108031973292 1020000 380000
I/TaskTracer(  804): 1 3560527889129 1397108031973353 1020000 380000 804 "" 829 "Compositor"
I/TaskTracer(  804): 2 3560527889129 1397108031973414 1020000 380000
I/TaskTracer(  804): 1 3560527889130 1397108031973475 1020000 380000 804 "" 829 "Compositor"
I/TaskTracer(  804): 2 3560527889130 1397108031973536 1020000 380000
I/TaskTracer(  804): 1 3560527889183 1397108031973597 1020000 380000 804 "" 829 "Compositor"
I/TaskTracer(  804): 0 3560527889184 1397108031973780 3453153709231 1 3560527889183
I/TaskTracer(  804): 4 3560527889184 0x421e2368
I/TaskTracer(  804): 0 3560527889185 1397108031973933 3453153709231 1 3560527889183
I/TaskTracer(  804): 4 3560527889185 0x421e2368
I/TaskTracer(  804): 0 3560527889186 1397108031974055 3453153709231 1 3560527889183
I/TaskTracer(  804): 4 3560527889186 0x421e2368
I/TaskTracer(  804): 0 3560527889187 1397108031974177 3453153709231 1 3560527889183
I/TaskTracer(  804): 4 3560527889187 0x421e25d8
I/TaskTracer(  943): 4 4050154161326 0x41ce9228
I/TaskTracer(  943): 0 4088808866298 1397108031978541 3453153705985 0 4050154160168
I/TaskTracer(  943): 4 4088808866298 0x41ce9288
I/TaskTracer(  943): 0 4050154161327 1397108031982630 3453153709231 1 4054449127594
I/TaskTracer(  943): 4 4050154161327 0x41ce9228
I/TaskTracer(  943): 0 4088808866299 1397108031983088 3453153705985 0 4050154160168
I/TaskTracer(  943): 4 4088808866299 0x41ce9288
I/TaskTracer(  943): 0 4050154161328 1397108031984064 3453153709231 1 4054449127594
I/TaskTracer(  943): 4 4050154161328 0x41df4bd0
I/TaskTracer(  804): 2 3560527889183 1397108031989100 1030000 380000
I/TaskTracer(  804): 1 3560527889132 1397108031989252 1030000 380000 804 "" 829 "Compositor"
I/TaskTracer(  804): 2 3560527889132 1397108031989314 1030000 380000
I/TaskTracer(  804): 1 3560527889133 1397108031989375 1030000 380000 804 "" 829 "Compositor"
I/TaskTracer(  804): 2 3560527889133 1397108031992670 1030000 380000
I/TaskTracer(  804): 1 3560527889134 1397108031992762 1030000 380000 804 "" 829 "Compositor"
I/TaskTracer(  804): 2 3560527889134 1397108031994532 1030000 380000
I/TaskTracer(  804): 1 3560527889187 1397108031994654 1030000 380000 804 "" 829 "Compositor"
I/TaskTracer(  804): 0 3560527889188 1397108031998347 3453153709231 1 3560527889187
I/TaskTracer(  804): 4 3560527889188 0x421e2368
I/TaskTracer(  804): 0 3560527889189 1397108031998530 3453153709231 1 3560527889187
I/TaskTracer(  804): 4 3560527889189 0x421e2368
I/TaskTracer(  804): 0 3560527889190 1397108031998652 3453153709231 1 3560527889187
I/TaskTracer(  804): 4 3560527889190 0x421e2368
I/TaskTracer(  804): 0 3560527889191 1397108031998774 3453153709231 1 3560527889187
I/TaskTracer(  804): 4 3560527889191 0x421e25d8
I/TaskTracer(  927): 0 3981434683663 1397108032006647 3453153709231 1 3981434683649
I/TaskTracer(  927): 4 3981434683663 0x41ce9228
I/TaskTracer(  943): 3 4054449127594 1397108032009821 "[nsEventDispatcher::Dispatch] Event name: MozScrolledAreaChanged"
I/TaskTracer(  943): 0 4050154161329 1397108032010523 3453153709231 1 4054449127594
I/TaskTracer(  943): 4 4050154161329 0x41ce9228
I/TaskTracer(  943): 0 4088808866300 1397108032010706 3453153705985 0 4050154160168
I/TaskTracer(  943): 4 4088808866300 0x41ce9288
I/TaskTracer(  943): 0 4088808866301 1397108032030970 3453153705985 0 4050154160168
I/TaskTracer(  943): 4 4088808866301 0x41ce9288
I/TaskTracer(  804): 2 3560527889187 1397108032035151 1030000 380000
I/TaskTracer(  804): 1 3560527889136 1397108032035303 1030000 380000 804 "" 829 "Compositor"
I/TaskTracer(  804): 2 3560527889136 1397108032035365 1030000 380000
I/TaskTracer(  804): 1 3560527889137 1397108032035426 1030000 380000 804 "" 829 "Compositor"
I/TaskTracer(  804): 2 3560527889137 1397108032035487 1030000 380000
I/TaskTracer(  804): 1 3560527889138 1397108032035548 1030000 380000 804 "" 829 "Compositor"
I/TaskTracer(  804): 2 3560527889138 1397108032035609 1030000 380000
I/TaskTracer(  804): 1 3560527889191 1397108032035670 1030000 380000 804 "" 829 "Compositor"
I/TaskTracer(  804): 0 3560527889192 1397108032035883 3453153709231 1 3560527889191
I/TaskTracer(  804): 4 3560527889192 0x421e2368
I/TaskTracer(  804): 0 3560527889193 1397108032036005 3453153709231 1 3560527889191
I/TaskTracer(  804): 4 3560527889193 0x421e2368
I/TaskTracer(  804): 0 3560527889194 1397108032036127 3453153709231 1 3560527889191
I/TaskTracer(  804): 4 3560527889194 0x421e2368
I/TaskTracer(  804): 0 3560527889195 1397108032036250 3453153709231 1 3560527889191
I/TaskTracer(  804): 4 3560527889195 0x421e25d8
I/TaskTracer(  804): 2 3560527889191 1397108032045802 1030000 380000
I/TaskTracer(  804): 1 3560527889140 1397108032045954 1030000 380000 804 "" 829 "Compositor"
I/TaskTracer(  804): 2 3560527889140 1397108032047022 1030000 380000
I/TaskTracer(  804): 1 3560527889141 1397108032047114 1030000 380000 804 "" 829 "Compositor"
I/TaskTracer(  804): 2 3560527889141 1397108032047175 1030000 380000
I/TaskTracer(  804): 1 3560527889142 1397108032048823 1030000 380000 804 "" 829 "Compositor"
I/TaskTracer(  804): 2 3560527889142 1397108032048914 1030000 380000
I/TaskTracer(  804): 1 3560527889144 1397108032048975 1030000 380000 804 "" 829 "Compositor"
I/TaskTracer(  804): 2 3560527889144 1397108032049036 1030000 380000
I/TaskTracer(  804): 1 3560527889145 1397108032049860 1030000 380000 804 "" 829 "Compositor"
I/TaskTracer(  804): 2 3560527889145 1397108032049921 1030000 380000
I/TaskTracer(  943): 0 4050154161330 1397108032048029 3453153709231 1 4054449127594
I/TaskTracer(  804): 1 3560527889146 1397108032050410 1030000 380000 804 "" 829 "Compositor"
I/TaskTracer(  804): 2 3560527889146 1397108032051173 1030000 380000
I/TaskTracer(  943): 4 4050154161330 0x41df1ec0
I/TaskTracer(  804): 1 3560527889195 1397108032053034 1030000 380000 804 "" 829 "Compositor"
I/TaskTracer(  804): 0 3560527889196 1397108032053278 3453153709231 1 3560527889195
I/TaskTracer(  804): 4 3560527889196 0x421e2368
I/TaskTracer(  804): 0 3560527889197 1397108032053400 3453153709231 1 3560527889195
I/TaskTracer(  804): 4 3560527889197 0x421e2368
I/TaskTracer(  804): 0 3560527889198 1397108032053553 3453153709231 1 3560527889195
I/TaskTracer(  804): 4 3560527889198 0x421e2368
I/TaskTracer(  804): 0 3560527889199 1397108032053675 3453153709231 1 3560527889195
I/TaskTracer(  804): 4 3560527889199 0x421e25d8
I/TaskTracer(  943): 0 4050154161331 1397108032062312 3453153709231 1 4054449127594
I/TaskTracer(  943): 4 4050154161331 0x41ce9228
I/TaskTracer(  943): 0 4088808866302 1397108032063227 3453153705985 0 4050154160168
I/TaskTracer(  943): 4 4088808866302 0x41ce9288
I/TaskTracer(  804): 2 3560527889195 1397108032068873 1040000 380000
I/TaskTracer(  804): 1 3560527889148 1397108032069025 1040000 380000 804 "" 829 "Compositor"
I/TaskTracer(  804): 2 3560527889148 1397108032069086 1040000 380000
I/TaskTracer(  804): 1 3560527889149 1397108032069147 1040000 380000 804 "" 829 "Compositor"
I/TaskTracer(  804): 2 3560527889149 1397108032069209 1040000 380000
I/TaskTracer(  804): 1 3560527889150 1397108032069270 1040000 380000 804 "" 829 "Compositor"
I/TaskTracer(  804): 2 3560527889150 1397108032069331 1040000 380000
I/TaskTracer(  804): 1 3560527889199 1397108032071925 1040000 380000 804 "" 829 "Compositor"
I/TaskTracer(  804): 0 3560527889200 1397108032073389 3453153709231 1 3560527889199
I/TaskTracer(  804): 4 3560527889200 0x421e2368
I/TaskTracer(  804): 0 3560527889201 1397108032073573 3453153709231 1 3560527889199
I/TaskTracer(  804): 4 3560527889201 0x421e2368
I/TaskTracer(  804): 0 3560527889202 1397108032075251 3453153709231 1 3560527889199
I/TaskTracer(  804): 4 3560527889202 0x421e2368
I/TaskTracer(  804): 0 3560527889203 1397108032075373 3453153709231 1 3560527889199
I/TaskTracer(  804): 4 3560527889203 0x421e25d8
I/TaskTracer(  804): 2 3560527889199 1397108032085810 1040000 380000
I/TaskTracer(  804): 1 3560527889152 1397108032085963 1040000 380000 804 "" 829 "Compositor"
I/TaskTracer(  804): 2 3560527889152 1397108032090418 1040000 380000
I/TaskTracer(  804): 1 3560527889203 1397108032090510 1040000 380000 804 "" 829 "Compositor"
I/TaskTracer(  804): 0 3560527889204 1397108032092799 3453153709231 1 3560527889203
I/TaskTracer(  804): 4 3560527889204 0x421e2368
I/TaskTracer(  804): 0 3560527889205 1397108032092951 3453153709231 1 3560527889203
I/TaskTracer(  804): 4 3560527889205 0x421e2368
I/TaskTracer(  804): 0 3560527889206 1397108032093073 3453153709231 1 3560527889203
I/TaskTracer(  804): 4 3560527889206 0x421e2368
I/TaskTracer(  804): 0 3560527889207 1397108032093195 3453153709231 1 3560527889203
I/TaskTracer(  804): 4 3560527889207 0x421e25d8
I/TaskTracer(  804): 2 3560527889203 1397108032109248 1040000 380000
I/TaskTracer(  804): 1 3560527889153 1397108032109736 1040000 380000 804 "" 829 "Compositor"
I/TaskTracer(  804): 2 3560527889153 1397108032109827 1040000 380000
I/TaskTracer(  804): 1 3560527889154 1397108032109888 1040000 380000 804 "" 829 "Compositor"
I/TaskTracer(  804): 2 3560527889154 1397108032111353 1040000 380000
I/TaskTracer(  804): 1 3560527889156 1397108032111445 1040000 380000 804 "" 829 "Compositor"
I/TaskTracer(  804): 2 3560527889156 1397108032111506 1040000 380000
I/TaskTracer(  804): 1 3560527889157 1397108032111567 1040000 380000 804 "" 829 "Compositor"
I/TaskTracer(  804): 2 3560527889157 1397108032111628 1040000 380000
I/TaskTracer(  804): 1 3560527889158 1397108032111689 1040000 380000 804 "" 829 "Compositor"
I/TaskTracer(  804): 2 3560527889158 1397108032111750 1040000 380000
I/TaskTracer(  804): 1 3560527889207 1397108032111811 1040000 380000 804 "" 829 "Compositor"
I/TaskTracer(  804): 0 3560527889208 1397108032112025 3453153709231 1 3560527889207
I/TaskTracer(  804): 4 3560527889208 0x421e2368
I/TaskTracer(  804): 0 3560527889209 1397108032112177 3453153709231 1 3560527889207
I/TaskTracer(  804): 4 3560527889209 0x421e2368
I/TaskTracer(  804): 0 3560527889210 1397108032112299 3453153709231 1 3560527889207
I/TaskTracer(  804): 4 3560527889210 0x421e2368
I/TaskTracer(  804): 0 3560527889211 1397108032112421 3453153709231 1 3560527889207
I/TaskTracer(  804): 4 3560527889211 0x421e25d8
I/TaskTracer(  804): 2 3560527889207 1397108032129969 1050000 380000
I/TaskTracer(  804): 1 3560527889160 1397108032130183 1050000 380000 804 "" 829 "Compositor"
I/TaskTracer(  804): 2 3560527889160 1397108032130701 1050000 380000
I/TaskTracer(  804): 1 3560527889161 1397108032131190 1050000 380000 804 "" 829 "Compositor"
I/TaskTracer(  804): 2 3560527889161 1397108032131586 1050000 380000
I/TaskTracer(  804): 1 3560527889162 1397108032131800 1050000 380000 804 "" 829 "Compositor"
I/TaskTracer(  804): 2 3560527889162 1397108032132197 1050000 380000
I/TaskTracer(  804): 1 3560527889211 1397108032133051 1050000 380000 804 "" 829 "Compositor"
I/TaskTracer(  804): 0 3560527889212 1397108032133631 3453153709231 1 3560527889211
I/TaskTracer(  804): 4 3560527889212 0x421e2368
I/TaskTracer(  804): 0 3560527889213 1397108032134730 3453153709231 1 3560527889211
I/TaskTracer(  804): 4 3560527889213 0x421e2368
I/TaskTracer(  804): 0 3560527889214 1397108032140009 3453153709231 1 3560527889211
I/TaskTracer(  804): 4 3560527889214 0x421e2368
I/TaskTracer(  804): 0 3560527889215 1397108032140955 3453153709231 1 3560527889211
I/TaskTracer(  804): 4 3560527889215 0x421e25d8
I/TaskTracer(  943): 0 4050154161332 1397108032143916 3453153709231 1 4054449127594
I/TaskTracer(  943): 4 4050154161332 0x41df1ec0
I/TaskTracer(  943): 3 4054449127594 1397108032145319 "[nsEventDispatcher::Dispatch] Event name: resize"
I/TaskTracer(  943): 0 4050154161333 1397108032147456 3453153709231 1 4054449127594
I/TaskTracer(  804): 2 3560527889211 1397108032148737 1050000 380000
I/TaskTracer(  943): 4 4050154161333 0x41ce9228
I/TaskTracer(  804): 1 3560527889215 1397108032150111 1050000 380000 804 "" 829 "Compositor"
I/TaskTracer(  804): 0 3560527889216 1397108032150660 3453153709231 1 3560527889215
I/TaskTracer(  804): 4 3560527889216 0x421e2368
I/TaskTracer(  804): 0 3560527889217 1397108032151484 3453153709231 1 3560527889215
I/TaskTracer(  804): 4 3560527889217 0x421e2368
I/TaskTracer(  804): 0 3560527889218 1397108032152064 3453153709231 1 3560527889215
I/TaskTracer(  804): 4 3560527889218 0x421e2368
I/TaskTracer(  804): 0 3560527889219 1397108032152644 3453153709231 1 3560527889215
I/TaskTracer(  804): 4 3560527889219 0x421e25d8
I/TaskTracer(  943): 0 4088808866303 1397108032165583 3453153705985 0 4050154160168
I/TaskTracer(  943): 4 4088808866303 0x41ce9288
I/TaskTracer(  943): 0 4088808866304 1397108032167933 3453153705985 0 4050154160168
I/TaskTracer(  943): 4 4088808866304 0x41ce9288
I/TaskTracer(  804): 2 3560527889215 1397108032169184 1050000 380000
I/TaskTracer(  804): 1 3560527889164 1397108032169733 1050000 380000 804 "" 829 "Compositor"
I/TaskTracer(  804): 2 3560527889164 1397108032169947 1050000 380000
I/TaskTracer(  804): 1 3560527889165 1397108032170405 1050000 380000 804 "" 829 "Compositor"
I/TaskTracer(  804): 2 3560527889165 1397108032171259 1050000 380000
I/TaskTracer(  804): 1 3560527889166 1397108032171656 1050000 380000 804 "" 829 "Compositor"
I/TaskTracer(  804): 2 3560527889166 1397108032171870 1050000 380000
I/TaskTracer(  804): 1 3560527889219 1397108032172236 1050000 380000 804 "" 829 "Compositor"
I/TaskTracer(  943): 0 4050154161334 1397108032172816 3453153709231 1 4054449127594
I/TaskTracer(  804): 0 3560527889220 1397108032173335 3453153709231 1 3560527889219
I/TaskTracer(  804): 4 3560527889220 0x421e2368
I/TaskTracer(  804): 0 3560527889221 1397108032173975 3453153709231 1 3560527889219
I/TaskTracer(  943): 4 4050154161334 0x41ce9228
I/TaskTracer(  943): 0 4088808866305 1397108032174555 3453153705985 0 4050154160168
I/TaskTracer(  943): 4 4088808866305 0x41ce9288
I/TaskTracer(  804): 4 3560527889221 0x421e2368
I/TaskTracer(  804): 0 3560527889222 1397108032175684 3453153709231 1 3560527889219
I/TaskTracer(  804): 4 3560527889222 0x421e2368
I/TaskTracer(  943): 0 4050154161335 1397108032175166 3453153709231 1 4054449127594
I/TaskTracer(  943): 4 4050154161335 0x41df4bd0
I/TaskTracer(  804): 0 3560527889223 1397108032176691 3453153709231 1 3560527889219
I/TaskTracer(  804): 4 3560527889223 0x421e25d8
I/TaskTracer(  943): 3 4054449127594 1397108032178675 "[nsEventDispatcher::Dispatch] Event name: MozScrolledAreaChanged"
I/TaskTracer(  943): 0 4050154161336 1397108032181239 3453153709231 1 4054449127594
I/TaskTracer(  943): 4 4050154161336 0x41ce9228
I/TaskTracer(  804): 2 3560527889219 1397108032187617 1050000 380000
I/TaskTracer(  943): 0 4088808866306 1397108032188074 3453153705985 0 4050154160168
I/TaskTracer(  943): 4 4088808866306 0x41ce9288
I/TaskTracer(  804): 1 3560527889168 1397108032189570 1060000 380000 804 "" 829 "Compositor"
I/TaskTracer(  804): 2 3560527889168 1397108032190028 1060000 380000
I/TaskTracer(  804): 1 3560527889169 1397108032190272 1060000 380000 804 "" 829 "Compositor"
I/TaskTracer(  804): 2 3560527889169 1397108032191157 1060000 380000
I/TaskTracer(  804): 1 3560527889170 1397108032192072 1060000 380000 804 "" 829 "Compositor"
I/TaskTracer(  804): 2 3560527889170 1397108032192439 1060000 380000
I/TaskTracer(  804): 1 3560527889223 1397108032192652 1060000 380000 804 "" 829 "Compositor"
I/TaskTracer(  804): 0 3560527889224 1397108032193171 3453153709231 1 3560527889223
I/TaskTracer(  804): 4 3560527889224 0x421e2368
I/TaskTracer(  804): 0 3560527889225 1397108032195521 3453153709231 1 3560527889223
I/TaskTracer(  804): 4 3560527889225 0x421e2368
I/TaskTracer(  804): 0 3560527889226 1397108032196192 3453153709231 1 3560527889223
I/TaskTracer(  804): 4 3560527889226 0x421e2368
I/TaskTracer(  804): 0 3560527889227 1397108032197413 3453153709231 1 3560527889223
I/TaskTracer(  804): 4 3560527889227 0x421e25d8
I/TaskTracer(  943): 0 4050154161337 1397108032200343 3453153709231 1 4054449127594
I/TaskTracer(  943): 4 4050154161337 0x41df1ec0
I/TaskTracer(  804): 2 3560527889223 1397108032213099 1060000 380000
I/TaskTracer(  804): 1 3560527889172 1397108032213465 1060000 380000 804 "" 829 "Compositor"
I/TaskTracer(  804): 2 3560527889172 1397108032213831 1060000 380000
I/TaskTracer(  804): 1 3560527889173 1397108032214045 1060000 380000 804 "" 829 "Compositor"
I/TaskTracer(  804): 2 3560527889173 1397108032214472 1060000 380000
I/TaskTracer(  804): 1 3560527889174 1397108032214686 1060000 380000 804 "" 829 "Compositor"
I/TaskTracer(  804): 2 3560527889174 1397108032215052 1060000 380000
I/TaskTracer(  804): 1 3560527889227 1397108032215418 1060000 380000 804 "" 829 "Compositor"
I/TaskTracer(  804): 0 3560527889228 1397108032215937 3453153709231 1 3560527889227
I/TaskTracer(  804): 4 3560527889228 0x421e2368
I/TaskTracer(  804): 0 3560527889229 1397108032216578 3453153709231 1 3560527889227
I/TaskTracer(  804): 4 3560527889229 0x421e2368
I/TaskTracer(  804): 0 3560527889230 1397108032217158 3453153709231 1 3560527889227
I/TaskTracer(  804): 4 3560527889230 0x421e2368
I/TaskTracer(  804): 0 3560527889231 1397108032217707 3453153709231 1 3560527889227
I/TaskTracer(  804): 4 3560527889231 0x421e25d8
I/TaskTracer(  804): 2 3560527889227 1397108032225855 1060000 380000
I/TaskTracer(  804): 1 3560527889176 1397108032226069 1060000 380000 804 "" 829 "Compositor"
I/TaskTracer(  804): 2 3560527889176 1397108032226496 1060000 380000
I/TaskTracer(  804): 1 3560527889177 1397108032226740 1060000 380000 804 "" 829 "Compositor"
I/TaskTracer(  804): 2 3560527889177 1397108032227137 1060000 380000
I/TaskTracer(  804): 1 3560527889178 1397108032227503 1060000 380000 804 "" 829 "Compositor"
I/TaskTracer(  804): 2 3560527889178 1397108032227930 1060000 380000
I/TaskTracer(  804): 1 3560527889231 1397108032232661 1060000 380000 804 "" 829 "Compositor"
I/TaskTracer(  804): 0 3560527889232 1397108032233393 3453153709231 1 3560527889231
I/TaskTracer(  804): 4 3560527889232 0x421e2368
I/TaskTracer(  804): 0 3560527889233 1397108032234126 3453153709231 1 3560527889231
I/TaskTracer(  804): 4 3560527889233 0x421e2368
I/TaskTracer(  804): 0 3560527889234 1397108032234736 3453153709231 1 3560527889231
I/TaskTracer(  804): 4 3560527889234 0x421e2368
I/TaskTracer(  804): 0 3560527889235 1397108032235285 3453153709231 1 3560527889231
I/TaskTracer(  804): 4 3560527889235 0x421e25d8
I/TaskTracer(  943): 2 4054449127594 1397108032230982 3790000 400000
I/TaskTracer(  943): 2 4054449127595 1397108032241175 3790000 400000
I/TaskTracer(  943): 1 4050154161320 1397108032241846 3790000 400000 943 "Communications" 943 "main"
I/TaskTracer(  943): 2 4050154161320 1397108032242976 3790000 400000
I/TaskTracer(  943): 1 4050154161321 1397108032244074 3790000 400000 943 "Communications" 943 "main"
I/TaskTracer(  943): 3 4050154161321 1397108032245142 "[nsEventDispatcher::Dispatch] Event name: overflow"
I/TaskTracer(  804): 2 3560527889231 1397108032246180 1070000 380000
I/TaskTracer(  804): 1 3560527889180 1397108032249262 1070000 380000 804 "" 829 "Compositor"
I/TaskTracer(  804): 2 3560527889180 1397108032249842 1070000 380000
I/TaskTracer(  804): 1 3560527889181 1397108032250086 1070000 380000 804 "" 829 "Compositor"
I/TaskTracer(  804): 2 3560527889181 1397108032250544 1070000 380000
I/TaskTracer(  804): 1 3560527889235 1397108032250910 1070000 380000 804 "" 829 "Compositor"
I/TaskTracer(  943): 2 4050154161321 1397108032246851 3800000 400000
I/TaskTracer(  943): 1 4088808866291 1397108032252009 3800000 400000 943 "Communications" 943 "main"
I/TaskTracer(  804): 0 3560527889236 1397108032251673 3453153709231 1 3560527889235
I/TaskTracer(  804): 4 3560527889236 0x421e2368
I/TaskTracer(  804): 0 3560527889237 1397108032252955 3453153709231 1 3560527889235
I/TaskTracer(  804): 4 3560527889237 0x421e2368
I/TaskTracer(  943): 1 4050154161317 1397108032253199 3800000 400000 943 "Communications" 943 "main"
I/TaskTracer(  943): 0 4050154161338 1397108032253931 3453153709127 1 4050154161317
I/TaskTracer(  804): 0 3560527889238 1397108032254847 3453153709231 1 3560527889235
I/TaskTracer(  943): 4 4050154161338 0x41ce9228
I/TaskTracer(  804): 4 3560527889238 0x421e2368
I/TaskTracer(  943): 3 4050154161317 1397108032255915 "[nsEventDispatcher::Dispatch] Event name: resize"
I/TaskTracer(  804): 0 3560527889239 1397108032256373 3453153709231 1 3560527889235
I/TaskTracer(  804): 4 3560527889239 0x421e25d8
I/TaskTracer(  943): 0 4088808866307 1397108032259516 3453153705985 0 4050154160168
I/TaskTracer(  943): 4 4088808866307 0x41ce9288
I/TaskTracer(  943): 0 4050154161339 1397108032263392 3453153709127 1 4050154161317
I/TaskTracer(  804): 2 3560527889235 1397108032270808 1070000 380000
I/TaskTracer(  804): 1 3560527889182 1397108032271021 1070000 380000 804 "" 829 "Compositor"
I/TaskTracer(  804): 2 3560527889182 1397108032271906 1070000 380000
I/TaskTracer(  804): 1 3560527889239 1397108032272334 1070000 380000 804 "" 829 "Compositor"
I/TaskTracer(  804): 0 3560527889240 1397108032272913 3453153709231 1 3560527889239
I/TaskTracer(  804): 4 3560527889240 0x421e2368
I/TaskTracer(  804): 0 3560527889241 1397108032274165 3453153709231 1 3560527889239
I/TaskTracer(  804): 4 3560527889241 0x421e2368
I/TaskTracer(  804): 0 3560527889242 1397108032274775 3453153709231 1 3560527889239
I/TaskTracer(  804): 4 3560527889242 0x421e2368
I/TaskTracer(  804): 0 3560527889243 1397108032275965 3453153709231 1 3560527889239
I/TaskTracer(  804): 4 3560527889243 0x421e25d8
I/TaskTracer(  943): 4 4050154161339 0x41ce9228
I/TaskTracer(  943): 3 4050154161317 1397108032280329 "[nsEventDispatcher::Dispatch] Event name: resize"
I/TaskTracer(  943): 0 4088808866308 1397108032283289 3453153705985 0 4050154160168
I/TaskTracer(  943): 4 4088808866308 0x41ce9288
I/TaskTracer(  943): 0 4050154161340 1397108032285792 3453153709127 1 4050154161317
I/TaskTracer(  804): 2 3560527889239 1397108032288172 1070000 380000
I/TaskTracer(  804): 1 3560527889184 1397108032288660 1070000 380000 804 "" 829 "Compositor"
I/TaskTracer(  804): 2 3560527889184 1397108032289088 1070000 380000
I/TaskTracer(  804): 1 3560527889185 1397108032289301 1070000 380000 804 "" 829 "Compositor"
I/TaskTracer(  804): 2 3560527889185 1397108032289820 1070000 380000
I/TaskTracer(  804): 1 3560527889186 1397108032290186 1070000 380000 804 "" 829 "Compositor"
I/TaskTracer(  943): 4 4050154161340 0x41ce9228
I/TaskTracer(  804): 2 3560527889186 1397108032290766 1070000 380000
I/TaskTracer(  804): 1 3560527889243 1397108032291621 1070000 380000 804 "" 829 "Compositor"
I/TaskTracer(  804): 0 3560527889244 1397108032292170 3453153709231 1 3560527889243
I/TaskTracer(  804): 4 3560527889244 0x421e2368
I/TaskTracer(  804): 0 3560527889245 1397108032293391 3453153709231 1 3560527889243
I/TaskTracer(  804): 4 3560527889245 0x421e2368
I/TaskTracer(  943): 0 4050154161341 1397108032299860 3453153709127 1 4050154161317
I/TaskTracer(  804): 0 3560527889246 1397108032299342 3453153709231 1 3560527889243
I/TaskTracer(  804): 4 3560527889246 0x421e2368
I/TaskTracer(  804): 0 3560527889247 1397108032300928 3453153709231 1 3560527889243
I/TaskTracer(  804): 4 3560527889247 0x421e25d8
I/TaskTracer(  943): 4 4050154161341 0x41cfb1b0
I/TaskTracer(  943): 1 4050154161341 1397108032303309 30000 70000 943 "" 944 "Chrome_ChildThread"
I/TaskTracer(  943): 2 4050154161341 1397108032303431 30000 70000
I/TaskTracer(  804): 0 3487513445693 1397108032303675 3453153709127 1 4050154161341
I/TaskTracer(  804): 4 3487513445693 0x421c8150
I/TaskTracer(  804): 0 3487513445694 1397108032303797 3453153709127 1 4050154161341
I/TaskTracer(  804): 4 3487513445694 0x421c82f0
I/TaskTracer(  943): 0 4088808866309 1397108032305872 3453153705985 0 4050154160168
I/TaskTracer(  943): 4 4088808866309 0x41ce9288
I/TaskTracer(  804): 2 3560527889243 1397108032318751 1070000 390000
I/TaskTracer(  804): 1 3560527889188 1397108032318995 1070000 390000 804 "" 829 "Compositor"
I/TaskTracer(  804): 2 3560527889188 1397108032319544 1070000 390000
I/TaskTracer(  804): 1 3560527889189 1397108032320002 1070000 390000 804 "" 829 "Compositor"
I/TaskTracer(  804): 2 3560527889189 1397108032320216 1070000 390000
I/TaskTracer(  804): 1 3560527889190 1397108032320612 1070000 390000 804 "" 829 "Compositor"
I/TaskTracer(  804): 2 3560527889190 1397108032320979 1070000 390000
I/TaskTracer(  804): 1 3560527889247 1397108032321162 1070000 390000 804 "" 829 "Compositor"
I/TaskTracer(  804): 0 3560527889248 1397108032321955 3453153709231 1 3560527889247
I/TaskTracer(  804): 4 3560527889248 0x421e2368
I/TaskTracer(  804): 0 3560527889249 1397108032323023 3453153709231 1 3560527889247
I/TaskTracer(  804): 4 3560527889249 0x421e2368
I/TaskTracer(  804): 0 3560527889250 1397108032324305 3453153709231 1 3560527889247
I/TaskTracer(  804): 4 3560527889250 0x421e2368
I/TaskTracer(  804): 0 3560527889251 1397108032324915 3453153709231 1 3560527889247
I/TaskTracer(  804): 4 3560527889251 0x421e25d8
I/TaskTracer(  943): 0 4050154161342 1397108032327662 3453153709127 1 4050154161317
I/TaskTracer(  943): 4 4050154161342 0x41cfb1b0
I/TaskTracer(  943): 1 4050154161342 1397108032334162 30000 70000 943 "" 944 "Chrome_ChildThread"
I/TaskTracer(  943): 2 4050154161342 1397108032334345 30000 70000
I/TaskTracer(  804): 0 3487513445695 1397108032334589 3453153709127 1 4050154161342
I/TaskTracer(  804): 4 3487513445695 0x421c8150
I/TaskTracer(  804): 0 3487513445696 1397108032334681 3453153709127 1 4050154161342
I/TaskTracer(  804): 4 3487513445696 0x421c82f0
I/TaskTracer(  804): 2 3560527889247 1397108032339838 1070000 390000
I/TaskTracer(  804): 1 3560527889192 1397108032340479 1070000 390000 804 "" 829 "Compositor"
I/TaskTracer(  804): 2 3560527889192 1397108032340907 1070000 390000
I/TaskTracer(  804): 1 3560527889193 1397108032341151 1070000 390000 804 "" 829 "Compositor"
I/TaskTracer(  804): 2 3560527889193 1397108032341517 1070000 390000
I/TaskTracer(  804): 1 3560527889194 1397108032341700 1070000 390000 804 "" 829 "Compositor"
I/TaskTracer(  804): 2 3560527889194 1397108032342036 1070000 390000
I/TaskTracer(  804): 1 3560527889251 1397108032342249 1070000 390000 804 "" 829 "Compositor"
I/TaskTracer(  804): 0 3560527889252 1397108032342738 3453153709231 1 3560527889251
I/TaskTracer(  804): 4 3560527889252 0x421e2368
I/TaskTracer(  804): 0 3560527889253 1397108032343348 3453153709231 1 3560527889251
I/TaskTracer(  804): 4 3560527889253 0x421e2368
I/TaskTracer(  804): 0 3560527889254 1397108032343897 3453153709231 1 3560527889251
I/TaskTracer(  804): 4 3560527889254 0x421e2368
I/TaskTracer(  804): 0 3560527889255 1397108032344447 3453153709231 1 3560527889251
I/TaskTracer(  804): 4 3560527889255 0x421e25d8
I/TaskTracer(  804): 2 3560527889251 1397108032352442 1070000 390000
I/TaskTracer(  804): 1 3560527889196 1397108032353571 1070000 390000 804 "" 829 "Compositor"
I/TaskTracer(  804): 2 3560527889196 1397108032354060 1070000 390000
I/TaskTracer(  804): 1 3560527889197 1397108032354304 1070000 390000 804 "" 829 "Compositor"
I/TaskTracer(  804): 2 3560527889197 1397108032354700 1070000 390000
I/TaskTracer(  804): 1 3560527889198 1397108032354884 1070000 390000 804 "" 829 "Compositor"
I/TaskTracer(  804): 2 3560527889198 1397108032355250 1070000 390000
I/TaskTracer(  943): 0 4050154161343 1397108032356715 3453153709127 1 4050154161317
I/TaskTracer(  804): 1 3560527889255 1397108032359522 1070000 390000 804 "" 829 "Compositor"
I/TaskTracer(  804): 0 3560527889256 1397108032360255 3453153709231 1 3560527889255
I/TaskTracer(  804): 4 3560527889256 0x421e2368
I/TaskTracer(  804): 0 3560527889257 1397108032360957 3453153709231 1 3560527889255
I/TaskTracer(  804): 4 3560527889257 0x421e2368
I/TaskTracer(  804): 0 3560527889258 1397108032361689 3453153709231 1 3560527889255
I/TaskTracer(  804): 4 3560527889258 0x421e2368
I/TaskTracer(  804): 0 3560527889259 1397108032362269 3453153709231 1 3560527889255
I/TaskTracer(  804): 4 3560527889259 0x421e25d8
I/TaskTracer(  943): 4 4050154161343 0x41cfb1b0
I/TaskTracer(  943): 1 4050154161343 1397108032368342 30000 70000 943 "" 944 "Chrome_ChildThread"
I/TaskTracer(  943): 2 4050154161343 1397108032368494 30000 70000
I/TaskTracer(  804): 0 3487513445697 1397108032368647 3453153709127 1 4050154161343
I/TaskTracer(  804): 4 3487513445697 0x421c8150
I/TaskTracer(  943): 0 4050154161344 1397108032370417 3453153709127 1 4050154161317
I/TaskTracer(  943): 4 4050154161344 0x41cfb1b0
I/TaskTracer(  943): 1 4050154161344 1397108032372858 30000 70000 943 "" 944 "Chrome_ChildThread"
I/TaskTracer(  943): 2 4050154161344 1397108032373011 30000 70000
I/TaskTracer(  804): 0 3487513445698 1397108032373255 3453153709127 1 4050154161344
I/TaskTracer(  804): 4 3487513445698 0x421c8150
I/TaskTracer(  804): 2 3560527889255 1397108032376978 1070000 400000
I/TaskTracer(  804): 1 3487513445697 1397108032377528 1070000 400000 804 "" 829 "Compositor"
I/TaskTracer(  804): 2 3487513445697 1397108032378046 1070000 400000
I/TaskTracer(  804): 1 3560527889200 1397108032378443 1070000 400000 804 "" 829 "Compositor"
I/TaskTracer(  804): 2 3560527889200 1397108032378931 1070000 400000
I/TaskTracer(  804): 1 3487513445698 1397108032379176 1070000 400000 804 "" 829 "Compositor"
I/TaskTracer(  804): 2 3487513445698 1397108032380183 1070000 400000
I/TaskTracer(  804): 1 3560527889201 1397108032380610 1070000 400000 804 "" 829 "Compositor"
I/TaskTracer(  804): 2 3560527889201 1397108032380824 1070000 400000
I/TaskTracer(  804): 1 3560527889202 1397108032381190 1070000 400000 804 "" 829 "Compositor"
I/TaskTracer(  804): 2 3560527889202 1397108032382136 1070000 400000
I/TaskTracer(  804): 1 3560527889259 1397108032382899 1070000 400000 804 "" 829 "Compositor"
I/TaskTracer(  804): 0 3560527889260 1397108032383479 3453153709231 1 3560527889259
I/TaskTracer(  804): 4 3560527889260 0x421e2368
I/TaskTracer(  804): 0 3560527889261 1397108032389643 3453153709231 1 3560527889259
I/TaskTracer(  943): 0 4050154161345 1397108032390070 3453153709127 1 4050154161317
I/TaskTracer(  804): 4 3560527889261 0x421e2368
I/TaskTracer(  804): 0 3560527889262 1397108032390681 3453153709231 1 3560527889259
I/TaskTracer(  943): 4 4050154161345 0x41cfb1b0
I/TaskTracer(  943): 1 4050154161345 1397108032391322 30000 70000 943 "" 944 "Chrome_ChildThread"
I/TaskTracer(  943): 2 4050154161345 1397108032391444 30000 70000
I/TaskTracer(  804): 0 3487513445699 1397108032391627 3453153709127 1 4050154161345
I/TaskTracer(  804): 4 3487513445699 0x421c8150
I/TaskTracer(  804): 4 3560527889262 0x421e2368
I/TaskTracer(  804): 0 3560527889263 1397108032392908 3453153709231 1 3560527889259
I/TaskTracer(  804): 4 3560527889263 0x421e25d8
I/TaskTracer(  804): 2 3560527889259 1397108032405604 1080000 400000
I/TaskTracer(  804): 1 3487513445699 1397108032405756 1080000 400000 804 "" 829 "Compositor"
I/TaskTracer(  804): 0 3560527889264 1397108032406886 3453153709127 1 3487513445699
I/TaskTracer(  804): 4 3560527889264 0x421c81b0
I/TaskTracer(  804): 1 3560527889264 1397108032407160 310000 120000 804 "" 812 "Gecko_IOThread"
I/TaskTracer(  804): 2 3560527889264 1397108032407313 310000 120000
I/TaskTracer(  943): 0 4050154161346 1397108032408961 3453153709127 1 4050154161317
I/TaskTracer(  943): 4 4050154161346 0x41cfb1b0
I/TaskTracer(  943): 0 4050154161347 1397108032409113 3453153709127 1 4050154161317
I/TaskTracer(  943): 4 4050154161347 0x41cfb1b0
I/TaskTracer(  943): 1 4050154161346 1397108032409663 30000 70000 943 "" 944 "Chrome_ChildThread"
I/TaskTracer(  943): 2 4050154161346 1397108032409785 30000 70000
I/TaskTracer(  943): 1 4050154161347 1397108032409846 30000 70000 943 "" 944 "Chrome_ChildThread"
I/TaskTracer(  943): 2 4050154161347 1397108032409937 30000 70000
I/TaskTracer(  804): 0 3487513445700 1397108032410944 3453153709127 1 4050154161346
I/TaskTracer(  804): 4 3487513445700 0x421c8150
I/TaskTracer(  804): 0 3487513445701 1397108032411097 3453153709127 1 4050154161347
I/TaskTracer(  804): 4 3487513445701 0x421c8150
I/TaskTracer(  804): 2 3487513445699 1397108032412196 1080000 400000
I/TaskTracer(  804): 1 3560527889204 1397108032412287 1080000 400000 804 "" 829 "Compositor"
I/TaskTracer(  804): 2 3560527889204 1397108032412348 1080000 400000
I/TaskTracer(  804): 1 3487513445700 1397108032413172 1080000 400000 804 "" 829 "Compositor"
I/TaskTracer(  804): 2 3487513445700 1397108032413599 1080000 400000
I/TaskTracer(  804): 1 3560527889205 1397108032413691 1080000 400000 804 "" 829 "Compositor"
I/TaskTracer(  804): 2 3560527889205 1397108032414088 1080000 400000
I/TaskTracer(  804): 1 3487513445701 1397108032414149 1080000 400000 804 "" 829 "Compositor"
I/TaskTracer(  804): 0 3560527889265 1397108032420222 3453153709127 1 3487513445701
I/TaskTracer(  804): 4 3560527889265 0x421c81b0
I/TaskTracer(  804): 1 3560527889265 1397108032421046 310000 120000 804 "" 812 "Gecko_IOThread"
I/TaskTracer(  804): 2 3560527889265 1397108032421198 310000 120000
I/TaskTracer(  943): 0 4050154161348 1397108032422663 3453153709127 1 4050154161317
I/TaskTracer(  943): 4 4050154161348 0x41cfb1b0
I/TaskTracer(  943): 1 4050154161348 1397108032422816 30000 70000 943 "" 944 "Chrome_ChildThread"
I/TaskTracer(  943): 2 4050154161348 1397108032422938 30000 70000
I/TaskTracer(  804): 0 3487513445702 1397108032429591 3453153709127 1 4050154161348
I/TaskTracer(  804): 4 3487513445702 0x421c8150
I/TaskTracer(  804): 2 3487513445701 1397108032430445 1090000 400000
I/TaskTracer(  804): 1 3560527889206 1397108032430750 1090000 400000 804 "" 829 "Compositor"
I/TaskTracer(  804): 2 3560527889206 1397108032430811 1090000 400000
I/TaskTracer(  804): 1 3487513445702 1397108032430903 1090000 400000 804 "" 829 "Compositor"
I/TaskTracer(  804): 2 3487513445702 1397108032431849 1090000 400000
I/TaskTracer(  804): 1 3560527889263 1397108032431910 1090000 400000 804 "" 829 "Compositor"
I/TaskTracer(  804): 0 3560527889266 1397108032432825 3453153709231 1 3560527889263
I/TaskTracer(  804): 4 3560527889266 0x421e2368
I/TaskTracer(  804): 0 3560527889267 1397108032432978 3453153709231 1 3560527889263
I/TaskTracer(  804): 4 3560527889267 0x421e2368
I/TaskTracer(  804): 0 3560527889268 1397108032433100 3453153709231 1 3560527889263
I/TaskTracer(  804): 4 3560527889268 0x421e2368
I/TaskTracer(  804): 0 3560527889269 1397108032433222 3453153709231 1 3560527889263
I/TaskTracer(  804): 4 3560527889269 0x421e25d8
I/TaskTracer(  804): 2 3560527889263 1397108032441523 1090000 400000
I/TaskTracer(  804): 1 3560527889208 1397108032441737 1090000 400000 804 "" 829 "Compositor"
I/TaskTracer(  804): 2 3560527889208 1397108032442133 1090000 400000
I/TaskTracer(  804): 1 3560527889209 1397108032442377 1090000 400000 804 "" 829 "Compositor"
I/TaskTracer(  804): 2 3560527889209 1397108032442774 1090000 400000
I/TaskTracer(  804): 1 3560527889210 1397108032442957 1090000 400000 804 "" 829 "Compositor"
I/TaskTracer(  804): 2 3560527889210 1397108032443354 1090000 400000
I/TaskTracer(  804): 1 3560527889212 1397108032443690 1090000 400000 804 "" 829 "Compositor"
I/TaskTracer(  804): 2 3560527889212 1397108032444025 1090000 400000
I/TaskTracer(  804): 1 3560527889213 1397108032444239 1090000 400000 804 "" 829 "Compositor"
I/TaskTracer(  804): 2 3560527889213 1397108032444575 1090000 400000
I/TaskTracer(  804): 1 3560527889214 1397108032444758 1090000 400000 804 "" 829 "Compositor"
I/TaskTracer(  804): 2 3560527889214 1397108032445124 1090000 400000
I/TaskTracer(  943): 0 4050154161349 1397108032429285 3453153709127 1 4050154161317
I/TaskTracer(  943): 4 4050154161349 0x41cfb1b0
I/TaskTracer(  943): 1 4050154161349 1397108032448389 30000 70000 943 "" 944 "Chrome_ChildThread"
I/TaskTracer(  943): 2 4050154161349 1397108032448542 30000 70000
I/TaskTracer(  804): 0 3487513445703 1397108032448725 3453153709127 1 4050154161349
I/TaskTracer(  804): 4 3487513445703 0x421c8150
I/TaskTracer(  804): 1 3487513445703 1397108032449732 1090000 400000 804 "" 829 "Compositor"
I/TaskTracer(  804): 0 3560527889270 1397108032450220 3453153709127 1 3487513445703
I/TaskTracer(  804): 4 3560527889270 0x421c81b0
I/TaskTracer(  804): 1 3560527889270 1397108032450892 310000 120000 804 "" 812 "Gecko_IOThread"
I/TaskTracer(  804): 2 3560527889270 1397108032451044 310000 120000
I/TaskTracer(  804): 0 3560527889271 1397108032451807 3453153709127 1 3487513445703
I/TaskTracer(  804): 4 3560527889271 0x421c81b0
I/TaskTracer(  804): 1 3560527889271 1397108032452479 310000 120000 804 "" 812 "Gecko_IOThread"
I/TaskTracer(  804): 2 3560527889271 1397108032452570 310000 120000
I/TaskTracer(  943): 0 4054449127596 1397108032454005 3453153709127 1 3560527889270
I/TaskTracer(  943): 4 4054449127596 0x41cfb150
I/TaskTracer(  943): 0 4054449127597 1397108032454127 3453153709127 1 3560527889270
I/TaskTracer(  943): 4 4054449127597 0x41cfb2f0
I/TaskTracer(  943): 0 4054449127598 1397108032454310 3453153709127 1 3560527889271
I/TaskTracer(  943): 4 4054449127598 0x41cfb150
I/TaskTracer(  943): 0 4054449127599 1397108032454432 3453153709127 1 3560527889271
I/TaskTracer(  943): 4 4054449127599 0x41cfb2f0
I/TaskTracer(  943): 0 4050154161350 1397108032455866 3453153709127 1 4050154161317
I/TaskTracer(  943): 4 4050154161350 0x41cfb1b0
I/TaskTracer(  943): 1 4050154161350 1397108032456324 30000 70000 943 "" 944 "Chrome_ChildThread"
I/TaskTracer(  943): 2 4050154161350 1397108032456416 30000 70000
I/TaskTracer(  804): 0 3487513445704 1397108032456599 3453153709127 1 4050154161350
I/TaskTracer(  804): 4 3487513445704 0x421c8150
I/TaskTracer(  804): 2 3487513445703 1397108032458186 1090000 400000
I/TaskTracer(  804): 1 3560527889269 1397108032458277 1090000 400000 804 "" 829 "Compositor"
I/TaskTracer(  804): 0 3560527889272 1397108032458460 3453153709231 1 3560527889269
I/TaskTracer(  804): 4 3560527889272 0x421e2368
I/TaskTracer(  804): 0 3560527889273 1397108032458613 3453153709231 1 3560527889269
I/TaskTracer(  804): 4 3560527889273 0x421e2368
I/TaskTracer(  804): 0 3560527889274 1397108032458735 3453153709231 1 3560527889269
I/TaskTracer(  804): 4 3560527889274 0x421e2368
I/TaskTracer(  804): 0 3560527889275 1397108032458857 3453153709231 1 3560527889269
I/TaskTracer(  804): 4 3560527889275 0x421e25d8
I/TaskTracer(  943): 0 4050154161351 1397108032461176 3453153709127 1 4050154161317
I/TaskTracer(  943): 4 4050154161351 0x41cfb1b0
I/TaskTracer(  943): 1 4050154161351 1397108032462336 30000 70000 943 "" 944 "Chrome_ChildThread"
I/TaskTracer(  943): 2 4050154161351 1397108032462428 30000 70000
I/TaskTracer(  804): 0 3487513445705 1397108032462641 3453153709127 1 4050154161351
I/TaskTracer(  804): 4 3487513445705 0x421c8150
I/TaskTracer(  804): 2 3560527889269 1397108032475581 1090000 400000
I/TaskTracer(  804): 1 3487513445704 1397108032475794 1090000 400000 804 "" 829 "Compositor"
I/TaskTracer(  943): 0 4088808866310 1397108032476221 3453153705985 0 4050154160168
I/TaskTracer(  943): 4 4088808866310 0x41ce9288
I/TaskTracer(  804): 0 3560527889276 1397108032476771 3453153709127 1 3487513445704
I/TaskTracer(  804): 4 3560527889276 0x421c81b0
I/TaskTracer(  804): 1 3560527889276 1397108032477381 310000 120000 804 "" 812 "Gecko_IOThread"
I/TaskTracer(  804): 2 3560527889276 1397108032477503 310000 120000
I/TaskTracer(  943): 0 4054449127600 1397108032477656 3453153709127 1 3560527889276
I/TaskTracer(  943): 4 4054449127600 0x41cfb150
I/TaskTracer(  943): 0 4054449127601 1397108032477747 3453153709127 1 3560527889276
I/TaskTracer(  943): 4 4054449127601 0x41cfb2f0
I/TaskTracer(  804): 2 3487513445704 1397108032478846 1090000 400000
I/TaskTracer(  804): 1 3560527889216 1397108032478968 1090000 400000 804 "" 829 "Compositor"
I/TaskTracer(  804): 2 3560527889216 1397108032479029 1090000 400000
I/TaskTracer(  804): 1 3487513445705 1397108032479090 1090000 400000 804 "" 829 "Compositor"
I/TaskTracer(  804): 0 3560527889277 1397108032482355 3453153709127 1 3487513445705
I/TaskTracer(  804): 4 3560527889277 0x421c81b0
I/TaskTracer(  804): 1 3560527889277 1397108032484461 310000 120000 804 "" 812 "Gecko_IOThread"
I/TaskTracer(  804): 2 3560527889277 1397108032484614 310000 120000
I/TaskTracer(  943): 0 4050154161352 1397108032485377 3453153709127 1 4050154161317
I/TaskTracer(  943): 4 4050154161352 0x41cfb1b0
I/TaskTracer(  943): 0 4050154161353 1397108032485560 3453153709127 1 4050154161317
I/TaskTracer(  943): 4 4050154161353 0x41cfb1b0
I/TaskTracer(  943): 1 4050154161352 1397108032485804 30000 70000 943 "" 944 "Chrome_ChildThread"
I/TaskTracer(  943): 2 4050154161352 1397108032485896 30000 70000
I/TaskTracer(  943): 1 4050154161353 1397108032485957 30000 70000 943 "" 944 "Chrome_ChildThread"
I/TaskTracer(  943): 2 4050154161353 1397108032486048 30000 70000
I/TaskTracer(  804): 0 3487513445706 1397108032487971 3453153709127 1 4050154161352
I/TaskTracer(  804): 4 3487513445706 0x421c8150
I/TaskTracer(  804): 0 3487513445707 1397108032488123 3453153709127 1 4050154161353
I/TaskTracer(  804): 4 3487513445707 0x421c8150
I/TaskTracer(  804): 2 3487513445705 1397108032489069 1100000 400000
I/TaskTracer(  804): 1 3560527889217 1397108032489161 1100000 400000 804 "" 829 "Compositor"
I/TaskTracer(  804): 2 3560527889217 1397108032489222 1100000 400000
I/TaskTracer(  804): 1 3487513445706 1397108032489954 1100000 400000 804 "" 829 "Compositor"
I/TaskTracer(  804): 2 3487513445706 1397108032490076 1100000 400000
I/TaskTracer(  804): 1 3560527889218 1397108032490168 1100000 400000 804 "" 829 "Compositor"
I/TaskTracer(  804): 2 3560527889218 1397108032490778 1100000 400000
I/TaskTracer(  804): 1 3487513445707 1397108032491267 1100000 400000 804 "" 829 "Compositor"
I/TaskTracer(  804): 0 3560527889278 1397108032497889 3453153709127 1 3487513445707
I/TaskTracer(  804): 4 3560527889278 0x421c81b0
I/TaskTracer(  804): 1 3560527889278 1397108032500208 310000 120000 804 "" 812 "Gecko_IOThread"
I/TaskTracer(  804): 2 3560527889278 1397108032500361 310000 120000
I/TaskTracer(  943): 0 4050154161354 1397108032501673 3453153709127 1 4050154161317
I/TaskTracer(  943): 4 4050154161354 0x41cfb1b0
I/TaskTracer(  943): 1 4050154161354 1397108032509974 30000 70000 943 "" 944 "Chrome_ChildThread"
I/TaskTracer(  943): 2 4050154161354 1397108032510157 30000 70000
I/TaskTracer(  804): 0 3487513445708 1397108032511591 3453153709127 1 4050154161354
I/TaskTracer(  804): 4 3487513445708 0x421c8150
I/TaskTracer(  804): 2 3487513445707 1397108032512263 1100000 400000
I/TaskTracer(  804): 1 3560527889220 1397108032512690 1100000 400000 804 "" 829 "Compositor"
I/TaskTracer(  804): 2 3560527889220 1397108032512751 1100000 400000
I/TaskTracer(  804): 1 3487513445708 1397108032512843 1100000 400000 804 "" 829 "Compositor"
I/TaskTracer(  804): 2 3487513445708 1397108032513728 1100000 400000
I/TaskTracer(  804): 1 3560527889275 1397108032513789 1100000 400000 804 "" 829 "Compositor"
I/TaskTracer(  804): 0 3560527889279 1397108032514735 3453153709231 1 3560527889275
I/TaskTracer(  804): 4 3560527889279 0x421e2368
I/TaskTracer(  804): 0 3560527889280 1397108032515253 3453153709231 1 3560527889275
I/TaskTracer(  804): 4 3560527889280 0x421e2368
I/TaskTracer(  804): 0 3560527889281 1397108032515376 3453153709231 1 3560527889275
I/TaskTracer(  804): 4 3560527889281 0x421e2368
I/TaskTracer(  804): 0 3560527889282 1397108032516932 3453153709231 1 3560527889275
I/TaskTracer(  804): 4 3560527889282 0x421e25d8
I/TaskTracer(  927): 0 4020089389112 1397108032526942 3453153705985 0 3981434683429
I/TaskTracer(  927): 4 4020089389112 0x41ce9288
I/TaskTracer(  804): 2 3560527889275 1397108032529993 1100000 400000
I/TaskTracer(  804): 1 3560527889221 1397108032530146 1100000 400000 804 "" 829 "Compositor"
I/TaskTracer(  804): 2 3560527889221 1397108032530207 1100000 400000
I/TaskTracer(  804): 1 3560527889222 1397108032530268 1100000 400000 804 "" 829 "Compositor"
I/TaskTracer(  804): 2 3560527889222 1397108032530329 1100000 400000
I/TaskTracer(  804): 1 3560527889224 1397108032530390 1100000 400000 804 "" 829 "Compositor"
I/TaskTracer(  804): 2 3560527889224 1397108032530451 1100000 400000
I/TaskTracer(  804): 1 3560527889225 1397108032530512 1100000 400000 804 "" 829 "Compositor"
I/TaskTracer(  804): 2 3560527889225 1397108032530573 1100000 400000
I/TaskTracer(  804): 1 3560527889226 1397108032530634 1100000 400000 804 "" 829 "Compositor"
I/TaskTracer(  804): 2 3560527889226 1397108032530695 1100000 400000
I/TaskTracer(  804): 1 3560527889228 1397108032530756 1100000 400000 804 "" 829 "Compositor"
I/TaskTracer(  804): 2 3560527889228 1397108032530817 1100000 400000
I/TaskTracer(  804): 1 3560527889229 1397108032530878 1100000 400000 804 "" 829 "Compositor"
I/TaskTracer(  804): 2 3560527889229 1397108032530939 1100000 400000
I/TaskTracer(  804): 1 3560527889230 1397108032531001 1100000 400000 804 "" 829 "Compositor"
I/TaskTracer(  804): 2 3560527889230 1397108032531062 1100000 400000
I/TaskTracer(  804): 1 3560527889282 1397108032531123 1100000 400000 804 "" 829 "Compositor"
I/TaskTracer(  804): 0 3560527889283 1397108032531336 3453153709231 1 3560527889282
I/TaskTracer(  804): 4 3560527889283 0x421e2368
I/TaskTracer(  804): 0 3560527889284 1397108032531458 3453153709231 1 3560527889282
I/TaskTracer(  804): 4 3560527889284 0x421e2368
I/TaskTracer(  804): 0 3560527889285 1397108032531580 3453153709231 1 3560527889282
I/TaskTracer(  804): 4 3560527889285 0x421e2368
I/TaskTracer(  804): 0 3560527889286 1397108032531702 3453153709231 1 3560527889282
I/TaskTracer(  804): 4 3560527889286 0x421e25d8
I/TaskTracer(  804): 2 3560527889282 1397108032538264 1110000 400000
I/TaskTracer(  804): 1 3560527889232 1397108032538844 1110000 400000 804 "" 829 "Compositor"
I/TaskTracer(  804): 2 3560527889232 1397108032539698 1110000 400000
I/TaskTracer(  804): 1 3560527889233 1397108032540156 1110000 400000 804 "" 829 "Compositor"
I/TaskTracer(  804): 2 3560527889233 1397108032540705 1110000 400000
I/TaskTracer(  804): 1 3560527889234 1397108032540949 1110000 400000 804 "" 829 "Compositor"
I/TaskTracer(  804): 2 3560527889234 1397108032541804 1110000 400000
I/TaskTracer(  804): 1 3560527889286 1397108032548182 1110000 400000 804 "" 829 "Compositor"
I/TaskTracer(  804): 0 3560527889287 1397108032548487 3453153709231 1 3560527889286
I/TaskTracer(  804): 4 3560527889287 0x421e2368
I/TaskTracer(  804): 0 3560527889288 1397108032549128 3453153709231 1 3560527889286
I/TaskTracer(  804): 4 3560527889288 0x421e2368
I/TaskTracer(  804): 0 3560527889289 1397108032550043 3453153709231 1 3560527889286
I/TaskTracer(  804): 4 3560527889289 0x421e2368
I/TaskTracer(  804): 0 3560527889290 1397108032551386 3453153709231 1 3560527889286
I/TaskTracer(  804): 4 3560527889290 0x421e25d8
I/TaskTracer(  804): 2 3560527889286 1397108032565028 1110000 400000
I/TaskTracer(  804): 1 3560527889236 1397108032565211 1110000 400000 804 "" 829 "Compositor"
I/TaskTracer(  804): 2 3560527889236 1397108032565272 1110000 400000
I/TaskTracer(  804): 1 3560527889237 1397108032565363 1110000 400000 804 "" 829 "Compositor"
I/TaskTracer(  804): 2 3560527889237 1397108032565424 1110000 400000
I/TaskTracer(  804): 1 3560527889238 1397108032565485 1110000 400000 804 "" 829 "Compositor"
I/TaskTracer(  804): 2 3560527889238 1397108032565546 1110000 400000
I/TaskTracer(  804): 1 3560527889290 1397108032565607 1110000 400000 804 "" 829 "Compositor"
I/TaskTracer(  804): 0 3560527889291 1397108032565791 3453153709231 1 3560527889290
I/TaskTracer(  804): 4 3560527889291 0x421e2368
I/TaskTracer(  804): 0 3560527889292 1397108032565943 3453153709231 1 3560527889290
I/TaskTracer(  804): 4 3560527889292 0x421e2368
I/TaskTracer(  804): 0 3560527889293 1397108032566065 3453153709231 1 3560527889290
I/TaskTracer(  804): 4 3560527889293 0x421e2368
I/TaskTracer(  804): 0 3560527889294 1397108032566187 3453153709231 1 3560527889290
I/TaskTracer(  804): 4 3560527889294 0x421e25d8
I/TaskTracer(  927): 0 3981434683664 1397108032570551 3453153709231 1 3981434683649
I/TaskTracer(  804): 2 3560527889290 1397108032572810 1110000 400000
I/TaskTracer(  957): 0 4148938407944 1397108032573115 3453153708924 1 4110283702315
I/TaskTracer(  804): 1 3560527889240 1397108032574397 1110000 400000 804 "" 829 "Compositor"
I/TaskTracer(  804): 2 3560527889240 1397108032574824 1110000 400000
I/TaskTracer(  804): 1 3560527889241 1397108032575068 1110000 400000 804 "" 829 "Compositor"
I/TaskTracer(  804): 2 3560527889241 1397108032575465 1110000 400000
I/TaskTracer(  927): 4 3981434683664 0x41cfb1b0
I/TaskTracer(  927): 1 3981434683664 1397108032576136 10000 30000 927 "" 928 "Chrome_ChildThread"
I/TaskTracer(  927): 2 3981434683664 1397108032576258 10000 30000
I/TaskTracer(  804): 0 3487513445709 1397108032576441 3453153709231 1 3981434683664
I/TaskTracer(  804): 4 3487513445709 0x421c8150
I/TaskTracer(  804): 1 3487513445709 1397108032577448 1110000 400000 804 "" 829 "Compositor"
I/TaskTracer(  804): 0 3560527889295 1397108032578547 3453153709231 1 3487513445709
I/TaskTracer(  804): 4 3560527889295 0x422d8078
I/TaskTracer(  804): 0 3560527889296 1397108032579188 3453153709231 1 3487513445709
I/TaskTracer(  804): 4 3560527889296 0x421c82f0
I/TaskTracer(  804): 0 3560527889297 1397108032580470 3453153709231 1 3487513445709
I/TaskTracer(  804): 4 3560527889297 0x421c81b0
I/TaskTracer(  804): 1 3560527889297 1397108032582362 320000 120000 804 "" 812 "Gecko_IOThread"
I/TaskTracer(  804): 2 3560527889297 1397108032582514 320000 120000
I/TaskTracer(  804): 2 3487513445709 1397108032583857 1110000 400000
I/TaskTracer(  927): 0 3981434683665 1397108032583643 3453153709231 1 3981434683649
I/TaskTracer(  804): 1 3560527889242 1397108032584864 1110000 400000 804 "" 829 "Compositor"
I/TaskTracer(  927): 4 3981434683665 0x41ce9228
I/TaskTracer(  804): 2 3560527889242 1397108032586085 1110000 400000
I/TaskTracer(  804): 1 3560527889294 1397108032586481 1110000 400000 804 "" 829 "Compositor"
I/TaskTracer(  804): 0 3560527889298 1397108032589716 3453153709231 1 3560527889294
I/TaskTracer(  804): 4 3560527889298 0x421e2368
