I/TaskTracer( 2341): 1 10054518440560 1392783807364619 2341 "Homescreen" 2342 "Chrome_ChildThread"
I/TaskTracer( 2341): 2 10054518440560 1392783807364741
I/TaskTracer( 2262): 0 9745280795568 1392783807364924 10093173145883 5 10054518440560
I/TaskTracer( 2262): 4 9745280795568 0x420a5ee0
I/TaskTracer( 2262): 1 9745280795568 1392783807365137 2262 "b2g" 2286 "Compositor"
I/TaskTracer( 2262): 2 9745280795568 1392783807365260
I/TaskTracer( 2341): 0 10054518440561 1392783807366297 10093173145883 5 10093173145884
I/TaskTracer( 2341): 4 10054518440561 0x41bb5f40
I/TaskTracer( 2341): 1 10054518440561 1392783807366969 2341 "Homescreen" 2342 "Chrome_ChildThread"
I/TaskTracer( 2341): 2 10054518440561 1392783807367060
I/TaskTracer( 2262): 0 9745280795569 1392783807367243 10093173145883 5 10054518440561
I/TaskTracer( 2262): 4 9745280795569 0x420a5ee0
I/TaskTracer( 2262): 1 9745280795569 1392783807367426 2262 "b2g" 2286 "Compositor"
I/TaskTracer( 2262): 0 9818295238895 1392783807368525 10093173145883 5 9745280795569
I/TaskTracer( 2262): 4 9818295238895 0x420a5f40
I/TaskTracer( 2262): 1 9818295238895 1392783807368830 2262 "b2g" 2269 "Gecko_IOThread"
I/TaskTracer( 2262): 2 9818295238895 1392783807368952
I/TaskTracer( 2262): 2 9745280795569 1392783807370325
I/TaskTracer( 2341): 0 10054518440562 1392783807372492 10093173145883 5 10093173145884
I/TaskTracer( 2341): 4 10054518440562 0x41bb5f40
I/TaskTracer( 2341): 1 10054518440562 1392783807373011 2341 "Homescreen" 2342 "Chrome_ChildThread"
I/TaskTracer( 2341): 2 10054518440562 1392783807373103
I/TaskTracer( 2262): 0 9745280795570 1392783807373255 10093173145883 5 10054518440562
I/TaskTracer( 2262): 4 9745280795570 0x420a5ee0
I/TaskTracer( 2262): 1 9745280795570 1392783807373530 2262 "b2g" 2286 "Compositor"
I/TaskTracer( 2262): 0 9818295238896 1392783807374598 10093173145883 5 9745280795570
I/TaskTracer( 2262): 4 9818295238896 0x420a5f40
I/TaskTracer( 2262): 1 9818295238896 1392783807374873 2262 "b2g" 2269 "Gecko_IOThread"
I/TaskTracer( 2262): 2 9818295238896 1392783807374995
I/TaskTracer( 2262): 2 9745280795570 1392783807376154
I/TaskTracer( 2341): 0 10054518440563 1392783807392786 10093173145883 5 10093173145884
I/TaskTracer( 2341): 4 10054518440563 0x41bb5f40
I/TaskTracer( 2341): 1 10054518440563 1392783807393580 2341 "Homescreen" 2342 "Chrome_ChildThread"
I/TaskTracer( 2341): 2 10054518440563 1392783807393702
I/TaskTracer( 2262): 0 9745280795571 1392783807393855 10093173145883 5 10054518440563
I/TaskTracer( 2262): 4 9745280795571 0x420a5ee0
I/TaskTracer( 2262): 1 9745280795571 1392783807394099 2262 "b2g" 2286 "Compositor"
I/TaskTracer( 2262): 2 9745280795571 1392783807394190
I/TaskTracer( 2341): 0 10054518440564 1392783807395075 10093173145883 5 10093173145884
I/TaskTracer( 2341): 4 10054518440564 0x41bb5f40
I/TaskTracer( 2341): 1 10054518440564 1392783807395716 2341 "Homescreen" 2342 "Chrome_ChildThread"
I/TaskTracer( 2341): 2 10054518440564 1392783807395808
I/TaskTracer( 2262): 0 9745280795572 1392783807395930 10093173145883 5 10054518440564
I/TaskTracer( 2262): 4 9745280795572 0x420a5ee0
I/TaskTracer( 2262): 1 9745280795572 1392783807396174 2262 "b2g" 2286 "Compositor"
I/TaskTracer( 2262): 0 9818295238897 1392783807397608 10093173145883 5 9745280795572
I/TaskTracer( 2262): 4 9818295238897 0x420a5f40
I/TaskTracer( 2262): 1 9818295238897 1392783807397883 2262 "b2g" 2269 "Gecko_IOThread"
I/TaskTracer( 2262): 2 9818295238897 1392783807398005
I/TaskTracer( 2262): 2 9745280795572 1392783807399378
I/TaskTracer( 2262): 0 9801115370809 1392783807400813 9801115370809 5 9801115370809
I/TaskTracer( 2262): 1 9801115370809 1392783807400904 2262 "b2g" 2282 "Timer"
I/TaskTracer( 2262): 0 9801115370810 1392783807400965 9801115370809 5 9801115370809
I/TaskTracer( 2262): 4 9801115370810 0x42094520
I/TaskTracer( 2262): 2 9801115370809 1392783807401087
I/TaskTracer( 2262): 1 9801115370810 1392783807401270 2262 "b2g" 2262 "main"
I/TaskTracer( 2262): 1 9715216025929 1392783807401331 2262 "b2g" 2262 "main"
I/TaskTracer( 2262): 2 9715216025929 1392783807401392
I/TaskTracer( 2262): 2 9801115370810 1392783807401453
I/TaskTracer( 2341): 0 10054518440565 1392783807403742 10093173145883 5 10093173145884
I/TaskTracer( 2341): 4 10054518440565 0x41bb5f40
I/TaskTracer( 2341): 1 10054518440565 1392783807404353 2341 "Homescreen" 2342 "Chrome_ChildThread"
I/TaskTracer( 2341): 2 10054518440565 1392783807404444
I/TaskTracer( 2262): 0 9745280795573 1392783807404597 10093173145883 5 10054518440565
I/TaskTracer( 2262): 4 9745280795573 0x420a5ee0
I/TaskTracer( 2262): 1 9745280795573 1392783807404841 2262 "b2g" 2286 "Compositor"
I/TaskTracer( 2262): 0 9818295238898 1392783807406397 10093173145883 5 9745280795573
I/TaskTracer( 2262): 4 9818295238898 0x420a5f40
I/TaskTracer( 2262): 1 9818295238898 1392783807406672 2262 "b2g" 2269 "Gecko_IOThread"
I/TaskTracer( 2262): 2 9818295238898 1392783807406794
I/TaskTracer( 2262): 0 9801115370811 1392783807407862 9801115370811 5 9801115370811
I/TaskTracer( 2262): 1 9801115370811 1392783807407954 2262 "b2g" 2282 "Timer"
I/TaskTracer( 2262): 0 9801115370812 1392783807408015 9801115370811 5 9801115370811
I/TaskTracer( 2262): 4 9801115370812 0x42094520
I/TaskTracer( 2262): 2 9801115370811 1392783807408167
I/TaskTracer( 2262): 1 9801115370812 1392783807408289 2262 "b2g" 2262 "main"
I/TaskTracer( 2262): 2 9801115370812 1392783807408381
I/TaskTracer( 2262): 2 9745280795573 1392783807409510
I/TaskTracer( 2262): 0 9801115370813 1392783807459345 9801115370813 5 9801115370813
I/TaskTracer( 2262): 1 9801115370813 1392783807459467 2262 "b2g" 2282 "Timer"
I/TaskTracer( 2262): 0 9801115370814 1392783807459559 9801115370813 5 9801115370813
I/TaskTracer( 2262): 4 9801115370814 0x42094520
I/TaskTracer( 2262): 2 9801115370813 1392783807459711
I/TaskTracer( 2262): 1 9801115370814 1392783807460261 2262 "b2g" 2262 "main"
I/TaskTracer( 2262): 2 9801115370814 1392783807460352
I/TaskTracer( 2341): 0 10054518440566 1392783807467921 10093173145883 5 10093173145884
I/TaskTracer( 2341): 4 10054518440566 0x41bb5f40
I/TaskTracer( 2341): 1 10054518440566 1392783807468714 2341 "Homescreen" 2342 "Chrome_ChildThread"
I/TaskTracer( 2341): 2 10054518440566 1392783807468806
I/TaskTracer( 2262): 0 9745280795574 1392783807468989 10093173145883 5 10054518440566
I/TaskTracer( 2262): 4 9745280795574 0x420a5ee0
I/TaskTracer( 2262): 1 9745280795574 1392783807469263 2262 "b2g" 2286 "Compositor"
I/TaskTracer( 2262): 0 9818295238899 1392783807469996 10093173145883 5 9745280795574
I/TaskTracer( 2262): 4 9818295238899 0x420a5f40
I/TaskTracer( 2262): 2 9745280795574 1392783807470148
I/TaskTracer( 2262): 1 9818295238899 1392783807471033 2262 "b2g" 2269 "Gecko_IOThread"
I/TaskTracer( 2262): 2 9818295238899 1392783807471156
I/TaskTracer( 2341): 0 10054518440567 1392783807473414 10093173145883 5 10093173145884
I/TaskTracer( 2341): 4 10054518440567 0x41bb5f40
I/TaskTracer( 2341): 1 10054518440567 1392783807473933 2341 "Homescreen" 2342 "Chrome_ChildThread"
I/TaskTracer( 2341): 2 10054518440567 1392783807474024
I/TaskTracer( 2262): 0 9745280795575 1392783807474177 10093173145883 5 10054518440567
I/TaskTracer( 2262): 4 9745280795575 0x420a5ee0
I/TaskTracer( 2262): 1 9745280795575 1392783807474451 2262 "b2g" 2286 "Compositor"
I/TaskTracer( 2262): 0 9818295238900 1392783807475031 10093173145883 5 9745280795575
I/TaskTracer( 2262): 4 9818295238900 0x420a5f40
I/TaskTracer( 2262): 2 9745280795575 1392783807475153
I/TaskTracer( 2262): 1 9818295238900 1392783807476130 2262 "b2g" 2269 "Gecko_IOThread"
I/TaskTracer( 2262): 2 9818295238900 1392783807476252
I/TaskTracer( 2341): 0 10054518440568 1392783807481348 10093173145883 5 10093173145884
I/TaskTracer( 2341): 4 10054518440568 0x41bb5f40
I/TaskTracer( 2341): 1 10054518440568 1392783807482111 2341 "Homescreen" 2342 "Chrome_ChildThread"
I/TaskTracer( 2341): 2 10054518440568 1392783807482691
I/TaskTracer( 2262): 0 9745280795576 1392783807482966 10093173145883 5 10054518440568
I/TaskTracer( 2262): 4 9745280795576 0x420a5ee0
I/TaskTracer( 2262): 0 9801115370815 1392783807483179 9801115370815 5 9801115370815
I/TaskTracer( 2262): 1 9801115370815 1392783807483241 2262 "b2g" 2282 "Timer"
I/TaskTracer( 2262): 0 9801115370816 1392783807483302 9801115370815 5 9801115370815
I/TaskTracer( 2262): 4 9801115370816 0x42094520
I/TaskTracer( 2262): 2 9801115370815 1392783807483454
I/TaskTracer( 2262): 1 9745280795576 1392783807483607 2262 "b2g" 2286 "Compositor"
I/TaskTracer( 2262): 0 9818295238901 1392783807484248 10093173145883 5 9745280795576
I/TaskTracer( 2262): 4 9818295238901 0x420a5f40
I/TaskTracer( 2262): 1 9801115370816 1392783807484583 2262 "b2g" 2262 "main"
I/TaskTracer( 2262): 1 9715216025941 1392783807484675 2262 "b2g" 2262 "main"
I/TaskTracer( 2262): 2 9715216025941 1392783807484766
I/TaskTracer( 2262): 2 9801115370816 1392783807484858
I/TaskTracer( 2262): 1 9818295238901 1392783807486353 2262 "b2g" 2269 "Gecko_IOThread"
I/TaskTracer( 2262): 2 9818295238901 1392783807486475
I/TaskTracer( 2262): 0 9801115370817 1392783807486689 9801115370817 5 9801115370817
I/TaskTracer( 2262): 1 9801115370817 1392783807486781 2262 "b2g" 2282 "Timer"
I/TaskTracer( 2262): 0 9801115370818 1392783807486842 9801115370817 5 9801115370817
I/TaskTracer( 2262): 4 9801115370818 0x42094520
I/TaskTracer( 2262): 2 9801115370817 1392783807486964
I/TaskTracer( 2262): 1 9801115370818 1392783807487116 2262 "b2g" 2262 "main"
I/TaskTracer( 2262): 2 9801115370818 1392783807487177
I/TaskTracer( 2262): 0 9818295238902 1392783807488093 10093173145883 5 9745280795576
I/TaskTracer( 2262): 4 9818295238902 0x420a5f40
I/TaskTracer( 2262): 1 9818295238902 1392783807488276 2262 "b2g" 2269 "Gecko_IOThread"
I/TaskTracer( 2262): 2 9818295238902 1392783807488367
I/TaskTracer( 2262): 0 9818295238903 1392783807491572 10093173145883 5 9745280795576
I/TaskTracer( 2262): 4 9818295238903 0x420bdd60
I/TaskTracer( 2262): 0 9818295238904 1392783807492915 10093173145883 5 9745280795576
I/TaskTracer( 2262): 4 9818295238904 0x420a5f40
I/TaskTracer( 2262): 1 9818295238904 1392783807493128 2262 "b2g" 2269 "Gecko_IOThread"
I/TaskTracer( 2262): 2 9818295238904 1392783807493220
I/TaskTracer( 2262): 2 9745280795576 1392783807494105
I/TaskTracer( 2341): 0 10058813407633 1392783807494654 10093173145883 5 9818295238901
I/TaskTracer( 2341): 4 10058813407633 0x41bb5ee0
I/TaskTracer( 2341): 0 10058813407634 1392783807494776 10093173145883 5 9818295238901
I/TaskTracer( 2341): 4 10058813407634 0x41bb6080
I/TaskTracer( 2341): 0 10058813407635 1392783807494959 10093173145883 5 9818295238902
I/TaskTracer( 2341): 4 10058813407635 0x41bb5ee0
I/TaskTracer( 2341): 0 10058813407636 1392783807495051 10093173145883 5 9818295238902
I/TaskTracer( 2341): 4 10058813407636 0x41bb6080
I/TaskTracer( 2262): 1 9818295238903 1392783807494196 2262 "b2g" 2286 "Compositor"
I/TaskTracer( 2262): 0 9818295238905 1392783807496088 10093173145883 5 9818295238903
I/TaskTracer( 2262): 4 9818295238905 0x420bdad0
I/TaskTracer( 2341): 0 10054518440569 1392783807500544 10093173145883 5 10093173145884
I/TaskTracer( 2341): 4 10054518440569 0x41bb5f40
I/TaskTracer( 2341): 1 10054518440569 1392783807500788 2341 "Homescreen" 2342 "Chrome_ChildThread"
I/TaskTracer( 2341): 2 10054518440569 1392783807500880
I/TaskTracer( 2262): 0 9745280795577 1392783807501002 10093173145883 5 10054518440569
I/TaskTracer( 2262): 4 9745280795577 0x420a5ee0
I/TaskTracer( 2341): 0 10054518440570 1392783807502558 10093173145883 5 10093173145884
I/TaskTracer( 2341): 4 10054518440570 0x41bb5f40
I/TaskTracer( 2341): 1 10054518440570 1392783807504145 2341 "Homescreen" 2342 "Chrome_ChildThread"
I/TaskTracer( 2341): 2 10054518440570 1392783807504267
I/TaskTracer( 2262): 0 9745280795578 1392783807504420 10093173145883 5 10054518440570
I/TaskTracer( 2262): 4 9745280795578 0x420a5ee0
I/TaskTracer( 2341): 3 10093173145884 1392783807507563 "[nsEventDispatcher::Dispatch] Event name: MozAfterPaint"
I/TaskTracer( 2341): 2 10093173145884 1392783807507685
I/TaskTracer( 2341): 1 10093173145886 1392783807508875 2341 "Homescreen" 2341 "main"
I/TaskTracer( 2341): 2 10093173145886 1392783807511744
I/TaskTracer( 2341): 1 10058813407628 1392783807511897 2341 "Homescreen" 2341 "main"
I/TaskTracer( 2341): 1 10058813407627 1392783807511958 2341 "Homescreen" 2341 "main"
I/TaskTracer( 2341): 3 10058813407627 1392783807513239 "[nsEventDispatcher::Dispatch] Event name: touchend"
I/TaskTracer( 2262): 2 9818295238903 1392783807518488
I/TaskTracer( 2262): 1 9745280795577 1392783807518610 2262 "b2g" 2286 "Compositor"
I/TaskTracer( 2262): 2 9745280795577 1392783807518885
I/TaskTracer( 2262): 1 9745280795578 1392783807518946 2262 "b2g" 2286 "Compositor"
I/TaskTracer( 2262): 0 9818295238906 1392783807519099 10093173145883 5 9745280795578
I/TaskTracer( 2262): 4 9818295238906 0x420a5f40
I/TaskTracer( 2262): 1 9818295238906 1392783807519312 2262 "b2g" 2269 "Gecko_IOThread"
I/TaskTracer( 2262): 2 9818295238906 1392783807519465
I/TaskTracer( 2341): 0 10058813407637 1392783807520228 10093173145883 5 9818295238906
I/TaskTracer( 2341): 4 10058813407637 0x41bb5ee0
I/TaskTracer( 2341): 0 10058813407638 1392783807520350 10093173145883 5 9818295238906
I/TaskTracer( 2341): 4 10058813407638 0x41bb6080
I/TaskTracer( 2262): 0 9818295238907 1392783807521601 10093173145883 5 9745280795578
I/TaskTracer( 2262): 4 9818295238907 0x420a5f40
I/TaskTracer( 2262): 1 9818295238907 1392783807522364 2262 "b2g" 2269 "Gecko_IOThread"
I/TaskTracer( 2262): 2 9818295238907 1392783807522456
I/TaskTracer( 2341): 0 10058813407639 1392783807522700 10093173145883 5 9818295238907
I/TaskTracer( 2341): 4 10058813407639 0x41bb5ee0
I/TaskTracer( 2341): 0 10058813407640 1392783807522822 10093173145883 5 9818295238907
I/TaskTracer( 2341): 4 10058813407640 0x41bb6080
I/TaskTracer( 2262): 2 9745280795578 1392783807524348
I/TaskTracer( 2341): 1 10093173145888 1392783807525843 2341 "Homescreen" 2341 "main"
I/TaskTracer( 2341): 2 10093173145888 1392783807526331
I/TaskTracer( 2341): 1 10058813407630 1392783807527033 2341 "Homescreen" 2341 "main"
I/TaskTracer( 2341): 1 10058813407629 1392783807527460 2341 "Homescreen" 2341 "main"
I/TaskTracer( 2341): 2 10058813407629 1392783807528407
I/TaskTracer( 2341): 2 10058813407630 1392783807528712
I/TaskTracer( 2341): 2 10058813407627 1392783807529993
I/TaskTracer( 2341): 2 10058813407628 1392783807530451
I/TaskTracer( 2341): 1 10058813407632 1392783807530939 2341 "Homescreen" 2341 "main"
I/TaskTracer( 2341): 1 10058813407631 1392783807531336 2341 "Homescreen" 2341 "main"
I/TaskTracer( 2341): 2 10058813407631 1392783807532099
I/TaskTracer( 2341): 2 10058813407632 1392783807532404
I/TaskTracer( 2341): 1 10093173145890 1392783807532771 2341 "Homescreen" 2341 "main"
I/TaskTracer( 2341): 3 10093173145890 1392783807536127 "[nsEventDispatcher::Dispatch] Event name: (null)"
I/TaskTracer( 2341): 3 10093173145890 1392783807537135 "[nsEventDispatcher::Dispatch] Event name: (null)"
I/TaskTracer( 2341): 0 10093173145891 1392783807545313 10093173145891 5 10093173145891
I/TaskTracer( 2341): 1 10093173145891 1392783807545435 2341 "(Preallocated app)" 2350 "Timer"
I/TaskTracer( 2341): 0 10093173145892 1392783807545496 10093173145891 5 10093173145891
I/TaskTracer( 2341): 4 10093173145892 0x41ba4520
I/TaskTracer( 2341): 2 10093173145891 1392783807545679
I/TaskTracer( 2341): 0 10054518440571 1392783807564021 10093173145889 5 10093173145890
I/TaskTracer( 2341): 4 10054518440571 0x41bb5f40
I/TaskTracer( 2341): 1 10054518440571 1392783807564845 2341 "Homescreen" 2342 "Chrome_ChildThread"
I/TaskTracer( 2341): 2 10054518440571 1392783807564997
I/TaskTracer( 2262): 0 9745280795579 1392783807565211 10093173145889 5 10054518440571
I/TaskTracer( 2262): 4 9745280795579 0x420a5ee0
I/TaskTracer( 2262): 1 9745280795579 1392783807565455 2262 "b2g" 2286 "Compositor"
I/TaskTracer( 2262): 2 9745280795579 1392783807565546
I/TaskTracer( 2341): 0 10054518440572 1392783807566645 10093173145889 5 10093173145890
I/TaskTracer( 2341): 4 10054518440572 0x41bb5f40
I/TaskTracer( 2341): 1 10054518440572 1392783807567408 2341 "Homescreen" 2342 "Chrome_ChildThread"
I/TaskTracer( 2341): 2 10054518440572 1392783807567530
I/TaskTracer( 2262): 0 9745280795580 1392783807567683 10093173145889 5 10054518440572
I/TaskTracer( 2262): 4 9745280795580 0x420a5ee0
I/TaskTracer( 2262): 1 9745280795580 1392783807567896 2262 "b2g" 2286 "Compositor"
I/TaskTracer( 2262): 2 9745280795580 1392783807567988
I/TaskTracer( 2341): 0 10054518440573 1392783807569086 10093173145889 5 10093173145890
I/TaskTracer( 2341): 4 10054518440573 0x41bb5f40
I/TaskTracer( 2341): 1 10054518440573 1392783807569727 2341 "Homescreen" 2342 "Chrome_ChildThread"
I/TaskTracer( 2341): 2 10054518440573 1392783807569849
I/TaskTracer( 2262): 0 9745280795581 1392783807570002 10093173145889 5 10054518440573
I/TaskTracer( 2262): 4 9745280795581 0x420a5ee0
I/TaskTracer( 2262): 1 9745280795581 1392783807570307 2262 "b2g" 2286 "Compositor"
I/TaskTracer( 2262): 2 9745280795581 1392783807570429
I/TaskTracer( 2341): 0 10054518440574 1392783807586573 10093173145889 5 10093173145890
I/TaskTracer( 2341): 4 10054518440574 0x41bb5f40
I/TaskTracer( 2341): 1 10054518440574 1392783807587397 2341 "Homescreen" 2342 "Chrome_ChildThread"
I/TaskTracer( 2341): 2 10054518440574 1392783807587519
I/TaskTracer( 2262): 0 9745280795582 1392783807587794 10093173145889 5 10054518440574
I/TaskTracer( 2262): 4 9745280795582 0x420a5ee0
I/TaskTracer( 2262): 1 9745280795582 1392783807588099 2262 "b2g" 2286 "Compositor"
I/TaskTracer( 2262): 0 9818295238908 1392783807589503 10093173145889 5 9745280795582
I/TaskTracer( 2262): 4 9818295238908 0x420bdd60
I/TaskTracer( 2262): 0 9818295238909 1392783807589716 10093173145889 5 9745280795582
I/TaskTracer( 2262): 4 9818295238909 0x420a5f40
I/TaskTracer( 2262): 1 9818295238909 1392783807589899 2262 "b2g" 2269 "Gecko_IOThread"
I/TaskTracer( 2262): 2 9818295238909 1392783807590022
I/TaskTracer( 2262): 2 9745280795582 1392783807591212
I/TaskTracer( 2262): 1 9818295238908 1392783807591700 2262 "b2g" 2286 "Compositor"
I/TaskTracer( 2262): 0 9818295238910 1392783807592463 10093173145889 5 9818295238908
I/TaskTracer( 2262): 4 9818295238910 0x420bdad0
I/TaskTracer( 2262): 0 9818295238911 1392783807593256 10093173145889 5 9818295238908
I/TaskTracer( 2262): 4 9818295238911 0x420bdd60
I/TaskTracer( 2341): 0 10054518440575 1392783807595545 10093173145889 5 10093173145890
I/TaskTracer( 2341): 4 10054518440575 0x41bb5f40
I/TaskTracer( 2341): 1 10054518440575 1392783807598231 2341 "Homescreen" 2342 "Chrome_ChildThread"
I/TaskTracer( 2341): 2 10054518440575 1392783807598414
I/TaskTracer( 2262): 0 9745280795583 1392783807598627 10093173145889 5 10054518440575
I/TaskTracer( 2262): 4 9745280795583 0x420a5ee0
I/TaskTracer( 2341): 0 10054518440576 1392783807599482 10093173145889 5 10093173145890
I/TaskTracer( 2341): 4 10054518440576 0x41bb5f40
I/TaskTracer( 2341): 1 10054518440576 1392783807600275 2341 "Homescreen" 2342 "Chrome_ChildThread"
I/TaskTracer( 2341): 2 10054518440576 1392783807600397
I/TaskTracer( 2262): 0 9745280795584 1392783807600550 10093173145889 5 10054518440576
I/TaskTracer( 2262): 4 9745280795584 0x420a5ee0
I/TaskTracer( 2341): 3 10093173145890 1392783807601893 "[nsEventDispatcher::Dispatch] Event name: MozAfterPaint"
I/TaskTracer( 2341): 2 10093173145890 1392783807602625
I/TaskTracer( 2262): 2 9818295238908 1392783807604456
I/TaskTracer( 2262): 1 9745280795583 1392783807604975 2262 "b2g" 2286 "Compositor"
I/TaskTracer( 2262): 2 9745280795583 1392783807605585
I/TaskTracer( 2262): 1 9745280795584 1392783807606043 2262 "b2g" 2286 "Compositor"
I/TaskTracer( 2262): 0 9818295238912 1392783807606470 10093173145889 5 9745280795584
I/TaskTracer( 2262): 4 9818295238912 0x420a5f40
I/TaskTracer( 2262): 1 9818295238912 1392783807607111 2262 "b2g" 2269 "Gecko_IOThread"
I/TaskTracer( 2262): 2 9818295238912 1392783807607203
I/TaskTracer( 2341): 0 10058813407641 1392783807607355 10093173145889 5 9818295238912
I/TaskTracer( 2341): 4 10058813407641 0x41bb5ee0
I/TaskTracer( 2341): 0 10058813407642 1392783807607478 10093173145889 5 9818295238912
I/TaskTracer( 2341): 4 10058813407642 0x41bb6080
I/TaskTracer( 2262): 0 9818295238913 1392783807608851 10093173145889 5 9745280795584
I/TaskTracer( 2262): 4 9818295238913 0x420a5f40
I/TaskTracer( 2262): 1 9818295238913 1392783807609400 2262 "b2g" 2269 "Gecko_IOThread"
I/TaskTracer( 2262): 2 9818295238913 1392783807609492
I/TaskTracer( 2262): 2 9745280795584 1392783807610682
I/TaskTracer( 2262): 1 9818295238911 1392783807610743 2262 "b2g" 2286 "Compositor"
I/TaskTracer( 2341): 0 10058813407643 1392783807611872 10093173145889 5 9818295238913
I/TaskTracer( 2341): 4 10058813407643 0x41bb5ee0
I/TaskTracer( 2341): 0 10058813407644 1392783807611994 10093173145889 5 9818295238913
I/TaskTracer( 2341): 4 10058813407644 0x41bb6080
I/TaskTracer( 2262): 0 9818295238914 1392783807611567 10093173145889 5 9818295238911
I/TaskTracer( 2262): 4 9818295238914 0x420bdad0
I/TaskTracer( 2262): 0 9818295238915 1392783807613947 10093173145889 5 9818295238911
I/TaskTracer( 2262): 4 9818295238915 0x420bdd60
I/TaskTracer( 2341): 1 10058813407634 1392783807617121 2341 "Homescreen" 2341 "main"
I/TaskTracer( 2341): 1 10058813407633 1392783807617976 2341 "Homescreen" 2341 "main"
I/TaskTracer( 2341): 2 10058813407633 1392783807619227
I/TaskTracer( 2341): 2 10058813407634 1392783807619349
I/TaskTracer( 2341): 1 10058813407636 1392783807619807 2341 "Homescreen" 2341 "main"
I/TaskTracer( 2341): 1 10058813407635 1392783807620295 2341 "Homescreen" 2341 "main"
I/TaskTracer( 2341): 2 10058813407635 1392783807621424
I/TaskTracer( 2341): 2 10058813407636 1392783807621699
I/TaskTracer( 2262): 2 9818295238911 1392783807622950
I/TaskTracer( 2262): 1 9818295238894 1392783807623377 2262 "b2g" 2286 "Compositor"
I/TaskTracer( 2262): 2 9818295238894 1392783807623774
I/TaskTracer( 2341): 1 10058813407638 1392783807624384 2341 "Homescreen" 2341 "main"
I/TaskTracer( 2341): 1 10058813407637 1392783807624812 2341 "Homescreen" 2341 "main"
I/TaskTracer( 2341): 2 10058813407637 1392783807626002
I/TaskTracer( 2341): 2 10058813407638 1392783807626093
I/TaskTracer( 2341): 1 10058813407640 1392783807626551 2341 "Homescreen" 2341 "main"
I/TaskTracer( 2341): 0 10093173145893 1392783807626673 10093173145893 5 10093173145893
I/TaskTracer( 2341): 1 10093173145893 1392783807626948 2341 "(Preallocated app)" 2350 "Timer"
I/TaskTracer( 2341): 0 10093173145894 1392783807627039 10093173145893 5 10093173145893
I/TaskTracer( 2341): 4 10093173145894 0x41ba4520
I/TaskTracer( 2341): 2 10093173145893 1392783807627192
I/TaskTracer( 2262): 1 9818295238915 1392783807628504 2262 "b2g" 2286 "Compositor"
I/TaskTracer( 2262): 0 9818295238916 1392783807628779 10093173145889 5 9818295238915
I/TaskTracer( 2262): 4 9818295238916 0x420bdad0
I/TaskTracer( 2262): 0 9818295238917 1392783807629786 10093173145889 5 9818295238915
I/TaskTracer( 2262): 4 9818295238917 0x420bdd60
I/TaskTracer( 2341): 1 10058813407639 1392783807632410 2341 "Homescreen" 2341 "main"
I/TaskTracer( 2341): 2 10058813407639 1392783807633784
I/TaskTracer( 2341): 2 10058813407640 1392783807633997
I/TaskTracer( 2341): 1 10093173145892 1392783807634394 2341 "Homescreen" 2341 "main"
I/TaskTracer( 2262): 2 9818295238915 1392783807641718
I/TaskTracer( 2341): 0 10093173145895 1392783807645075 10093173145895 5 10093173145895
I/TaskTracer( 2341): 1 10093173145895 1392783807645197 2341 "(Preallocated app)" 2350 "Timer"
I/TaskTracer( 2341): 0 10093173145896 1392783807645289 10093173145895 5 10093173145895
I/TaskTracer( 2341): 4 10093173145896 0x41ba4520
I/TaskTracer( 2341): 2 10093173145895 1392783807645411
I/TaskTracer( 2262): 1 9818295238917 1392783807645960 2262 "b2g" 2286 "Compositor"
I/TaskTracer( 2262): 0 9818295238918 1392783807646235 10093173145889 5 9818295238917
I/TaskTracer( 2262): 4 9818295238918 0x420bdad0
I/TaskTracer( 2262): 0 9818295238919 1392783807646418 10093173145889 5 9818295238917
I/TaskTracer( 2262): 4 9818295238919 0x420bdd60
I/TaskTracer( 2262): 2 9818295238917 1392783807655390
I/TaskTracer( 2262): 1 9818295238919 1392783807662775 2262 "b2g" 2286 "Compositor"
I/TaskTracer( 2262): 0 9818295238920 1392783807663111 10093173145889 5 9818295238919
I/TaskTracer( 2262): 4 9818295238920 0x420bdad0
I/TaskTracer( 2262): 0 9818295238921 1392783807663325 10093173145889 5 9818295238919
I/TaskTracer( 2262): 4 9818295238921 0x420bdd60
I/TaskTracer( 2341): 0 10054518440578 1392783807666926 10093173145891 5 10093173145892
I/TaskTracer( 2341): 4 10054518440578 0x41bb5f40
I/TaskTracer( 2341): 1 10054518440578 1392783807667872 2341 "Homescreen" 2342 "Chrome_ChildThread"
I/TaskTracer( 2341): 2 10054518440578 1392783807668024
I/TaskTracer( 2262): 0 9745280795585 1392783807668269 10093173145891 5 10054518440578
I/TaskTracer( 2262): 4 9745280795585 0x420a5ee0
I/TaskTracer( 2262): 2 9818295238919 1392783807671626
I/TaskTracer( 2262): 1 9745280795585 1392783807671748 2262 "b2g" 2286 "Compositor"
I/TaskTracer( 2262): 0 9818295238922 1392783807673823 10093173145891 5 9745280795585
I/TaskTracer( 2262): 4 9818295238922 0x420a5f40
I/TaskTracer( 2262): 1 9818295238922 1392783807674555 2262 "b2g" 2269 "Gecko_IOThread"
I/TaskTracer( 2262): 2 9818295238922 1392783807674708
I/TaskTracer( 2262): 2 9745280795585 1392783807675593
I/TaskTracer( 2341): 3 10093173145892 1392783807677180 "[nsEventDispatcher::Dispatch] Event name: MozAfterPaint"
I/TaskTracer( 2341): 2 10093173145892 1392783807677668
I/TaskTracer( 2341): 1 10058813407642 1392783807678156 2341 "Homescreen" 2341 "main"
I/TaskTracer( 2341): 1 10058813407641 1392783807678553 2341 "Homescreen" 2341 "main"
I/TaskTracer( 2262): 1 9818295238921 1392783807679560 2262 "b2g" 2286 "Compositor"
I/TaskTracer( 2262): 0 9818295238923 1392783807679835 10093173145889 5 9818295238921
I/TaskTracer( 2262): 4 9818295238923 0x420bdad0
I/TaskTracer( 2262): 0 9818295238924 1392783807680018 10093173145889 5 9818295238921
I/TaskTracer( 2262): 4 9818295238924 0x420bdd60
I/TaskTracer( 2341): 2 10058813407641 1392783807682795
I/TaskTracer( 2341): 2 10058813407642 1392783807683161
I/TaskTracer( 2341): 1 10058813407644 1392783807683710 2341 "Homescreen" 2341 "main"
I/TaskTracer( 2341): 1 10058813407643 1392783807684168 2341 "Homescreen" 2341 "main"
I/TaskTracer( 2341): 2 10058813407643 1392783807685358
I/TaskTracer( 2341): 2 10058813407644 1392783807685480
I/TaskTracer( 2341): 1 10093173145894 1392783807686213 2341 "Homescreen" 2341 "main"
I/TaskTracer( 2341): 2 10093173145894 1392783807686732
I/TaskTracer( 2341): 1 10093173145896 1392783807687159 2341 "Homescreen" 2341 "main"
I/TaskTracer( 2341): 2 10093173145896 1392783807687800
I/TaskTracer( 2262): 2 9818295238921 1392783807688654
I/TaskTracer( 2341): 0 10093173145897 1392783807695490 10093173145897 5 10093173145897
I/TaskTracer( 2341): 1 10093173145897 1392783807695582 2341 "(Preallocated app)" 2350 "Timer"
I/TaskTracer( 2341): 0 10093173145898 1392783807695643 10093173145897 5 10093173145897
I/TaskTracer( 2341): 4 10093173145898 0x41ba4520
I/TaskTracer( 2341): 2 10093173145897 1392783807695795
I/TaskTracer( 2262): 1 9818295238924 1392783807696375 2262 "b2g" 2286 "Compositor"
I/TaskTracer( 2262): 0 9818295238925 1392783807696680 10093173145889 5 9818295238924
I/TaskTracer( 2262): 4 9818295238925 0x420bdad0
I/TaskTracer( 2262): 0 9818295238926 1392783807696864 10093173145889 5 9818295238924
I/TaskTracer( 2262): 4 9818295238926 0x420bdd60
I/TaskTracer( 2341): 1 10093173145898 1392783807699213 2341 "Homescreen" 2341 "main"
I/TaskTracer( 2341): 2 10093173145898 1392783807699854
I/TaskTracer( 2262): 2 9818295238924 1392783807704981
I/TaskTracer( 2341): 0 10093173145899 1392783807711848 10093173145899 5 10093173145899
I/TaskTracer( 2341): 1 10093173145899 1392783807711939 2341 "(Preallocated app)" 2350 "Timer"
I/TaskTracer( 2341): 0 10093173145900 1392783807712000 10093173145899 5 10093173145899
I/TaskTracer( 2341): 4 10093173145900 0x41ba4520
I/TaskTracer( 2341): 2 10093173145899 1392783807712153
I/TaskTracer( 2341): 1 10093173145900 1392783807712794 2341 "Homescreen" 2341 "main"
I/TaskTracer( 2262): 1 9818295238926 1392783807713282 2262 "b2g" 2286 "Compositor"
I/TaskTracer( 2262): 0 9818295238927 1392783807713557 10093173145889 5 9818295238926
I/TaskTracer( 2262): 4 9818295238927 0x420bdad0
I/TaskTracer( 2262): 0 9818295238928 1392783807714625 10093173145889 5 9818295238926
I/TaskTracer( 2262): 4 9818295238928 0x420bdd60
I/TaskTracer( 2341): 2 10093173145900 1392783807717249
I/TaskTracer( 2262): 2 9818295238926 1392783807723994
I/TaskTracer( 2262): 1 9818295238928 1392783807730555 2262 "b2g" 2286 "Compositor"
I/TaskTracer( 2262): 0 9818295238929 1392783807730860 10093173145889 5 9818295238928
I/TaskTracer( 2262): 4 9818295238929 0x420bdad0
I/TaskTracer( 2262): 0 9818295238930 1392783807731470 10093173145889 5 9818295238928
I/TaskTracer( 2262): 4 9818295238930 0x420bdd60
I/TaskTracer( 2341): 0 10093173145901 1392783807732264 10093173145901 5 10093173145901
I/TaskTracer( 2341): 1 10093173145901 1392783807732355 2341 "(Preallocated app)" 2350 "Timer"
I/TaskTracer( 2341): 0 10093173145902 1392783807732447 10093173145901 5 10093173145901
I/TaskTracer( 2341): 4 10093173145902 0x41ba4520
I/TaskTracer( 2341): 2 10093173145901 1392783807734919
I/TaskTracer( 2341): 1 10093173145902 1392783807735529 2341 "Homescreen" 2341 "main"
I/TaskTracer( 2341): 2 10093173145902 1392783807736414
I/TaskTracer( 2341): 0 10093173145903 1392783807744929 10093173145903 5 10093173145903
I/TaskTracer( 2341): 1 10093173145903 1392783807745081 2341 "(Preallocated app)" 2350 "Timer"
I/TaskTracer( 2341): 0 10093173145904 1392783807745234 10093173145903 5 10093173145903
I/TaskTracer( 2341): 4 10093173145904 0x41ba4520
I/TaskTracer( 2341): 2 10093173145903 1392783807745509
I/TaskTracer( 2341): 1 10093173145904 1392783807746577 2341 "Homescreen" 2341 "main"
I/TaskTracer( 2341): 2 10093173145904 1392783807746912
I/TaskTracer( 2262): 2 9818295238928 1392783807748560
I/TaskTracer( 2262): 1 9818295238930 1392783807749201 2262 "b2g" 2286 "Compositor"
I/TaskTracer( 2262): 0 9818295238931 1392783807750269 10093173145889 5 9818295238930
I/TaskTracer( 2262): 4 9818295238931 0x420bdad0
I/TaskTracer( 2262): 0 9818295238932 1392783807751429 10093173145889 5 9818295238930
I/TaskTracer( 2262): 4 9818295238932 0x420bdd60
I/TaskTracer( 2262): 2 9818295238930 1392783807761561
I/TaskTracer( 2341): 0 10093173145905 1392783807761958 10093173145905 5 10093173145905
I/TaskTracer( 2341): 1 10093173145905 1392783807762110 2341 "(Preallocated app)" 2350 "Timer"
I/TaskTracer( 2341): 0 10093173145906 1392783807762232 10093173145905 5 10093173145905
I/TaskTracer( 2341): 4 10093173145906 0x41ba4520
I/TaskTracer( 2341): 2 10093173145905 1392783807763239
I/TaskTracer( 2341): 1 10093173145906 1392783807763453 2341 "Homescreen" 2341 "main"
I/TaskTracer( 2341): 2 10093173145906 1392783807763728
I/TaskTracer( 2262): 1 9818295238932 1392783807767817 2262 "b2g" 2286 "Compositor"
I/TaskTracer( 2262): 0 9818295238933 1392783807768824 10093173145889 5 9818295238932
I/TaskTracer( 2262): 4 9818295238933 0x420bdad0
I/TaskTracer( 2262): 0 9818295238934 1392783807769984 10093173145889 5 9818295238932
I/TaskTracer( 2262): 4 9818295238934 0x420bdd60
I/TaskTracer( 2341): 0 10093173145907 1392783807779261 10093173145907 5 10093173145907
I/TaskTracer( 2341): 1 10093173145907 1392783807779444 2341 "(Preallocated app)" 2350 "Timer"
I/TaskTracer( 2341): 0 10093173145908 1392783807779566 10093173145907 5 10093173145907
I/TaskTracer( 2341): 4 10093173145908 0x41ba4520
I/TaskTracer( 2341): 2 10093173145907 1392783807779841
I/TaskTracer( 2341): 1 10093173145908 1392783807780085 2341 "Homescreen" 2341 "main"
I/TaskTracer( 2341): 2 10093173145908 1392783807780329
I/TaskTracer( 2262): 2 9818295238932 1392783807782404
I/TaskTracer( 2262): 1 9818295238934 1392783807786036 2262 "b2g" 2286 "Compositor"
I/TaskTracer( 2341): 0 10093173145909 1392783807787074 10093173145909 5 10093173145909
I/TaskTracer( 2341): 1 10093173145909 1392783807787226 2341 "(Preallocated app)" 2350 "Timer"
I/TaskTracer( 2341): 0 10093173145910 1392783807787318 10093173145909 5 10093173145909
I/TaskTracer( 2341): 4 10093173145910 0x41ba4520
I/TaskTracer( 2341): 2 10093173145909 1392783807787562
I/TaskTracer( 2341): 1 10093173145910 1392783807787745 2341 "Homescreen" 2341 "main"
I/TaskTracer( 2341): 2 10093173145910 1392783807787867
I/TaskTracer( 2262): 0 9818295238935 1392783807789057 10093173145889 5 9818295238934
I/TaskTracer( 2262): 4 9818295238935 0x420bdad0
I/TaskTracer( 2262): 0 9818295238936 1392783807790339 10093173145889 5 9818295238934
I/TaskTracer( 2262): 4 9818295238936 0x420bdd60
I/TaskTracer( 2341): 0 10093173145911 1392783807795863 10093173145911 5 10093173145911
I/TaskTracer( 2341): 1 10093173145911 1392783807796107 2341 "(Preallocated app)" 2350 "Timer"
I/TaskTracer( 2341): 0 10093173145912 1392783807796259 10093173145911 5 10093173145911
I/TaskTracer( 2341): 4 10093173145912 0x41ba4520
I/TaskTracer( 2341): 2 10093173145911 1392783807796503
I/TaskTracer( 2341): 1 10093173145912 1392783807797327 2341 "Homescreen" 2341 "main"
I/TaskTracer( 2341): 2 10093173145912 1392783807797663
I/TaskTracer( 2262): 2 9818295238934 1392783807800776
I/TaskTracer( 2262): 1 9818295238905 1392783807801447 2262 "b2g" 2286 "Compositor"
I/TaskTracer( 2262): 2 9818295238905 1392783807802058
I/TaskTracer( 2262): 1 9818295238936 1392783807803645 2262 "b2g" 2286 "Compositor"
I/TaskTracer( 2262): 0 9818295238937 1392783807804408 10093173145889 5 9818295238936
I/TaskTracer( 2262): 4 9818295238937 0x420bdad0
I/TaskTracer( 2262): 0 9818295238938 1392783807805781 10093173145889 5 9818295238936
I/TaskTracer( 2262): 4 9818295238938 0x420bdd60
I/TaskTracer( 2262): 0 9801115370819 1392783807808222 9801115370819 5 9801115370819
I/TaskTracer( 2262): 1 9801115370819 1392783807808375 2262 "b2g" 2282 "Timer"
I/TaskTracer( 2262): 0 9801115370820 1392783807808466 9801115370819 5 9801115370819
I/TaskTracer( 2262): 4 9801115370820 0x42094520
I/TaskTracer( 2262): 2 9801115370819 1392783807808710
I/TaskTracer( 2262): 1 9801115370820 1392783807809504 2262 "b2g" 2262 "main"
I/TaskTracer( 2262): 2 9801115370820 1392783807809626
I/TaskTracer( 2341): 0 10093173145913 1392783807811274 10093173145913 5 10093173145913
I/TaskTracer( 2341): 1 10093173145913 1392783807811427 2341 "(Preallocated app)" 2350 "Timer"
I/TaskTracer( 2341): 0 10093173145914 1392783807811549 10093173145913 5 10093173145913
I/TaskTracer( 2341): 4 10093173145914 0x41ba4520
I/TaskTracer( 2341): 2 10093173145913 1392783807811762
I/TaskTracer( 2341): 1 10093173145914 1392783807811945 2341 "Homescreen" 2341 "main"
I/TaskTracer( 2341): 2 10093173145914 1392783807812312
I/TaskTracer( 2262): 2 9818295238936 1392783807821894
I/TaskTracer( 2262): 1 9818295238938 1392783807822138 2262 "b2g" 2286 "Compositor"
I/TaskTracer( 2262): 0 9818295238939 1392783807823359 10093173145889 5 9818295238938
I/TaskTracer( 2262): 4 9818295238939 0x420bdad0
I/TaskTracer( 2262): 0 9818295238940 1392783807824580 10093173145889 5 9818295238938
I/TaskTracer( 2262): 4 9818295238940 0x420bdd60
I/TaskTracer( 2341): 0 10093173145915 1392783807828791 10093173145915 5 10093173145915
I/TaskTracer( 2341): 1 10093173145915 1392783807828974 2341 "(Preallocated app)" 2350 "Timer"
I/TaskTracer( 2341): 0 10093173145916 1392783807829066 10093173145915 5 10093173145915
I/TaskTracer( 2341): 4 10093173145916 0x41ba4520
I/TaskTracer( 2341): 2 10093173145915 1392783807829310
I/TaskTracer( 2341): 1 10093173145916 1392783807830286 2341 "Homescreen" 2341 "main"
I/TaskTracer( 2341): 2 10093173145916 1392783807830622
I/TaskTracer( 2262): 2 9818295238938 1392783807834711
I/TaskTracer( 2262): 1 9818295238940 1392783807839625 2262 "b2g" 2286 "Compositor"
I/TaskTracer( 2262): 0 9818295238941 1392783807840632 10093173145889 5 9818295238940
I/TaskTracer( 2262): 4 9818295238941 0x420bdad0
I/TaskTracer( 2262): 0 9818295238942 1392783807841792 10093173145889 5 9818295238940
I/TaskTracer( 2262): 4 9818295238942 0x420bdd60
I/TaskTracer( 2341): 0 10093173145917 1392783807846064 10093173145917 5 10093173145917
I/TaskTracer( 2341): 1 10093173145917 1392783807846247 2341 "(Preallocated app)" 2350 "Timer"
I/TaskTracer( 2341): 0 10093173145918 1392783807846339 10093173145917 5 10093173145917
I/TaskTracer( 2341): 4 10093173145918 0x41ba4520
I/TaskTracer( 2341): 2 10093173145917 1392783807846583
I/TaskTracer( 2341): 1 10093173145918 1392783807847590 2341 "Homescreen" 2341 "main"
I/TaskTracer( 2341): 3 10093173145918 1392783807847987 "[nsEventDispatcher::Dispatch] Event name: transitionend"
I/TaskTracer( 2341): 3 10093173145918 1392783807851069 "[nsEventDispatcher::Dispatch] Event name: (null)"
I/TaskTracer( 2262): 2 9818295238940 1392783807854151
I/TaskTracer( 2341): 3 10093173145918 1392783807856318 "[nsEventDispatcher::Dispatch] Event name: (null)"
I/TaskTracer( 2262): 1 9818295238942 1392783807857996 2262 "b2g" 2286 "Compositor"
I/TaskTracer( 2262): 0 9818295238943 1392783807858424 10093173145889 5 9818295238942
I/TaskTracer( 2262): 4 9818295238943 0x420bdad0
I/TaskTracer( 2262): 0 9818295238944 1392783807858698 10093173145889 5 9818295238942
I/TaskTracer( 2262): 4 9818295238944 0x420bdd60
I/TaskTracer( 2341): 0 10093173145919 1392783807862391 10093173145919 5 10093173145919
I/TaskTracer( 2341): 1 10093173145919 1392783807862574 2341 "(Preallocated app)" 2350 "Timer"
I/TaskTracer( 2341): 0 10093173145920 1392783807863642 10093173145919 5 10093173145919
I/TaskTracer( 2341): 4 10093173145920 0x41ba4520
I/TaskTracer( 2341): 2 10093173145919 1392783807863947
I/TaskTracer( 2341): 3 10093173145918 1392783807866694 "[nsEventDispatcher::Dispatch] Event name: transitionend"
I/TaskTracer( 2262): 2 9818295238942 1392783807868220
I/TaskTracer( 2262): 1 9818295238944 1392783807875086 2262 "b2g" 2286 "Compositor"
I/TaskTracer( 2262): 0 9818295238945 1392783807875483 10093173145889 5 9818295238944
I/TaskTracer( 2262): 4 9818295238945 0x420bdad0
I/TaskTracer( 2262): 0 9818295238946 1392783807875788 10093173145889 5 9818295238944
I/TaskTracer( 2262): 4 9818295238946 0x420bdd60
I/TaskTracer( 2262): 2 9818295238944 1392783807885004
I/TaskTracer( 2341): 0 10093173145921 1392783807888209 10093173145921 5 10093173145921
I/TaskTracer( 2341): 1 10093173145921 1392783807888331 2341 "(Preallocated app)" 2350 "Timer"
I/TaskTracer( 2341): 0 10093173145922 1392783807888392 10093173145921 5 10093173145921
I/TaskTracer( 2341): 4 10093173145922 0x41ba4520
I/TaskTracer( 2341): 2 10093173145921 1392783807888514
I/TaskTracer( 2262): 0 9801115370821 1392783807889887 9801115370821 5 9801115370821
I/TaskTracer( 2262): 1 9801115370821 1392783807890009 2262 "b2g" 2282 "Timer"
I/TaskTracer( 2262): 0 9801115370822 1392783807890070 9801115370821 5 9801115370821
I/TaskTracer( 2262): 4 9801115370822 0x42094520
I/TaskTracer( 2262): 2 9801115370821 1392783807890223
I/TaskTracer( 2262): 1 9801115370822 1392783807890742 2262 "b2g" 2262 "main"
I/TaskTracer( 2262): 2 9801115370822 1392783807890833
I/TaskTracer( 2262): 1 9818295238946 1392783807892115 2262 "b2g" 2286 "Compositor"
I/TaskTracer( 2262): 0 9818295238947 1392783807892878 10093173145889 5 9818295238946
I/TaskTracer( 2262): 4 9818295238947 0x420bdad0
I/TaskTracer( 2262): 0 9818295238948 1392783807893092 10093173145889 5 9818295238946
I/TaskTracer( 2262): 4 9818295238948 0x420bdd60
I/TaskTracer( 2262): 2 9818295238946 1392783807901453
I/TaskTracer( 2262): 1 9818295238910 1392783807901606 2262 "b2g" 2286 "Compositor"
I/TaskTracer( 2262): 2 9818295238910 1392783807901667
I/TaskTracer( 2262): 1 9818295238948 1392783807908411 2262 "b2g" 2286 "Compositor"
I/TaskTracer( 2262): 0 9818295238949 1392783807908717 10093173145889 5 9818295238948
I/TaskTracer( 2262): 4 9818295238949 0x420bdad0
I/TaskTracer( 2262): 0 9818295238950 1392783807908930 10093173145889 5 9818295238948
I/TaskTracer( 2262): 4 9818295238950 0x420bdd60
I/TaskTracer( 2262): 2 9818295238948 1392783807917628
I/TaskTracer( 2262): 1 9818295238914 1392783807917780 2262 "b2g" 2286 "Compositor"
I/TaskTracer( 2262): 2 9818295238914 1392783807917841
I/TaskTracer( 2262): 1 9818295238950 1392783807925166 2262 "b2g" 2286 "Compositor"
I/TaskTracer( 2262): 0 9818295238951 1392783807925471 10093173145889 5 9818295238950
I/TaskTracer( 2262): 4 9818295238951 0x420bdad0
I/TaskTracer( 2262): 0 9818295238952 1392783807925684 10093173145889 5 9818295238950
I/TaskTracer( 2262): 4 9818295238952 0x420bdd60
I/TaskTracer( 2262): 2 9818295238950 1392783807934840
I/TaskTracer( 2262): 1 9818295238916 1392783807934992 2262 "b2g" 2286 "Compositor"
I/TaskTracer( 2262): 2 9818295238916 1392783807935053
I/TaskTracer( 2262): 1 9818295238952 1392783807941920 2262 "b2g" 2286 "Compositor"
I/TaskTracer( 2262): 0 9818295238953 1392783807942225 10093173145889 5 9818295238952
I/TaskTracer( 2262): 4 9818295238953 0x420bdad0
I/TaskTracer( 2262): 0 9818295238954 1392783807942683 10093173145889 5 9818295238952
I/TaskTracer( 2262): 4 9818295238954 0x420bdd60
I/TaskTracer( 2341): 0 10054518440579 1392783807949213 10093173145917 5 10093173145918
I/TaskTracer( 2341): 4 10054518440579 0x41c71b38
I/TaskTracer( 2262): 2 9818295238952 1392783807951991
I/TaskTracer( 2262): 1 9818295238918 1392783807952143 2262 "b2g" 2286 "Compositor"
I/TaskTracer( 2262): 2 9818295238918 1392783807952204
I/TaskTracer( 2262): 1 9818295238954 1392783807958918 2262 "b2g" 2286 "Compositor"
I/TaskTracer( 2262): 0 9818295238955 1392783807959223 10093173145889 5 9818295238954
I/TaskTracer( 2262): 4 9818295238955 0x420bdad0
I/TaskTracer( 2262): 0 9818295238956 1392783807959437 10093173145889 5 9818295238954
I/TaskTracer( 2262): 4 9818295238956 0x420bdd60
I/TaskTracer( 2262): 2 9818295238954 1392783807969324
I/TaskTracer( 2262): 1 9818295238920 1392783807969477 2262 "b2g" 2286 "Compositor"
I/TaskTracer( 2262): 2 9818295238920 1392783807969538
I/TaskTracer( 2341): 3 10093173145918 1392783807972193 "[nsEventDispatcher::Dispatch] Event name: overflow"
I/TaskTracer( 2341): 3 10093173145918 1392783807972956 "[nsEventDispatcher::Dispatch] Event name: overflow"
I/TaskTracer( 2341): 3 10093173145918 1392783807973475 "[nsEventDispatcher::Dispatch] Event name: overflow"
I/TaskTracer( 2341): 3 10093173145918 1392783807973902 "[nsEventDispatcher::Dispatch] Event name: overflow"
I/TaskTracer( 2341): 3 10093173145918 1392783807974360 "[nsEventDispatcher::Dispatch] Event name: overflow"
I/TaskTracer( 2341): 3 10093173145918 1392783807974757 "[nsEventDispatcher::Dispatch] Event name: overflow"
I/TaskTracer( 2341): 3 10093173145918 1392783807975184 "[nsEventDispatcher::Dispatch] Event name: overflow"
I/TaskTracer( 2262): 1 9818295238956 1392783807975672 2262 "b2g" 2286 "Compositor"
I/TaskTracer( 2262): 0 9818295238957 1392783807975947 10093173145889 5 9818295238956
I/TaskTracer( 2262): 4 9818295238957 0x420bdad0
I/TaskTracer( 2262): 0 9818295238958 1392783807976160 10093173145889 5 9818295238956
I/TaskTracer( 2262): 4 9818295238958 0x420bdd60
I/TaskTracer( 2341): 3 10093173145918 1392783807978205 "[nsEventDispatcher::Dispatch] Event name: overflow"
I/TaskTracer( 2341): 3 10093173145918 1392783807978754 "[nsEventDispatcher::Dispatch] Event name: overflow"
I/TaskTracer( 2262): 2 9818295238956 1392783807987299
I/TaskTracer( 2262): 1 9818295238923 1392783807987452 2262 "b2g" 2286 "Compositor"
I/TaskTracer( 2262): 2 9818295238923 1392783807987513
I/TaskTracer( 2262): 1 9818295238958 1392783807992457 2262 "b2g" 2286 "Compositor"
I/TaskTracer( 2262): 0 9818295238959 1392783807992762 10093173145889 5 9818295238958
I/TaskTracer( 2262): 4 9818295238959 0x420bdad0
I/TaskTracer( 2262): 0 9818295238960 1392783807992976 10093173145889 5 9818295238958
I/TaskTracer( 2262): 4 9818295238960 0x420bdd60
I/TaskTracer( 2341): 0 10054518440580 1392783807996394 10093173145917 5 10093173145918
I/TaskTracer( 2341): 4 10054518440580 0x41bb5f40
I/TaskTracer( 2341): 1 10054518440580 1392783807997340 2341 "Homescreen" 2342 "Chrome_ChildThread"
I/TaskTracer( 2341): 2 10054518440580 1392783807997431
I/TaskTracer( 2262): 0 9745280795586 1392783807997645 10093173145917 5 10054518440580
I/TaskTracer( 2262): 4 9745280795586 0x420a5ee0
I/TaskTracer( 2341): 0 10054518440581 1392783807999628 10093173145917 5 10093173145918
I/TaskTracer( 2341): 4 10054518440581 0x41bb5f40
I/TaskTracer( 2341): 1 10054518440581 1392783808000269 2341 "Homescreen" 2342 "Chrome_ChildThread"
I/TaskTracer( 2341): 2 10054518440581 1392783808000422
I/TaskTracer( 2262): 0 9745280795587 1392783808000636 10093173145917 5 10054518440581
I/TaskTracer( 2262): 4 9745280795587 0x420a5ee0
I/TaskTracer( 2341): 0 10054518440582 1392783808001704 10093173145917 5 10093173145918
I/TaskTracer( 2341): 4 10054518440582 0x41bb5f40
I/TaskTracer( 2341): 1 10054518440582 1392783808002467 2341 "Homescreen" 2342 "Chrome_ChildThread"
I/TaskTracer( 2341): 2 10054518440582 1392783808002558
I/TaskTracer( 2262): 0 9745280795588 1392783808002741 10093173145917 5 10054518440582
I/TaskTracer( 2262): 4 9745280795588 0x420a5ee0
I/TaskTracer( 2341): 0 10054518440583 1392783808003809 10093173145917 5 10093173145918
I/TaskTracer( 2341): 4 10054518440583 0x41bb5f40
I/TaskTracer( 2341): 1 10054518440583 1392783808004420 2341 "Homescreen" 2342 "Chrome_ChildThread"
I/TaskTracer( 2341): 2 10054518440583 1392783808004511
I/TaskTracer( 2262): 0 9745280795589 1392783808004664 10093173145917 5 10054518440583
I/TaskTracer( 2262): 4 9745280795589 0x420a5ee0
I/TaskTracer( 2262): 2 9818295238958 1392783808005610
I/TaskTracer( 2262): 1 9745280795586 1392783808005732 2262 "b2g" 2286 "Compositor"
I/TaskTracer( 2262): 2 9745280795586 1392783808006281
I/TaskTracer( 2262): 1 9818295238925 1392783808006373 2262 "b2g" 2286 "Compositor"
I/TaskTracer( 2262): 2 9818295238925 1392783808006403
I/TaskTracer( 2262): 1 9745280795587 1392783808006464 2262 "b2g" 2286 "Compositor"
I/TaskTracer( 2262): 2 9745280795587 1392783808006678
I/TaskTracer( 2262): 1 9745280795588 1392783808006739 2262 "b2g" 2286 "Compositor"
I/TaskTracer( 2262): 0 9818295238961 1392783808006831 10093173145917 5 9745280795588
I/TaskTracer( 2262): 4 9818295238961 0x420a5f40
I/TaskTracer( 2262): 1 9818295238961 1392783808007044 2262 "b2g" 2269 "Gecko_IOThread"
I/TaskTracer( 2262): 2 9818295238961 1392783808007136
I/TaskTracer( 2262): 0 9818295238962 1392783808009699 10093173145917 5 9745280795588
I/TaskTracer( 2262): 4 9818295238962 0x420a5f40
I/TaskTracer( 2262): 1 9818295238962 1392783808010188 2262 "b2g" 2269 "Gecko_IOThread"
I/TaskTracer( 2262): 2 9818295238962 1392783808010279
I/TaskTracer( 2262): 2 9745280795588 1392783808011225
I/TaskTracer( 2262): 1 9818295238960 1392783808011530 2262 "b2g" 2286 "Compositor"
I/TaskTracer( 2262): 0 9818295238963 1392783808012476 10093173145889 5 9818295238960
I/TaskTracer( 2262): 4 9818295238963 0x420bdad0
I/TaskTracer( 2262): 0 9818295238964 1392783808013422 10093173145889 5 9818295238960
I/TaskTracer( 2262): 4 9818295238964 0x420bdd60
I/TaskTracer( 2341): 0 10058813407645 1392783808014429 10093173145917 5 9818295238961
I/TaskTracer( 2341): 4 10058813407645 0x41bb5ee0
I/TaskTracer( 2341): 0 10058813407646 1392783808014521 10093173145917 5 9818295238961
I/TaskTracer( 2341): 4 10058813407646 0x41bb6080
I/TaskTracer( 2341): 0 10058813407647 1392783808014704 10093173145917 5 9818295238962
I/TaskTracer( 2341): 4 10058813407647 0x41bb5ee0
I/TaskTracer( 2341): 0 10058813407648 1392783808014826 10093173145917 5 9818295238962
I/TaskTracer( 2341): 4 10058813407648 0x41bb6080
I/TaskTracer( 2341): 3 10093173145918 1392783808017237 "[nsEventDispatcher::Dispatch] Event name: MozAfterPaint"
I/TaskTracer( 2341): 2 10093173145918 1392783808019038
I/TaskTracer( 2341): 1 10093173145920 1392783808020502 2341 "Homescreen" 2341 "main"
I/TaskTracer( 2341): 3 10093173145920 1392783808022944 "[nsEventDispatcher::Dispatch] Event name: transitionend"
I/TaskTracer( 2262): 2 9818295238960 1392783808028345
I/TaskTracer( 2262): 1 9745280795589 1392783808028468 2262 "b2g" 2286 "Compositor"
I/TaskTracer( 2262): 2 9745280795589 1392783808028620
I/TaskTracer( 2262): 1 9818295238927 1392783808028712 2262 "b2g" 2286 "Compositor"
I/TaskTracer( 2262): 2 9818295238927 1392783808028773
I/TaskTracer( 2341): 0 10093173145923 1392783808029353 10093173145923 5 10093173145923
I/TaskTracer( 2341): 1 10093173145923 1392783808029444 2341 "(Preallocated app)" 2350 "Timer"
I/TaskTracer( 2341): 0 10093173145924 1392783808029536 10093173145923 5 10093173145923
I/TaskTracer( 2341): 4 10093173145924 0x41ba4520
I/TaskTracer( 2341): 2 10093173145923 1392783808029688
I/TaskTracer( 2262): 1 9818295238964 1392783808030634 2262 "b2g" 2286 "Compositor"
I/TaskTracer( 2262): 0 9818295238965 1392783808030878 10093173145889 5 9818295238964
I/TaskTracer( 2262): 4 9818295238965 0x420bdad0
I/TaskTracer( 2262): 0 9818295238966 1392783808031519 10093173145889 5 9818295238964
I/TaskTracer( 2262): 4 9818295238966 0x420bdd60
I/TaskTracer( 2341): 0 10054518440585 1392783808039271 10093173145919 5 10093173145920
I/TaskTracer( 2341): 4 10054518440585 0x41bb5f40
I/TaskTracer( 2341): 1 10054518440585 1392783808040156 2341 "Homescreen" 2342 "Chrome_ChildThread"
I/TaskTracer( 2341): 2 10054518440585 1392783808040278
I/TaskTracer( 2262): 0 9745280795590 1392783808040461 10093173145919 5 10054518440585
I/TaskTracer( 2262): 4 9745280795590 0x420a5ee0
I/TaskTracer( 2262): 2 9818295238964 1392783808041834
I/TaskTracer( 2262): 1 9745280795590 1392783808041956 2262 "b2g" 2286 "Compositor"
I/TaskTracer( 2262): 2 9745280795590 1392783808043024
I/TaskTracer( 2262): 1 9818295238929 1392783808043116 2262 "b2g" 2286 "Compositor"
I/TaskTracer( 2262): 2 9818295238929 1392783808043177
I/TaskTracer( 2341): 3 10093173145920 1392783808044489 "[nsEventDispatcher::Dispatch] Event name: MozAfterPaint"
I/TaskTracer( 2341): 2 10093173145920 1392783808044917
I/TaskTracer( 2341): 1 10093173145922 1392783808045435 2341 "Homescreen" 2341 "main"
I/TaskTracer( 2341): 2 10093173145922 1392783808045893
I/TaskTracer( 2341): 1 10054518440579 1392783808046107 2341 "Homescreen" 2341 "main"
I/TaskTracer( 2341): 2 10054518440579 1392783808046442
