I/TaskTracer( 2262): 1 9818295238966 1392783808046748 2262 "b2g" 2286 "Compositor"
I/TaskTracer( 2262): 0 9818295238967 1392783808046961 10093173145889 5 9818295238966
I/TaskTracer( 2262): 4 9818295238967 0x420bdad0
I/TaskTracer( 2262): 0 9818295238968 1392783808047114 10093173145889 5 9818295238966
I/TaskTracer( 2262): 4 9818295238968 0x420bdd60
I/TaskTracer( 2341): 1 10058813407646 1392783808046656 2341 "Homescreen" 2341 "main"
I/TaskTracer( 2341): 1 10058813407645 1392783808049586 2341 "Homescreen" 2341 "main"
I/TaskTracer( 2341): 2 10058813407645 1392783808050562
I/TaskTracer( 2341): 2 10058813407646 1392783808050806
I/TaskTracer( 2341): 1 10058813407648 1392783808051142 2341 "Homescreen" 2341 "main"
I/TaskTracer( 2341): 1 10058813407647 1392783808051356 2341 "Homescreen" 2341 "main"
I/TaskTracer( 2341): 2 10058813407647 1392783808052790
I/TaskTracer( 2341): 2 10058813407648 1392783808052943
I/TaskTracer( 2341): 1 10093173145924 1392783808054041 2341 "Homescreen" 2341 "main"
I/TaskTracer( 2341): 2 10093173145924 1392783808055476
I/TaskTracer( 2262): 2 9818295238966 1392783808059565
I/TaskTracer( 2262): 1 9818295238931 1392783808059687 2262 "b2g" 2286 "Compositor"
I/TaskTracer( 2262): 2 9818295238931 1392783808059748
I/TaskTracer( 2341): 0 10093173145925 1392783808061640 10093173145925 5 10093173145925
I/TaskTracer( 2341): 1 10093173145925 1392783808061762 2341 "(Preallocated app)" 2350 "Timer"
I/TaskTracer( 2341): 0 10093173145926 1392783808061823 10093173145925 5 10093173145925
I/TaskTracer( 2341): 4 10093173145926 0x41ba4520
I/TaskTracer( 2341): 2 10093173145925 1392783808061945
I/TaskTracer( 2341): 1 10093173145926 1392783808062739 2341 "Homescreen" 2341 "main"
I/TaskTracer( 2262): 1 9818295238968 1392783808063380 2262 "b2g" 2286 "Compositor"
I/TaskTracer( 2262): 0 9818295238969 1392783808063593 10093173145889 5 9818295238968
I/TaskTracer( 2262): 4 9818295238969 0x420bdad0
I/TaskTracer( 2262): 0 9818295238970 1392783808063776 10093173145889 5 9818295238968
I/TaskTracer( 2262): 4 9818295238970 0x420bdd60
I/TaskTracer( 2341): 2 10093173145926 1392783808063258
I/TaskTracer( 2262): 2 9818295238968 1392783808077357
I/TaskTracer( 2262): 1 9818295238933 1392783808077540 2262 "b2g" 2286 "Compositor"
I/TaskTracer( 2262): 2 9818295238933 1392783808077906
I/TaskTracer( 2262): 1 9818295238970 1392783808080042 2262 "b2g" 2286 "Compositor"
I/TaskTracer( 2262): 0 9818295238971 1392783808080500 10093173145889 5 9818295238970
I/TaskTracer( 2262): 4 9818295238971 0x420bdad0
I/TaskTracer( 2262): 0 9818295238972 1392783808081355 10093173145889 5 9818295238970
I/TaskTracer( 2262): 4 9818295238972 0x420bdd60
I/TaskTracer( 2262): 0 9715216025951 1392783808091639 9715216025951 1 9715216025951
I/TaskTracer( 2262): 1 9715216025951 1392783808091761 2262 "b2g" 2262 "main"
I/TaskTracer( 2262): 3 9715216025951 1392783808091853 "Touch at (259, 78)"
I/TaskTracer( 2262): 3 9715216025951 1392783808097132 "[nsEventDispatcher::Dispatch] Event name: touchstart"
I/TaskTracer( 2262): 0 9801115370823 1392783808099604 9801115370823 5 9801115370823
I/TaskTracer( 2262): 1 9801115370823 1392783808099757 2262 "b2g" 2282 "Timer"
I/TaskTracer( 2262): 0 9801115370824 1392783808099879 9801115370823 5 9801115370823
I/TaskTracer( 2262): 4 9801115370824 0x42094520
I/TaskTracer( 2262): 2 9801115370823 1392783808100092
I/TaskTracer( 2262): 2 9818295238970 1392783808101618
I/TaskTracer( 2262): 1 9818295238935 1392783808102229 2262 "b2g" 2286 "Compositor"
I/TaskTracer( 2262): 2 9818295238935 1392783808102991
I/TaskTracer( 2262): 1 9818295238972 1392783808103571 2262 "b2g" 2286 "Compositor"
I/TaskTracer( 2262): 0 9818295238973 1392783808104395 10093173145889 5 9818295238972
I/TaskTracer( 2262): 4 9818295238973 0x420bdad0
I/TaskTracer( 2262): 0 9801115370825 1392783808108302 9801115370825 5 9801115370825
I/TaskTracer( 2262): 1 9801115370825 1392783808108454 2262 "b2g" 2282 "Timer"
I/TaskTracer( 2262): 0 9801115370826 1392783808108576 9801115370825 5 9801115370825
I/TaskTracer( 2262): 4 9801115370826 0x42094520
I/TaskTracer( 2262): 2 9801115370825 1392783808108759
I/TaskTracer( 2262): 0 9818295238974 1392783808111079 10093173145889 5 9818295238972
I/TaskTracer( 2262): 4 9818295238974 0x420bdd60
I/TaskTracer( 2262): 0 9715216025952 1392783808120661 9715216025951 1 9715216025951
I/TaskTracer( 2262): 4 9715216025952 0x420bdad0
I/TaskTracer( 2262): 2 9818295238972 1392783808123652
I/TaskTracer( 2262): 1 9818295238937 1392783808123804 2262 "b2g" 2286 "Compositor"
I/TaskTracer( 2262): 2 9818295238937 1392783808123866
I/TaskTracer( 2262): 1 9818295238974 1392783808123927 2262 "b2g" 2286 "Compositor"
I/TaskTracer( 2262): 0 9818295238975 1392783808124110 10093173145889 5 9818295238974
I/TaskTracer( 2262): 4 9818295238975 0x420bdad0
I/TaskTracer( 2262): 0 9818295238976 1392783808124293 10093173145889 5 9818295238974
I/TaskTracer( 2262): 4 9818295238976 0x420bdd60
I/TaskTracer( 2262): 0 9715216025953 1392783808126734 9715216025951 1 9715216025951
I/TaskTracer( 2262): 4 9715216025953 0x420a6080
I/TaskTracer( 2262): 0 9715216025954 1392783808127863 9715216025951 1 9715216025951
I/TaskTracer( 2262): 4 9715216025954 0x420a5f40
I/TaskTracer( 2262): 1 9715216025954 1392783808128657 2262 "b2g" 2269 "Gecko_IOThread"
I/TaskTracer( 2262): 2 9715216025954 1392783808128809
I/TaskTracer( 2341): 0 10058813407649 1392783808129176 9715216025951 1 9715216025954
I/TaskTracer( 2341): 4 10058813407649 0x41bb5ee0
I/TaskTracer( 2341): 0 10058813407650 1392783808129298 9715216025951 1 9715216025954
I/TaskTracer( 2341): 4 10058813407650 0x41bb6080
I/TaskTracer( 2341): 1 10058813407650 1392783808129542 2341 "Homescreen" 2341 "main"
I/TaskTracer( 2341): 1 10058813407649 1392783808129633 2341 "Homescreen" 2341 "main"
I/TaskTracer( 2262): 2 9818295238974 1392783808134638
I/TaskTracer( 2262): 1 9818295238939 1392783808134760 2262 "b2g" 2286 "Compositor"
I/TaskTracer( 2262): 2 9818295238939 1392783808134821
I/TaskTracer( 2262): 3 9715216025951 1392783808135523 "Capture? 0"
I/TaskTracer( 2262): 2 9715216025951 1392783808135920
I/TaskTracer( 2262): 0 9715216025955 1392783808136286 9715216025955 2 9715216025955
I/TaskTracer( 2262): 1 9715216025955 1392783808136500 2262 "b2g" 2262 "main"
I/TaskTracer( 2262): 3 9715216025955 1392783808137049 "Mouse at (259, 78)"
I/TaskTracer( 2341): 3 10058813407649 1392783808138209 "[nsEventDispatcher::Dispatch] Event name: touchstart"
I/TaskTracer( 2262): 1 9818295238976 1392783808140620 2262 "b2g" 2286 "Compositor"
I/TaskTracer( 2262): 0 9818295238977 1392783808140864 10093173145889 5 9818295238976
I/TaskTracer( 2262): 4 9818295238977 0x420bdad0
I/TaskTracer( 2262): 0 9818295238978 1392783808141047 10093173145889 5 9818295238976
I/TaskTracer( 2262): 4 9818295238978 0x420bdd60
I/TaskTracer( 2262): 3 9715216025955 1392783808145014 "[nsEventDispatcher::Dispatch] Event name: mousedown"
I/TaskTracer( 2341): 0 10093173145927 1392783808145441 10093173145927 5 10093173145927
I/TaskTracer( 2341): 1 10093173145927 1392783808145533 2341 "(Preallocated app)" 2350 "Timer"
I/TaskTracer( 2341): 0 10093173145928 1392783808145625 10093173145927 5 10093173145927
I/TaskTracer( 2341): 4 10093173145928 0x41ba4520
I/TaskTracer( 2341): 2 10093173145927 1392783808145777
I/TaskTracer( 2262): 2 9715216025955 1392783808148463
I/TaskTracer( 2262): 1 9801115370824 1392783808151057 2262 "b2g" 2262 "main"
I/TaskTracer( 2262): 2 9801115370824 1392783808151667
I/TaskTracer( 2262): 1 9801115370826 1392783808152491 2262 "b2g" 2262 "main"
I/TaskTracer( 2262): 2 9818295238976 1392783808154108
I/TaskTracer( 2262): 1 9818295238941 1392783808154230 2262 "b2g" 2286 "Compositor"
I/TaskTracer( 2262): 2 9818295238941 1392783808154322
I/TaskTracer( 2262): 1 9818295238978 1392783808157313 2262 "b2g" 2286 "Compositor"
I/TaskTracer( 2262): 0 9818295238979 1392783808157557 10093173145889 5 9818295238978
I/TaskTracer( 2262): 4 9818295238979 0x420bdad0
I/TaskTracer( 2262): 0 9818295238980 1392783808157740 10093173145889 5 9818295238978
I/TaskTracer( 2262): 4 9818295238980 0x420bdd60
I/TaskTracer( 2262): 0 9801115370827 1392783808158137 9801115370827 5 9801115370827
I/TaskTracer( 2262): 1 9801115370827 1392783808158228 2262 "b2g" 2282 "Timer"
I/TaskTracer( 2262): 0 9801115370828 1392783808158289 9801115370827 5 9801115370827
I/TaskTracer( 2262): 4 9801115370828 0x42094520
I/TaskTracer( 2262): 2 9801115370827 1392783808158442
I/TaskTracer( 2341): 0 10093173145929 1392783808167109 10093173145929 5 10093173145929
I/TaskTracer( 2341): 1 10093173145929 1392783808167292 2341 "(Preallocated app)" 2350 "Timer"
I/TaskTracer( 2341): 0 10093173145930 1392783808167384 10093173145929 5 10093173145929
I/TaskTracer( 2341): 4 10093173145930 0x41ba4520
I/TaskTracer( 2341): 2 10093173145929 1392783808167536
I/TaskTracer( 2262): 2 9818295238978 1392783808168635
I/TaskTracer( 2262): 1 9818295238943 1392783808168787 2262 "b2g" 2286 "Compositor"
I/TaskTracer( 2262): 2 9818295238943 1392783808168848
I/TaskTracer( 2262): 3 9801115370826 1392783808169672 "[nsEventDispatcher::Dispatch] Event name: MozAfterPaint"
I/TaskTracer( 2262): 3 9801115370826 1392783808170161 "[nsEventDispatcher::Dispatch] Event name: MozAfterPaint"
I/TaskTracer( 2262): 2 9801115370826 1392783808170618
I/TaskTracer( 2262): 1 9715216025953 1392783808171046 2262 "b2g" 2262 "main"
I/TaskTracer( 2262): 2 9715216025953 1392783808171503
I/TaskTracer( 2262): 1 9801115370828 1392783808171870 2262 "b2g" 2262 "main"
I/TaskTracer( 2262): 2 9801115370828 1392783808172480
I/TaskTracer( 2341): 2 10058813407649 1392783808173762
I/TaskTracer( 2262): 1 9818295238980 1392783808174097 2262 "b2g" 2286 "Compositor"
I/TaskTracer( 2262): 0 9818295238981 1392783808174311 10093173145889 5 9818295238980
I/TaskTracer( 2262): 4 9818295238981 0x420bdad0
I/TaskTracer( 2262): 0 9818295238982 1392783808174494 10093173145889 5 9818295238980
I/TaskTracer( 2262): 4 9818295238982 0x420bdd60
I/TaskTracer( 2341): 2 10058813407650 1392783808176630
I/TaskTracer( 2341): 1 10093173145928 1392783808177119 2341 "Homescreen" 2341 "main"
I/TaskTracer( 2341): 2 10093173145928 1392783808177363
I/TaskTracer( 2341): 1 10093173145930 1392783808177760 2341 "Homescreen" 2341 "main"
I/TaskTracer( 2341): 2 10093173145930 1392783808178461
I/TaskTracer( 2262): 2 9818295238980 1392783808185816
I/TaskTracer( 2262): 1 9818295238945 1392783808185938 2262 "b2g" 2286 "Compositor"
I/TaskTracer( 2262): 2 9818295238945 1392783808185999
I/TaskTracer( 2262): 1 9818295238982 1392783808190699 2262 "b2g" 2286 "Compositor"
I/TaskTracer( 2262): 0 9818295238983 1392783808190913 10093173145889 5 9818295238982
I/TaskTracer( 2262): 4 9818295238983 0x420bdad0
I/TaskTracer( 2262): 0 9818295238984 1392783808191065 10093173145889 5 9818295238982
I/TaskTracer( 2262): 4 9818295238984 0x420bdd60
I/TaskTracer( 2262): 0 9715216025956 1392783808192439 9715216025956 1 9715216025956
I/TaskTracer( 2262): 1 9715216025956 1392783808192530 2262 "b2g" 2262 "main"
I/TaskTracer( 2262): 3 9715216025956 1392783808193018 "Touch at (259, 78)"
I/TaskTracer( 2262): 3 9715216025956 1392783808193842 "[nsEventDispatcher::Dispatch] Event name: touchend"
I/TaskTracer( 2262): 0 9715216025957 1392783808200953 9715216025956 1 9715216025956
I/TaskTracer( 2262): 4 9715216025957 0x420a5f40
I/TaskTracer( 2262): 1 9715216025957 1392783808201685 2262 "b2g" 2269 "Gecko_IOThread"
I/TaskTracer( 2262): 2 9715216025957 1392783808201807
I/TaskTracer( 2341): 0 10058813407651 1392783808201960 9715216025956 1 9715216025957
I/TaskTracer( 2341): 4 10058813407651 0x41bb5ee0
I/TaskTracer( 2341): 0 10058813407652 1392783808202082 9715216025956 1 9715216025957
I/TaskTracer( 2341): 4 10058813407652 0x41bb6080
I/TaskTracer( 2341): 1 10058813407652 1392783808203364 2341 "Homescreen" 2341 "main"
I/TaskTracer( 2341): 1 10058813407651 1392783808203486 2341 "Homescreen" 2341 "main"
I/TaskTracer( 2341): 3 10058813407651 1392783808203761 "[nsEventDispatcher::Dispatch] Event name: touchend"
I/TaskTracer( 2262): 2 9818295238982 1392783808205012
I/TaskTracer( 2262): 1 9818295238947 1392783808205134 2262 "b2g" 2286 "Compositor"
I/TaskTracer( 2262): 2 9818295238947 1392783808205195
I/TaskTracer( 2262): 1 9818295238984 1392783808207301 2262 "b2g" 2286 "Compositor"
I/TaskTracer( 2262): 0 9818295238985 1392783808207545 10093173145889 5 9818295238984
I/TaskTracer( 2262): 4 9818295238985 0x420bdad0
I/TaskTracer( 2262): 0 9818295238986 1392783808207728 10093173145889 5 9818295238984
I/TaskTracer( 2262): 4 9818295238986 0x420bdd60
I/TaskTracer( 2262): 0 9801115370829 1392783808209620 9801115370829 5 9801115370829
I/TaskTracer( 2262): 1 9801115370829 1392783808209711 2262 "b2g" 2282 "Timer"
I/TaskTracer( 2262): 0 9801115370830 1392783808209772 9801115370829 5 9801115370829
I/TaskTracer( 2262): 4 9801115370830 0x42094520
I/TaskTracer( 2262): 2 9801115370829 1392783808209925
I/TaskTracer( 2262): 0 9801115370831 1392783808209986 9801115370831 5 9801115370831
I/TaskTracer( 2262): 1 9801115370831 1392783808210047 2262 "b2g" 2282 "Timer"
I/TaskTracer( 2262): 0 9801115370832 1392783808210108 9801115370831 5 9801115370831
I/TaskTracer( 2262): 4 9801115370832 0x42094520
I/TaskTracer( 2262): 2 9801115370831 1392783808210200
I/TaskTracer( 2262): 3 9715216025956 1392783808212855 "Capture? 0"
I/TaskTracer( 2262): 2 9715216025956 1392783808212946
I/TaskTracer( 2262): 0 9715216025958 1392783808212977 9715216025958 2 9715216025958
I/TaskTracer( 2262): 1 9715216025958 1392783808213068 2262 "b2g" 2262 "main"
I/TaskTracer( 2262): 3 9715216025958 1392783808213129 "Mouse at (259, 78)"
I/TaskTracer( 2262): 3 9715216025958 1392783808214564 "[nsEventDispatcher::Dispatch] Event name: mouseup"
I/TaskTracer( 2262): 2 9818295238984 1392783808222193
I/TaskTracer( 2262): 1 9818295238949 1392783808222437 2262 "b2g" 2286 "Compositor"
I/TaskTracer( 2262): 2 9818295238949 1392783808222529
I/TaskTracer( 2262): 1 9818295238986 1392783808223963 2262 "b2g" 2286 "Compositor"
I/TaskTracer( 2262): 0 9818295238987 1392783808224207 10093173145889 5 9818295238986
I/TaskTracer( 2262): 4 9818295238987 0x420bdad0
I/TaskTracer( 2262): 0 9818295238988 1392783808225306 10093173145889 5 9818295238986
I/TaskTracer( 2262): 4 9818295238988 0x420bdd60
I/TaskTracer( 2262): 3 9715216025958 1392783808227442 "[nsEventDispatcher::Dispatch] Event name: click"
I/TaskTracer( 2262): 2 9715216025958 1392783808229060
I/TaskTracer( 2262): 1 9801115370830 1392783808229578 2262 "b2g" 2262 "main"
I/TaskTracer( 2262): 0 9715216025959 1392783808231074 9801115370829 5 9801115370830
I/TaskTracer( 2262): 4 9715216025959 0x420dd7f0
I/TaskTracer( 2262): 2 9801115370830 1392783808232172
I/TaskTracer( 2262): 1 9801115370832 1392783808232813 2262 "b2g" 2262 "main"
I/TaskTracer( 2262): 2 9801115370832 1392783808234034
I/TaskTracer( 2262): 1 9715216025959 1392783808234461 2262 "b2g" 2262 "main"
I/TaskTracer( 2262): 2 9715216025959 1392783808235346
I/TaskTracer( 2341): 3 10058813407651 1392783808221613 "[nsFrameMessageManager::SendAsyncMessage] type:Webapps:Launch"
I/TaskTracer( 2341): 0 10054518440587 1392783808236475 9715216025956 1 10058813407651
I/TaskTracer( 2341): 4 10054518440587 0x41bb5f40
I/TaskTracer( 2341): 1 10054518440587 1392783808237208 2341 "Homescreen" 2342 "Chrome_ChildThread"
I/TaskTracer( 2341): 2 10054518440587 1392783808237330
I/TaskTracer( 2262): 0 9745280795591 1392783808237605 9715216025956 1 10054518440587
I/TaskTracer( 2262): 4 9745280795591 0x420a5ee0
I/TaskTracer( 2262): 0 9745280795592 1392783808237727 9715216025956 1 10054518440587
I/TaskTracer( 2262): 4 9745280795592 0x420a6080
I/TaskTracer( 2262): 1 9745280795592 1392783808239039 2262 "b2g" 2262 "main"
I/TaskTracer( 2262): 1 9745280795591 1392783808239497 2262 "b2g" 2262 "main"
I/TaskTracer( 2262): 2 9818295238986 1392783808240168
I/TaskTracer( 2262): 1 9818295238951 1392783808240290 2262 "b2g" 2286 "Compositor"
I/TaskTracer( 2262): 2 9818295238951 1392783808240351
I/TaskTracer( 2262): 1 9818295238988 1392783808241572 2262 "b2g" 2286 "Compositor"
I/TaskTracer( 2262): 0 9818295238989 1392783808241785 10093173145889 5 9818295238988
I/TaskTracer( 2262): 4 9818295238989 0x420bdad0
I/TaskTracer( 2262): 0 9818295238990 1392783808241969 10093173145889 5 9818295238988
I/TaskTracer( 2262): 4 9818295238990 0x420bdd60
I/TaskTracer( 2262): 3 9745280795591 1392783808252650 "[nsEventDispatcher::Dispatch] Event name: (null)"
I/TaskTracer( 2262): 2 9818295238988 1392783808258753
I/TaskTracer( 2262): 1 9818295238953 1392783808258906 2262 "b2g" 2286 "Compositor"
I/TaskTracer( 2262): 2 9818295238953 1392783808258967
I/TaskTracer( 2262): 1 9818295238990 1392783808259028 2262 "b2g" 2286 "Compositor"
I/TaskTracer( 2262): 0 9818295238991 1392783808259241 10093173145889 5 9818295238990
I/TaskTracer( 2262): 4 9818295238991 0x420bdad0
I/TaskTracer( 2262): 0 9818295238992 1392783808259425 10093173145889 5 9818295238990
I/TaskTracer( 2262): 4 9818295238992 0x420bdd60
I/TaskTracer( 2341): 0 10093173145931 1392783808262720 10093173145931 5 10093173145931
I/TaskTracer( 2341): 1 10093173145931 1392783808262843 2341 "(Preallocated app)" 2350 "Timer"
I/TaskTracer( 2341): 0 10093173145932 1392783808262934 10093173145931 5 10093173145931
I/TaskTracer( 2341): 4 10093173145932 0x41ba4520
I/TaskTracer( 2341): 2 10093173145931 1392783808263087
I/TaskTracer( 2341): 1 10093173145932 1392783808263636 2341 "Homescreen" 2341 "main"
I/TaskTracer( 2341): 2 10093173145932 1392783808264704
I/TaskTracer( 2341): 2 10058813407651 1392783808267085
I/TaskTracer( 2341): 2 10058813407652 1392783808267481
I/TaskTracer( 2262): 2 9818295238990 1392783808276301
I/TaskTracer( 2262): 1 9818295238955 1392783808276453 2262 "b2g" 2286 "Compositor"
I/TaskTracer( 2262): 2 9818295238955 1392783808276514
I/TaskTracer( 2262): 1 9818295238992 1392783808276575 2262 "b2g" 2286 "Compositor"
I/TaskTracer( 2262): 0 9818295238993 1392783808276759 10093173145889 5 9818295238992
I/TaskTracer( 2262): 4 9818295238993 0x420bdad0
I/TaskTracer( 2262): 0 9818295238994 1392783808276942 10093173145889 5 9818295238992
I/TaskTracer( 2262): 4 9818295238994 0x420bdd60
I/TaskTracer( 2341): 0 10093173145933 1392783808277583 10093173145933 5 10093173145933
I/TaskTracer( 2341): 1 10093173145933 1392783808277674 2341 "(Preallocated app)" 2350 "Timer"
I/TaskTracer( 2341): 0 10093173145934 1392783808277735 10093173145933 5 10093173145933
I/TaskTracer( 2341): 4 10093173145934 0x41ba4520
I/TaskTracer( 2341): 2 10093173145933 1392783808277888
I/TaskTracer( 2341): 1 10093173145934 1392783808278803 2341 "Homescreen" 2341 "main"
I/TaskTracer( 2341): 2 10093173145934 1392783808278895
I/TaskTracer( 2341): 0 10093173145935 1392783808279353 10093173145935 5 10093173145935
I/TaskTracer( 2341): 1 10093173145935 1392783808279444 2341 "(Preallocated app)" 2350 "Timer"
I/TaskTracer( 2341): 0 10093173145936 1392783808279505 10093173145935 5 10093173145935
I/TaskTracer( 2341): 4 10093173145936 0x41ba4520
I/TaskTracer( 2341): 2 10093173145935 1392783808279658
I/TaskTracer( 2341): 1 10093173145936 1392783808279871 2341 "Homescreen" 2341 "main"
I/TaskTracer( 2341): 2 10093173145936 1392783808280604
I/TaskTracer( 2262): 2 9818295238992 1392783808294489
I/TaskTracer( 2262): 1 9818295238957 1392783808294642 2262 "b2g" 2286 "Compositor"
I/TaskTracer( 2262): 2 9818295238957 1392783808294703
I/TaskTracer( 2262): 1 9818295238959 1392783808294764 2262 "b2g" 2286 "Compositor"
I/TaskTracer( 2262): 2 9818295238959 1392783808294825
I/TaskTracer( 2262): 1 9818295238994 1392783808294886 2262 "b2g" 2286 "Compositor"
I/TaskTracer( 2262): 0 9818295238995 1392783808295069 10093173145889 5 9818295238994
I/TaskTracer( 2262): 4 9818295238995 0x420bdad0
I/TaskTracer( 2262): 0 9818295238996 1392783808295252 10093173145889 5 9818295238994
I/TaskTracer( 2262): 4 9818295238996 0x420bdd60
I/TaskTracer( 2341): 0 10093173145937 1392783808296839 10093173145937 5 10093173145937
I/TaskTracer( 2341): 1 10093173145937 1392783808296961 2341 "(Preallocated app)" 2350 "Timer"
I/TaskTracer( 2341): 0 10093173145938 1392783808297053 10093173145937 5 10093173145937
I/TaskTracer( 2341): 4 10093173145938 0x41ba4520
I/TaskTracer( 2341): 2 10093173145937 1392783808297205
I/TaskTracer( 2341): 1 10093173145938 1392783808297419 2341 "Homescreen" 2341 "main"
I/TaskTracer( 2341): 2 10093173145938 1392783808297541
I/TaskTracer( 2262): 2 9818295238994 1392783808312617
I/TaskTracer( 2262): 1 9818295238996 1392783808312769 2262 "b2g" 2286 "Compositor"
I/TaskTracer( 2262): 0 9818295238997 1392783808312983 10093173145889 5 9818295238996
I/TaskTracer( 2262): 4 9818295238997 0x420bdad0
I/TaskTracer( 2262): 0 9818295238998 1392783808313166 10093173145889 5 9818295238996
I/TaskTracer( 2262): 4 9818295238998 0x420bdd60
I/TaskTracer( 2262): 0 9715216025960 1392783808319453 9715216025956 1 9745280795591
I/TaskTracer( 2262): 4 9715216025960 0x4227f5c0
I/TaskTracer( 2262): 0 9715216025961 1392783808319636 9715216025956 1 9745280795591
I/TaskTracer( 2262): 4 9715216025961 0x42094488
I/TaskTracer( 2262): 3 9745280795591 1392783808321192 "[nsEventDispatcher::Dispatch] Event name: (null)"
I/TaskTracer( 2262): 1 9715216025960 1392783808328974 2262 "b2g" 2437 "(null)"
I/TaskTracer( 2262): 2 9715216025960 1392783808329340
I/TaskTracer( 2262): 1 9715216025961 1392783808329737 2262 "b2g" 2437 "StreamTrans"
I/TaskTracer( 2262): 2 9818295238996 1392783808330622
I/TaskTracer( 2262): 1 9818295238963 1392783808330744 2262 "b2g" 2286 "Compositor"
I/TaskTracer( 2262): 2 9818295238963 1392783808330805
I/TaskTracer( 2262): 1 9818295238998 1392783808330897 2262 "b2g" 2286 "Compositor"
I/TaskTracer( 2262): 0 9818295238999 1392783808331080 10093173145889 5 9818295238998
I/TaskTracer( 2262): 4 9818295238999 0x420bdad0
I/TaskTracer( 2262): 0 9818295239000 1392783808331263 10093173145889 5 9818295238998
I/TaskTracer( 2262): 4 9818295239000 0x420bdd60
I/TaskTracer( 2262): 0 10466835300353 1392783808333979 9715216025956 1 9715216025961
I/TaskTracer( 2262): 4 10466835300353 0x42093730
I/TaskTracer( 2262): 0 9801115370833 1392783808338221 9801115370833 5 9801115370833
I/TaskTracer( 2262): 1 9801115370833 1392783808338343 2262 "b2g" 2282 "Timer"
I/TaskTracer( 2262): 0 9801115370834 1392783808338404 9801115370833 5 9801115370833
I/TaskTracer( 2262): 4 9801115370834 0x42094520
I/TaskTracer( 2262): 2 9801115370833 1392783808338526
I/TaskTracer( 2262): 2 9818295238998 1392783808348536
I/TaskTracer( 2262): 1 9818295238965 1392783808348689 2262 "b2g" 2286 "Compositor"
I/TaskTracer( 2262): 2 9818295238965 1392783808348750
I/TaskTracer( 2262): 1 9818295238967 1392783808348811 2262 "b2g" 2286 "Compositor"
I/TaskTracer( 2262): 2 9818295238967 1392783808348872
I/TaskTracer( 2262): 1 9818295239000 1392783808348933 2262 "b2g" 2286 "Compositor"
I/TaskTracer( 2262): 0 9818295239001 1392783808349116 10093173145889 5 9818295239000
I/TaskTracer( 2262): 4 9818295239001 0x420bdad0
I/TaskTracer( 2262): 0 9818295239002 1392783808349299 10093173145889 5 9818295239000
I/TaskTracer( 2262): 4 9818295239002 0x420bdd60
I/TaskTracer( 2262): 0 9715216025962 1392783808359919 9715216025956 1 9745280795591
I/TaskTracer( 2262): 4 9715216025962 0x422a3150
I/TaskTracer( 2262): 0 9715216025963 1392783808360682 9715216025956 1 9745280795591
I/TaskTracer( 2262): 4 9715216025963 0x420a6080
I/TaskTracer( 2262): 0 9715216025964 1392783808363062 9715216025956 1 9745280795591
I/TaskTracer( 2262): 4 9715216025964 0x420a5f40
I/TaskTracer( 2262): 1 9715216025964 1392783808363581 2262 "b2g" 2269 "Gecko_IOThread"
I/TaskTracer( 2262): 2 9715216025964 1392783808363703
I/TaskTracer( 2412): 0 10363756085339 1392783808363886 9715216025956 1 9715216025964
I/TaskTracer( 2412): 4 10363756085339 0x41bb5ee0
I/TaskTracer( 2412): 0 10363756085340 1392783808364100 9715216025956 1 9715216025964
I/TaskTracer( 2412): 4 10363756085340 0x41bb6080
I/TaskTracer( 2412): 1 10363756085340 1392783808364558 2412 "(Preallocated app)" 2412 "main"
I/TaskTracer( 2412): 1 10363756085339 1392783808364710 2412 "(Preallocated app)" 2412 "main"
I/TaskTracer( 2412): 2 10363756085339 1392783808364863
I/TaskTracer( 2412): 2 10363756085340 1392783808364924
I/TaskTracer( 2262): 2 9818295239000 1392783808366694
I/TaskTracer( 2262): 1 9818295238969 1392783808366846 2262 "b2g" 2286 "Compositor"
I/TaskTracer( 2262): 2 9818295238969 1392783808366907
I/TaskTracer( 2262): 1 9818295239002 1392783808366938 2262 "b2g" 2286 "Compositor"
I/TaskTracer( 2262): 0 9818295239003 1392783808367152 10093173145889 5 9818295239002
I/TaskTracer( 2262): 4 9818295239003 0x420bdad0
I/TaskTracer( 2262): 0 9818295239004 1392783808367335 10093173145889 5 9818295239002
I/TaskTracer( 2262): 4 9818295239004 0x420bdd60
I/TaskTracer( 2262): 0 9715216025965 1392783808366084 9715216025956 1 9745280795591
I/TaskTracer( 2262): 4 9715216025965 0x420a5f40
I/TaskTracer( 2262): 1 9715216025965 1392783808369898 2262 "b2g" 2269 "Gecko_IOThread"
I/TaskTracer( 2262): 2 9715216025965 1392783808370020
I/TaskTracer( 2412): 0 10363756085341 1392783808370356 9715216025956 1 9715216025965
I/TaskTracer( 2412): 4 10363756085341 0x41bb5ee0
I/TaskTracer( 2412): 0 10363756085342 1392783808370478 9715216025956 1 9715216025965
I/TaskTracer( 2412): 4 10363756085342 0x41bb6080
I/TaskTracer( 2412): 1 10363756085342 1392783808370814 2412 "(Preallocated app)" 2412 "main"
I/TaskTracer( 2412): 1 10363756085341 1392783808370905 2412 "(Preallocated app)" 2412 "main"
I/TaskTracer( 2412): 2 10363756085341 1392783808370997
I/TaskTracer( 2412): 2 10363756085342 1392783808371058
I/TaskTracer( 2262): 0 9715216025966 1392783808374781 9715216025956 1 9745280795591
I/TaskTracer( 2262): 4 9715216025966 0x420a5f40
I/TaskTracer( 2262): 1 9715216025966 1392783808375513 2262 "b2g" 2269 "Gecko_IOThread"
I/TaskTracer( 2262): 2 9715216025966 1392783808375666
I/TaskTracer( 2412): 0 10363756085343 1392783808375849 9715216025956 1 9715216025966
I/TaskTracer( 2412): 4 10363756085343 0x41bb5ee0
I/TaskTracer( 2412): 0 10363756085344 1392783808375971 9715216025956 1 9715216025966
I/TaskTracer( 2412): 4 10363756085344 0x41bb6080
I/TaskTracer( 2412): 1 10363756085344 1392783808376185 2412 "(Preallocated app)" 2412 "main"
I/TaskTracer( 2412): 1 10363756085343 1392783808376276 2412 "(Preallocated app)" 2412 "main"
I/TaskTracer( 2412): 2 10363756085343 1392783808376398
I/TaskTracer( 2412): 2 10363756085344 1392783808376460
I/TaskTracer( 2341): 0 10093173145939 1392783808379755 10093173145939 5 10093173145939
I/TaskTracer( 2341): 1 10093173145939 1392783808379877 2341 "(Preallocated app)" 2350 "Timer"
I/TaskTracer( 2341): 0 10093173145940 1392783808379969 10093173145939 5 10093173145939
I/TaskTracer( 2341): 4 10093173145940 0x41ba4520
I/TaskTracer( 2341): 2 10093173145939 1392783808380152
I/TaskTracer( 2341): 1 10093173145940 1392783808380305 2341 "Homescreen" 2341 "main"
I/TaskTracer( 2341): 2 10093173145940 1392783808380457
I/TaskTracer( 2262): 0 9715216025967 1392783808382624 9715216025956 1 9745280795591
I/TaskTracer( 2262): 4 9715216025967 0x420a5f40
I/TaskTracer( 2262): 1 9715216025967 1392783808383234 2262 "b2g" 2269 "Gecko_IOThread"
I/TaskTracer( 2262): 2 9715216025967 1392783808383356
I/TaskTracer( 2412): 0 10363756085345 1392783808383540 9715216025956 1 9715216025967
I/TaskTracer( 2412): 4 10363756085345 0x41bb5ee0
I/TaskTracer( 2412): 0 10363756085346 1392783808383662 9715216025956 1 9715216025967
I/TaskTracer( 2412): 4 10363756085346 0x41bb6080
I/TaskTracer( 2412): 1 10363756085346 1392783808383967 2412 "(Preallocated app)" 2412 "main"
I/TaskTracer( 2412): 1 10363756085345 1392783808384058 2412 "(Preallocated app)" 2412 "main"
I/TaskTracer( 2412): 0 10359461118017 1392783808385737 9715216025956 1 10363756085345
I/TaskTracer( 2412): 4 10359461118017 0x41bb5c70
I/TaskTracer( 2412): 2 10363756085345 1392783808385889
I/TaskTracer( 2412): 2 10363756085346 1392783808385950
I/TaskTracer( 2412): 1 10359461118017 1392783808386042 2412 "(Preallocated app)" 2412 "main"
I/TaskTracer( 2412): 0 10359461118018 1392783808386164 9715216025956 1 10359461118017
I/TaskTracer( 2412): 4 10359461118018 0x41bb5f40
I/TaskTracer( 2412): 1 10359461118018 1392783808386378 2412 "(Preallocated app)" 2413 "Chrome_ChildThread"
I/TaskTracer( 2412): 2 10359461118018 1392783808386469
I/TaskTracer( 2262): 2 9818295239002 1392783808387019
I/TaskTracer( 2262): 1 9818295238971 1392783808387141 2262 "b2g" 2286 "Compositor"
I/TaskTracer( 2262): 2 9818295238971 1392783808387202
I/TaskTracer( 2262): 1 9818295239004 1392783808387232 2262 "b2g" 2286 "Compositor"
I/TaskTracer( 2262): 0 9818295239005 1392783808387446 10093173145889 5 9818295239004
I/TaskTracer( 2262): 4 9818295239005 0x420bdad0
I/TaskTracer( 2262): 0 9818295239006 1392783808387598 10093173145889 5 9818295239004
I/TaskTracer( 2262): 4 9818295239006 0x420bdd60
I/TaskTracer( 2412): 2 10359461118017 1392783808390314
I/TaskTracer( 2262): 0 9745280795595 1392783808390772 9715216025956 1 10359461118018
I/TaskTracer( 2262): 4 9745280795595 0x420a5ee0
I/TaskTracer( 2262): 0 9745280795596 1392783808390894 9715216025956 1 10359461118018
I/TaskTracer( 2262): 4 9745280795596 0x420a6080
I/TaskTracer( 2341): 0 10093173145941 1392783808396815 10093173145941 5 10093173145941
I/TaskTracer( 2341): 1 10093173145941 1392783808396937 2341 "(Preallocated app)" 2350 "Timer"
I/TaskTracer( 2341): 0 10093173145942 1392783808397028 10093173145941 5 10093173145941
I/TaskTracer( 2341): 4 10093173145942 0x41ba4520
I/TaskTracer( 2341): 2 10093173145941 1392783808397181
I/TaskTracer( 2341): 1 10093173145942 1392783808397334 2341 "Homescreen" 2341 "main"
I/TaskTracer( 2262): 2 9818295239004 1392783808403651
I/TaskTracer( 2262): 1 9818295239006 1392783808403773 2262 "b2g" 2286 "Compositor"
I/TaskTracer( 2262): 0 9818295239007 1392783808403986 10093173145889 5 9818295239006
I/TaskTracer( 2262): 4 9818295239007 0x420bdad0
I/TaskTracer( 2262): 0 9818295239008 1392783808404169 10093173145889 5 9818295239006
I/TaskTracer( 2262): 4 9818295239008 0x420bdd60
I/TaskTracer( 2262): 0 9715216025968 1392783808409052 9715216025956 1 9745280795591
I/TaskTracer( 2262): 4 9715216025968 0x420a5f40
I/TaskTracer( 2262): 1 9715216025968 1392783808409907 2262 "b2g" 2269 "Gecko_IOThread"
I/TaskTracer( 2262): 2 9715216025968 1392783808409998
I/TaskTracer( 2311): 0 9929964388502 1392783808410181 9715216025956 1 9715216025968
I/TaskTracer( 2311): 4 9929964388502 0x41bb5ee0
I/TaskTracer( 2311): 0 9929964388503 1392783808410303 9715216025956 1 9715216025968
I/TaskTracer( 2311): 4 9929964388503 0x41bb6080
I/TaskTracer( 2311): 1 9929964388503 1392783808410548 2311 "Usage" 2311 "main"
I/TaskTracer( 2311): 1 9929964388502 1392783808410639 2311 "Usage" 2311 "main"
I/TaskTracer( 2311): 2 9929964388502 1392783808410731
I/TaskTracer( 2311): 2 9929964388503 1392783808410792
I/TaskTracer( 2262): 0 9715216025969 1392783808411189 9715216025956 1 9745280795591
I/TaskTracer( 2262): 4 9715216025969 0x420a5f40
I/TaskTracer( 2262): 1 9715216025969 1392783808411341 2262 "b2g" 2269 "Gecko_IOThread"
I/TaskTracer( 2262): 2 9715216025969 1392783808411463
I/TaskTracer( 2341): 0 10058813407653 1392783808411646 9715216025956 1 9715216025969
I/TaskTracer( 2341): 4 10058813407653 0x41bb5ee0
I/TaskTracer( 2341): 0 10058813407654 1392783808411738 9715216025956 1 9715216025969
I/TaskTracer( 2341): 4 10058813407654 0x41bb6080
I/TaskTracer( 2262): 0 9715216025970 1392783808412379 9715216025956 1 9745280795591
I/TaskTracer( 2262): 4 9715216025970 0x420a5f40
I/TaskTracer( 2262): 1 9715216025970 1392783808412684 2262 "b2g" 2269 "Gecko_IOThread"
I/TaskTracer( 2262): 2 9715216025970 1392783808412775
I/TaskTracer( 2393): 0 10282151706774 1392783808412897 9715216025956 1 9715216025970
I/TaskTracer( 2393): 4 10282151706774 0x41bb5ee0
I/TaskTracer( 2393): 0 10282151706775 1392783808412989 9715216025956 1 9715216025970
I/TaskTracer( 2393): 4 10282151706775 0x41bb6080
I/TaskTracer( 2393): 1 10282151706775 1392783808413233 2393 "Built-in Keyboard" 2393 "main"
I/TaskTracer( 2393): 1 10282151706774 1392783808413325 2393 "Built-in Keyboard" 2393 "main"
I/TaskTracer( 2393): 2 10282151706774 1392783808413416
I/TaskTracer( 2393): 2 10282151706775 1392783808413477
I/TaskTracer( 2341): 0 10093173145943 1392783808413874 10093173145943 5 10093173145943
I/TaskTracer( 2341): 1 10093173145943 1392783808413935 2341 "(Preallocated app)" 2350 "Timer"
I/TaskTracer( 2341): 0 10093173145944 1392783808414027 10093173145943 5 10093173145943
I/TaskTracer( 2341): 4 10093173145944 0x41ba4520
I/TaskTracer( 2341): 2 10093173145943 1392783808414118
I/TaskTracer( 2262): 0 9715216025971 1392783808416254 9715216025956 1 9745280795591
I/TaskTracer( 2262): 4 9715216025971 0x420a5f40
I/TaskTracer( 2262): 1 9715216025971 1392783808416529 2262 "b2g" 2269 "Gecko_IOThread"
I/TaskTracer( 2262): 2 9715216025971 1392783808416682
I/TaskTracer( 2412): 0 10363756085347 1392783808416926 9715216025956 1 9715216025971
I/TaskTracer( 2412): 4 10363756085347 0x41bb5ee0
I/TaskTracer( 2412): 0 10363756085348 1392783808417048 9715216025956 1 9715216025971
I/TaskTracer( 2412): 4 10363756085348 0x41bb6080
I/TaskTracer( 2412): 1 10363756085348 1392783808417323 2412 "(Preallocated app)" 2412 "main"
I/TaskTracer( 2412): 1 10363756085347 1392783808417414 2412 "(Preallocated app)" 2412 "main"
I/TaskTracer( 2412): 0 10359461118019 1392783808417597 9715216025956 1 10363756085347
I/TaskTracer( 2412): 4 10359461118019 0x41bb5f40
I/TaskTracer( 2412): 1 10359461118019 1392783808417780 2412 "(Preallocated app)" 2413 "Chrome_ChildThread"
I/TaskTracer( 2412): 2 10359461118019 1392783808417902
I/TaskTracer( 2262): 0 9745280795597 1392783808418818 9715216025956 1 10359461118019
I/TaskTracer( 2262): 4 9745280795597 0x420a5ee0
I/TaskTracer( 2262): 0 9745280795598 1392783808418940 9715216025956 1 10359461118019
I/TaskTracer( 2262): 4 9745280795598 0x420a6080
I/TaskTracer( 2341): 0 10093173145945 1392783808420313 10093173145945 5 10093173145945
I/TaskTracer( 2341): 1 10093173145945 1392783808420405 2341 "(Preallocated app)" 2350 "Timer"
I/TaskTracer( 2341): 0 10093173145946 1392783808420496 10093173145945 5 10093173145945
I/TaskTracer( 2341): 4 10093173145946 0x41ba4520
I/TaskTracer( 2341): 2 10093173145945 1392783808420618
I/TaskTracer( 2262): 2 9818295239006 1392783808421412
I/TaskTracer( 2262): 1 9818295238973 1392783808421687 2262 "b2g" 2286 "Compositor"
I/TaskTracer( 2262): 2 9818295238973 1392783808421748
I/TaskTracer( 2262): 1 9818295239008 1392783808421809 2262 "b2g" 2286 "Compositor"
I/TaskTracer( 2262): 0 9818295239009 1392783808421992 10093173145889 5 9818295239008
I/TaskTracer( 2262): 4 9818295239009 0x420bdad0
I/TaskTracer( 2262): 0 9818295239010 1392783808422175 10093173145889 5 9818295239008
I/TaskTracer( 2262): 4 9818295239010 0x420bdd60
I/TaskTracer( 2262): 0 9801115370835 1392783808426752 9801115370835 5 9801115370835
I/TaskTracer( 2262): 1 9801115370835 1392783808426844 2262 "b2g" 2282 "Timer"
I/TaskTracer( 2262): 0 9801115370836 1392783808426936 9801115370835 5 9801115370835
I/TaskTracer( 2262): 4 9801115370836 0x42094520
I/TaskTracer( 2262): 2 9801115370835 1392783808427058
I/TaskTracer( 2262): 0 9715216025972 1392783808433405 9715216025956 1 9745280795591
I/TaskTracer( 2262): 4 9715216025972 0x420a5f40
I/TaskTracer( 2262): 1 9715216025972 1392783808434412 2262 "b2g" 2269 "Gecko_IOThread"
I/TaskTracer( 2262): 2 9715216025972 1392783808434565
I/TaskTracer( 2412): 0 10363756085349 1392783808434718 9715216025956 1 9715216025972
I/TaskTracer( 2412): 4 10363756085349 0x41bb5ee0
I/TaskTracer( 2412): 0 10363756085350 1392783808434840 9715216025956 1 9715216025972
I/TaskTracer( 2412): 4 10363756085350 0x41bb6080
I/TaskTracer( 2262): 0 10466835300354 1392783808437403 9715216025956 1 9715216025961
I/TaskTracer( 2262): 4 10466835300354 0x420d42d8
I/TaskTracer( 2262): 2 9818295239008 1392783808438898
I/TaskTracer( 2262): 1 9818295238975 1392783808439021 2262 "b2g" 2286 "Compositor"
I/TaskTracer( 2262): 2 9818295238975 1392783808439082
I/TaskTracer( 2262): 1 9818295239010 1392783808439143 2262 "b2g" 2286 "Compositor"
I/TaskTracer( 2262): 0 9818295239011 1392783808439326 10093173145889 5 9818295239010
I/TaskTracer( 2262): 4 9818295239011 0x420bdad0
I/TaskTracer( 2262): 0 9818295239012 1392783808439509 10093173145889 5 9818295239010
I/TaskTracer( 2262): 4 9818295239012 0x420bdd60
I/TaskTracer( 2262): 3 9745280795591 1392783808446040 "[nsEventDispatcher::Dispatch] Event name: (null)"
I/TaskTracer( 2262): 3 9745280795591 1392783808448756 "[nsEventDispatcher::Dispatch] Event name: (null)"
I/TaskTracer( 2262): 0 9801115370837 1392783808455531 9801115370837 5 9801115370837
I/TaskTracer( 2262): 1 9801115370837 1392783808455622 2262 "b2g" 2282 "Timer"
I/TaskTracer( 2262): 0 9801115370838 1392783808455714 9801115370837 5 9801115370837
I/TaskTracer( 2262): 4 9801115370838 0x42094520
I/TaskTracer( 2262): 2 9801115370837 1392783808455836
I/TaskTracer( 2262): 2 9818295239010 1392783808456873
I/TaskTracer( 2262): 1 9818295238977 1392783808456995 2262 "b2g" 2286 "Compositor"
I/TaskTracer( 2262): 2 9818295238977 1392783808457056
I/TaskTracer( 2262): 1 9818295239012 1392783808457117 2262 "b2g" 2286 "Compositor"
I/TaskTracer( 2262): 0 9818295239013 1392783808457301 10093173145889 5 9818295239012
I/TaskTracer( 2262): 4 9818295239013 0x420bdad0
I/TaskTracer( 2262): 0 9818295239014 1392783808457484 10093173145889 5 9818295239012
I/TaskTracer( 2262): 4 9818295239014 0x420bdd60
I/TaskTracer( 2262): 0 9801115370839 1392783808461146 9801115370839 5 9801115370839
I/TaskTracer( 2262): 1 9801115370839 1392783808461237 2262 "b2g" 2282 "Timer"
I/TaskTracer( 2262): 0 9801115370840 1392783808463496 9801115370839 5 9801115370839
I/TaskTracer( 2262): 4 9801115370840 0x42094520
I/TaskTracer( 2262): 2 9801115370839 1392783808463648
I/TaskTracer( 2262): 2 9818295239012 1392783808475001
I/TaskTracer( 2262): 1 9818295238979 1392783808475123 2262 "b2g" 2286 "Compositor"
I/TaskTracer( 2262): 2 9818295238979 1392783808475184
I/TaskTracer( 2262): 1 9818295239014 1392783808475245 2262 "b2g" 2286 "Compositor"
I/TaskTracer( 2262): 0 9818295239015 1392783808475428 10093173145889 5 9818295239014
I/TaskTracer( 2262): 4 9818295239015 0x420bdad0
I/TaskTracer( 2262): 0 9818295239016 1392783808475611 10093173145889 5 9818295239014
I/TaskTracer( 2262): 4 9818295239016 0x420bdd60
I/TaskTracer( 2341): 0 10054518440589 1392783808474482 10093173145941 5 10093173145942
I/TaskTracer( 2341): 4 10054518440589 0x41bb5f40
I/TaskTracer( 2341): 1 10054518440589 1392783808477869 2341 "Homescreen" 2342 "Chrome_ChildThread"
I/TaskTracer( 2341): 2 10054518440589 1392783808477991
I/TaskTracer( 2262): 0 9745280795599 1392783808478144 10093173145941 5 10054518440589
I/TaskTracer( 2262): 4 9745280795599 0x420a5ee0
I/TaskTracer( 2341): 0 10054518440590 1392783808483210 10093173145941 5 10093173145942
I/TaskTracer( 2341): 4 10054518440590 0x41bb5f40
I/TaskTracer( 2341): 1 10054518440590 1392783808484034 2341 "Homescreen" 2342 "Chrome_ChildThread"
I/TaskTracer( 2341): 2 10054518440590 1392783808484126
I/TaskTracer( 2262): 0 9745280795600 1392783808484309 10093173145941 5 10054518440590
I/TaskTracer( 2262): 4 9745280795600 0x420a5ee0
I/TaskTracer( 2262): 2 9818295239014 1392783808492976
I/TaskTracer( 2262): 1 9745280795599 1392783808493098 2262 "b2g" 2286 "Compositor"
I/TaskTracer( 2262): 2 9745280795599 1392783808493220
I/TaskTracer( 2262): 1 9818295238981 1392783808493281 2262 "b2g" 2286 "Compositor"
I/TaskTracer( 2262): 2 9818295238981 1392783808493311
I/TaskTracer( 2262): 1 9745280795600 1392783808493372 2262 "b2g" 2286 "Compositor"
I/TaskTracer( 2262): 2 9745280795600 1392783808493433
I/TaskTracer( 2262): 1 9818295238983 1392783808493494 2262 "b2g" 2286 "Compositor"
I/TaskTracer( 2262): 2 9818295238983 1392783808493555
I/TaskTracer( 2262): 1 9818295239016 1392783808493586 2262 "b2g" 2286 "Compositor"
I/TaskTracer( 2262): 0 9818295239017 1392783808493800 10093173145889 5 9818295239016
I/TaskTracer( 2262): 4 9818295239017 0x420bdad0
I/TaskTracer( 2262): 0 9818295239018 1392783808493952 10093173145889 5 9818295239016
I/TaskTracer( 2262): 4 9818295239018 0x420bdd60
I/TaskTracer( 2262): 2 9818295239016 1392783808511469
I/TaskTracer( 2262): 1 9818295238985 1392783808511591 2262 "b2g" 2286 "Compositor"
I/TaskTracer( 2262): 2 9818295238985 1392783808511683
I/TaskTracer( 2262): 1 9818295239018 1392783808511713 2262 "b2g" 2286 "Compositor"
I/TaskTracer( 2262): 0 9818295239019 1392783808511927 10093173145889 5 9818295239018
I/TaskTracer( 2262): 4 9818295239019 0x420bdad0
I/TaskTracer( 2262): 0 9818295239020 1392783808512110 10093173145889 5 9818295239018
I/TaskTracer( 2262): 4 9818295239020 0x420bdd60
I/TaskTracer( 2262): 3 9745280795591 1392783808517725 "[nsEventDispatcher::Dispatch] Event name: (null)"
I/TaskTracer( 2262): 3 9745280795591 1392783808521418 "[nsEventDispatcher::Dispatch] Event name: (null)"
I/TaskTracer( 2262): 2 9818295239018 1392783808529230
I/TaskTracer( 2262): 1 9818295238987 1392783808529383 2262 "b2g" 2286 "Compositor"
I/TaskTracer( 2262): 2 9818295238987 1392783808529444
I/TaskTracer( 2262): 1 9818295239020 1392783808529505 2262 "b2g" 2286 "Compositor"
I/TaskTracer( 2262): 0 9818295239021 1392783808529719 10093173145889 5 9818295239020
I/TaskTracer( 2262): 4 9818295239021 0x420bdad0
I/TaskTracer( 2262): 0 9818295239022 1392783808529902 10093173145889 5 9818295239020
I/TaskTracer( 2262): 4 9818295239022 0x420bdd60
I/TaskTracer( 2262): 3 9745280795591 1392783808544154 "[nsEventDispatcher::Dispatch] Event name: (null)"
I/TaskTracer( 2262): 2 9818295239020 1392783808547327
I/TaskTracer( 2262): 1 9818295238989 1392783808547480 2262 "b2g" 2286 "Compositor"
I/TaskTracer( 2262): 2 9818295238989 1392783808547541
I/TaskTracer( 2262): 1 9818295239022 1392783808547602 2262 "b2g" 2286 "Compositor"
I/TaskTracer( 2262): 0 9818295239023 1392783808547785 10093173145889 5 9818295239022
I/TaskTracer( 2262): 4 9818295239023 0x420bdad0
I/TaskTracer( 2262): 0 9818295239024 1392783808547968 10093173145889 5 9818295239022
I/TaskTracer( 2262): 4 9818295239024 0x420bdd60
I/TaskTracer( 2262): 0 9801115370841 1392783808552515 9801115370841 5 9801115370841
I/TaskTracer( 2262): 1 9801115370841 1392783808552668 2262 "b2g" 2282 "Timer"
I/TaskTracer( 2262): 0 9801115370842 1392783808552729 9801115370841 5 9801115370841
I/TaskTracer( 2262): 4 9801115370842 0x42094520
I/TaskTracer( 2262): 2 9801115370841 1392783808552851
I/TaskTracer( 2262): 3 9745280795591 1392783808556178 "[nsFrameMessageManager::SendAsyncMessage] type:Webapps:Launch:Return:OK"
I/TaskTracer( 2262): 0 9715216025973 1392783808559229 9715216025956 1 9745280795591
I/TaskTracer( 2262): 4 9715216025973 0x420a5f40
I/TaskTracer( 2262): 1 9715216025973 1392783808563319 2262 "b2g" 2269 "Gecko_IOThread"
I/TaskTracer( 2262): 2 9715216025973 1392783808563563
I/TaskTracer( 2341): 0 10058813407655 1392783808563776 9715216025956 1 9715216025973
I/TaskTracer( 2341): 4 10058813407655 0x41bb5ee0
I/TaskTracer( 2341): 0 10058813407656 1392783808563898 9715216025956 1 9715216025973
I/TaskTracer( 2341): 4 10058813407656 0x41bb6080
I/TaskTracer( 2262): 2 9818295239022 1392783808565455
I/TaskTracer( 2262): 1 9818295238991 1392783808565577 2262 "b2g" 2286 "Compositor"
I/TaskTracer( 2262): 2 9818295238991 1392783808565638
I/TaskTracer( 2262): 1 9818295239024 1392783808565699 2262 "b2g" 2286 "Compositor"
I/TaskTracer( 2262): 0 9818295239025 1392783808565882 10093173145889 5 9818295239024
I/TaskTracer( 2262): 4 9818295239025 0x420bdad0
I/TaskTracer( 2262): 0 9818295239026 1392783808566065 10093173145889 5 9818295239024
I/TaskTracer( 2262): 4 9818295239026 0x420bdd60
I/TaskTracer( 2262): 2 9745280795591 1392783808568171
I/TaskTracer( 2262): 2 9745280795592 1392783808568659
I/TaskTracer( 2262): 1 9715216025952 1392783808569880 2262 "b2g" 2262 "main"
I/TaskTracer( 2262): 2 9715216025952 1392783808570277
I/TaskTracer( 2262): 1 10466835300353 1392783808570490 2262 "b2g" 2262 "main"
I/TaskTracer( 2262): 0 9715216025978 1392783808571925 9715216025956 1 10466835300353
I/TaskTracer( 2262): 4 9715216025978 0x420eb2d0
I/TaskTracer( 2262): 2 10466835300353 1392783808576563
I/TaskTracer( 2262): 1 9801115370834 1392783808577570 2262 "b2g" 2262 "main"
I/TaskTracer( 2262): 2 9818295239024 1392783808583857
I/TaskTracer( 2262): 1 9818295238993 1392783808584040 2262 "b2g" 2286 "Compositor"
I/TaskTracer( 2262): 2 9818295238993 1392783808584101
I/TaskTracer( 2262): 1 9818295239026 1392783808584162 2262 "b2g" 2286 "Compositor"
I/TaskTracer( 2262): 0 9818295239027 1392783808584376 10093173145889 5 9818295239026
I/TaskTracer( 2262): 4 9818295239027 0x420bdad0
I/TaskTracer( 2262): 0 9818295239028 1392783808584528 10093173145889 5 9818295239026
I/TaskTracer( 2262): 4 9818295239028 0x420bdd60
I/TaskTracer( 2262): 0 9801115370843 1392783808588190 9801115370843 5 9801115370843
I/TaskTracer( 2262): 1 9801115370843 1392783808588313 2262 "b2g" 2282 "Timer"
I/TaskTracer( 2262): 0 9801115370844 1392783808588374 9801115370843 5 9801115370843
I/TaskTracer( 2262): 4 9801115370844 0x42094520
I/TaskTracer( 2262): 2 9801115370843 1392783808588496
I/TaskTracer( 2262): 0 9715216025979 1392783808592188 9801115370833 5 9801115370834
I/TaskTracer( 2262): 4 9715216025979 0x420a5f40
I/TaskTracer( 2262): 1 9715216025979 1392783808596156 2262 "b2g" 2269 "Gecko_IOThread"
I/TaskTracer( 2262): 2 9715216025979 1392783808596339
I/TaskTracer( 2412): 0 10363756085351 1392783808596644 9801115370833 5 9715216025979
I/TaskTracer( 2412): 4 10363756085351 0x41bb5ee0
I/TaskTracer( 2412): 0 10363756085352 1392783808596796 9801115370833 5 9715216025979
I/TaskTracer( 2412): 4 10363756085352 0x41bb6080
I/TaskTracer( 2262): 2 9801115370834 1392783808598231
I/TaskTracer( 2262): 1 9715216025963 1392783808599299 2262 "b2g" 2262 "main"
I/TaskTracer( 2262): 1 9745280795595 1392783808600336 2262 "b2g" 2262 "main"
I/TaskTracer( 2262): 2 9745280795595 1392783808600794
I/TaskTracer( 2262): 2 9818295239026 1392783808601771
I/TaskTracer( 2262): 1 9818295238995 1392783808601893 2262 "b2g" 2286 "Compositor"
I/TaskTracer( 2262): 2 9818295238995 1392783808601954
I/TaskTracer( 2262): 1 9818295239028 1392783808602015 2262 "b2g" 2286 "Compositor"
I/TaskTracer( 2262): 0 9818295239029 1392783808602229 10093173145889 5 9818295239028
I/TaskTracer( 2262): 4 9818295239029 0x420bdad0
I/TaskTracer( 2262): 0 9818295239030 1392783808603022 10093173145889 5 9818295239028
I/TaskTracer( 2262): 4 9818295239030 0x420bdd60
I/TaskTracer( 2262): 2 9715216025963 1392783808604853
I/TaskTracer( 2262): 1 9745280795596 1392783808605738 2262 "b2g" 2262 "main"
I/TaskTracer( 2262): 1 9745280795597 1392783808606104 2262 "b2g" 2262 "main"
I/TaskTracer( 2262): 0 9715216025980 1392783808606348 9715216025956 1 9745280795597
I/TaskTracer( 2262): 4 9715216025980 0x420a5f40
I/TaskTracer( 2262): 1 9715216025980 1392783808607905 2262 "b2g" 2269 "Gecko_IOThread"
I/TaskTracer( 2262): 2 9715216025980 1392783808608027
I/TaskTracer( 2412): 0 10359461118020 1392783808608332 9715216025956 1 10363756085347
I/TaskTracer( 2412): 4 10359461118020 0x41bb5f40
I/TaskTracer( 2412): 1 10359461118020 1392783808608546 2412 "(Preallocated app)" 2413 "Chrome_ChildThread"
I/TaskTracer( 2412): 2 10359461118020 1392783808608607
I/TaskTracer( 2262): 0 9745280795601 1392783808609980 9715216025956 1 10359461118020
I/TaskTracer( 2262): 4 9745280795601 0x420a5ee0
I/TaskTracer( 2262): 0 9745280795602 1392783808610102 9715216025956 1 10359461118020
I/TaskTracer( 2262): 4 9745280795602 0x420a6080
I/TaskTracer( 2262): 2 9745280795597 1392783808611140
I/TaskTracer( 2262): 2 9745280795596 1392783808611506
I/TaskTracer( 2262): 1 9745280795598 1392783808611903 2262 "b2g" 2262 "main"
I/TaskTracer( 2262): 1 9745280795601 1392783808613673 2262 "b2g" 2262 "main"
I/TaskTracer( 2262): 2 9818295239028 1392783808619807
I/TaskTracer( 2262): 1 9818295238997 1392783808619959 2262 "b2g" 2286 "Compositor"
I/TaskTracer( 2262): 2 9818295238997 1392783808620020
I/TaskTracer( 2262): 1 9818295239030 1392783808620081 2262 "b2g" 2286 "Compositor"
I/TaskTracer( 2262): 0 9818295239031 1392783808620264 10093173145889 5 9818295239030
I/TaskTracer( 2262): 4 9818295239031 0x420bdad0
I/TaskTracer( 2262): 0 9818295239032 1392783808620448 10093173145889 5 9818295239030
I/TaskTracer( 2262): 4 9818295239032 0x420bdd60
I/TaskTracer( 2262): 0 9715216025981 1392783808623652 9715216025956 1 9745280795601
I/TaskTracer( 2262): 4 9715216025981 0x420a5ee0
I/TaskTracer( 2262): 0 9715216025982 1392783808624476 9715216025956 1 9745280795601
I/TaskTracer( 2262): 4 9715216025982 0x420bdd30
I/TaskTracer( 2262): 0 9715216025983 1392783808624812 9715216025956 1 9745280795601
I/TaskTracer( 2262): 4 9715216025983 0x420a5f40
I/TaskTracer( 2262): 1 9715216025983 1392783808625452 2262 "b2g" 2269 "Gecko_IOThread"
I/TaskTracer( 2262): 2 9715216025983 1392783808625574
I/TaskTracer( 2412): 0 10359461118021 1392783808625941 9715216025956 1 10363756085347
I/TaskTracer( 2412): 4 10359461118021 0x41bb5f40
I/TaskTracer( 2412): 1 10359461118021 1392783808626124 2412 "(Preallocated app)" 2413 "Chrome_ChildThread"
I/TaskTracer( 2412): 2 10359461118021 1392783808626246
I/TaskTracer( 2262): 0 9745280795603 1392783808626368 9715216025956 1 10359461118021
I/TaskTracer( 2262): 4 9745280795603 0x420a5ec8
I/TaskTracer( 2262): 0 9745280795604 1392783808626490 9715216025956 1 10359461118021
I/TaskTracer( 2262): 4 9745280795604 0x420a5ee0
I/TaskTracer( 2262): 2 9745280795601 1392783808628138
I/TaskTracer( 2262): 2 9745280795598 1392783808628199
I/TaskTracer( 2262): 1 9801115370836 1392783808629542 2262 "b2g" 2262 "main"
I/TaskTracer( 2262): 2 9801115370836 1392783808629633
I/TaskTracer( 2262): 1 10466835300354 1392783808629725 2262 "b2g" 2262 "main"
I/TaskTracer( 2262): 0 9715216025984 1392783808631037 9715216025956 1 10466835300354
I/TaskTracer( 2262): 4 9715216025984 0x420a5f40
I/TaskTracer( 2262): 1 9715216025984 1392783808631251 2262 "b2g" 2269 "Gecko_IOThread"
I/TaskTracer( 2262): 2 9715216025984 1392783808631373
I/TaskTracer( 2412): 0 10363756085353 1392783808631556 9715216025956 1 9715216025984
I/TaskTracer( 2412): 4 10363756085353 0x41bb5ee0
I/TaskTracer( 2412): 0 10363756085354 1392783808631678 9715216025956 1 9715216025984
