I/TaskTracer( 2262): 0 9818295238868 1392783806713618 9801115370759 5 9818295238866
I/TaskTracer( 2262): 4 9818295238868 0x420bdd60
I/TaskTracer( 2262): 2 9801115370788 1392783806716517
I/TaskTracer( 2262): 1 9715216025896 1392783806717097 2262 "b2g" 2262 "main"
I/TaskTracer( 2262): 3 9715216025896 1392783806718134 "[nsEventDispatcher::Dispatch] Event name: (null)"
I/TaskTracer( 2262): 2 9715216025896 1392783806725947
I/TaskTracer( 2262): 1 9715216025897 1392783806726252 2262 "b2g" 2262 "main"
I/TaskTracer( 2262): 2 9715216025897 1392783806727473
I/TaskTracer( 2262): 1 9801115370790 1392783806727961 2262 "b2g" 2262 "main"
I/TaskTracer( 2262): 0 9801115370791 1392783806734705 9801115370791 5 9801115370791
I/TaskTracer( 2262): 1 9801115370791 1392783806734827 2262 "b2g" 2282 "Timer"
I/TaskTracer( 2262): 0 9801115370792 1392783806734888 9801115370791 5 9801115370791
I/TaskTracer( 2262): 4 9801115370792 0x42094520
I/TaskTracer( 2262): 2 9801115370791 1392783806735041
I/TaskTracer( 2262): 2 9818295238866 1392783806735896
I/TaskTracer( 2262): 1 9818295238843 1392783806736018 2262 "b2g" 2286 "Compositor"
I/TaskTracer( 2262): 2 9818295238843 1392783806736079
I/TaskTracer( 2262): 1 9818295238868 1392783806736140 2262 "b2g" 2286 "Compositor"
I/TaskTracer( 2262): 0 9818295238869 1392783806736414 9801115370759 5 9818295238868
I/TaskTracer( 2262): 4 9818295238869 0x420bdad0
I/TaskTracer( 2262): 0 9818295238870 1392783806736567 9801115370759 5 9818295238868
I/TaskTracer( 2262): 4 9818295238870 0x420bdd60
I/TaskTracer( 2262): 0 9715216025899 1392783806753291 9801115370789 5 9801115370790
I/TaskTracer( 2262): 4 9715216025899 0x420a5ee0
I/TaskTracer( 2262): 2 9818295238868 1392783806754816
I/TaskTracer( 2262): 1 9818295238845 1392783806754969 2262 "b2g" 2286 "Compositor"
I/TaskTracer( 2262): 2 9818295238845 1392783806755030
I/TaskTracer( 2262): 1 9818295238870 1392783806755091 2262 "b2g" 2286 "Compositor"
I/TaskTracer( 2262): 0 9818295238871 1392783806755335 9801115370759 5 9818295238870
I/TaskTracer( 2262): 4 9818295238871 0x420bdad0
I/TaskTracer( 2262): 0 9818295238872 1392783806755518 9801115370759 5 9818295238870
I/TaskTracer( 2262): 4 9818295238872 0x420bdd60
I/TaskTracer( 2262): 2 9818295238870 1392783806773035
I/TaskTracer( 2262): 1 9715216025899 1392783806773219 2262 "b2g" 2286 "Compositor"
I/TaskTracer( 2262): 0 9715216025900 1392783806774744 9801115370789 5 9801115370790
I/TaskTracer( 2262): 4 9715216025900 0x420a5ee0
I/TaskTracer( 2262): 0 9715216025901 1392783806774928 9801115370789 5 9801115370790
I/TaskTracer( 2262): 4 9715216025901 0x420a5ee0
I/TaskTracer( 2262): 0 9715216025902 1392783806775080 9801115370789 5 9801115370790
I/TaskTracer( 2262): 4 9715216025902 0x420a5ee0
I/TaskTracer( 2262): 0 9715216025903 1392783806775202 9801115370789 5 9801115370790
I/TaskTracer( 2262): 4 9715216025903 0x420a5ee0
I/TaskTracer( 2262): 0 9715216025904 1392783806775324 9801115370789 5 9801115370790
I/TaskTracer( 2262): 4 9715216025904 0x420a5ee0
I/TaskTracer( 2262): 0 9715216025905 1392783806775477 9801115370789 5 9801115370790
I/TaskTracer( 2262): 4 9715216025905 0x420a5ee0
I/TaskTracer( 2262): 0 9715216025906 1392783806775599 9801115370789 5 9801115370790
I/TaskTracer( 2262): 4 9715216025906 0x420a5ee0
I/TaskTracer( 2262): 0 9715216025907 1392783806775751 9801115370789 5 9801115370790
I/TaskTracer( 2262): 4 9715216025907 0x420a5ee0
I/TaskTracer( 2262): 0 9715216025908 1392783806775874 9801115370789 5 9801115370790
I/TaskTracer( 2262): 4 9715216025908 0x420a5ee0
I/TaskTracer( 2262): 0 9715216025909 1392783806776026 9801115370789 5 9801115370790
I/TaskTracer( 2262): 4 9715216025909 0x420a5ee0
I/TaskTracer( 2262): 0 9715216025910 1392783806776148 9801115370789 5 9801115370790
I/TaskTracer( 2262): 4 9715216025910 0x420a5ee0
I/TaskTracer( 2262): 3 9801115370790 1392783806777979 "[nsEventDispatcher::Dispatch] Event name: MozAfterPaint"
I/TaskTracer( 2262): 3 9801115370790 1392783806778132 "[nsEventDispatcher::Dispatch] Event name: MozAfterPaint"
I/TaskTracer( 2262): 2 9801115370790 1392783806778834
I/TaskTracer( 2262): 1 9715216025898 1392783806779383 2262 "b2g" 2262 "main"
I/TaskTracer( 2262): 2 9715216025898 1392783806779871
I/TaskTracer( 2262): 1 10462540333060 1392783806780329 2262 "b2g" 2262 "main"
I/TaskTracer( 2262): 2 9715216025899 1392783806781123
I/TaskTracer( 2262): 1 9818295238847 1392783806781367 2262 "b2g" 2286 "Compositor"
I/TaskTracer( 2262): 3 10462540333060 1392783806780878 "[nsEventDispatcher::Dispatch] Event name: (null)"
I/TaskTracer( 2262): 2 9818295238847 1392783806782069
I/TaskTracer( 2262): 1 9715216025900 1392783806782832 2262 "b2g" 2286 "Compositor"
I/TaskTracer( 2262): 2 9715216025900 1392783806783137
I/TaskTracer( 2262): 1 9818295238872 1392783806783198 2262 "b2g" 2286 "Compositor"
I/TaskTracer( 2262): 0 9801115370793 1392783806783442 9801115370793 5 9801115370793
I/TaskTracer( 2262): 1 9801115370793 1392783806783503 2262 "b2g" 2282 "Timer"
I/TaskTracer( 2262): 0 9801115370794 1392783806783564 9801115370793 5 9801115370793
I/TaskTracer( 2262): 4 9801115370794 0x42094520
I/TaskTracer( 2262): 2 9801115370793 1392783806783717
I/TaskTracer( 2262): 0 10462540333061 1392783806788996 9715216025834 1 9715216025837
I/TaskTracer( 2262): 4 10462540333061 0x420f4ca8
I/TaskTracer( 2262): 0 9818295238873 1392783806783320 9801115370759 5 9818295238872
I/TaskTracer( 2262): 4 9818295238873 0x420bdad0
I/TaskTracer( 2262): 2 10462540333060 1392783806790278
I/TaskTracer( 2262): 1 9801115370792 1392783806793269 2262 "b2g" 2262 "main"
I/TaskTracer( 2262): 2 9801115370792 1392783806794062
I/TaskTracer( 2262): 1 9801115370794 1392783806794398 2262 "b2g" 2262 "main"
I/TaskTracer( 2262): 2 9801115370794 1392783806794489
I/TaskTracer( 2262): 1 10462540333061 1392783806795069 2262 "b2g" 2262 "main"
I/TaskTracer( 2262): 3 10462540333061 1392783806795618 "[nsEventDispatcher::Dispatch] Event name: (null)"
I/TaskTracer( 2262): 3 10462540333061 1392783806796778 "[nsFrameMessageManager::SendAsyncMessage] type:Settings:Changed"
I/TaskTracer( 2262): 0 9715216025911 1392783806797419 9715216025834 1 10462540333061
I/TaskTracer( 2262): 2 9818295238872 1392783806798731
I/TaskTracer( 2262): 1 9715216025901 1392783806798914 2262 "b2g" 2286 "Compositor"
I/TaskTracer( 2262): 0 9818295238874 1392783806799036 9801115370789 5 9715216025901
I/TaskTracer( 2262): 4 9818295238874 0x420a5ee0
I/TaskTracer( 2262): 0 9818295238875 1392783806799158 9801115370789 5 9715216025901
I/TaskTracer( 2262): 4 9818295238875 0x420a6080
I/TaskTracer( 2262): 4 9715216025911 0x421045a8
I/TaskTracer( 2262): 0 9818295238876 1392783806801081 9801115370789 5 9715216025901
I/TaskTracer( 2262): 4 9818295238876 0x420a5ee0
I/TaskTracer( 2262): 3 10462540333061 1392783806802302 "[nsEventDispatcher::Dispatch] Event name: (null)"
I/TaskTracer( 2262): 0 10462540333062 1392783806803187 9715216025834 1 9715216025837
I/TaskTracer( 2262): 4 10462540333062 0x420f5218
I/TaskTracer( 2262): 0 9818295238877 1392783806801203 9801115370789 5 9715216025901
I/TaskTracer( 2262): 4 9818295238877 0x420a6080
I/TaskTracer( 2262): 2 9715216025901 1392783806805354
I/TaskTracer( 2262): 1 9715216025902 1392783806805445 2262 "b2g" 2286 "Compositor"
I/TaskTracer( 2262): 0 9818295238878 1392783806805689 9801115370789 5 9715216025902
I/TaskTracer( 2262): 4 9818295238878 0x420a5ee0
I/TaskTracer( 2262): 0 9818295238879 1392783806805811 9801115370789 5 9715216025902
I/TaskTracer( 2262): 4 9818295238879 0x420a6080
I/TaskTracer( 2262): 2 10462540333061 1392783806807337
I/TaskTracer( 2262): 2 9715216025902 1392783806807856
I/TaskTracer( 2262): 1 9715216025903 1392783806807948 2262 "b2g" 2286 "Compositor"
I/TaskTracer( 2262): 1 9818295238875 1392783806808741 2262 "b2g" 2262 "main"
I/TaskTracer( 2262): 1 9818295238874 1392783806808833 2262 "b2g" 2262 "main"
I/TaskTracer( 2262): 2 9818295238874 1392783806809260
I/TaskTracer( 2262): 2 9818295238875 1392783806809321
I/TaskTracer( 2262): 1 9715216025911 1392783806809412 2262 "b2g" 2262 "main"
I/TaskTracer( 2262): 3 9715216025911 1392783806809901 "[nsFrameMessageManager::SendAsyncMessage] type:Settings:Change:Return:OK"
I/TaskTracer( 2262): 0 9715216025912 1392783806810023 9715216025834 1 9715216025911
I/TaskTracer( 2262): 4 9715216025912 0x42104628
I/TaskTracer( 2262): 3 9715216025911 1392783806810236 "[nsFrameMessageManager::SendAsyncMessage] type:Settings:Change:Return:OK"
I/TaskTracer( 2262): 0 9715216025913 1392783806810358 9715216025834 1 9715216025911
I/TaskTracer( 2262): 4 9715216025913 0x420a5f40
I/TaskTracer( 2262): 1 9715216025913 1392783806810542 2262 "b2g" 2269 "Gecko_IOThread"
I/TaskTracer( 2262): 2 9715216025913 1392783806810664
I/TaskTracer( 2311): 0 9929964388498 1392783806810816 9715216025834 1 9715216025913
I/TaskTracer( 2311): 4 9929964388498 0x41bb5ee0
I/TaskTracer( 2311): 0 9929964388499 1392783806810938 9715216025834 1 9715216025913
I/TaskTracer( 2311): 4 9929964388499 0x41bb6080
I/TaskTracer( 2311): 1 9929964388499 1392783806811152 2311 "Usage" 2311 "main"
I/TaskTracer( 2311): 1 9929964388498 1392783806811243 2311 "Usage" 2311 "main"
I/TaskTracer( 2311): 3 9929964388498 1392783806812037 "[nsEventDispatcher::Dispatch] Event name: (null)"
I/TaskTracer( 2311): 2 9929964388498 1392783806812189
I/TaskTracer( 2262): 2 9715216025903 1392783806809107
I/TaskTracer( 2262): 1 9818295238849 1392783806813898 2262 "b2g" 2286 "Compositor"
I/TaskTracer( 2262): 2 9818295238849 1392783806813960
I/TaskTracer( 2262): 1 9715216025904 1392783806814021 2262 "b2g" 2286 "Compositor"
I/TaskTracer( 2262): 2 9715216025904 1392783806814112
I/TaskTracer( 2262): 1 9715216025905 1392783806814173 2262 "b2g" 2286 "Compositor"
I/TaskTracer( 2262): 2 9715216025905 1392783806814448
I/TaskTracer( 2262): 1 9715216025906 1392783806814509 2262 "b2g" 2286 "Compositor"
I/TaskTracer( 2262): 0 9818295238880 1392783806814631 9801115370789 5 9715216025906
I/TaskTracer( 2262): 4 9818295238880 0x420a5ee0
I/TaskTracer( 2262): 0 9818295238881 1392783806814722 9801115370789 5 9715216025906
I/TaskTracer( 2262): 4 9818295238881 0x420a6080
I/TaskTracer( 2262): 0 9818295238882 1392783806814967 9801115370789 5 9715216025906
I/TaskTracer( 2262): 4 9818295238882 0x420a5ee0
I/TaskTracer( 2262): 0 9818295238883 1392783806815089 9801115370789 5 9715216025906
I/TaskTracer( 2262): 4 9818295238883 0x420a6080
I/TaskTracer( 2262): 2 9715216025906 1392783806815272
I/TaskTracer( 2262): 1 9715216025907 1392783806815302 2262 "b2g" 2286 "Compositor"
I/TaskTracer( 2262): 2 9715216025907 1392783806815394
I/TaskTracer( 2262): 1 9715216025908 1392783806815424 2262 "b2g" 2286 "Compositor"
I/TaskTracer( 2262): 2 9715216025908 1392783806815577
I/TaskTracer( 2262): 1 9715216025909 1392783806815638 2262 "b2g" 2286 "Compositor"
I/TaskTracer( 2262): 2 9715216025909 1392783806815791
I/TaskTracer( 2262): 1 9715216025910 1392783806815852 2262 "b2g" 2286 "Compositor"
I/TaskTracer( 2262): 0 9818295238884 1392783806815943 9801115370789 5 9715216025910
I/TaskTracer( 2262): 4 9818295238884 0x420a5ee0
I/TaskTracer( 2262): 0 9818295238885 1392783806816065 9801115370789 5 9715216025910
I/TaskTracer( 2262): 4 9818295238885 0x420a6080
I/TaskTracer( 2262): 0 9818295238886 1392783806816248 9801115370789 5 9715216025910
I/TaskTracer( 2262): 4 9818295238886 0x420a5ee0
I/TaskTracer( 2262): 0 9818295238887 1392783806816370 9801115370789 5 9715216025910
I/TaskTracer( 2262): 4 9818295238887 0x420a6080
I/TaskTracer( 2262): 2 9715216025910 1392783806816553
I/TaskTracer( 2262): 3 9715216025911 1392783806812525 "[nsFrameMessageManager::SendAsyncMessage] type:Settings:Change:Return:OK"
I/TaskTracer( 2262): 0 9715216025914 1392783806816859 9715216025834 1 9715216025911
I/TaskTracer( 2262): 4 9715216025914 0x420a5f40
I/TaskTracer( 2262): 3 9715216025911 1392783806817103 "[nsFrameMessageManager::SendAsyncMessage] type:Settings:Change:Return:OK"
I/TaskTracer( 2262): 0 9715216025915 1392783806817225 9715216025834 1 9715216025911
I/TaskTracer( 2262): 4 9715216025915 0x420a5f40
I/TaskTracer( 2262): 0 9715216025916 1392783806818201 9715216025834 1 9715216025911
I/TaskTracer( 2262): 4 9715216025916 0x420f7c88
I/TaskTracer( 2262): 2 9715216025911 1392783806818537
I/TaskTracer( 2262): 1 10462540333062 1392783806818659 2262 "b2g" 2262 "main"
I/TaskTracer( 2262): 3 10462540333062 1392783806818812 "[nsEventDispatcher::Dispatch] Event name: (null)"
I/TaskTracer( 2262): 0 10462540333063 1392783806820704 9715216025834 1 9715216025837
I/TaskTracer( 2262): 4 10462540333063 0x420f4ca8
I/TaskTracer( 2262): 1 9715216025914 1392783806821162 2262 "b2g" 2269 "Gecko_IOThread"
I/TaskTracer( 2262): 2 9715216025914 1392783806821284
I/TaskTracer( 2262): 1 9715216025915 1392783806821345 2262 "b2g" 2269 "Gecko_IOThread"
I/TaskTracer( 2262): 2 9715216025915 1392783806821406
I/TaskTracer( 2262): 1 9715216025916 1392783806821467 2262 "b2g" 2269 "Gecko_IOThread"
I/TaskTracer( 2262): 2 9715216025916 1392783806821528
I/TaskTracer( 2341): 0 10058813407613 1392783806821803 9715216025834 1 9715216025914
I/TaskTracer( 2341): 4 10058813407613 0x41bb5ee0
I/TaskTracer( 2341): 0 10058813407614 1392783806821955 9715216025834 1 9715216025914
I/TaskTracer( 2341): 4 10058813407614 0x41bb6080
I/TaskTracer( 2341): 1 10058813407614 1392783806822443 2341 "Homescreen" 2341 "main"
I/TaskTracer( 2341): 1 10058813407613 1392783806822535 2341 "Homescreen" 2341 "main"
I/TaskTracer( 2341): 3 10058813407613 1392783806823389 "[nsEventDispatcher::Dispatch] Event name: (null)"
I/TaskTracer( 2341): 2 10058813407613 1392783806823542
I/TaskTracer( 2341): 2 10058813407614 1392783806823603
I/TaskTracer( 2393): 0 10282151706770 1392783806822230 9715216025834 1 9715216025915
I/TaskTracer( 2393): 4 10282151706770 0x41bb5ee0
I/TaskTracer( 2393): 0 10282151706771 1392783806823878 9715216025834 1 9715216025915
I/TaskTracer( 2393): 4 10282151706771 0x41bb6080
I/TaskTracer( 2393): 1 10282151706771 1392783806824122 2393 "Built-in Keyboard" 2393 "main"
I/TaskTracer( 2393): 1 10282151706770 1392783806824213 2393 "Built-in Keyboard" 2393 "main"
I/TaskTracer( 2393): 3 10282151706770 1392783806824915 "[nsEventDispatcher::Dispatch] Event name: (null)"
I/TaskTracer( 2393): 2 10282151706770 1392783806825037
I/TaskTracer( 2393): 2 10282151706771 1392783806825098
I/TaskTracer( 2262): 2 10462540333062 1392783806829127
I/TaskTracer( 2311): 2 9929964388499 1392783806830195
I/TaskTracer( 2262): 1 9818295238877 1392783806829951 2262 "b2g" 2262 "main"
I/TaskTracer( 2262): 1 9818295238876 1392783806830714 2262 "b2g" 2262 "main"
I/TaskTracer( 2262): 2 9818295238876 1392783806831446
I/TaskTracer( 2262): 2 9818295238877 1392783806831507
I/TaskTracer( 2262): 1 9818295238879 1392783806831995 2262 "b2g" 2262 "main"
I/TaskTracer( 2262): 1 9818295238878 1392783806832362 2262 "b2g" 2262 "main"
I/TaskTracer( 2262): 1 9818295238851 1392783806833155 2262 "b2g" 2286 "Compositor"
I/TaskTracer( 2262): 2 9818295238851 1392783806833216
I/TaskTracer( 2262): 2 9818295238878 1392783806832453
I/TaskTracer( 2262): 2 9818295238879 1392783806833460
I/TaskTracer( 2262): 1 9715216025912 1392783806833521 2262 "b2g" 2262 "main"
I/TaskTracer( 2262): 3 9715216025912 1392783806834284 "[nsEventDispatcher::Dispatch] Event name: (null)"
I/TaskTracer( 2262): 3 9715216025912 1392783806834986 "[nsEventDispatcher::Dispatch] Event name: (null)"
I/TaskTracer( 2262): 2 9715216025912 1392783806835108
I/TaskTracer( 2262): 1 9818295238881 1392783806835230 2262 "b2g" 2262 "main"
I/TaskTracer( 2262): 1 9818295238880 1392783806835322 2262 "b2g" 2262 "main"
I/TaskTracer( 2262): 2 9818295238880 1392783806835444
I/TaskTracer( 2262): 2 9818295238881 1392783806835505
I/TaskTracer( 2262): 1 9818295238883 1392783806835566 2262 "b2g" 2262 "main"
I/TaskTracer( 2262): 1 9818295238882 1392783806835627 2262 "b2g" 2262 "main"
I/TaskTracer( 2262): 2 9818295238882 1392783806835719
I/TaskTracer( 2262): 2 9818295238883 1392783806835780
I/TaskTracer( 2262): 1 9818295238885 1392783806835841 2262 "b2g" 2262 "main"
I/TaskTracer( 2262): 1 9818295238884 1392783806835902 2262 "b2g" 2262 "main"
I/TaskTracer( 2262): 2 9818295238884 1392783806835993
I/TaskTracer( 2262): 2 9818295238885 1392783806836024
I/TaskTracer( 2262): 1 9818295238887 1392783806836115 2262 "b2g" 2262 "main"
I/TaskTracer( 2262): 1 9818295238886 1392783806836176 2262 "b2g" 2262 "main"
I/TaskTracer( 2262): 2 9818295238886 1392783806836237
I/TaskTracer( 2262): 2 9818295238887 1392783806836298
I/TaskTracer( 2262): 1 10462540333063 1392783806836359 2262 "b2g" 2262 "main"
I/TaskTracer( 2262): 3 10462540333063 1392783806836481 "[nsEventDispatcher::Dispatch] Event name: (null)"
I/TaskTracer( 2262): 3 10462540333063 1392783806836695 "[nsFrameMessageManager::SendAsyncMessage] type:Settings:Changed"
I/TaskTracer( 2262): 0 9715216025917 1392783806836848 9715216025834 1 10462540333063
I/TaskTracer( 2262): 4 9715216025917 0x421045a8
I/TaskTracer( 2262): 3 10462540333063 1392783806837122 "[nsEventDispatcher::Dispatch] Event name: (null)"
I/TaskTracer( 2262): 2 10462540333063 1392783806847498
I/TaskTracer( 2262): 1 9715216025917 1392783806847926 2262 "b2g" 2262 "main"
I/TaskTracer( 2262): 3 9715216025917 1392783806850397 "[nsFrameMessageManager::SendAsyncMessage] type:Settings:Change:Return:OK"
I/TaskTracer( 2262): 0 9715216025918 1392783806851252 9715216025834 1 9715216025917
I/TaskTracer( 2262): 4 9715216025918 0x42104628
I/TaskTracer( 2262): 3 9715216025917 1392783806852229 "[nsFrameMessageManager::SendAsyncMessage] type:Settings:Change:Return:OK"
I/TaskTracer( 2262): 0 9715216025919 1392783806853205 9715216025834 1 9715216025917
I/TaskTracer( 2262): 4 9715216025919 0x420a5f40
I/TaskTracer( 2262): 1 9715216025919 1392783806853846 2262 "b2g" 2269 "Gecko_IOThread"
I/TaskTracer( 2262): 2 9715216025919 1392783806853938
I/TaskTracer( 2262): 1 9818295238853 1392783806854060 2262 "b2g" 2286 "Compositor"
I/TaskTracer( 2262): 2 9818295238853 1392783806854121
I/TaskTracer( 2311): 0 9929964388500 1392783806854365 9715216025834 1 9715216025919
I/TaskTracer( 2311): 4 9929964388500 0x41bb5ee0
I/TaskTracer( 2262): 3 9715216025917 1392783806855952 "[nsFrameMessageManager::SendAsyncMessage] type:Settings:Change:Return:OK"
I/TaskTracer( 2262): 0 9715216025920 1392783806856135 9715216025834 1 9715216025917
I/TaskTracer( 2262): 4 9715216025920 0x420a5f40
I/TaskTracer( 2262): 1 9715216025920 1392783806857966 2262 "b2g" 2269 "Gecko_IOThread"
I/TaskTracer( 2262): 2 9715216025920 1392783806858088
I/TaskTracer( 2341): 0 10058813407615 1392783806858210 9715216025834 1 9715216025920
I/TaskTracer( 2341): 4 10058813407615 0x41bb5ee0
I/TaskTracer( 2341): 0 10058813407616 1392783806858332 9715216025834 1 9715216025920
I/TaskTracer( 2341): 4 10058813407616 0x41bb6080
I/TaskTracer( 2341): 1 10058813407616 1392783806858576 2341 "Homescreen" 2341 "main"
I/TaskTracer( 2341): 1 10058813407615 1392783806858668 2341 "Homescreen" 2341 "main"
I/TaskTracer( 2341): 3 10058813407615 1392783806859492 "[nsEventDispatcher::Dispatch] Event name: (null)"
I/TaskTracer( 2341): 2 10058813407615 1392783806859675
I/TaskTracer( 2341): 2 10058813407616 1392783806859705
I/TaskTracer( 2262): 3 9715216025917 1392783806861658 "[nsFrameMessageManager::SendAsyncMessage] type:Settings:Change:Return:OK"
I/TaskTracer( 2262): 0 9801115370795 1392783806862147 9801115370795 5 9801115370795
I/TaskTracer( 2262): 1 9801115370795 1392783806862238 2262 "b2g" 2282 "Timer"
I/TaskTracer( 2262): 0 9801115370796 1392783806862879 9801115370795 5 9801115370795
I/TaskTracer( 2262): 4 9801115370796 0x42094520
I/TaskTracer( 2262): 2 9801115370795 1392783806863001
I/TaskTracer( 2262): 0 9715216025921 1392783806863367 9715216025834 1 9715216025917
I/TaskTracer( 2262): 4 9715216025921 0x420a5f40
I/TaskTracer( 2262): 1 9715216025921 1392783806863581 2262 "b2g" 2269 "Gecko_IOThread"
I/TaskTracer( 2262): 2 9715216025921 1392783806863734
I/TaskTracer( 2393): 0 10282151706772 1392783806863917 9715216025834 1 9715216025921
I/TaskTracer( 2393): 4 10282151706772 0x41bb5ee0
I/TaskTracer( 2393): 0 10282151706773 1392783806864008 9715216025834 1 9715216025921
I/TaskTracer( 2393): 4 10282151706773 0x41bb6080
I/TaskTracer( 2393): 1 10282151706773 1392783806864252 2393 "Built-in Keyboard" 2393 "main"
I/TaskTracer( 2393): 1 10282151706772 1392783806864344 2393 "Built-in Keyboard" 2393 "main"
I/TaskTracer( 2393): 3 10282151706772 1392783806865137 "[nsEventDispatcher::Dispatch] Event name: (null)"
I/TaskTracer( 2393): 2 10282151706772 1392783806865290
I/TaskTracer( 2393): 2 10282151706773 1392783806865351
I/TaskTracer( 2262): 0 9715216025922 1392783806872218 9715216025834 1 9715216025917
I/TaskTracer( 2262): 4 9715216025922 0x420f7c88
I/TaskTracer( 2262): 1 9715216025922 1392783806873164 2262 "b2g" 2269 "Gecko_IOThread"
I/TaskTracer( 2262): 2 9715216025922 1392783806873255
I/TaskTracer( 2262): 2 9715216025917 1392783806875819
I/TaskTracer( 2262): 0 10462540333064 1392783806878138 9715216025834 1 9715216025837
I/TaskTracer( 2262): 4 10462540333064 0x420f6338
I/TaskTracer( 2262): 1 9715216025918 1392783806878748 2262 "b2g" 2262 "main"
I/TaskTracer( 2262): 1 9818295238855 1392783806881922 2262 "b2g" 2286 "Compositor"
I/TaskTracer( 2262): 2 9818295238855 1392783806881983
I/TaskTracer( 2262): 3 9715216025918 1392783806883112 "[nsEventDispatcher::Dispatch] Event name: (null)"
I/TaskTracer( 2262): 3 9715216025918 1392783806887843 "[nsEventDispatcher::Dispatch] Event name: (null)"
I/TaskTracer( 2262): 2 9715216025918 1392783806888605
I/TaskTracer( 2262): 1 9801115370796 1392783806888758 2262 "b2g" 2262 "main"
I/TaskTracer( 2262): 2 9801115370796 1392783806889521
I/TaskTracer( 2262): 1 10462540333064 1392783806889613 2262 "b2g" 2262 "main"
I/TaskTracer( 2262): 3 10462540333064 1392783806890467 "[nsEventDispatcher::Dispatch] Event name: complete"
I/TaskTracer( 2262): 2 10462540333064 1392783806890864
I/TaskTracer( 2311): 0 9929964388501 1392783806854487 9715216025834 1 9715216025919
I/TaskTracer( 2311): 4 9929964388501 0x41bb6080
I/TaskTracer( 2311): 1 9929964388501 1392783806894099 2311 "Usage" 2311 "main"
I/TaskTracer( 2311): 1 9929964388500 1392783806894495 2311 "Usage" 2311 "main"
I/TaskTracer( 2311): 3 9929964388500 1392783806895808 "[nsEventDispatcher::Dispatch] Event name: (null)"
I/TaskTracer( 2311): 2 9929964388500 1392783806896326
I/TaskTracer( 2311): 2 9929964388501 1392783806896754
I/TaskTracer( 2262): 1 9818295238857 1392783806905329 2262 "b2g" 2286 "Compositor"
I/TaskTracer( 2262): 2 9818295238857 1392783806905390
I/TaskTracer( 2262): 1 9818295238859 1392783806932093 2262 "b2g" 2286 "Compositor"
I/TaskTracer( 2262): 2 9818295238859 1392783806932154
I/TaskTracer( 2262): 1 9818295238861 1392783806953394 2262 "b2g" 2286 "Compositor"
I/TaskTracer( 2262): 2 9818295238861 1392783806953486
I/TaskTracer( 2262): 1 9818295238863 1392783806973017 2262 "b2g" 2286 "Compositor"
I/TaskTracer( 2262): 2 9818295238863 1392783806973109
I/TaskTracer( 2262): 1 9818295238865 1392783806993128 2262 "b2g" 2286 "Compositor"
I/TaskTracer( 2262): 2 9818295238865 1392783806993250
I/TaskTracer( 2262): 0 9801115370797 1392783807000178 9801115370797 5 9801115370797
I/TaskTracer( 2262): 1 9801115370797 1392783807000330 2262 "b2g" 2282 "Timer"
I/TaskTracer( 2262): 0 9801115370798 1392783807000422 9801115370797 5 9801115370797
I/TaskTracer( 2262): 4 9801115370798 0x42094520
I/TaskTracer( 2262): 2 9801115370797 1392783807000666
I/TaskTracer( 2262): 1 9801115370798 1392783807000849 2262 "b2g" 2262 "main"
I/TaskTracer( 2262): 0 9715216025923 1392783807005549 9801115370797 5 9801115370798
I/TaskTracer( 2262): 4 9715216025923 0x42101dd0
I/TaskTracer( 2262): 0 9715216025924 1392783807006068 9801115370797 5 9801115370798
I/TaskTracer( 2262): 4 9715216025924 0x420dd7f0
I/TaskTracer( 2262): 2 9801115370798 1392783807006709
I/TaskTracer( 2262): 1 9715216025923 1392783807007075 2262 "b2g" 2262 "main"
I/TaskTracer( 2262): 2 9715216025923 1392783807007319
I/TaskTracer( 2262): 1 9715216025924 1392783807007563 2262 "b2g" 2262 "main"
I/TaskTracer( 2262): 0 9715216025925 1392783807008173 9801115370797 5 9715216025924
I/TaskTracer( 2262): 4 9715216025925 0x420dd7f0
I/TaskTracer( 2262): 2 9715216025924 1392783807008540
I/TaskTracer( 2262): 1 9715216025925 1392783807008845 2262 "b2g" 2262 "main"
I/TaskTracer( 2262): 2 9715216025925 1392783807009241
I/TaskTracer( 2262): 1 9818295238867 1392783807013819 2262 "b2g" 2286 "Compositor"
I/TaskTracer( 2262): 2 9818295238867 1392783807014002
I/TaskTracer( 2262): 0 9801115370799 1392783807022944 9801115370799 5 9801115370799
I/TaskTracer( 2262): 1 9801115370799 1392783807023249 2262 "b2g" 2282 "Timer"
I/TaskTracer( 2262): 0 9801115370800 1392783807023432 9801115370799 5 9801115370799
I/TaskTracer( 2262): 4 9801115370800 0x42094520
I/TaskTracer( 2262): 2 9801115370799 1392783807023859
I/TaskTracer( 2262): 1 9801115370800 1392783807027949 2262 "b2g" 2262 "main"
I/TaskTracer( 2262): 0 9801115370801 1392783807028376 9801115370801 5 9801115370801
I/TaskTracer( 2262): 1 9801115370801 1392783807028620 2262 "b2g" 2282 "Timer"
I/TaskTracer( 2262): 0 9801115370802 1392783807028803 9801115370801 5 9801115370801
I/TaskTracer( 2262): 4 9801115370802 0x42094520
I/TaskTracer( 2262): 2 9801115370801 1392783807029169
I/TaskTracer( 2262): 2 9801115370800 1392783807030756
I/TaskTracer( 2262): 1 9801115370802 1392783807031611 2262 "b2g" 2262 "main"
I/TaskTracer( 2262): 0 9715216025926 1392783807031824 9801115370801 5 9801115370802
I/TaskTracer( 2262): 4 9715216025926 0x420e2d30
I/TaskTracer( 2262): 2 9801115370802 1392783807032221
I/TaskTracer( 2262): 1 9715216025926 1392783807036005 2262 "b2g" 2262 "main"
I/TaskTracer( 2262): 1 9818295238869 1392783807036646 2262 "b2g" 2286 "Compositor"
I/TaskTracer( 2262): 2 9818295238869 1392783807036707
I/TaskTracer( 2262): 2 9715216025926 1392783807037989
I/TaskTracer( 2262): 1 9818295238871 1392783807055628 2262 "b2g" 2286 "Compositor"
I/TaskTracer( 2262): 2 9818295238871 1392783807055720
I/TaskTracer( 2262): 0 9715216025927 1392783807088984 9715216025927 1 9715216025927
I/TaskTracer( 2262): 1 9715216025927 1392783807089075 2262 "b2g" 2262 "main"
I/TaskTracer( 2262): 3 9715216025927 1392783807089167 "Touch at (190, 321)"
I/TaskTracer( 2262): 0 9715216025928 1392783807089808 9715216025927 1 9715216025927
I/TaskTracer( 2262): 4 9715216025928 0x420e2d30
I/TaskTracer( 2262): 1 9818295238873 1392783807090632 2262 "b2g" 2286 "Compositor"
I/TaskTracer( 2262): 2 9818295238873 1392783807090723
I/TaskTracer( 2262): 3 9715216025927 1392783807093043 "[nsEventDispatcher::Dispatch] Event name: touchstart"
I/TaskTracer( 2262): 0 9715216025929 1392783807100611 9715216025927 1 9715216025927
I/TaskTracer( 2262): 4 9715216025929 0x420bdad0
I/TaskTracer( 2262): 0 9715216025930 1392783807101221 9715216025927 1 9715216025927
I/TaskTracer( 2262): 4 9715216025930 0x420a6080
I/TaskTracer( 2262): 0 9715216025931 1392783807102168 9715216025927 1 9715216025927
I/TaskTracer( 2262): 4 9715216025931 0x420a5f40
I/TaskTracer( 2262): 1 9715216025931 1392783807102930 2262 "b2g" 2269 "Gecko_IOThread"
I/TaskTracer( 2262): 2 9715216025931 1392783807103053
I/TaskTracer( 2341): 0 10058813407617 1392783807103236 9715216025927 1 9715216025931
I/TaskTracer( 2341): 4 10058813407617 0x41bb5ee0
I/TaskTracer( 2341): 0 10058813407618 1392783807103358 9715216025927 1 9715216025931
I/TaskTracer( 2341): 4 10058813407618 0x41bb6080
I/TaskTracer( 2341): 1 10058813407618 1392783807103754 2341 "Homescreen" 2341 "main"
I/TaskTracer( 2341): 1 10058813407617 1392783807103846 2341 "Homescreen" 2341 "main"
I/TaskTracer( 2341): 3 10058813407617 1392783807106196 "[nsEventDispatcher::Dispatch] Event name: touchstart"
I/TaskTracer( 2262): 0 9801115370803 1392783807106684 9801115370803 5 9801115370803
I/TaskTracer( 2262): 1 9801115370803 1392783807106776 2262 "b2g" 2282 "Timer"
I/TaskTracer( 2262): 0 9801115370804 1392783807106837 9801115370803 5 9801115370803
I/TaskTracer( 2262): 4 9801115370804 0x42094520
I/TaskTracer( 2262): 2 9801115370803 1392783807106959
I/TaskTracer( 2412): 0 10398115823651 1392783807107203 10398115823651 5 10398115823651
I/TaskTracer( 2412): 1 10398115823651 1392783807107294 2412 "(Preallocated app)" 2421 "Timer"
I/TaskTracer( 2412): 0 10398115823652 1392783807107386 10398115823651 5 10398115823651
I/TaskTracer( 2262): 3 9715216025927 1392783807108912 "Capture? 0"
I/TaskTracer( 2262): 2 9715216025927 1392783807109126
I/TaskTracer( 2262): 0 9715216025932 1392783807109522 9715216025932 2 9715216025932
I/TaskTracer( 2262): 1 9715216025932 1392783807109888 2262 "b2g" 2262 "main"
I/TaskTracer( 2262): 3 9715216025932 1392783807110102 "Mouse at (190, 321)"
I/TaskTracer( 2262): 3 9715216025932 1392783807116694 "[nsEventDispatcher::Dispatch] Event name: mousedown"
I/TaskTracer( 2262): 0 9715216025933 1392783807118037 9715216025932 2 9715216025932
I/TaskTracer( 2262): 4 9715216025933 0x420a5f40
I/TaskTracer( 2262): 1 9715216025933 1392783807118891 2262 "b2g" 2269 "Gecko_IOThread"
I/TaskTracer( 2262): 2 9715216025933 1392783807119013
I/TaskTracer( 2341): 0 10058813407619 1392783807119227 9715216025932 2 9715216025933
I/TaskTracer( 2341): 4 10058813407619 0x41bb5ee0
I/TaskTracer( 2341): 0 10058813407620 1392783807119349 9715216025932 2 9715216025933
I/TaskTracer( 2341): 4 10058813407620 0x41bb6080
I/TaskTracer( 2262): 3 9715216025932 1392783807120448 "[nsEventDispatcher::Dispatch] Event name: focus"
I/TaskTracer( 2262): 2 9715216025932 1392783807121699
I/TaskTracer( 2262): 1 9715216025928 1392783807122340 2262 "b2g" 2262 "main"
I/TaskTracer( 2262): 2 9715216025928 1392783807125758
I/TaskTracer( 2262): 1 9715216025930 1392783807126429 2262 "b2g" 2262 "main"
I/TaskTracer( 2262): 2 9715216025930 1392783807127039
I/TaskTracer( 2262): 1 9801115370804 1392783807127467 2262 "b2g" 2262 "main"
I/TaskTracer( 2341): 2 10058813407617 1392783807136439
I/TaskTracer( 2262): 3 9801115370804 1392783807136774 "[nsEventDispatcher::Dispatch] Event name: MozAfterPaint"
I/TaskTracer( 2262): 3 9801115370804 1392783807137354 "[nsEventDispatcher::Dispatch] Event name: MozAfterPaint"
I/TaskTracer( 2262): 2 9801115370804 1392783807137904
I/TaskTracer( 2341): 2 10058813407618 1392783807138453
I/TaskTracer( 2341): 1 10058813407620 1392783807139033 2341 "Homescreen" 2341 "main"
I/TaskTracer( 2262): 0 9801115370805 1392783807139521 9801115370805 5 9801115370805
I/TaskTracer( 2262): 1 9801115370805 1392783807139613 2262 "b2g" 2282 "Timer"
I/TaskTracer( 2262): 0 9801115370806 1392783807139704 9801115370805 5 9801115370805
I/TaskTracer( 2262): 4 9801115370806 0x42094520
I/TaskTracer( 2262): 2 9801115370805 1392783807139826
I/TaskTracer( 2262): 0 9715216025934 1392783807141016 9715216025934 1 9715216025934
I/TaskTracer( 2341): 0 10093173145877 1392783807141505 10093173145877 5 10093173145877
I/TaskTracer( 2341): 1 10093173145877 1392783807141596 2341 "(Preallocated app)" 2350 "Timer"
I/TaskTracer( 2341): 0 10093173145878 1392783807141657 10093173145877 5 10093173145877
I/TaskTracer( 2341): 4 10093173145878 0x41ba4520
I/TaskTracer( 2341): 2 10093173145877 1392783807141810
I/TaskTracer( 2262): 1 9715216025934 1392783807141383 2262 "b2g" 2262 "main"
I/TaskTracer( 2262): 3 9715216025934 1392783807142664 "Touch at (170, 301)"
I/TaskTracer( 2262): 0 9715216025935 1392783807143427 9715216025934 1 9715216025934
I/TaskTracer( 2262): 4 9715216025935 0x420a5f40
I/TaskTracer( 2262): 1 9715216025935 1392783807144099 2262 "b2g" 2269 "Gecko_IOThread"
I/TaskTracer( 2262): 2 9715216025935 1392783807144221
I/TaskTracer( 2341): 0 10058813407621 1392783807144373 9715216025934 1 9715216025935
I/TaskTracer( 2341): 4 10058813407621 0x41bb5ee0
I/TaskTracer( 2341): 0 10058813407622 1392783807144495 9715216025934 1 9715216025935
I/TaskTracer( 2341): 4 10058813407622 0x41bb6080
I/TaskTracer( 2262): 3 9715216025934 1392783807146052 "Capture? 1"
I/TaskTracer( 2262): 2 9715216025934 1392783807146143
I/TaskTracer( 2262): 1 9801115370806 1392783807146723 2262 "b2g" 2262 "main"
I/TaskTracer( 2262): 2 9801115370806 1392783807147425
I/TaskTracer( 2341): 1 10058813407619 1392783807147883 2341 "Homescreen" 2341 "main"
I/TaskTracer( 2341): 3 10058813407619 1392783807148798 "[nsEventDispatcher::Dispatch] Event name: (null)"
I/TaskTracer( 2341): 3 10058813407619 1392783807149378 "[nsEventDispatcher::Dispatch] Event name: focus"
I/TaskTracer( 2341): 3 10058813407619 1392783807151209 "[nsEventDispatcher::Dispatch] Event name: focus"
I/TaskTracer( 2412): 4 10398115823652 0x41ba4520
I/TaskTracer( 2262): 0 9715216025936 1392783807153407 9715216025936 1 9715216025936
I/TaskTracer( 2262): 1 9715216025936 1392783807153498 2262 "b2g" 2262 "main"
I/TaskTracer( 2262): 3 9715216025936 1392783807153590 "Touch at (142, 270)"
I/TaskTracer( 2262): 0 9715216025937 1392783807153803 9715216025936 1 9715216025936
I/TaskTracer( 2262): 4 9715216025937 0x420a5f40
I/TaskTracer( 2262): 3 9715216025936 1392783807153956 "Capture? 1"
I/TaskTracer( 2262): 2 9715216025936 1392783807153986
I/TaskTracer( 2262): 1 9715216025937 1392783807154139 2262 "b2g" 2269 "Gecko_IOThread"
I/TaskTracer( 2262): 2 9715216025937 1392783807154230
I/TaskTracer( 2412): 1 10398115823652 1392783807155268 2412 "(Preallocated app)" 2412 "main"
I/TaskTracer( 2341): 2 10058813407619 1392783807157099
I/TaskTracer( 2341): 2 10058813407620 1392783807157618
I/TaskTracer( 2341): 1 10093173145878 1392783807158076 2341 "Homescreen" 2341 "main"
I/TaskTracer( 2341): 0 10093173145879 1392783807158350 10093173145879 5 10093173145879
I/TaskTracer( 2341): 1 10093173145879 1392783807158442 2341 "(Preallocated app)" 2350 "Timer"
I/TaskTracer( 2341): 0 10093173145880 1392783807158503 10093173145879 5 10093173145879
I/TaskTracer( 2341): 4 10093173145880 0x41ba4520
I/TaskTracer( 2341): 2 10093173145879 1392783807158625
I/TaskTracer( 2341): 2 10093173145878 1392783807159418
I/TaskTracer( 2341): 1 10058813407622 1392783807159876 2341 "Homescreen" 2341 "main"
I/TaskTracer( 2341): 1 10058813407621 1392783807160242 2341 "Homescreen" 2341 "main"
I/TaskTracer( 2341): 3 10058813407621 1392783807160792 "[nsEventDispatcher::Dispatch] Event name: touchmove"
I/TaskTracer( 2412): 2 10398115823652 1392783807164118
I/TaskTracer( 2412): 2 10398115823651 1392783807151942
I/TaskTracer( 2262): 0 9715216025938 1392783807166254 9715216025938 1 9715216025938
I/TaskTracer( 2262): 1 9715216025938 1392783807166346 2262 "b2g" 2262 "main"
I/TaskTracer( 2262): 3 9715216025938 1392783807166438 "Touch at (94, 231)"
I/TaskTracer( 2262): 0 9715216025939 1392783807166651 9715216025938 1 9715216025938
I/TaskTracer( 2262): 4 9715216025939 0x420a5f40
I/TaskTracer( 2262): 3 9715216025938 1392783807166804 "Capture? 1"
I/TaskTracer( 2262): 2 9715216025938 1392783807166865
I/TaskTracer( 2262): 1 9715216025939 1392783807167506 2262 "b2g" 2269 "Gecko_IOThread"
I/TaskTracer( 2262): 2 9715216025939 1392783807167597
I/TaskTracer( 2341): 0 10058813407623 1392783807167750 9715216025938 1 9715216025939
I/TaskTracer( 2341): 4 10058813407623 0x41bb5ee0
I/TaskTracer( 2341): 0 10058813407624 1392783807167872 9715216025938 1 9715216025939
I/TaskTracer( 2341): 4 10058813407624 0x41bb6080
I/TaskTracer( 2341): 0 10054518440552 1392783807169611 9715216025934 1 10058813407621
I/TaskTracer( 2341): 4 10054518440552 0x41bb5f40
I/TaskTracer( 2341): 1 10054518440552 1392783807170313 2341 "Homescreen" 2342 "Chrome_ChildThread"
I/TaskTracer( 2341): 2 10054518440552 1392783807170405
I/TaskTracer( 2262): 0 9745280795559 1392783807170588 9715216025934 1 10054518440552
I/TaskTracer( 2262): 4 9745280795559 0x420a5ee0
I/TaskTracer( 2262): 0 9745280795560 1392783807170710 9715216025934 1 10054518440552
I/TaskTracer( 2262): 4 9745280795560 0x420a6080
I/TaskTracer( 2262): 1 9745280795560 1392783807170985 2262 "b2g" 2262 "main"
I/TaskTracer( 2262): 1 9745280795559 1392783807171076 2262 "b2g" 2262 "main"
I/TaskTracer( 2262): 2 9745280795559 1392783807171168
I/TaskTracer( 2262): 2 9745280795560 1392783807171229
I/TaskTracer( 2341): 2 10058813407621 1392783807172541
I/TaskTracer( 2341): 2 10058813407622 1392783807173029
I/TaskTracer( 2341): 1 10093173145880 1392783807173487 2341 "Homescreen" 2341 "main"
I/TaskTracer( 2341): 2 10093173145880 1392783807173670
I/TaskTracer( 2341): 1 10058813407624 1392783807174036 2341 "Homescreen" 2341 "main"
I/TaskTracer( 2341): 1 10058813407623 1392783807174403 2341 "Homescreen" 2341 "main"
I/TaskTracer( 2341): 3 10058813407623 1392783807174921 "[nsEventDispatcher::Dispatch] Event name: touchmove"
I/TaskTracer( 2341): 2 10058813407623 1392783807176478
I/TaskTracer( 2341): 2 10058813407624 1392783807177027
I/TaskTracer( 2341): 0 10093173145881 1392783807178492 10093173145881 5 10093173145881
I/TaskTracer( 2341): 1 10093173145881 1392783807178584 2341 "(Preallocated app)" 2350 "Timer"
I/TaskTracer( 2341): 0 10093173145882 1392783807178645 10093173145881 5 10093173145881
I/TaskTracer( 2341): 4 10093173145882 0x41ba4520
I/TaskTracer( 2341): 2 10093173145881 1392783807178797
I/TaskTracer( 2341): 1 10093173145882 1392783807179346 2341 "Homescreen" 2341 "main"
I/TaskTracer( 2262): 0 9715216025940 1392783807182703 9715216025940 1 9715216025940
I/TaskTracer( 2262): 1 9715216025940 1392783807182825 2262 "b2g" 2262 "main"
I/TaskTracer( 2262): 3 9715216025940 1392783807182887 "Touch at (67, 210)"
I/TaskTracer( 2262): 0 9715216025941 1392783807183039 9715216025940 1 9715216025940
I/TaskTracer( 2262): 4 9715216025941 0x420bdad0
I/TaskTracer( 2262): 0 9715216025942 1392783807183161 9715216025940 1 9715216025940
I/TaskTracer( 2262): 4 9715216025942 0x420a6080
I/TaskTracer( 2262): 0 9715216025943 1392783807183375 9715216025940 1 9715216025940
I/TaskTracer( 2262): 4 9715216025943 0x420a5f40
I/TaskTracer( 2262): 3 9715216025940 1392783807183497 "Capture? 1"
I/TaskTracer( 2262): 2 9715216025940 1392783807183558
I/TaskTracer( 2262): 1 9715216025942 1392783807183649 2262 "b2g" 2262 "main"
I/TaskTracer( 2262): 2 9715216025942 1392783807183710
I/TaskTracer( 2262): 1 9715216025943 1392783807183894 2262 "b2g" 2269 "Gecko_IOThread"
I/TaskTracer( 2262): 2 9715216025943 1392783807184016
I/TaskTracer( 2341): 0 10058813407625 1392783807184229 9715216025940 1 9715216025943
I/TaskTracer( 2341): 4 10058813407625 0x41bb5ee0
I/TaskTracer( 2341): 0 10058813407626 1392783807184321 9715216025940 1 9715216025943
I/TaskTracer( 2341): 4 10058813407626 0x41bb6080
I/TaskTracer( 2262): 0 9715216025944 1392783807191767 9715216025944 1 9715216025944
I/TaskTracer( 2262): 1 9715216025944 1392783807191889 2262 "b2g" 2262 "main"
I/TaskTracer( 2262): 3 9715216025944 1392783807191981 "Touch at (55, 197)"
I/TaskTracer( 2262): 0 9715216025945 1392783807192194 9715216025944 1 9715216025944
I/TaskTracer( 2262): 4 9715216025945 0x420a5f40
I/TaskTracer( 2262): 3 9715216025944 1392783807192835 "Capture? 1"
I/TaskTracer( 2262): 2 9715216025944 1392783807192896
I/TaskTracer( 2262): 1 9715216025945 1392783807193110 2262 "b2g" 2269 "Gecko_IOThread"
I/TaskTracer( 2262): 2 9715216025945 1392783807193201
I/TaskTracer( 2341): 0 10093173145883 1392783807195399 10093173145883 5 10093173145883
I/TaskTracer( 2341): 1 10093173145883 1392783807195490 2341 "(Preallocated app)" 2350 "Timer"
I/TaskTracer( 2341): 0 10093173145884 1392783807195551 10093173145883 5 10093173145883
I/TaskTracer( 2341): 4 10093173145884 0x41ba4520
I/TaskTracer( 2341): 2 10093173145883 1392783807195673
I/TaskTracer( 2262): 0 9715216025946 1392783807204188 9715216025946 1 9715216025946
I/TaskTracer( 2262): 1 9715216025946 1392783807204279 2262 "b2g" 2262 "main"
I/TaskTracer( 2262): 3 9715216025946 1392783807204371 "Touch at (41, 188)"
I/TaskTracer( 2262): 0 9715216025947 1392783807204585 9715216025946 1 9715216025946
I/TaskTracer( 2262): 4 9715216025947 0x420a5f40
I/TaskTracer( 2262): 3 9715216025946 1392783807204737 "Capture? 1"
I/TaskTracer( 2262): 2 9715216025946 1392783807204768
I/TaskTracer( 2262): 1 9715216025947 1392783807205378 2262 "b2g" 2269 "Gecko_IOThread"
I/TaskTracer( 2262): 2 9715216025947 1392783807205470
I/TaskTracer( 2341): 0 10054518440553 1392783807221033 10093173145881 5 10093173145882
I/TaskTracer( 2341): 4 10054518440553 0x41bb5f40
I/TaskTracer( 2341): 1 10054518440553 1392783807221888 2341 "Homescreen" 2342 "Chrome_ChildThread"
I/TaskTracer( 2341): 2 10054518440553 1392783807222010
I/TaskTracer( 2262): 0 9745280795561 1392783807222163 10093173145881 5 10054518440553
I/TaskTracer( 2262): 4 9745280795561 0x420a5ee0
I/TaskTracer( 2262): 1 9745280795561 1392783807222681 2262 "b2g" 2286 "Compositor"
I/TaskTracer( 2262): 0 9818295238888 1392783807225214 10093173145881 5 9745280795561
I/TaskTracer( 2262): 4 9818295238888 0x420a5f40
I/TaskTracer( 2262): 1 9818295238888 1392783807225459 2262 "b2g" 2269 "Gecko_IOThread"
I/TaskTracer( 2262): 2 9818295238888 1392783807225581
I/TaskTracer( 2262): 0 9715216025948 1392783807225947 9715216025948 1 9715216025948
I/TaskTracer( 2262): 1 9715216025948 1392783807226038 2262 "b2g" 2262 "main"
I/TaskTracer( 2262): 3 9715216025948 1392783807226099 "Touch at (41, 188)"
I/TaskTracer( 2262): 3 9715216025948 1392783807226496 "[nsEventDispatcher::Dispatch] Event name: touchend"
I/TaskTracer( 2262): 2 9745280795561 1392783807229151
I/TaskTracer( 2341): 0 10054518440554 1392783807234461 10093173145881 5 10093173145882
I/TaskTracer( 2262): 0 9715216025949 1392783807235682 9715216025948 1 9715216025948
I/TaskTracer( 2341): 0 10093173145885 1392783807236048 10093173145885 5 10093173145885
I/TaskTracer( 2341): 1 10093173145885 1392783807236140 2341 "(Preallocated app)" 2350 "Timer"
I/TaskTracer( 2341): 0 10093173145886 1392783807236231 10093173145885 5 10093173145885
I/TaskTracer( 2341): 4 10093173145886 0x41ba4520
I/TaskTracer( 2341): 2 10093173145885 1392783807236353
I/TaskTracer( 2341): 4 10054518440554 0x41bb5f40
I/TaskTracer( 2341): 1 10054518440554 1392783807237543 2341 "Homescreen" 2342 "Chrome_ChildThread"
I/TaskTracer( 2341): 2 10054518440554 1392783807237666
I/TaskTracer( 2262): 0 9745280795562 1392783807237849 10093173145881 5 10054518440554
I/TaskTracer( 2262): 4 9745280795562 0x420a5ee0
I/TaskTracer( 2262): 1 9745280795562 1392783807238093 2262 "b2g" 2286 "Compositor"
I/TaskTracer( 2262): 0 9818295238889 1392783807239466 10093173145881 5 9745280795562
I/TaskTracer( 2262): 4 9818295238889 0x420a5f40
I/TaskTracer( 2262): 1 9818295238889 1392783807239741 2262 "b2g" 2269 "Gecko_IOThread"
I/TaskTracer( 2262): 2 9818295238889 1392783807239863
I/TaskTracer( 2262): 2 9745280795562 1392783807241236
I/TaskTracer( 2262): 4 9715216025949 0x420a5f40
I/TaskTracer( 2262): 1 9715216025949 1392783807242701 2262 "b2g" 2269 "Gecko_IOThread"
I/TaskTracer( 2262): 2 9715216025949 1392783807242793
I/TaskTracer( 2262): 0 9801115370807 1392783807242884 9801115370807 5 9801115370807
I/TaskTracer( 2262): 1 9801115370807 1392783807242976 2262 "b2g" 2282 "Timer"
I/TaskTracer( 2262): 0 9801115370808 1392783807243067 9801115370807 5 9801115370807
I/TaskTracer( 2262): 4 9801115370808 0x42094520
I/TaskTracer( 2262): 2 9801115370807 1392783807243189
I/TaskTracer( 2341): 0 10058813407627 1392783807243372 9715216025948 1 9715216025949
I/TaskTracer( 2341): 4 10058813407627 0x41bb5ee0
I/TaskTracer( 2341): 0 10058813407628 1392783807243494 9715216025948 1 9715216025949
I/TaskTracer( 2341): 4 10058813407628 0x41bb6080
I/TaskTracer( 2262): 3 9715216025948 1392783807244563 "Capture? 0"
I/TaskTracer( 2262): 2 9715216025948 1392783807245509
I/TaskTracer( 2262): 0 9715216025950 1392783807245600 9715216025950 2 9715216025950
I/TaskTracer( 2262): 1 9715216025950 1392783807245966 2262 "b2g" 2262 "main"
I/TaskTracer( 2262): 3 9715216025950 1392783807246485 "Mouse at (41, 188)"
I/TaskTracer( 2262): 3 9715216025950 1392783807248774 "[nsEventDispatcher::Dispatch] Event name: mouseup"
I/TaskTracer( 2262): 3 9715216025950 1392783807252955 "[nsEventDispatcher::Dispatch] Event name: click"
I/TaskTracer( 2262): 2 9715216025950 1392783807255122
I/TaskTracer( 2262): 1 9801115370808 1392783807256068 2262 "b2g" 2262 "main"
I/TaskTracer( 2262): 2 9801115370808 1392783807256800
I/TaskTracer( 2341): 0 10093173145887 1392783807310572 10093173145887 5 10093173145887
I/TaskTracer( 2341): 1 10093173145887 1392783807310664 2341 "(Preallocated app)" 2350 "Timer"
I/TaskTracer( 2341): 0 10093173145888 1392783807310755 10093173145887 5 10093173145887
I/TaskTracer( 2341): 4 10093173145888 0x41ba4520
I/TaskTracer( 2341): 2 10093173145887 1392783807310877
I/TaskTracer( 2341): 0 10054518440555 1392783807310419 10093173145881 5 10093173145882
I/TaskTracer( 2341): 4 10054518440555 0x41bb5f40
I/TaskTracer( 2341): 1 10054518440555 1392783807312159 2341 "Homescreen" 2342 "Chrome_ChildThread"
I/TaskTracer( 2341): 2 10054518440555 1392783807312464
I/TaskTracer( 2262): 0 9745280795563 1392783807312647 10093173145881 5 10054518440555
I/TaskTracer( 2262): 4 9745280795563 0x420a5ee0
I/TaskTracer( 2262): 1 9745280795563 1392783807312861 2262 "b2g" 2286 "Compositor"
I/TaskTracer( 2262): 0 9818295238890 1392783807313288 10093173145881 5 9745280795563
I/TaskTracer( 2262): 4 9818295238890 0x420a5f40
I/TaskTracer( 2262): 1 9818295238890 1392783807313685 2262 "b2g" 2269 "Gecko_IOThread"
I/TaskTracer( 2262): 2 9818295238890 1392783807313776
I/TaskTracer( 2262): 0 9818295238891 1392783807314845 10093173145881 5 9745280795563
I/TaskTracer( 2262): 4 9818295238891 0x420a5f40
I/TaskTracer( 2262): 1 9818295238891 1392783807315546 2262 "b2g" 2269 "Gecko_IOThread"
I/TaskTracer( 2262): 2 9818295238891 1392783807315638
I/TaskTracer( 2262): 0 9818295238892 1392783807317133 10093173145881 5 9745280795563
I/TaskTracer( 2262): 4 9818295238892 0x420bdd60
I/TaskTracer( 2262): 0 9818295238893 1392783807317316 10093173145881 5 9745280795563
I/TaskTracer( 2262): 4 9818295238893 0x420a5f40
I/TaskTracer( 2262): 1 9818295238893 1392783807317500 2262 "b2g" 2269 "Gecko_IOThread"
I/TaskTracer( 2262): 2 9818295238893 1392783807317591
I/TaskTracer( 2262): 2 9745280795563 1392783807318812
I/TaskTracer( 2262): 1 9818295238892 1392783807319178 2262 "b2g" 2286 "Compositor"
I/TaskTracer( 2262): 0 9818295238894 1392783807319483 10093173145881 5 9818295238892
I/TaskTracer( 2262): 4 9818295238894 0x420bdad0
I/TaskTracer( 2341): 0 10058813407629 1392783807321986 10093173145881 5 9818295238890
I/TaskTracer( 2341): 4 10058813407629 0x41bb5ee0
I/TaskTracer( 2341): 0 10058813407630 1392783807322138 10093173145881 5 9818295238890
I/TaskTracer( 2341): 4 10058813407630 0x41bb6080
I/TaskTracer( 2341): 0 10058813407631 1392783807322443 10093173145881 5 9818295238891
I/TaskTracer( 2341): 4 10058813407631 0x41bb5ee0
I/TaskTracer( 2341): 0 10058813407632 1392783807322565 10093173145881 5 9818295238891
I/TaskTracer( 2341): 4 10058813407632 0x41bb6080
I/TaskTracer( 2341): 3 10093173145882 1392783807326014 "[nsEventDispatcher::Dispatch] Event name: MozAfterPaint"
I/TaskTracer( 2341): 2 10093173145882 1392783807327021
I/TaskTracer( 2341): 1 10058813407626 1392783807327570 2341 "Homescreen" 2341 "main"
I/TaskTracer( 2262): 2 9818295238892 1392783807328944
I/TaskTracer( 2341): 1 10058813407625 1392783807328120 2341 "Homescreen" 2341 "main"
I/TaskTracer( 2341): 3 10058813407625 1392783807330347 "[nsEventDispatcher::Dispatch] Event name: touchmove"
I/TaskTracer( 2341): 2 10058813407625 1392783807332453
I/TaskTracer( 2341): 2 10058813407626 1392783807332972
I/TaskTracer( 2341): 1 10093173145884 1392783807333430 2341 "Homescreen" 2341 "main"
I/TaskTracer( 2341): 0 10093173145889 1392783807345087 10093173145889 5 10093173145889
I/TaskTracer( 2341): 1 10093173145889 1392783807345210 2341 "(Preallocated app)" 2350 "Timer"
I/TaskTracer( 2341): 0 10093173145890 1392783807345271 10093173145889 5 10093173145889
I/TaskTracer( 2341): 4 10093173145890 0x41ba4520
I/TaskTracer( 2341): 2 10093173145889 1392783807345423
I/TaskTracer( 2341): 0 10054518440556 1392783807348841 10093173145883 5 10093173145884
I/TaskTracer( 2341): 4 10054518440556 0x41bb5f40
I/TaskTracer( 2341): 1 10054518440556 1392783807349726 2341 "Homescreen" 2342 "Chrome_ChildThread"
I/TaskTracer( 2341): 2 10054518440556 1392783807349848
I/TaskTracer( 2262): 0 9745280795564 1392783807350062 10093173145883 5 10054518440556
I/TaskTracer( 2262): 4 9745280795564 0x420a5ee0
I/TaskTracer( 2262): 1 9745280795564 1392783807350306 2262 "b2g" 2286 "Compositor"
I/TaskTracer( 2262): 2 9745280795564 1392783807350397
I/TaskTracer( 2341): 0 10054518440557 1392783807351862 10093173145883 5 10093173145884
I/TaskTracer( 2341): 4 10054518440557 0x41bb5f40
I/TaskTracer( 2341): 1 10054518440557 1392783807352564 2341 "Homescreen" 2342 "Chrome_ChildThread"
I/TaskTracer( 2341): 2 10054518440557 1392783807352686
I/TaskTracer( 2262): 0 9745280795565 1392783807352869 10093173145883 5 10054518440557
I/TaskTracer( 2262): 4 9745280795565 0x420a5ee0
I/TaskTracer( 2262): 1 9745280795565 1392783807353175 2262 "b2g" 2286 "Compositor"
I/TaskTracer( 2262): 2 9745280795565 1392783807353266
I/TaskTracer( 2341): 0 10054518440558 1392783807356043 10093173145883 5 10093173145884
I/TaskTracer( 2341): 4 10054518440558 0x41bb5f40
I/TaskTracer( 2341): 1 10054518440558 1392783807356776 2341 "Homescreen" 2342 "Chrome_ChildThread"
I/TaskTracer( 2341): 2 10054518440558 1392783807356898
I/TaskTracer( 2262): 0 9745280795566 1392783807357081 10093173145883 5 10054518440558
I/TaskTracer( 2262): 4 9745280795566 0x420a5ee0
I/TaskTracer( 2262): 1 9745280795566 1392783807357294 2262 "b2g" 2286 "Compositor"
I/TaskTracer( 2262): 2 9745280795566 1392783807357386
I/TaskTracer( 2341): 0 10054518440559 1392783807358912 10093173145883 5 10093173145884
I/TaskTracer( 2341): 4 10054518440559 0x41bb5f40
I/TaskTracer( 2341): 1 10054518440559 1392783807359522 2341 "Homescreen" 2342 "Chrome_ChildThread"
I/TaskTracer( 2341): 2 10054518440559 1392783807359644
I/TaskTracer( 2262): 0 9745280795567 1392783807359797 10093173145883 5 10054518440559
I/TaskTracer( 2262): 4 9745280795567 0x420a5ee0
I/TaskTracer( 2262): 1 9745280795567 1392783807360102 2262 "b2g" 2286 "Compositor"
I/TaskTracer( 2262): 2 9745280795567 1392783807360224
I/TaskTracer( 2341): 0 10054518440560 1392783807363795 10093173145883 5 10093173145884
I/TaskTracer( 2341): 4 10054518440560 0x41bb5f40
